bun test v1.3.9 (cf6cdbbb)

tests/dataset31-imx6ull-bottom-left-offset.test.ts:
638 |       let completePlans = [
639 |         ...accepted,
640 |         ...sourcePlans.filter((plan) => !routed.has(plan.connectionIndex)),
641 |       ]
642 |       if (new Set(completePlans.map((plan) => plan.connectionIndex)).size !== completePlans.length) {
643 |         throw new Error(`FanoutSolver: complete layer plan set duplicated a connection (accepted=${accepted.length}, routed=${routedPlans.length}, acceptedIndices=${accepted.map((plan) => plan.connectionIndex).join(",")}, sourceIndices=${sourcePlans.map((plan) => plan.connectionIndex).join(",")}, sources=${sourcePlans.length}, uniqueSources=${new Set(sourcePlans.map((plan) => plan.connectionIndex)).size})`)
                        ^
error: FanoutSolver: complete layer plan set duplicated a connection (accepted=41, routed=8, acceptedIndices=83,89,84,79,93,81,92,82,90,85,95,88,91,86,87,77,94,80,76,96,74,73,75,78,97,69,68,66,67,71,72,70,65,98,60,57,101,58,100,99,59, sourceIndices=0,1,2,3,4,5,6,7,8,9,10,11,12,13,14,15,16,17,18,19,20,21,22,23,24,25,26,27,28,29,30,31,32,33,34,35,36,37,38,39,40,41,42,43,44,45,46,47,48,49,50,51,52,98,60,57,101,58,100,99,59,64,53,63,54,56,62,55,61,83,89,84,79,93,81,92,82,90,85,95,88,91,86,87,77,94,80,76,96,74,73,75,78,69,68,66,67,71,72,97,70,65, sources=102, uniqueSources=102)
      at routeLayerReservedAttemptSteps (/Users/anassarkiz/tsci/tscircuit-store/boards/usb-c-pd-brushed-motor--a7c39d12/tooling/fanout-manufacturing-A22/lib/route-layer-reserved-buses.ts:643:19)
      at retryLayerReservedRoutingSteps (/Users/anassarkiz/tsci/tscircuit-store/boards/usb-c-pd-brushed-motor--a7c39d12/tooling/fanout-manufacturing-A22/lib/retry-layer-reserved-routing.ts:27:25)
      at routeLayerReservedBusesSteps (/Users/anassarkiz/tsci/tscircuit-store/boards/usb-c-pd-brushed-motor--a7c39d12/tooling/fanout-manufacturing-A22/lib/route-layer-reserved-buses.ts:256:23)
      at evaluateLayerReservedRoutingSteps (/Users/anassarkiz/tsci/tscircuit-store/boards/usb-c-pd-brushed-motor--a7c39d12/tooling/fanout-manufacturing-A22/lib/fanout-solver.ts:1307:20)
      at _step (/Users/anassarkiz/tsci/tscircuit-store/boards/usb-c-pd-brushed-motor--a7c39d12/tooling/fanout-manufacturing-A22/lib/fanout-solver.ts:170:35)
      at step (/Users/anassarkiz/tsci/tscircuit-store/boards/usb-c-pd-brushed-motor--a7c39d12/tooling/fanout-manufacturing-A22/node_modules/.bun/@tscircuit+solver-utils@0.0.19+2f3c14648b61fd7c/node_modules/@tscircuit/solver-utils/dist/index.js:34:12)
      at stepActiveOperation (/Users/anassarkiz/tsci/tscircuit-store/boards/usb-c-pd-brushed-motor--a7c39d12/tooling/fanout-manufacturing-A22/lib/fanout-solver.ts:1649:22)
      at _step (/Users/anassarkiz/tsci/tscircuit-store/boards/usb-c-pd-brushed-motor--a7c39d12/tooling/fanout-manufacturing-A22/lib/fanout-solver.ts:6661:12)
      at step (/Users/anassarkiz/tsci/tscircuit-store/boards/usb-c-pd-brushed-motor--a7c39d12/tooling/fanout-manufacturing-A22/node_modules/.bun/@tscircuit+solver-utils@0.0.19+2f3c14648b61fd7c/node_modules/@tscircuit/solver-utils/dist/index.js:34:12)
      at solve (/Users/anassarkiz/tsci/tscircuit-store/boards/usb-c-pd-brushed-motor--a7c39d12/tooling/fanout-manufacturing-A22/node_modules/.bun/@tscircuit+solver-utils@0.0.19+2f3c14648b61fd7c/node_modules/@tscircuit/solver-utils/dist/index.js:68:12)
(fail) shortens overlong source prefixes and repairs a blocked constrained bus lane [32744.63ms]

 0 pass
 1 fail
Ran 1 test across 1 file. [32.89s]
