Running test shard 8/8: 33 of 271 files
- tests/am62l-ddr4-full-fanout.test.ts
- tests/am62l-lpddr4-three-bus-through-all-repro.test.ts
- tests/benchmark-catalog.test.ts
- tests/boundary-tail-cut-join.test.ts
- tests/boundary-tail-wide-exit-phase.test.ts
- tests/bus-length-matching-additional-vias.test.ts
- tests/bus-length-matching-segmented-copper.test.ts
- tests/bus-max-length-skew-invalid.test.ts
- tests/component-dogbone-via-site-matching.test.ts
- tests/dataset01-multi-footprint.test.ts
- tests/dataset31-bottom-left-offset.test.ts
- tests/dataset31-imx6ull-top-center.test.ts
- tests/dataset31-left-top-offset.test.ts
- tests/dense-through-all-singleton-deferral-priority.test.ts
- tests/expect-svg-snapshot-with-actual.test.ts
- tests/fanout-repair-before-grouped-beam.test.ts
- tests/final-fanout-normalization.test.ts
- tests/inferred-source-boundary.test.ts
- tests/layer-reserved-approach-retry.test.ts
- tests/layered-winding-respects-escape-layers.test.ts
- tests/literal-corner-direction-pairs.test.ts
- tests/normalized-hairpin-clearance.test.ts
- tests/path-only-boundary-vias.test.ts
- tests/plane-termination.test.ts
- tests/reroute-overlong-pair-transaction.test.ts
- tests/reserved-via-source-layer-transit.test.ts
- tests/route-via-minimal-winding-route-orders.test.ts
- tests/select-compatible-candidates.test.ts
- tests/single-layer-clamped-boundary-tracks.test.ts
- tests/source-origin-physical-phase.test.ts
- tests/split-fixed-source-policy.test.ts
- tests/srj29-solution-snapshots.test.ts
- tests/via-between-bga-pads.test.ts
bun test v1.3.9 (cf6cdbbb)

tests/boundary-tail-wide-exit-phase.test.ts:
(pass) aligns widely separated exits to narrow approach corridors without moving their vias [382.36ms]

tests/dataset31-imx6ull-top-center.test.ts:
(pass) retries untunable wide source routes with fresh reservations and a higher source cost [39251.93ms]

tests/dataset31-bottom-left-offset.test.ts:
(pass) routes raw dataset31 bottom-left with all signals and plane drops [32755.06ms]

tests/route-via-minimal-winding-route-orders.test.ts:
(pass) bounded route-order iteration is lazy and preserves dedupe order

tests/bus-max-length-skew-invalid.test.ts:
(pass) rejects invalid bus maxLengthSkew values [1.63ms]

tests/dataset31-left-top-offset.test.ts:
(pass) routes raw dataset31 left-top with all signals and plane drops [15097.90ms]

tests/select-compatible-candidates.test.ts:
(pass) selects one compatible value from each independent candidate group [0.65ms]

tests/inferred-source-boundary.test.ts:
(pass) the inferred fanout boundary excludes destination footprints [0.12ms]
(pass) a fanout operation can select the destination component explicitly [0.74ms]

tests/boundary-tail-cut-join.test.ts:
(pass) boundary repair joins retained copper without reversing search spurs [438.81ms]

tests/plane-termination.test.ts:
(pass) a source-only plane target dogbones to a through-all via [3.10ms]
(pass) plane targets validate their layer and cannot request a border exit [1.25ms]

tests/am62l-lpddr4-three-bus-through-all-repro.test.ts:
(pass) routes the AM62L three-bus fanout around through-all plane dogbones [1268.00ms]

tests/benchmark-catalog.test.ts:
(pass) benchmark includes all six upstream dataset 31 families and rejects other datasets [0.53ms]

tests/component-dogbone-via-site-matching.test.ts:
(pass) component-wide dogbone matching assigns deterministic legal interstitial vias [1.16ms]
(pass) component-wide dogbone matching fails within geometry and search bounds [0.76ms]
(pass) dogbone candidates clear board obstacles and already-routed vias

tests/expect-svg-snapshot-with-actual.test.ts:
(pass) failed SVG comparisons retain exact received artifacts and passing comparisons keep the original matcher behavior [924.75ms]

tests/bus-length-matching-additional-vias.test.ts:
(pass) opens a permitted transit tuning window with a clear through via and preserves both complete lanes [2527.54ms]

tests/srj29-solution-snapshots.test.ts:
(pass) SRJ29 sample001 validated fanout solution [1709.78ms]
(pass) SRJ29 sample005 validated fanout solution [3894.81ms]
(pass) SRJ29 sample009 validated fanout solution [2055.16ms]

tests/final-fanout-normalization.test.ts:
(pass) final tuning normalization chamfers a sub-grid corner while preserving source copper and exact exits [353.86ms]

tests/dataset01-multi-footprint.test.ts:
(pass) dataset01 solves samples containing one through five footprints [3120.75ms]

tests/source-origin-physical-phase.test.ts:
(pass) physical source phase ignores discarded provisional vias and preserves all retained copper [600.41ms]

tests/path-only-boundary-vias.test.ts:
(pass) same-layer cuts do not create virtual barrels and still respect reserved physical vias [2.70ms]

tests/single-layer-clamped-boundary-tracks.test.ts:
(pass) spreads clamped single-layer K230 control targets into ordered boundary slots [397.47ms]

tests/via-between-bga-pads.test.ts:
(pass) escape vias sit in the gap between adjacent BGA pads [2306.71ms]

tests/bus-length-matching-segmented-copper.test.ts:
(pass) matches the same physical meander with compact or finely segmented retained copper [413.04ms]

tests/layer-reserved-approach-retry.test.ts:
(pass) failed wide length matching and downstream narrow groups retry the entire pipeline with fresh reservations [0.34ms]

tests/split-fixed-source-policy.test.ts:
(pass) stronger source cost follows opposite source geometry through every rotation [42.15ms]

tests/reserved-via-source-layer-transit.test.ts:
(pass) source-layer transit crosses a blocked target layer while preserving fixed source and plane copper [193.94ms]

tests/reroute-overlong-pair-transaction.test.ts:
(pass) shortens both pair lanes atomically when the first rewrite alone increases skew [198.19ms]

tests/normalized-hairpin-clearance.test.ts:
(pass) normalization rejects new copper crossing a retained hairpin arm despite valid turns [395.10ms]

tests/fanout-repair-before-grouped-beam.test.ts:
(pass) visual regression: targeted repair solves a bounded assignment budget [4076.38ms]

tests/layered-winding-respects-escape-layers.test.ts:
(pass) layered winding never uses a crossover layer excluded from escapeLayers [8.48ms]

tests/am62l-ddr4-full-fanout.test.ts:
(pass) routes every connection in the exact AM62L DDR4 SoC fanout [13678.97ms]

tests/dense-through-all-singleton-deferral-priority.test.ts:
(pass) prioritizes three singletons deterministically by centered then inward target [0.44ms]

tests/literal-corner-direction-pairs.test.ts:
(pass) literal corner exits support every compatible direction and corner [7.81ms]

 39 pass
 0 fail
 19099 expect() calls
Ran 39 tests across 33 files. [126.58s]
