bun test v1.3.9 (cf6cdbbb)

tests/dataset31-imx6ull-bottom-left-offset.test.ts:
631 |       let completePlans = [
632 |         ...accepted,
633 |         ...sourcePlans.filter((plan) => !routed.has(plan.connectionIndex)),
634 |       ]
635 |       if (new Set(completePlans.map((plan) => plan.connectionIndex)).size !== completePlans.length) {
636 |         throw new Error(`FanoutSolver: complete layer plan set duplicated a connection (accepted=${accepted.length}, routed=${routedPlans.length}, sources=${sourcePlans.length}, uniqueSources=${new Set(sourcePlans.map((plan) => plan.connectionIndex)).size})`)
                        ^
error: FanoutSolver: complete layer plan set duplicated a connection (accepted=41, routed=8, sources=102, uniqueSources=102)
      at routeLayerReservedAttemptSteps (/Users/anassarkiz/tsci/tscircuit-store/boards/usb-c-pd-brushed-motor--a7c39d12/tooling/fanout-manufacturing-A22/lib/route-layer-reserved-buses.ts:636:19)
      at retryLayerReservedRoutingSteps (/Users/anassarkiz/tsci/tscircuit-store/boards/usb-c-pd-brushed-motor--a7c39d12/tooling/fanout-manufacturing-A22/lib/retry-layer-reserved-routing.ts:27:25)
      at routeLayerReservedBusesSteps (/Users/anassarkiz/tsci/tscircuit-store/boards/usb-c-pd-brushed-motor--a7c39d12/tooling/fanout-manufacturing-A22/lib/route-layer-reserved-buses.ts:256:23)
      at evaluateLayerReservedRoutingSteps (/Users/anassarkiz/tsci/tscircuit-store/boards/usb-c-pd-brushed-motor--a7c39d12/tooling/fanout-manufacturing-A22/lib/fanout-solver.ts:1307:20)
      at _step (/Users/anassarkiz/tsci/tscircuit-store/boards/usb-c-pd-brushed-motor--a7c39d12/tooling/fanout-manufacturing-A22/lib/fanout-solver.ts:170:35)
      at step (/Users/anassarkiz/tsci/tscircuit-store/boards/usb-c-pd-brushed-motor--a7c39d12/tooling/fanout-manufacturing-A22/node_modules/.bun/@tscircuit+solver-utils@0.0.19+2f3c14648b61fd7c/node_modules/@tscircuit/solver-utils/dist/index.js:34:12)
      at stepActiveOperation (/Users/anassarkiz/tsci/tscircuit-store/boards/usb-c-pd-brushed-motor--a7c39d12/tooling/fanout-manufacturing-A22/lib/fanout-solver.ts:1649:22)
      at _step (/Users/anassarkiz/tsci/tscircuit-store/boards/usb-c-pd-brushed-motor--a7c39d12/tooling/fanout-manufacturing-A22/lib/fanout-solver.ts:6661:12)
      at step (/Users/anassarkiz/tsci/tscircuit-store/boards/usb-c-pd-brushed-motor--a7c39d12/tooling/fanout-manufacturing-A22/node_modules/.bun/@tscircuit+solver-utils@0.0.19+2f3c14648b61fd7c/node_modules/@tscircuit/solver-utils/dist/index.js:34:12)
      at solve (/Users/anassarkiz/tsci/tscircuit-store/boards/usb-c-pd-brushed-motor--a7c39d12/tooling/fanout-manufacturing-A22/node_modules/.bun/@tscircuit+solver-utils@0.0.19+2f3c14648b61fd7c/node_modules/@tscircuit/solver-utils/dist/index.js:68:12)
(fail) shortens overlong source prefixes and repairs a blocked constrained bus lane [28573.49ms]

 0 pass
 1 fail
Ran 1 test across 1 file. [28.70s]
