Running test shard 3/8: 34 of 271 files
- tests/aligned-opposite-approach.test.ts
- tests/am62l-ddr4-trace-finalization.test.ts
- tests/am62l-soc-winding-fanout-repro.test.ts
- tests/benchmark-process-isolation.test.ts
- tests/boundary-tail-independent-clusters.test.ts
- tests/boundary-terminal-self-contact.test.ts
- tests/bus-length-matching-declared-pairs.test.ts
- tests/bus-length-matching-source-prefix.test.ts
- tests/cached-plan-clearance.test.ts
- tests/connected-routed-trace.test.ts
- tests/dataset04-package-surrounded-by-caps.test.ts
- tests/dataset31-imx6ull-bottom-right-offset.test.ts
- tests/dataset31-k230-right-center.test.ts
- tests/dataset31-sample59-live-visualization.test.ts
- tests/downstream-router-injection.test.ts
- tests/fanout-exit-position-legacy-compatibility.test.ts
- tests/fanout31-am62l-left-input.test.ts
- tests/fixed-via-winding-reserved-exits.test.ts
- tests/jlcpcb-design-rules.test.ts
- tests/layer-reserved-source-transit.test.ts
- tests/layered-winding-via-minimal.test.ts
- tests/literal-corner-slot-reservations.test.ts
- tests/opposite-wide-exit-over-source-field.test.ts
- tests/peripheral-source-reservations.test.ts
- tests/refine-adaptive-plane-reservations.test.ts
- tests/reserved-narrow-interior-edge-gap.test.ts
- tests/retained-tail-singleton-matching.test.ts
- tests/routed-copper-drc.test.ts
- tests/shared-via-drill-identity.test.ts
- tests/soft-plane-via-reservation-repair.test.ts
- tests/source-origin-top-final.test.ts
- tests/srj19-sample002.test.ts
- tests/static-export-entry.test.ts
- tests/winding-failed-prefix-cache.test.ts
bun test v1.4.2 (744846f84)

tests/routed-copper-drc.test.ts:
(pass) rejects a trace crossing a different-net pad on the same layer [1.55ms]
(pass) does not treat visual overlap on a separate layer as a collision [0.10ms]
(pass) rejects different-net trace intersections [0.16ms]
(pass) rejects a via colliding with a different-net pad anywhere in its span [0.24ms]
(pass) rejects a via placed directly at a moved breakout endpoint [0.09ms]
(pass) allows a via at an interior point along a connected trace [0.08ms]
(pass) rejects virtual through-obstacle transitions as emitted copper [0.05ms]
(pass) allows a trace to leave its own component pad away from the package body [0.11ms]
(pass) rejects a terminal trace directed through its package body [0.09ms]

tests/layer-reserved-source-transit.test.ts:
(pass) a reserved group retries permitted source-layer transit when its target layer is blocked [868.74ms]

tests/aligned-opposite-approach.test.ts:
(pass) approach protection follows overlapping source and target corridors through every rotation [75.18ms]

tests/winding-failed-prefix-cache.test.ts:
(pass) winding reuses failed prefixes without conflating lane biases or accepted copper [99.97ms]

tests/soft-plane-via-reservation-repair.test.ts:
(pass) soft plane reservations preserve a complete via assignment during wide-bus repair [19237.91ms]

tests/am62l-ddr4-trace-finalization.test.ts:
(pass) finalizes the exact AM62L DDR4 clock escape [471.93ms]

tests/benchmark-process-isolation.test.ts:
(pass) a hung, crashed, or malformed benchmark worker cannot block subsequent samples [535.29ms]

tests/dataset31-sample59-live-visualization.test.ts:
(pass) shows dataset 31 sample 59 while the native router is still running [3364.06ms]

tests/shared-via-drill-identity.test.ts:
(pass) shared immutable vias are not separate drills while distinct same-net holes retain clearance [0.74ms]

tests/downstream-router-injection.test.ts:
(pass) endpoint completion delegates unresolved board routes to the host [7873.38ms]

tests/source-origin-top-final.test.ts:
(pass) TOP-final source-origin buses use real separated through-vias despite a clear via-free shortcut [224.04ms]

tests/static-export-entry.test.ts:
(pass) declares the Cosmos renderer entry before Vite transforms the page [0.65ms]

tests/bus-length-matching-declared-pairs.test.ts:
(pass) matches declared pairs within intact buses, including overlapping and pair-only constraints, without tuning outside scope [221.75ms]

tests/retained-tail-singleton-matching.test.ts:
(pass) shortened singleton routing becomes length-matchable without changing other nets [241.10ms]

tests/connected-routed-trace.test.ts:
(pass) fanout may share copper with a connected routed trace [1.12ms]

tests/dataset31-k230-right-center.test.ts:
(pass) routes coupled control buses and tunes their complete source-routed pairs [93784.63ms]

tests/cached-plan-clearance.test.ts:
(pass) cached clearance rechecks replacement traces and vias during length tuning [214.95ms]

tests/layered-winding-via-minimal.test.ts:
(pass) layered winding is ordered at the first escape without crossover vias [15.20ms]

tests/reserved-narrow-interior-edge-gap.test.ts:
(pass) recovers a fixed-via singleton through an interior gap in its original corner band [1882.24ms]

tests/boundary-terminal-self-contact.test.ts:
(pass) terminal elbows reject retained same-net arms before and after corner normalization [876.24ms]

tests/dataset04-package-surrounded-by-caps.test.ts:
(pass) dataset04 breaks out larger BGAs and an RP2040-class thermal QFN, each surrounded by eight capacitors [434.82ms]

tests/jlcpcb-design-rules.test.ts:
(pass) the four-layer BGA400 clears JLCPCB copper and standard-via rules [800.42ms]

tests/literal-corner-slot-reservations.test.ts:
(pass) same-band buses reserve distinct right-edge slots and rails [3.65ms]

tests/bus-length-matching-source-prefix.test.ts:
(pass) optionally tunes a source prefix while preserving the first pad leg, first via, and narrow target corridor [246.02ms]

tests/fixed-via-winding-reserved-exits.test.ts:
(pass) fixed-via single-layer winding retries with future exits reserved [413.72ms]

tests/fanout-exit-position-legacy-compatibility.test.ts:
(pass) canonical positions preserve explicit-tuple geometry and legacy behavior [1.75ms]

tests/peripheral-source-reservations.test.ts:
(pass) reserves every peripheral lead and exposed plane pad beyond long pad bodies [237.66ms]

tests/opposite-wide-exit-over-source-field.test.ts:
(pass) source retry priority follows opposite exits over the pad field through every rotation [72.97ms]

tests/boundary-tail-independent-clusters.test.ts:
(pass) repairs separated exit clusters on independent grid phases within one atomic bus [1022.65ms]

tests/fanout31-am62l-left-input.test.ts:
(pass) captures the unmodified fanout31 AM62L RAM-left sample [230.44ms]

tests/am62l-soc-winding-fanout-repro.test.ts:
(pass) routes the captured AM62L winding fanout [422.75ms]

tests/dataset31-imx6ull-bottom-right-offset.test.ts:
(pass) rematches unfinished source dogbones to free a constrained bus tuning window [45578.72ms]

tests/srj19-sample002.test.ts:
(pass) SRJ19 sample002 solves on six layers [4688.63ms]

tests/refine-adaptive-plane-reservations.test.ts:
(pass) moves the terminal reservation inward to protect the same corridor [16.31ms]

 42 pass
 0 fail
 130099 expect() calls
Ran 42 tests across 34 files. [184.89s]
