bun test v1.3.9 (cf6cdbbb)

tests/dataset31-imx6ull-top-center.test.ts:
60 |       }
61 |       previous = point
62 |     }
63 |   }
64 |   expect(JSON.stringify(input)).toBe(before)
65 |   await expect(getSvgFromGraphicsObject(solver.visualize())).toMatchSvgSnapshot(
                                                                  ^
error: 

Snapshot does not match. Diff saved at /Users/anassarkiz/tsci/tscircuit-store/boards/usb-c-pd-brushed-motor--a7c39d12/tooling/fanout-manufacturing-A22/tests/__snapshots__/dataset31-imx6ull-top-center.diff.png
      at <anonymous> (/Users/anassarkiz/tsci/tscircuit-store/boards/usb-c-pd-brushed-motor--a7c39d12/tooling/fanout-manufacturing-A22/tests/dataset31-imx6ull-top-center.test.ts:65:62)
(fail) retries untunable wide source routes with fresh reservations and a higher source cost [42198.73ms]

tests/coincident-path-corner.test.ts:
47 |   expect(
48 |     getSvgFromGraphicsObject({
49 |       lines: [{ points: normalized, strokeColor: "red", strokeWidth: 0.08 }],
50 |       points: normalized.map((point) => ({ ...point, color: "blue" })),
51 |     }),
52 |   ).toMatchSvgSnapshot(import.meta.path)
         ^
error: 

Snapshot does not match. Diff saved at /Users/anassarkiz/tsci/tscircuit-store/boards/usb-c-pd-brushed-motor--a7c39d12/tooling/fanout-manufacturing-A22/tests/__snapshots__/coincident-path-corner.diff.png
      at <anonymous> (/Users/anassarkiz/tsci/tscircuit-store/boards/usb-c-pd-brushed-motor--a7c39d12/tooling/fanout-manufacturing-A22/tests/coincident-path-corner.test.ts:52:5)
(fail) coincident vertices cannot conceal a sharp copper corner [233.31ms]

 0 pass
 2 fail
 12003 expect() calls
Ran 2 tests across 2 files. [42.56s]
