bun pack v1.4.2 (744846f84)

packed 2.53KB package.json
packed 1.1KB LICENSE
packed 29.48KB README.md
packed 2.74KB lib/add-diagonal-grid-neighbors.ts
packed 1.35KB lib/add-via-layer-metadata.ts
packed 2.52KB lib/aligned-opposite-approach.ts
packed 1.43KB lib/boundary-exit.ts
packed 24.89KB lib/boundary-terminal-connectors.ts
packed 5.60KB lib/build-output.ts
packed 2.18KB lib/cache-via-occupant-neighborhoods.ts
packed 0.67KB lib/coalesce-layered-path-points.ts
packed 34.32KB lib/complete-original-endpoints.ts
packed 2.75KB lib/compressed-exit-convergence.ts
packed 4.23KB lib/dense-boundary-routing-policy.ts
packed 1.80KB lib/fanout-exit-position.ts
packed 1.12KB lib/fanout-output-ids.ts
packed 1.30KB lib/fanout-segments-have-valid-turns.ts
packed 0.27MB lib/fanout-solver.ts
packed 6.29KB lib/geometry.ts
packed 2.18KB lib/get-boundary-approach-reservations.ts
packed 1.92KB lib/get-boundary-bus-slot-offsets.ts
packed 1.95KB lib/get-declared-differential-pairs.ts
packed 1.13KB lib/get-dogbone-side-variants.ts
packed 3.76KB lib/get-free-boundary-tracks.ts
packed 5.75KB lib/get-multi-edge-bus-targets.ts
packed 1.53KB lib/get-obstacle-axis-aligned-bounds.ts
packed 0.91KB lib/get-outward-source-pad-owner.ts
packed 2.64KB lib/get-routed-trace-copper.ts
packed 6.1KB lib/get-via-channel-grid-phase.ts
packed 1.55KB lib/index.ts
packed 496B lib/layer-colors.ts
packed 6.13KB lib/layer-names.ts
packed 6.47KB lib/layer-routing-attempts.ts
packed 8.22KB lib/match-angularly-ordered-local-vias.ts
packed 75.27KB lib/match-bus-lengths.ts
packed 25.92KB lib/match-component-dogbone-via-sites.ts
packed 6.82KB lib/merge-layered-boundary-targets.ts
packed 7.36KB lib/multi-segment-tuning-windows.ts
packed 5.74KB lib/net-identity.ts
packed 28.58KB lib/normalize-fanout-plan-corners.ts
packed 4.85KB lib/normalize-layered-path.ts
packed 2.85KB lib/opposed-pair-source-escapes.ts
packed 1.23KB lib/opposite-wide-exit-over-source-field.ts
packed 7.35KB lib/pack-boundary-bus-intervals.ts
packed 38.98KB lib/prepare-buses.ts
packed 6.64KB lib/prepare-peripheral-source-reservations.ts
packed 3.24KB lib/refine-adaptive-plane-reservations.ts
packed 2.35KB lib/reflect-fanout-x.ts
packed 6.37KB lib/rematch-unrouted-source-dogbones.ts
packed 23.40KB lib/repair-boundary-route-tails.ts
packed 8.99KB lib/repair-bus-lengths-with-transit.ts
packed 6.73KB lib/repair-pair-lengths-with-source-transit.ts
packed 5.83KB lib/repair-peripheral-bus-lengths.ts
packed 11.55KB lib/repair-source-pad-reentries.ts
packed 7.17KB lib/repair-wide-source-lengths.ts
packed 30.39KB lib/reroute-bus-with-retained-boundary-tails.ts
packed 12.26KB lib/reroute-overlong-bus-lanes.ts
packed 6.22KB lib/reroute-source-origin-lengths.ts
packed 1.36KB lib/retry-layer-reserved-routing.ts
packed 13.37KB lib/route-adaptive-left-crossbar-bus.ts
packed 18.62KB lib/route-bottom-crossbar-bus.ts
packed 143.51KB lib/route-bus.ts
packed 41.88KB lib/route-layer-reserved-buses.ts
packed 17.1KB lib/route-layer-reserved-source-escapes.ts
packed 12.16KB lib/route-left-crossbar-bus.ts
packed 11.29KB lib/route-multi-edge-reserved-buses.ts
packed 2.49KB lib/route-opposite-bottom-crossbar-bus.ts
packed 7.0KB lib/route-peripheral-buses.ts
packed 15.90KB lib/route-peripheral-source-escapes.ts
packed 8.82KB lib/route-plane-reserved-source-escapes.ts
packed 15.34KB lib/route-reserved-narrow-buses.ts
packed 8.0KB lib/route-reserved-source-buses.ts
packed 78.16KB lib/route-reserved-via-buses.ts
packed 3.34KB lib/route-segment-spatial-index.ts
packed 8.78KB lib/route-shallow-split-perimeter-bus.ts
packed 47.25KB lib/route-single-layer-adaptive-exits.ts
packed 39.51KB lib/route-single-layer-push-shove.ts
packed 14.35KB lib/route-source-origin-buses.ts
packed 12.97KB lib/route-split-perimeter-bus.ts
packed 18.69KB lib/route-split-perimeter-source-escapes.ts
packed 8.38KB lib/route-staged-perimeter-bus.ts
packed 63.1KB lib/route-via-minimal-winding.ts
packed 245B lib/runtime-process.ts
packed 9.00KB lib/select-compatible-candidates.ts
packed 14.77KB lib/shortcut-fanout-plans.ts
packed 2.49KB lib/shorten-bus-plans.ts
packed 3.24KB lib/should-use-adaptive-dense-plane-routing.ts
packed 2.96KB lib/source-origin-route-self-clear.ts
packed 4.37KB lib/source-origin-transit-search.ts
packed 1.91KB lib/source-pad-reentry.ts
packed 2.27KB lib/source-prefix-fold-shortcuts.ts
packed 0.77KB lib/source-transit-crossing-pressure.ts
packed 2.52KB lib/static-edge-clearance-cache.ts
packed 428B lib/subsolver-request.ts
packed 13.81KB lib/types.ts
packed 35.65KB lib/validate-fanout-solution.ts
packed 12.40KB lib/validate-original-endpoint-connectivity.ts
packed 16.89KB lib/validate-routed-copper-drc.ts
packed 1.93KB lib/via-drills-are-clear.ts
packed 14.55KB lib/visualize-simple-route-json.ts

/Users/anassarkiz/tsci/tscircuit-store/boards/usb-c-pd-brushed-motor--a7c39d12/tooling/tscircuit-fanout-solver-0.0.83.tgz

Total files: 100
Shasum: 2613807681893e8c5f60e7faf74aabd8fcca5748
Integrity: sha512-B/jsfPl4+U4r0[...]MYKM6XzVTh2nA==
Unpacked size: 1.53MB
Packed size: 0.33MB
