$ biome format .
datasets/fixtures/fanout31-am62l-left-center.json format ━━━━━━━━━━━━━━━━━━━━━━━━━━━━━━━━━━━━━━━━━━━

  ! The size of the file is 1.5 MiB, which exceeds the configured maximum of 1.0 MiB for this project.
    Use the `files.maxSize` configuration to change the maximum size of files processed, or `files.includes` to ignore the file.
  

datasets/fixtures/fanout31-am62l-top-center.json format ━━━━━━━━━━━━━━━━━━━━━━━━━━━━━━━━━━━━━━━━━━━━

  ! The size of the file is 1.5 MiB, which exceeds the configured maximum of 1.0 MiB for this project.
    Use the `files.maxSize` configuration to change the maximum size of files processed, or `files.includes` to ignore the file.
  

tests/fixtures/am62l-lpddr4-five-bus-singleton-through-all-dram.json format ━━━━━━━━━━━━━━━━━━━━━━━━

  ! The size of the file is 1.7 MiB, which exceeds the configured maximum of 1.0 MiB for this project.
    Use the `files.maxSize` configuration to change the maximum size of files processed, or `files.includes` to ignore the file.
  

tests/fixtures/am62l-lpddr4-ram-above-soc-fanout.json format ━━━━━━━━━━━━━━━━━━━━━━━━━━━━━━━━━━━━━━━

  ! The size of the file is 3.7 MiB, which exceeds the configured maximum of 1.0 MiB for this project.
    Use the `files.maxSize` configuration to change the maximum size of files processed, or `files.includes` to ignore the file.
  

tests/fixtures/dataset31-bottom-center.json format ━━━━━━━━━━━━━━━━━━━━━━━━━━━━━━━━━━━━━━━━━━━━━━━━━

  ! The size of the file is 1.5 MiB, which exceeds the configured maximum of 1.0 MiB for this project.
    Use the `files.maxSize` configuration to change the maximum size of files processed, or `files.includes` to ignore the file.
  

tests/fixtures/dataset31-bottom-left-offset.json format ━━━━━━━━━━━━━━━━━━━━━━━━━━━━━━━━━━━━━━━━━━━━

  ! The size of the file is 1.5 MiB, which exceeds the configured maximum of 1.0 MiB for this project.
    Use the `files.maxSize` configuration to change the maximum size of files processed, or `files.includes` to ignore the file.
  

tests/fixtures/dataset31-bottom-right-offset.json format ━━━━━━━━━━━━━━━━━━━━━━━━━━━━━━━━━━━━━━━━━━━

  ! The size of the file is 1.5 MiB, which exceeds the configured maximum of 1.0 MiB for this project.
    Use the `files.maxSize` configuration to change the maximum size of files processed, or `files.includes` to ignore the file.
  

tests/fixtures/dataset31-k230-bottom-right-offset.json format ━━━━━━━━━━━━━━━━━━━━━━━━━━━━━━━━━━━━━━

  ! The size of the file is 1.7 MiB, which exceeds the configured maximum of 1.0 MiB for this project.
    Use the `files.maxSize` configuration to change the maximum size of files processed, or `files.includes` to ignore the file.
  

tests/fixtures/dataset31-k230-right-center.json format ━━━━━━━━━━━━━━━━━━━━━━━━━━━━━━━━━━━━━━━━━━━━━

  ! The size of the file is 1.7 MiB, which exceeds the configured maximum of 1.0 MiB for this project.
    Use the `files.maxSize` configuration to change the maximum size of files processed, or `files.includes` to ignore the file.
  

tests/fixtures/dataset31-k230-top-center.json format ━━━━━━━━━━━━━━━━━━━━━━━━━━━━━━━━━━━━━━━━━━━━━━━

  ! The size of the file is 1.7 MiB, which exceeds the configured maximum of 1.0 MiB for this project.
    Use the `files.maxSize` configuration to change the maximum size of files processed, or `files.includes` to ignore the file.
  

tests/fixtures/dataset31-k230-top-right-offset.json format ━━━━━━━━━━━━━━━━━━━━━━━━━━━━━━━━━━━━━━━━━

  ! The size of the file is 1.7 MiB, which exceeds the configured maximum of 1.0 MiB for this project.
    Use the `files.maxSize` configuration to change the maximum size of files processed, or `files.includes` to ignore the file.
  

tests/fixtures/dataset31-left-bottom-address.json format ━━━━━━━━━━━━━━━━━━━━━━━━━━━━━━━━━━━━━━━━━━━

  ! The size of the file is 1.4 MiB, which exceeds the configured maximum of 1.0 MiB for this project.
    Use the `files.maxSize` configuration to change the maximum size of files processed, or `files.includes` to ignore the file.
  

tests/fixtures/dataset31-left-bottom-offset.json format ━━━━━━━━━━━━━━━━━━━━━━━━━━━━━━━━━━━━━━━━━━━━

  ! The size of the file is 1.5 MiB, which exceeds the configured maximum of 1.0 MiB for this project.
    Use the `files.maxSize` configuration to change the maximum size of files processed, or `files.includes` to ignore the file.
  

tests/fixtures/dataset31-left-top-offset.json format ━━━━━━━━━━━━━━━━━━━━━━━━━━━━━━━━━━━━━━━━━━━━━━━

  ! The size of the file is 1.5 MiB, which exceeds the configured maximum of 1.0 MiB for this project.
    Use the `files.maxSize` configuration to change the maximum size of files processed, or `files.includes` to ignore the file.
  

tests/fixtures/dataset31-right-bottom-offset.json format ━━━━━━━━━━━━━━━━━━━━━━━━━━━━━━━━━━━━━━━━━━━

  ! The size of the file is 1.5 MiB, which exceeds the configured maximum of 1.0 MiB for this project.
    Use the `files.maxSize` configuration to change the maximum size of files processed, or `files.includes` to ignore the file.
  

tests/fixtures/dataset31-right-top-offset.json format ━━━━━━━━━━━━━━━━━━━━━━━━━━━━━━━━━━━━━━━━━━━━━━

  ! The size of the file is 1.5 MiB, which exceeds the configured maximum of 1.0 MiB for this project.
    Use the `files.maxSize` configuration to change the maximum size of files processed, or `files.includes` to ignore the file.
  

tests/fixtures/dataset31-top-left-offset.json format ━━━━━━━━━━━━━━━━━━━━━━━━━━━━━━━━━━━━━━━━━━━━━━━

  ! The size of the file is 1.5 MiB, which exceeds the configured maximum of 1.0 MiB for this project.
    Use the `files.maxSize` configuration to change the maximum size of files processed, or `files.includes` to ignore the file.
  

tests/fixtures/dataset31-top-right-offset.json format ━━━━━━━━━━━━━━━━━━━━━━━━━━━━━━━━━━━━━━━━━━━━━━

  ! The size of the file is 1.5 MiB, which exceeds the configured maximum of 1.0 MiB for this project.
    Use the `files.maxSize` configuration to change the maximum size of files processed, or `files.includes` to ignore the file.
  

tests/fixtures/plane-ground-clearance.json format ━━━━━━━━━━━━━━━━━━━━━━━━━━━━━━━━━━━━━━━━━━━━━━━━━━

  ! The size of the file is 1.7 MiB, which exceeds the configured maximum of 1.0 MiB for this project.
    Use the `files.maxSize` configuration to change the maximum size of files processed, or `files.includes` to ignore the file.
  

scripts/diagnose-imx6ull-corners.ts format ━━━━━━━━━━━━━━━━━━━━━━━━━━━━━━━━━━━━━━━━━━━━━━━━━━━━━━━━━

  × Formatter would have printed the following content:
  
    11 11 │   if (!solver.solved) throw new Error(String(solver.error))
    12 12 │   const output = solver.getOutput()
    13    │ - await·Bun.write("../../evidence/fanout-source-fix-A22/imx6ull-current.svg",·getSvgFromGraphicsObject(solver.visualize()))
       13 │ + await·Bun.write(
       14 │ + ··"../../evidence/fanout-source-fix-A22/imx6ull-current.svg",
       15 │ + ··getSvgFromGraphicsObject(solver.visualize()),
       16 │ + )
    14 17 │   const issues: object[] = []
    15 18 │   for (const trace of output.fanoutTraces) {
  

The number of diagnostics exceeds the limit allowed. Use --max-diagnostics to increase it.
Diagnostics not shown: 3.
Checked 458 files in 119ms. No fixes applied.
Found 1 error.
Found 22 warnings.
format ━━━━━━━━━━━━━━━━━━━━━━━━━━━━━━━━━━━━━━━━━━━━━━━━━━━━━━━━━━━━━━━━━━━━━━━━━━━━━━━━━━━━━━━━━━━━━

  × Some errors were emitted while running checks.
  

error: script "format:check" exited with code 1
