$ biome format --write .
datasets/fixtures/fanout31-am62l-left-center.json format ━━━━━━━━━━━━━━━━━━━━━━━━━━━━━━━━━━━━━━━━━━━

  ! The size of the file is 1.5 MiB, which exceeds the configured maximum of 1.0 MiB for this project.
    Use the `files.maxSize` configuration to change the maximum size of files processed, or `files.includes` to ignore the file.
  

datasets/fixtures/fanout31-am62l-top-center.json format ━━━━━━━━━━━━━━━━━━━━━━━━━━━━━━━━━━━━━━━━━━━━

  ! The size of the file is 1.5 MiB, which exceeds the configured maximum of 1.0 MiB for this project.
    Use the `files.maxSize` configuration to change the maximum size of files processed, or `files.includes` to ignore the file.
  

tests/fixtures/am62l-lpddr4-five-bus-singleton-through-all-dram.json format ━━━━━━━━━━━━━━━━━━━━━━━━

  ! The size of the file is 1.7 MiB, which exceeds the configured maximum of 1.0 MiB for this project.
    Use the `files.maxSize` configuration to change the maximum size of files processed, or `files.includes` to ignore the file.
  

tests/fixtures/am62l-lpddr4-ram-above-soc-fanout.json format ━━━━━━━━━━━━━━━━━━━━━━━━━━━━━━━━━━━━━━━

  ! The size of the file is 3.7 MiB, which exceeds the configured maximum of 1.0 MiB for this project.
    Use the `files.maxSize` configuration to change the maximum size of files processed, or `files.includes` to ignore the file.
  

tests/fixtures/dataset31-bottom-center.json format ━━━━━━━━━━━━━━━━━━━━━━━━━━━━━━━━━━━━━━━━━━━━━━━━━

  ! The size of the file is 1.5 MiB, which exceeds the configured maximum of 1.0 MiB for this project.
    Use the `files.maxSize` configuration to change the maximum size of files processed, or `files.includes` to ignore the file.
  

tests/fixtures/dataset31-bottom-left-offset.json format ━━━━━━━━━━━━━━━━━━━━━━━━━━━━━━━━━━━━━━━━━━━━

  ! The size of the file is 1.5 MiB, which exceeds the configured maximum of 1.0 MiB for this project.
    Use the `files.maxSize` configuration to change the maximum size of files processed, or `files.includes` to ignore the file.
  

tests/fixtures/dataset31-bottom-right-offset.json format ━━━━━━━━━━━━━━━━━━━━━━━━━━━━━━━━━━━━━━━━━━━

  ! The size of the file is 1.5 MiB, which exceeds the configured maximum of 1.0 MiB for this project.
    Use the `files.maxSize` configuration to change the maximum size of files processed, or `files.includes` to ignore the file.
  

tests/fixtures/dataset31-k230-bottom-right-offset.json format ━━━━━━━━━━━━━━━━━━━━━━━━━━━━━━━━━━━━━━

  ! The size of the file is 1.7 MiB, which exceeds the configured maximum of 1.0 MiB for this project.
    Use the `files.maxSize` configuration to change the maximum size of files processed, or `files.includes` to ignore the file.
  

tests/fixtures/dataset31-k230-right-center.json format ━━━━━━━━━━━━━━━━━━━━━━━━━━━━━━━━━━━━━━━━━━━━━

  ! The size of the file is 1.7 MiB, which exceeds the configured maximum of 1.0 MiB for this project.
    Use the `files.maxSize` configuration to change the maximum size of files processed, or `files.includes` to ignore the file.
  

tests/fixtures/dataset31-k230-top-center.json format ━━━━━━━━━━━━━━━━━━━━━━━━━━━━━━━━━━━━━━━━━━━━━━━

  ! The size of the file is 1.7 MiB, which exceeds the configured maximum of 1.0 MiB for this project.
    Use the `files.maxSize` configuration to change the maximum size of files processed, or `files.includes` to ignore the file.
  

tests/fixtures/dataset31-k230-top-right-offset.json format ━━━━━━━━━━━━━━━━━━━━━━━━━━━━━━━━━━━━━━━━━

  ! The size of the file is 1.7 MiB, which exceeds the configured maximum of 1.0 MiB for this project.
    Use the `files.maxSize` configuration to change the maximum size of files processed, or `files.includes` to ignore the file.
  

tests/fixtures/dataset31-left-bottom-address.json format ━━━━━━━━━━━━━━━━━━━━━━━━━━━━━━━━━━━━━━━━━━━

  ! The size of the file is 1.4 MiB, which exceeds the configured maximum of 1.0 MiB for this project.
    Use the `files.maxSize` configuration to change the maximum size of files processed, or `files.includes` to ignore the file.
  

tests/fixtures/dataset31-left-bottom-offset.json format ━━━━━━━━━━━━━━━━━━━━━━━━━━━━━━━━━━━━━━━━━━━━

  ! The size of the file is 1.5 MiB, which exceeds the configured maximum of 1.0 MiB for this project.
    Use the `files.maxSize` configuration to change the maximum size of files processed, or `files.includes` to ignore the file.
  

tests/fixtures/dataset31-left-top-offset.json format ━━━━━━━━━━━━━━━━━━━━━━━━━━━━━━━━━━━━━━━━━━━━━━━

  ! The size of the file is 1.5 MiB, which exceeds the configured maximum of 1.0 MiB for this project.
    Use the `files.maxSize` configuration to change the maximum size of files processed, or `files.includes` to ignore the file.
  

tests/fixtures/dataset31-right-bottom-offset.json format ━━━━━━━━━━━━━━━━━━━━━━━━━━━━━━━━━━━━━━━━━━━

  ! The size of the file is 1.5 MiB, which exceeds the configured maximum of 1.0 MiB for this project.
    Use the `files.maxSize` configuration to change the maximum size of files processed, or `files.includes` to ignore the file.
  

tests/fixtures/dataset31-right-top-offset.json format ━━━━━━━━━━━━━━━━━━━━━━━━━━━━━━━━━━━━━━━━━━━━━━

  ! The size of the file is 1.5 MiB, which exceeds the configured maximum of 1.0 MiB for this project.
    Use the `files.maxSize` configuration to change the maximum size of files processed, or `files.includes` to ignore the file.
  

tests/fixtures/dataset31-top-left-offset.json format ━━━━━━━━━━━━━━━━━━━━━━━━━━━━━━━━━━━━━━━━━━━━━━━

  ! The size of the file is 1.5 MiB, which exceeds the configured maximum of 1.0 MiB for this project.
    Use the `files.maxSize` configuration to change the maximum size of files processed, or `files.includes` to ignore the file.
  

tests/fixtures/dataset31-top-right-offset.json format ━━━━━━━━━━━━━━━━━━━━━━━━━━━━━━━━━━━━━━━━━━━━━━

  ! The size of the file is 1.5 MiB, which exceeds the configured maximum of 1.0 MiB for this project.
    Use the `files.maxSize` configuration to change the maximum size of files processed, or `files.includes` to ignore the file.
  

tests/fixtures/plane-ground-clearance.json format ━━━━━━━━━━━━━━━━━━━━━━━━━━━━━━━━━━━━━━━━━━━━━━━━━━

  ! The size of the file is 1.7 MiB, which exceeds the configured maximum of 1.0 MiB for this project.
    Use the `files.maxSize` configuration to change the maximum size of files processed, or `files.includes` to ignore the file.
  

tests/fixtures/rk3308-left-top-offset.json format ━━━━━━━━━━━━━━━━━━━━━━━━━━━━━━━━━━━━━━━━━━━━━━━━━━

  ! The size of the file is 1.6 MiB, which exceeds the configured maximum of 1.0 MiB for this project.
    Use the `files.maxSize` configuration to change the maximum size of files processed, or `files.includes` to ignore the file.
  

The number of diagnostics exceeds the limit allowed. Use --max-diagnostics to increase it.
Diagnostics not shown: 2.
Formatted 452 files in 125ms. Fixed 1 file.
Found 22 warnings.
