npm notice
npm notice 📦  @tscircuit/fanout-solver@0.0.79
npm notice Tarball Contents
npm notice 1.1kB LICENSE
npm notice 29.5kB README.md
npm notice 2.7kB lib/add-diagonal-grid-neighbors.ts
npm notice 1.4kB lib/add-via-layer-metadata.ts
npm notice 2.5kB lib/aligned-opposite-approach.ts
npm notice 1.4kB lib/boundary-exit.ts
npm notice 24.9kB lib/boundary-terminal-connectors.ts
npm notice 5.6kB lib/build-output.ts
npm notice 2.2kB lib/cache-via-occupant-neighborhoods.ts
npm notice 34.3kB lib/complete-original-endpoints.ts
npm notice 2.8kB lib/compressed-exit-convergence.ts
npm notice 4.2kB lib/dense-boundary-routing-policy.ts
npm notice 1.8kB lib/fanout-exit-position.ts
npm notice 1.1kB lib/fanout-output-ids.ts
npm notice 266.5kB lib/fanout-solver.ts
npm notice 6.3kB lib/geometry.ts
npm notice 2.2kB lib/get-boundary-approach-reservations.ts
npm notice 1.9kB lib/get-boundary-bus-slot-offsets.ts
npm notice 1.9kB lib/get-declared-differential-pairs.ts
npm notice 1.1kB lib/get-dogbone-side-variants.ts
npm notice 3.8kB lib/get-free-boundary-tracks.ts
npm notice 5.7kB lib/get-multi-edge-bus-targets.ts
npm notice 906B lib/get-outward-source-pad-owner.ts
npm notice 2.6kB lib/get-routed-trace-copper.ts
npm notice 6.1kB lib/get-via-channel-grid-phase.ts
npm notice 1.6kB lib/index.ts
npm notice 496B lib/layer-colors.ts
npm notice 6.1kB lib/layer-names.ts
npm notice 6.5kB lib/layer-routing-attempts.ts
npm notice 8.2kB lib/match-angularly-ordered-local-vias.ts
npm notice 75.3kB lib/match-bus-lengths.ts
npm notice 25.9kB lib/match-component-dogbone-via-sites.ts
npm notice 6.8kB lib/merge-layered-boundary-targets.ts
npm notice 7.4kB lib/multi-segment-tuning-windows.ts
npm notice 5.7kB lib/net-identity.ts
npm notice 29.1kB lib/normalize-fanout-plan-corners.ts
npm notice 4.9kB lib/normalize-layered-path.ts
npm notice 2.9kB lib/opposed-pair-source-escapes.ts
npm notice 1.2kB lib/opposite-wide-exit-over-source-field.ts
npm notice 7.4kB lib/pack-boundary-bus-intervals.ts
npm notice 39.0kB lib/prepare-buses.ts
npm notice 6.6kB lib/prepare-peripheral-source-reservations.ts
npm notice 3.2kB lib/refine-adaptive-plane-reservations.ts
npm notice 2.3kB lib/reflect-fanout-x.ts
npm notice 6.4kB lib/rematch-unrouted-source-dogbones.ts
npm notice 23.4kB lib/repair-boundary-route-tails.ts
npm notice 9.0kB lib/repair-bus-lengths-with-transit.ts
npm notice 6.7kB lib/repair-pair-lengths-with-source-transit.ts
npm notice 5.8kB lib/repair-peripheral-bus-lengths.ts
npm notice 11.5kB lib/repair-source-pad-reentries.ts
npm notice 7.2kB lib/repair-wide-source-lengths.ts
npm notice 30.4kB lib/reroute-bus-with-retained-boundary-tails.ts
npm notice 12.3kB lib/reroute-overlong-bus-lanes.ts
npm notice 6.2kB lib/reroute-source-origin-lengths.ts
npm notice 1.4kB lib/retry-layer-reserved-routing.ts
npm notice 13.4kB lib/route-adaptive-left-crossbar-bus.ts
npm notice 18.6kB lib/route-bottom-crossbar-bus.ts
npm notice 143.2kB lib/route-bus.ts
npm notice 41.9kB lib/route-layer-reserved-buses.ts
npm notice 17.1kB lib/route-layer-reserved-source-escapes.ts
npm notice 12.2kB lib/route-left-crossbar-bus.ts
npm notice 11.3kB lib/route-multi-edge-reserved-buses.ts
npm notice 2.5kB lib/route-opposite-bottom-crossbar-bus.ts
npm notice 7.0kB lib/route-peripheral-buses.ts
npm notice 15.9kB lib/route-peripheral-source-escapes.ts
npm notice 8.8kB lib/route-plane-reserved-source-escapes.ts
npm notice 15.3kB lib/route-reserved-narrow-buses.ts
npm notice 8.0kB lib/route-reserved-source-buses.ts
npm notice 78.0kB lib/route-reserved-via-buses.ts
npm notice 3.3kB lib/route-segment-spatial-index.ts
npm notice 8.8kB lib/route-shallow-split-perimeter-bus.ts
npm notice 47.2kB lib/route-single-layer-adaptive-exits.ts
npm notice 39.5kB lib/route-single-layer-push-shove.ts
npm notice 14.3kB lib/route-source-origin-buses.ts
npm notice 13.0kB lib/route-split-perimeter-bus.ts
npm notice 18.7kB lib/route-split-perimeter-source-escapes.ts
npm notice 8.4kB lib/route-staged-perimeter-bus.ts
npm notice 64.2kB lib/route-via-minimal-winding.ts
npm notice 245B lib/runtime-process.ts
npm notice 9.0kB lib/select-compatible-candidates.ts
npm notice 14.8kB lib/shortcut-fanout-plans.ts
npm notice 2.5kB lib/shorten-bus-plans.ts
npm notice 3.2kB lib/should-use-adaptive-dense-plane-routing.ts
npm notice 3.0kB lib/source-origin-route-self-clear.ts
npm notice 4.4kB lib/source-origin-transit-search.ts
npm notice 1.9kB lib/source-pad-reentry.ts
npm notice 2.3kB lib/source-prefix-fold-shortcuts.ts
npm notice 765B lib/source-transit-crossing-pressure.ts
npm notice 2.5kB lib/static-edge-clearance-cache.ts
npm notice 428B lib/subsolver-request.ts
npm notice 13.8kB lib/types.ts
npm notice 34.6kB lib/validate-fanout-solution.ts
npm notice 12.4kB lib/validate-original-endpoint-connectivity.ts
npm notice 16.9kB lib/validate-routed-copper-drc.ts
npm notice 1.7kB lib/via-drills-are-clear.ts
npm notice 14.6kB lib/visualize-simple-route-json.ts
npm notice 2.5kB package.json
npm notice Tarball Details
npm notice name: @tscircuit/fanout-solver
npm notice version: 0.0.79
npm notice filename: tscircuit-fanout-solver-0.0.79.tgz
npm notice package size: 325.1 kB
npm notice unpacked size: 1.5 MB
npm notice shasum: ef54e764ef8e428cb260e6bca09a24fdf766e6c9
npm notice integrity: sha512-kzguRmDpEgqNz[...]PAG3yjsa+RlIA==
npm notice total files: 97
npm notice
tscircuit-fanout-solver-0.0.79.tgz
