bun install v1.3.9 (cf6cdbbb)
Resolving dependencies
Resolved, downloaded and extracted [872]

+ @biomejs/biome@2.5.5 (v2.5.15 available)
+ @tsci/tscircuit.dataset-srj19-bga-passive-overlays@github:tscircuit/dataset-srj19#c1206f3
+ @tsci/tscircuit.dataset-srj29-bga-decoupling@github:tscircuit/dataset-srj29-bga-decoupling#bfdf7bc
+ @tscircuit/alphabet@0.0.25 (v0.0.27 available)
+ @tscircuit/circuit-json-util@0.0.106
+ @tscircuit/copper-pour-solver@0.0.51
+ @tscircuit/footprinter@0.0.394 (v0.0.430 available)
+ @tscircuit/infer-cable-insertion-point@0.0.4
+ @tscircuit/miniflex@0.0.4
+ @tscircuit/schematic-trace-solver@0.0.175
+ @tscircuit/soup-util@0.0.41
+ @types/bun@1.3.14
+ @types/react@19.2.14 (v19.3.0 available)
+ @types/react-dom@19.2.3 (v19.3.0 available)
+ bun-match-svg@0.0.16 (v0.0.17 available)
+ circuit-json@0.0.479
+ circuit-json-to-connectivity-map@0.0.23 (v0.0.33 available)
+ circuit-to-svg@0.0.364 (v0.0.441 available)
+ connectivity-map@1.0.0
+ flatbush@4.5.0
+ format-si-unit@0.0.12 (v0.0.14 available)
+ minicssgrid@0.0.9
+ react@19.2.8 (v19.3.0 available)
+ react-cosmos@7.3.0 (v7.4.1 available)
+ react-cosmos-plugin-vite@7.3.0 (v7.4.0 available)
+ react-dom@19.2.8 (v19.3.0 available)
+ schematic-symbols@0.0.231 (v0.0.248 available)
+ spicey@0.0.14
+ vite@8.1.5 (v8.3.2 available)
+ @tscircuit/capacity-autorouter@0.0.718
+ @tscircuit/solver-utils@0.0.19 (v0.0.21 available)
+ graphics-debug@0.0.99 (v0.0.100 available)
+ typescript@5.9.3 (v7.0.2 available)

757 packages installed [5.55s]
