Found source files: [
  "/Users/anassarkiz/tsci/tscircuit-store/boards/usb-c-pd-brushed-motor--a7c39d12/tooling/props-manufacturing-A22/lib/manual-edits/index.ts",
  "/Users/anassarkiz/tsci/tscircuit-store/boards/usb-c-pd-brushed-motor--a7c39d12/tooling/props-manufacturing-A22/lib/manual-edits/manual-edit-events/base_manual_edit_event.ts",
  "/Users/anassarkiz/tsci/tscircuit-store/boards/usb-c-pd-brushed-motor--a7c39d12/tooling/props-manufacturing-A22/lib/manual-edits/manual-edit-events/edit_pcb_component_location_event.ts",
  "/Users/anassarkiz/tsci/tscircuit-store/boards/usb-c-pd-brushed-motor--a7c39d12/tooling/props-manufacturing-A22/lib/manual-edits/manual-edit-events/edit_pcb_group_location_event.ts",
  "/Users/anassarkiz/tsci/tscircuit-store/boards/usb-c-pd-brushed-motor--a7c39d12/tooling/props-manufacturing-A22/lib/manual-edits/manual-edit-events/edit_schematic_component_location_event.ts",
  "/Users/anassarkiz/tsci/tscircuit-store/boards/usb-c-pd-brushed-motor--a7c39d12/tooling/props-manufacturing-A22/lib/manual-edits/manual-edit-events/edit_schematic_group_location_event.ts",
  "/Users/anassarkiz/tsci/tscircuit-store/boards/usb-c-pd-brushed-motor--a7c39d12/tooling/props-manufacturing-A22/lib/manual-edits/manual-edit-events/edit_trace_hint_event.ts",
  "/Users/anassarkiz/tsci/tscircuit-store/boards/usb-c-pd-brushed-motor--a7c39d12/tooling/props-manufacturing-A22/lib/manual-edits/manual-edit-events/index.ts",
  "/Users/anassarkiz/tsci/tscircuit-store/boards/usb-c-pd-brushed-motor--a7c39d12/tooling/props-manufacturing-A22/lib/manual-edits/manual_edit_event.ts",
  "/Users/anassarkiz/tsci/tscircuit-store/boards/usb-c-pd-brushed-motor--a7c39d12/tooling/props-manufacturing-A22/lib/manual-edits/manual_edits_file.ts",
  "/Users/anassarkiz/tsci/tscircuit-store/boards/usb-c-pd-brushed-motor--a7c39d12/tooling/props-manufacturing-A22/lib/manual-edits/manual_pcb_placement.ts",
  "/Users/anassarkiz/tsci/tscircuit-store/boards/usb-c-pd-brushed-motor--a7c39d12/tooling/props-manufacturing-A22/lib/manual-edits/manual_schematic_placement.ts",
  "/Users/anassarkiz/tsci/tscircuit-store/boards/usb-c-pd-brushed-motor--a7c39d12/tooling/props-manufacturing-A22/lib/manual-edits/manual_trace_hint.ts"
]
[index] Searching for interfaces...
[]
[index] Searching for types...
[]
[base_manual_edit_event] Searching for interfaces...
[ "export interface BaseManualEditEvent" ]
Found interfaces in base_manual_edit_event: [ "export interface BaseManualEditEvent {\n  edit_event_id: string\n  in_progress?: boolean\n  created_at: number\n}" ]
[base_manual_edit_event] Searching for types...
[ "export type BaseManualEditEventInput" ]
[edit_pcb_component_location_event] Searching for interfaces...
[ "export interface EditPcbComponentLocationEvent" ]
Found interfaces in edit_pcb_component_location_event: [ "export interface EditPcbComponentLocationEvent extends BaseManualEditEvent {\n  edit_event_type: \"edit_pcb_component_location\"\n  /** @deprecated */\n  pcb_edit_event_type: \"edit_component_location\"\n  pcb_component_id: string\n  original_center: { x: number; y: number }\n  new_center: { x: number; y: number }\n}" ]
[edit_pcb_component_location_event] Searching for types...
[ "export type EditPcbComponentLocationEventInput" ]
[edit_pcb_group_location_event] Searching for interfaces...
[ "export interface EditPcbGroupLocationEvent" ]
Found interfaces in edit_pcb_group_location_event: [ "export interface EditPcbGroupLocationEvent extends BaseManualEditEvent {\n  edit_event_type: \"edit_pcb_group_location\"\n  pcb_group_id: string\n  original_center: { x: number; y: number }\n  new_center: { x: number; y: number }\n}" ]
[edit_pcb_group_location_event] Searching for types...
[ "export type EditPcbGroupLocationEventInput" ]
[edit_schematic_component_location_event] Searching for interfaces...
[ "export interface EditSchematicComponentLocationEvent" ]
Found interfaces in edit_schematic_component_location_event: [ "export interface EditSchematicComponentLocationEvent\n  extends BaseManualEditEvent {\n  edit_event_type: \"edit_schematic_component_location\"\n  schematic_component_id: string\n  original_center: { x: number; y: number }\n  new_center: { x: number; y: number }\n}" ]
[edit_schematic_component_location_event] Searching for types...
[ "export type EditSchematicComponentLocationEventInput" ]
[edit_schematic_group_location_event] Searching for interfaces...
[ "export interface EditSchematicGroupLocationEvent" ]
Found interfaces in edit_schematic_group_location_event: [ "export interface EditSchematicGroupLocationEvent extends BaseManualEditEvent {\n  edit_event_type: \"edit_schematic_group_location\"\n  schematic_group_id: string\n  original_center: { x: number; y: number }\n  new_center: { x: number; y: number }\n}" ]
[edit_schematic_group_location_event] Searching for types...
[ "export type EditSchematicGroupLocationEventInput" ]
[edit_trace_hint_event] Searching for interfaces...
[ "export interface EditTraceHintEvent" ]
Found interfaces in edit_trace_hint_event: [ "export interface EditTraceHintEvent extends BaseManualEditEvent {\n  /** @deprecated */\n  pcb_edit_event_type: \"edit_trace_hint\"\n  edit_event_type?: \"edit_pcb_trace_hint\"\n  pcb_port_id: string\n  pcb_trace_hint_id?: string\n  route: Array<{ x: number; y: number; via?: boolean }>\n}" ]
[edit_trace_hint_event] Searching for types...
[ "export type EditTraceHintEventInput" ]
[index] Searching for interfaces...
[]
[index] Searching for types...
[]
[manual_edit_event] Searching for interfaces...
[]
[manual_edit_event] Searching for types...
[ "export type ManualEditEvent", "export type ManualEditEventInput" ]
[manual_edits_file] Searching for interfaces...
[ "export interface ManualEditsFile" ]
Found interfaces in manual_edits_file: [ "export interface ManualEditsFile {\n  pcb_placements?: ManualPcbPlacement[]\n  manual_trace_hints?: ManualTraceHint[]\n  schematic_placements?: ManualSchematicPlacement[]\n}" ]
[manual_edits_file] Searching for types...
[ "export type ManualEditsFileInput" ]
[manual_pcb_placement] Searching for interfaces...
[ "export interface ManualPcbPlacement" ]
Found interfaces in manual_pcb_placement: [ "export interface ManualPcbPlacement {\n  selector: string\n  relative_to: string\n  center: Point\n}" ]
[manual_pcb_placement] Searching for types...
[ "export type ManualPcbPlacementInput" ]
[manual_schematic_placement] Searching for interfaces...
[ "export interface ManualSchematicPlacement" ]
Found interfaces in manual_schematic_placement: [ "export interface ManualSchematicPlacement {\n  selector: string\n  relative_to: string\n  center: Point\n}" ]
[manual_schematic_placement] Searching for types...
[ "export type ManualSchematicPlacementInput" ]
[manual_trace_hint] Searching for interfaces...
[ "export interface ManualTraceHint" ]
Found interfaces in manual_trace_hint: [ "export interface ManualTraceHint {\n  pcb_port_selector: string\n  offsets: Array<RouteHintPoint>\n}" ]
[manual_trace_hint] Searching for types...
[ "export type ManualTraceHintInput" ]
