$ bunx tsc --noEmit
lib/typecheck.ts(1,32): error TS2307: Cannot find module 'ts-expect' or its corresponding type declarations.
tests/analogsimulation.test.ts(6,30): error TS2307: Cannot find module 'expect-type' or its corresponding type declarations.
tests/autoroutingphase.test.ts(2,30): error TS2307: Cannot find module 'expect-type' or its corresponding type declarations.
tests/chip1-basic.test.ts(4,30): error TS2307: Cannot find module 'expect-type' or its corresponding type declarations.
tests/chip2-schematic-port-arrangement.test.ts(5,30): error TS2307: Cannot find module 'expect-type' or its corresponding type declarations.
tests/copper-pour.test.ts(6,30): error TS2307: Cannot find module 'expect-type' or its corresponding type declarations.
tests/crystal.test.ts(2,30): error TS2307: Cannot find module 'expect-type' or its corresponding type declarations.
tests/cutout.test.ts(12,30): error TS2307: Cannot find module 'expect-type' or its corresponding type declarations.
tests/hole.test.ts(2,30): error TS2307: Cannot find module 'expect-type' or its corresponding type declarations.
tests/net.test.ts(3,30): error TS2307: Cannot find module 'expect-type' or its corresponding type declarations.
tests/opamp.test.ts(4,30): error TS2307: Cannot find module 'expect-type' or its corresponding type declarations.
tests/platedhole.test.ts(6,30): error TS2307: Cannot find module 'expect-type' or its corresponding type declarations.
tests/port.test.ts(3,30): error TS2307: Cannot find module 'expect-type' or its corresponding type declarations.
tests/potentiometer.test.ts(6,30): error TS2307: Cannot find module 'expect-type' or its corresponding type declarations.
tests/preflight-routing-check-policy.test.ts(2,30): error TS2307: Cannot find module 'expect-type' or its corresponding type declarations.
tests/resonator.test.ts(6,30): error TS2307: Cannot find module 'expect-type' or its corresponding type declarations.
tests/schematic-box.test.ts(6,30): error TS2307: Cannot find module 'expect-type' or its corresponding type declarations.
tests/schematic-graphic1.test.ts(2,30): error TS2307: Cannot find module 'expect-type' or its corresponding type declarations.
tests/schematic-sheet.test.ts(6,30): error TS2307: Cannot find module 'expect-type' or its corresponding type declarations.
tests/schematic-text.test.ts(6,30): error TS2307: Cannot find module 'expect-type' or its corresponding type declarations.
tests/silkscreen-graphic.test.ts(2,30): error TS2307: Cannot find module 'expect-type' or its corresponding type declarations.
tests/smtpad.test.ts(10,30): error TS2307: Cannot find module 'expect-type' or its corresponding type declarations.
tests/spicemodel.test.tsx(2,30): error TS2307: Cannot find module 'expect-type' or its corresponding type declarations.
tests/stampboard.test.ts(7,30): error TS2307: Cannot find module 'expect-type' or its corresponding type declarations.
tests/symbol.test.ts(3,30): error TS2307: Cannot find module 'expect-type' or its corresponding type declarations.
tests/transistor.test.ts(6,30): error TS2307: Cannot find module 'expect-type' or its corresponding type declarations.
tests/via-tenting.test.ts(2,30): error TS2307: Cannot find module 'expect-type' or its corresponding type declarations.
tests/via.test.ts(3,30): error TS2307: Cannot find module 'expect-type' or its corresponding type declarations.
