bun install v1.3.9 (cf6cdbbb)
Resolving dependencies
Resolved, downloaded and extracted [1332]

+ @biomejs/biome@1.9.4 (v2.5.15 available)
+ @types/bun@1.4.2
+ @types/node@20.19.43 (v26.6.4 available)
+ @types/react@18.3.31 (v19.3.0 available)
+ ava@6.4.1 (v8.0.1 available)
+ circuit-json@0.0.461 (v0.0.515 available)
+ expect-type@1.4.0
+ glob@11.1.0 (v13.0.6 available)
+ madge@8.0.0
+ prettier@3.9.9
+ react@18.3.1 (v19.3.0 available)
+ ts-expect@1.3.0
+ tsup@8.5.1
+ tsx@4.23.15
+ typescript@5.9.3 (v7.0.2 available)
+ zod@3.25.76 (v4.6.5 available)

345 packages installed [4.05s]

Blocked 1 postinstall. Run `bun pm untrusted` for details.
