bun test v1.3.9 (cf6cdbbb)

tests/breakout/breakout-insufficient-fanout-space-error.test.tsx:
trace: `key` is not a prop. Trying to access it will result in `undefined` being returned. If you need to access the same value within the child component, you should pass it as a different prop. (https://react.dev/link/special-props)
(pass) a breakout with too little room reports how to give the fanout space [1182.47ms]

tests/breakout/fanout-breakout-routes-before-global.test.tsx:
122 |   expect(autoroutingPhaseIoStack).toHaveLength(3)
123 |   expect(
124 |     autoroutingPhaseIoStack.map(
125 |       (phaseIo) => phaseIo.startSimpleRouteJson?.connections.length,
126 |     ),
127 |   ).toEqual([5, 4, 4])
          ^
error: expect(received).toEqual(expected)

  [
-   5,
+   4,
    4,
    4,
  ]

- Expected  - 1
+ Received  + 1

      at <anonymous> (/Users/anassarkiz/tsci/tscircuit-store/boards/usb-c-pd-brushed-motor--a7c39d12/tooling/core-manufacturing-A22/tests/breakout/fanout-breakout-routes-before-global.test.tsx:127:5)
(fail) fanout breakout routes signals and plane drops before global routing [166.66ms]

tests/breakout/unrelated-winding-breakout-scopes.test.tsx:
(pass) unrelated automatic breakout cohorts solve independently [741.45ms]

tests/breakout/fanout-dogbone-global-handoff.test.tsx:
(pass) global routing continues from a local dogbone via [374.72ms]

tests/breakout/fanout-saved-trace-paths-via-endpoints.test.tsx:
(pass) saved fanout paths support leading and trailing vias [1085.29ms]

tests/breakout/fanoutpoint-chip-route.test.tsx:
67 |         ),
68 |       ),
69 |     )
70 | 
71 |   expect(traceThroughFanoutPoint).toBeDefined()
72 |   await expect(circuit).toMatchPcbSnapshot(import.meta.path)
                             ^
error: 

Snapshot does not match (diff 0.24%). Diff saved at /Users/anassarkiz/tsci/tscircuit-store/boards/usb-c-pd-brushed-motor--a7c39d12/tooling/core-manufacturing-A22/tests/breakout/__snapshots__/fanoutpoint-chip-route-pcb.diff.png
      at <anonymous> (/Users/anassarkiz/tsci/tscircuit-store/boards/usb-c-pd-brushed-motor--a7c39d12/tooling/core-manufacturing-A22/tests/breakout/fanoutpoint-chip-route.test.tsx:72:25)
(fail) fanout routes a chip pin through a fanoutpoint [452.74ms]

tests/breakout/manualplaced-breakoutpoint.test.tsx:
36 | 
37 |   // Only the manual breakout point — no auto one created
38 |   const breakoutPoints = circuit.db.pcb_breakout_point.list()
39 |   expect(breakoutPoints).toHaveLength(1)
40 | 
41 |   await expect(circuit).toMatchPcbSnapshot(import.meta.path)
                             ^
error: 

Snapshot does not match (diff 0.01%). Diff saved at /Users/anassarkiz/tsci/tscircuit-store/boards/usb-c-pd-brushed-motor--a7c39d12/tooling/core-manufacturing-A22/tests/breakout/__snapshots__/manualplaced-breakoutpoint-pcb.diff.png
      at <anonymous> (/Users/anassarkiz/tsci/tscircuit-store/boards/usb-c-pd-brushed-motor--a7c39d12/tooling/core-manufacturing-A22/tests/breakout/manualplaced-breakoutpoint.test.tsx:41:25)
(fail) autoplaced breakout points skipped when manual breakoutpoint exists [762.45ms]

tests/breakout/dogbone-plane-drop-phase-isolation.test.tsx:
(pass) dogbone routing owns its pad escapes while plane drops remain in the following phase [390.41ms]

tests/breakout/fanout-dogbone-artifact-replay.test.tsx:
(pass) dogbone phase exports editable fanout-local paths including power nets [1625.90ms]

tests/breakout/breakout-padding.test.tsx:
(pass) breakout padding expands pcb_group bounds around child components [198.92ms]

tests/breakout/fanout-margin-placement-error.test.tsx:
(pass) fanout boundaries must maintain fanoutMargin [214.70ms]

tests/breakout/fanout-soic8-sensor-to-i2c-header.test.tsx:
87 |   expect(fanoutPcbGroup).toBeDefined()
88 |   expect(circuit.db.pcb_breakout_point.list().length).toBe(4)
89 |   expect(circuit.db.pcb_trace.list().length).toBeGreaterThanOrEqual(6)
90 |   // Cross-platform routing coordinates shift 2-19 trace/via-edge pixels.
91 |   // Allow at most 24 differing pixels in this 800x600 PCB snapshot.
92 |   await expect(circuit).toMatchPcbSnapshot(import.meta.path, {
                             ^
error: 

Snapshot does not match (diff 2.18%). Diff saved at /Users/anassarkiz/tsci/tscircuit-store/boards/usb-c-pd-brushed-motor--a7c39d12/tooling/core-manufacturing-A22/tests/breakout/__snapshots__/fanout-soic8-sensor-to-i2c-header-pcb.diff.png
      at <anonymous> (/Users/anassarkiz/tsci/tscircuit-store/boards/usb-c-pd-brushed-motor--a7c39d12/tooling/core-manufacturing-A22/tests/breakout/fanout-soic8-sensor-to-i2c-header.test.tsx:92:25)
(fail) fanout routes soic8 sensor support parts to an i2c header without fanoutpoints [1048.65ms]

tests/breakout/manual-breakoutpoints-use-default-autorouter.test.tsx:
(pass) manual breakout points use the default autorouter before global routing [364.13ms]
(pass) an explicit fanout autorouter is preserved with a manual breakout point [9.17ms]
119 |   const breakoutPointId =
120 |     circuit.db.pcb_breakout_point.list()[0]?.pcb_breakout_point_id
121 |   expect(breakoutPointId).toBeDefined()
122 | 
123 |   const [breakoutPhase, parentPhase] = autoroutingPhaseIoStack
124 |   expect(breakoutPhase?.startSimpleRouteJson?.connections).toHaveLength(2)
                                                                 ^
error: expect(received).toHaveLength(expected)

Expected length: 2
Received length: 1

      at <anonymous> (/Users/anassarkiz/tsci/tscircuit-store/boards/usb-c-pd-brushed-motor--a7c39d12/tooling/core-manufacturing-A22/tests/breakout/manual-breakoutpoints-use-default-autorouter.test.tsx:124:60)
(fail) breakout owns nested nets and shares stable boundary point identities with its parent [53.47ms]

tests/breakout/default-breakout-one-point-net.test.tsx:
(pass) parent net routing uses the child breakout point [774.72ms]

tests/breakout/fanout-saved-trace-paths.test.tsx:
(pass) saved fanout paths preserve bends and hand off to global routing [363.82ms]

tests/breakout/dogbone-autorouting-phase.test.tsx:
(pass) dogbone autorouting phase uses SRJ and feeds the following router [234.19ms]

tests/breakout/fanout-dogbone-solver-events.test.tsx:
Each child in a list should have a unique "key" prop.

Check the render method of `footprint`. It was passed a child from AM3352. See https://react.dev/link/warning-keys for more information.
(pass) dogbone solver events can replay and step the AM3352 solve [2237.17ms]

tests/breakout/fanout-dogbone-no-site.test.tsx:
Async effect error in PcbTraceRender "autorouting":
Error: No complete local dogbone assignment within clearance/search limits
    at tick (/Users/anassarkiz/tsci/tscircuit-store/boards/usb-c-pd-brushed-motor--a7c39d12/tooling/core-manufacturing-A22/node_modules/@tscircuit/dogbone-solver/lib/dogbone-autorouter.ts:176:24)
(pass) dogbone failure does not publish partial handoffs [19.02ms]

tests/breakout/breakout-sot23-regulator-power-rail.test.tsx:
85 |   expect(circuit.db.pcb_breakout_point.list().length).toBe(3)
86 |   expect(circuit.db.pcb_trace.list().length).toBeGreaterThanOrEqual(7)
87 |   expect(
88 |     circuit.db.pcb_trace.list().every((trace) => trace.source_trace_id),
89 |   ).toBe(true)
90 |   await expect(circuit).toMatchPcbSnapshot(import.meta.path)
                             ^
error: 

Snapshot does not match (diff 2.64%). Diff saved at /Users/anassarkiz/tsci/tscircuit-store/boards/usb-c-pd-brushed-motor--a7c39d12/tooling/core-manufacturing-A22/tests/breakout/__snapshots__/breakout-sot23-regulator-power-rail-pcb.diff.png
      at <anonymous> (/Users/anassarkiz/tsci/tscircuit-store/boards/usb-c-pd-brushed-motor--a7c39d12/tooling/core-manufacturing-A22/tests/breakout/breakout-sot23-regulator-power-rail.test.tsx:90:25)
(fail) breakout routes sot23 regulator power rail parts without breakoutpoints [1146.87ms]

tests/breakout/fanout-group-schema.test.tsx:
(pass) transparent fanout groups emit valid enclosing-subcircuit associations and optional anchors [207.59ms]

tests/breakout/fanout-overlap-placement-error.test.tsx:
(pass) overlapping fanout boundaries produce a placement error [192.33ms]

tests/breakout/breakout-point-source-trace-ids.test.tsx:
(pass) transparent breakout points use board source trace ids [27.18ms]

tests/breakout/breakout-bga36-decoupling-caps.test.tsx:
88 |     .list()
89 |     .find((sourceGroup) => sourceGroup.is_subcircuit)
90 |   const breakoutPhases = autoroutingPhaseIoStack.filter(
91 |     (phase) => phase.subcircuit_id === boardSourceGroup?.subcircuit_id,
92 |   )
93 |   expect(breakoutPhases).toHaveLength(2)
                              ^
error: expect(received).toHaveLength(expected)

Expected length: 2
Received length: 0

      at <anonymous> (/Users/anassarkiz/tsci/tscircuit-store/boards/usb-c-pd-brushed-motor--a7c39d12/tooling/core-manufacturing-A22/tests/breakout/breakout-bga36-decoupling-caps.test.tsx:93:26)
(fail) breakout defaults to fanout for a 6x6 BGA surrounded by four 0603 decoupling caps [38.93ms]

tests/breakout/breakout-arduino-uno.test.tsx:
(skip) breakout routes Arduino Uno ATmega pins to board headers

tests/breakout/manual-breakoutpoints-preserve-plane-fanout.test.tsx:
(pass) manual breakout points preserve fanout for automatic plane drops [479.08ms]

tests/breakout/custom-implicit-breakout-point-solver.test.tsx:
(pass) uses a custom implicit breakout point solver when provided [470.99ms]

tests/breakout/autoplaced-breakoutpoints1.test.tsx:
35 |   // R1.pin1 crosses the boundary — should have exactly 1 auto-placed breakout point
36 |   const breakoutPoints = circuit.db.pcb_breakout_point.list()
37 |   expect(breakoutPoints).toHaveLength(1)
38 |   expect(breakoutPoints[0].source_port_id).toBeDefined()
39 | 
40 |   await expect(circuit).toMatchPcbSnapshot(import.meta.path)
                             ^
error: 

Snapshot does not match (diff 0.01%). Diff saved at /Users/anassarkiz/tsci/tscircuit-store/boards/usb-c-pd-brushed-motor--a7c39d12/tooling/core-manufacturing-A22/tests/breakout/__snapshots__/autoplaced-breakoutpoints1-pcb.diff.png
      at <anonymous> (/Users/anassarkiz/tsci/tscircuit-store/boards/usb-c-pd-brushed-motor--a7c39d12/tooling/core-manufacturing-A22/tests/breakout/autoplaced-breakoutpoints1.test.tsx:40:25)
(fail) autoplaced breakout points created for cross-boundary traces [714.37ms]

tests/breakout/breakout-qfp16-with-header-and-passives.test.tsx:
163 |   expect(breakoutPcbGroup).toBeDefined()
164 |   expect(circuit.db.pcb_breakout_point.list().length).toBe(5)
165 |   expect(autoroutingPhaseIoStack.length).toBeGreaterThanOrEqual(2)
166 |   expect(circuit.db.pcb_trace.list().length).toBeGreaterThanOrEqual(6)
167 |   expect(circuit.db.pcb_via.list().length).toBeLessThanOrEqual(6)
168 |   await expect(circuit).toMatchPcbSnapshot(import.meta.path)
                              ^
error: 

Snapshot does not match (diff 0.14%). Diff saved at /Users/anassarkiz/tsci/tscircuit-store/boards/usb-c-pd-brushed-motor--a7c39d12/tooling/core-manufacturing-A22/tests/breakout/__snapshots__/breakout-qfp16-with-header-and-passives-pcb.diff.png
      at <anonymous> (/Users/anassarkiz/tsci/tscircuit-store/boards/usb-c-pd-brushed-motor--a7c39d12/tooling/core-manufacturing-A22/tests/breakout/breakout-qfp16-with-header-and-passives.test.tsx:168:25)
(fail) breakout routes qfp16 controller pins to header and passives with auto breakout points [948.87ms]

tests/breakout/overlapping-fanout-regions-error.test.tsx:
Async effect error in PcbTraceRender "autorouting":
Error: Fanout regions "LEFT_FANOUT" and "RIGHT_FANOUT" overlap by 2.300mm, but at least 0.700mm of separation is required for a via-safe routing channel. Move the components farther apart or reduce their facing fanout padding.
    at _runLocalAutorouting (/Users/anassarkiz/tsci/tscircuit-store/boards/usb-c-pd-brushed-motor--a7c39d12/tooling/core-manufacturing-A22/lib/components/primitive-components/Group/Group.ts:1296:17)
    at <anonymous> (/Users/anassarkiz/tsci/tscircuit-store/boards/usb-c-pd-brushed-motor--a7c39d12/tooling/core-manufacturing-A22/lib/components/primitive-components/Group/Group.ts:2073:14)
    at _queueAsyncEffect (/Users/anassarkiz/tsci/tscircuit-store/boards/usb-c-pd-brushed-motor--a7c39d12/tooling/core-manufacturing-A22/lib/components/base-components/Renderable.ts:317:16)
    at _startAsyncAutorouting (/Users/anassarkiz/tsci/tscircuit-store/boards/usb-c-pd-brushed-motor--a7c39d12/tooling/core-manufacturing-A22/lib/components/primitive-components/Group/Group.ts:2072:12)
    at doInitialPcbTraceRender (/Users/anassarkiz/tsci/tscircuit-store/boards/usb-c-pd-brushed-motor--a7c39d12/tooling/core-manufacturing-A22/lib/components/primitive-components/Group/Group.ts:2121:10)
    at runRenderPhase (/Users/anassarkiz/tsci/tscircuit-store/boards/usb-c-pd-brushed-motor--a7c39d12/tooling/core-manufacturing-A22/lib/components/base-components/Renderable.ts:526:34)
    at runRenderCycle (/Users/anassarkiz/tsci/tscircuit-store/boards/usb-c-pd-brushed-motor--a7c39d12/tooling/core-manufacturing-A22/lib/components/base-components/Renderable.ts:463:12)
    at render (/Users/anassarkiz/tsci/tscircuit-store/boards/usb-c-pd-brushed-motor--a7c39d12/tooling/core-manufacturing-A22/lib/IsolatedCircuit.ts:211:16)
    at renderUntilSettled (/Users/anassarkiz/tsci/tscircuit-store/boards/usb-c-pd-brushed-motor--a7c39d12/tooling/core-manufacturing-A22/lib/IsolatedCircuit.ts:244:14)
    at async <anonymous> (/Users/anassarkiz/tsci/tscircuit-store/boards/usb-c-pd-brushed-motor--a7c39d12/tooling/core-manufacturing-A22/tests/breakout/overlapping-fanout-regions-error.test.tsx:49:17)
    at processTicksAndRejections (native:7:39)
(pass) overlapping fanout regions fail before either solver starts [10.31ms]

tests/breakout/fanout-am3352-dogbones.test.tsx:
(pass) dogbone fanout escapes AM3352 power, ground and signal pads locally [1633.75ms]

tests/breakout/fanout-dogbone-transforms.test.tsx:
(pass) dogbone handoffs follow emitted pads on both sides at each right angle [1403.68ms]

tests/breakout/fanout-saved-trace-paths-validation.test.tsx:
Async effect error in PcbTraceRender "autorouting":
Error: Saved fanout path "U1.1" must start at its PCB port on an available layer
    at <anonymous> (/Users/anassarkiz/tsci/tscircuit-store/boards/usb-c-pd-brushed-motor--a7c39d12/tooling/core-manufacturing-A22/lib/components/primitive-components/Breakout/get-saved-fanout-traces.ts:80:19)
    at map (native:1:11)
    at getSavedFanoutTraces (/Users/anassarkiz/tsci/tscircuit-store/boards/usb-c-pd-brushed-motor--a7c39d12/tooling/core-manufacturing-A22/lib/components/primitive-components/Breakout/get-saved-fanout-traces.ts:31:62)
    at getPrecomputedRoutingResult (/Users/anassarkiz/tsci/tscircuit-store/boards/usb-c-pd-brushed-motor--a7c39d12/tooling/core-manufacturing-A22/lib/components/primitive-components/Group/Group_getRoutingPhasePlans.ts:510:19)
    at _runLocalAutorouting (/Users/anassarkiz/tsci/tscircuit-store/boards/usb-c-pd-brushed-motor--a7c39d12/tooling/core-manufacturing-A22/lib/components/primitive-components/Group/Group.ts:1754:26)
    at <anonymous> (/Users/anassarkiz/tsci/tscircuit-store/boards/usb-c-pd-brushed-motor--a7c39d12/tooling/core-manufacturing-A22/lib/components/primitive-components/Group/Group.ts:2073:14)
    at _queueAsyncEffect (/Users/anassarkiz/tsci/tscircuit-store/boards/usb-c-pd-brushed-motor--a7c39d12/tooling/core-manufacturing-A22/lib/components/base-components/Renderable.ts:317:16)
    at _startAsyncAutorouting (/Users/anassarkiz/tsci/tscircuit-store/boards/usb-c-pd-brushed-motor--a7c39d12/tooling/core-manufacturing-A22/lib/components/primitive-components/Group/Group.ts:2072:12)
    at doInitialPcbTraceRender (/Users/anassarkiz/tsci/tscircuit-store/boards/usb-c-pd-brushed-motor--a7c39d12/tooling/core-manufacturing-A22/lib/components/primitive-components/Group/Group.ts:2121:10)
    at runRenderPhase (/Users/anassarkiz/tsci/tscircuit-store/boards/usb-c-pd-brushed-motor--a7c39d12/tooling/core-manufacturing-A22/lib/components/base-components/Renderable.ts:526:34)
    at runRenderCycle (/Users/anassarkiz/tsci/tscircuit-store/boards/usb-c-pd-brushed-motor--a7c39d12/tooling/core-manufacturing-A22/lib/components/base-components/Renderable.ts:463:12)
    at render (/Users/anassarkiz/tsci/tscircuit-store/boards/usb-c-pd-brushed-motor--a7c39d12/tooling/core-manufacturing-A22/lib/IsolatedCircuit.ts:211:16)
    at renderUntilSettled (/Users/anassarkiz/tsci/tscircuit-store/boards/usb-c-pd-brushed-motor--a7c39d12/tooling/core-manufacturing-A22/lib/IsolatedCircuit.ts:244:14)
    at async <anonymous> (/Users/anassarkiz/tsci/tscircuit-store/boards/usb-c-pd-brushed-motor--a7c39d12/tooling/core-manufacturing-A22/tests/breakout/fanout-saved-trace-paths-validation.test.tsx:90:19)
    at processTicksAndRejections (native:7:39)
Async effect error in PcbTraceRender "autorouting":
Error: Saved fanout path "U1.1" uses a layer unavailable on this board
    at <anonymous> (/Users/anassarkiz/tsci/tscircuit-store/boards/usb-c-pd-brushed-motor--a7c39d12/tooling/core-manufacturing-A22/lib/components/primitive-components/Breakout/get-saved-fanout-traces.ts:39:21)
    at map (native:1:11)
    at getSavedFanoutTraces (/Users/anassarkiz/tsci/tscircuit-store/boards/usb-c-pd-brushed-motor--a7c39d12/tooling/core-manufacturing-A22/lib/components/primitive-components/Breakout/get-saved-fanout-traces.ts:31:62)
    at getPrecomputedRoutingResult (/Users/anassarkiz/tsci/tscircuit-store/boards/usb-c-pd-brushed-motor--a7c39d12/tooling/core-manufacturing-A22/lib/components/primitive-components/Group/Group_getRoutingPhasePlans.ts:510:19)
    at _runLocalAutorouting (/Users/anassarkiz/tsci/tscircuit-store/boards/usb-c-pd-brushed-motor--a7c39d12/tooling/core-manufacturing-A22/lib/components/primitive-components/Group/Group.ts:1754:26)
    at <anonymous> (/Users/anassarkiz/tsci/tscircuit-store/boards/usb-c-pd-brushed-motor--a7c39d12/tooling/core-manufacturing-A22/lib/components/primitive-components/Group/Group.ts:2073:14)
    at _queueAsyncEffect (/Users/anassarkiz/tsci/tscircuit-store/boards/usb-c-pd-brushed-motor--a7c39d12/tooling/core-manufacturing-A22/lib/components/base-components/Renderable.ts:317:16)
    at _startAsyncAutorouting (/Users/anassarkiz/tsci/tscircuit-store/boards/usb-c-pd-brushed-motor--a7c39d12/tooling/core-manufacturing-A22/lib/components/primitive-components/Group/Group.ts:2072:12)
    at doInitialPcbTraceRender (/Users/anassarkiz/tsci/tscircuit-store/boards/usb-c-pd-brushed-motor--a7c39d12/tooling/core-manufacturing-A22/lib/components/primitive-components/Group/Group.ts:2121:10)
    at runRenderPhase (/Users/anassarkiz/tsci/tscircuit-store/boards/usb-c-pd-brushed-motor--a7c39d12/tooling/core-manufacturing-A22/lib/components/base-components/Renderable.ts:526:34)
    at runRenderCycle (/Users/anassarkiz/tsci/tscircuit-store/boards/usb-c-pd-brushed-motor--a7c39d12/tooling/core-manufacturing-A22/lib/components/base-components/Renderable.ts:463:12)
    at render (/Users/anassarkiz/tsci/tscircuit-store/boards/usb-c-pd-brushed-motor--a7c39d12/tooling/core-manufacturing-A22/lib/IsolatedCircuit.ts:211:16)
    at renderUntilSettled (/Users/anassarkiz/tsci/tscircuit-store/boards/usb-c-pd-brushed-motor--a7c39d12/tooling/core-manufacturing-A22/lib/IsolatedCircuit.ts:244:14)
    at async <anonymous> (/Users/anassarkiz/tsci/tscircuit-store/boards/usb-c-pd-brushed-motor--a7c39d12/tooling/core-manufacturing-A22/tests/breakout/fanout-saved-trace-paths-validation.test.tsx:90:19)
    at processTicksAndRejections (native:7:39)
Async effect error in PcbTraceRender "autorouting":
Error: pcbTracePaths must cover every fanout connection; missing: breakout:pcb_breakout_point_0
    at getSavedFanoutTraces (/Users/anassarkiz/tsci/tscircuit-store/boards/usb-c-pd-brushed-motor--a7c39d12/tooling/core-manufacturing-A22/lib/components/primitive-components/Breakout/get-saved-fanout-traces.ts:181:15)
    at getPrecomputedRoutingResult (/Users/anassarkiz/tsci/tscircuit-store/boards/usb-c-pd-brushed-motor--a7c39d12/tooling/core-manufacturing-A22/lib/components/primitive-components/Group/Group_getRoutingPhasePlans.ts:510:19)
    at _runLocalAutorouting (/Users/anassarkiz/tsci/tscircuit-store/boards/usb-c-pd-brushed-motor--a7c39d12/tooling/core-manufacturing-A22/lib/components/primitive-components/Group/Group.ts:1754:26)
    at <anonymous> (/Users/anassarkiz/tsci/tscircuit-store/boards/usb-c-pd-brushed-motor--a7c39d12/tooling/core-manufacturing-A22/lib/components/primitive-components/Group/Group.ts:2073:14)
    at _queueAsyncEffect (/Users/anassarkiz/tsci/tscircuit-store/boards/usb-c-pd-brushed-motor--a7c39d12/tooling/core-manufacturing-A22/lib/components/base-components/Renderable.ts:317:16)
    at _startAsyncAutorouting (/Users/anassarkiz/tsci/tscircuit-store/boards/usb-c-pd-brushed-motor--a7c39d12/tooling/core-manufacturing-A22/lib/components/primitive-components/Group/Group.ts:2072:12)
    at doInitialPcbTraceRender (/Users/anassarkiz/tsci/tscircuit-store/boards/usb-c-pd-brushed-motor--a7c39d12/tooling/core-manufacturing-A22/lib/components/primitive-components/Group/Group.ts:2121:10)
    at runRenderPhase (/Users/anassarkiz/tsci/tscircuit-store/boards/usb-c-pd-brushed-motor--a7c39d12/tooling/core-manufacturing-A22/lib/components/base-components/Renderable.ts:526:34)
    at runRenderCycle (/Users/anassarkiz/tsci/tscircuit-store/boards/usb-c-pd-brushed-motor--a7c39d12/tooling/core-manufacturing-A22/lib/components/base-components/Renderable.ts:463:12)
    at render (/Users/anassarkiz/tsci/tscircuit-store/boards/usb-c-pd-brushed-motor--a7c39d12/tooling/core-manufacturing-A22/lib/IsolatedCircuit.ts:211:16)
    at renderUntilSettled (/Users/anassarkiz/tsci/tscircuit-store/boards/usb-c-pd-brushed-motor--a7c39d12/tooling/core-manufacturing-A22/lib/IsolatedCircuit.ts:244:14)
    at async <anonymous> (/Users/anassarkiz/tsci/tscircuit-store/boards/usb-c-pd-brushed-motor--a7c39d12/tooling/core-manufacturing-A22/tests/breakout/fanout-saved-trace-paths-validation.test.tsx:90:19)
    at processTicksAndRejections (native:7:39)
Async effect error in PcbTraceRender "autorouting":
Error: Saved fanout path "U1.1" starts with a via at a pad; enable allowViaInPad
    at <anonymous> (/Users/anassarkiz/tsci/tscircuit-store/boards/usb-c-pd-brushed-motor--a7c39d12/tooling/core-manufacturing-A22/lib/components/primitive-components/Breakout/get-saved-fanout-traces.ts:85:19)
    at map (native:1:11)
    at getSavedFanoutTraces (/Users/anassarkiz/tsci/tscircuit-store/boards/usb-c-pd-brushed-motor--a7c39d12/tooling/core-manufacturing-A22/lib/components/primitive-components/Breakout/get-saved-fanout-traces.ts:31:62)
    at getPrecomputedRoutingResult (/Users/anassarkiz/tsci/tscircuit-store/boards/usb-c-pd-brushed-motor--a7c39d12/tooling/core-manufacturing-A22/lib/components/primitive-components/Group/Group_getRoutingPhasePlans.ts:510:19)
    at _runLocalAutorouting (/Users/anassarkiz/tsci/tscircuit-store/boards/usb-c-pd-brushed-motor--a7c39d12/tooling/core-manufacturing-A22/lib/components/primitive-components/Group/Group.ts:1754:26)
    at <anonymous> (/Users/anassarkiz/tsci/tscircuit-store/boards/usb-c-pd-brushed-motor--a7c39d12/tooling/core-manufacturing-A22/lib/components/primitive-components/Group/Group.ts:2073:14)
    at _queueAsyncEffect (/Users/anassarkiz/tsci/tscircuit-store/boards/usb-c-pd-brushed-motor--a7c39d12/tooling/core-manufacturing-A22/lib/components/base-components/Renderable.ts:317:16)
    at _startAsyncAutorouting (/Users/anassarkiz/tsci/tscircuit-store/boards/usb-c-pd-brushed-motor--a7c39d12/tooling/core-manufacturing-A22/lib/components/primitive-components/Group/Group.ts:2072:12)
    at doInitialPcbTraceRender (/Users/anassarkiz/tsci/tscircuit-store/boards/usb-c-pd-brushed-motor--a7c39d12/tooling/core-manufacturing-A22/lib/components/primitive-components/Group/Group.ts:2121:10)
    at runRenderPhase (/Users/anassarkiz/tsci/tscircuit-store/boards/usb-c-pd-brushed-motor--a7c39d12/tooling/core-manufacturing-A22/lib/components/base-components/Renderable.ts:526:34)
    at runRenderCycle (/Users/anassarkiz/tsci/tscircuit-store/boards/usb-c-pd-brushed-motor--a7c39d12/tooling/core-manufacturing-A22/lib/components/base-components/Renderable.ts:463:12)
    at render (/Users/anassarkiz/tsci/tscircuit-store/boards/usb-c-pd-brushed-motor--a7c39d12/tooling/core-manufacturing-A22/lib/IsolatedCircuit.ts:211:16)
    at renderUntilSettled (/Users/anassarkiz/tsci/tscircuit-store/boards/usb-c-pd-brushed-motor--a7c39d12/tooling/core-manufacturing-A22/lib/IsolatedCircuit.ts:244:14)
    at async <anonymous> (/Users/anassarkiz/tsci/tscircuit-store/boards/usb-c-pd-brushed-motor--a7c39d12/tooling/core-manufacturing-A22/tests/breakout/fanout-saved-trace-paths-validation.test.tsx:90:19)
    at processTicksAndRejections (native:7:39)
(pass) saved fanout paths reject invalid layers, anchors, and incomplete coverage [28.02ms]

tests/breakout/fanout-custom-symbol-port-alias.test.tsx:
(pass) fanout resolves imported-style symbol aliases after source ports and traces exist [198.23ms]

tests/breakout/breakout-rp2040-with-passives.test.tsx:
(skip) breakout routes rp2040 pins to nearby capacitors and resistors

tests/breakout/breakoutpoint-route.test.tsx:
62 |       error.message.includes("missing a connection"),
63 |     ),
64 |   ).toHaveLength(0)
65 |   expect(clearanceErrors).toHaveLength(0)
66 |   expect(clearanceErrors[0]?.message).not.toInclude("too close")
67 |   expect(circuit).toMatchPcbSnapshot(import.meta.path)
                       ^
error: 

Snapshot does not match (diff 0.01%). Diff saved at /Users/anassarkiz/tsci/tscircuit-store/boards/usb-c-pd-brushed-motor--a7c39d12/tooling/core-manufacturing-A22/tests/breakout/__snapshots__/breakoutpoint-route-pcb.diff.png
      at <anonymous> (/Users/anassarkiz/tsci/tscircuit-store/boards/usb-c-pd-brushed-motor--a7c39d12/tooling/core-manufacturing-A22/tests/breakout/breakoutpoint-route.test.tsx:67:19)
(fail) autorouter uses breakout point [412.01ms]

tests/breakout/fanout-saved-trace-paths-transforms.test.tsx:
(pass) saved fanout routes follow placement and preserve physical via layers [2646.11ms]

tests/breakout/breakoutpoint-target-layer.test.tsx:
(pass) explicit breakout target layers survive both escape and global routing [454.20ms]

2 tests skipped:
(skip) breakout routes Arduino Uno ATmega pins to board headers
(skip) breakout routes rp2040 pins to nearby capacitors and resistors


10 tests failed:
(fail) fanout breakout routes signals and plane drops before global routing [166.66ms]
(fail) fanout routes a chip pin through a fanoutpoint [452.74ms]
(fail) autoplaced breakout points skipped when manual breakoutpoint exists [762.45ms]
(fail) fanout routes soic8 sensor support parts to an i2c header without fanoutpoints [1048.65ms]
(fail) breakout owns nested nets and shares stable boundary point identities with its parent [53.47ms]
(fail) breakout routes sot23 regulator power rail parts without breakoutpoints [1146.87ms]
(fail) breakout defaults to fanout for a 6x6 BGA surrounded by four 0603 decoupling caps [38.93ms]
(fail) autoplaced breakout points created for cross-boundary traces [714.37ms]
(fail) breakout routes qfp16 controller pins to header and passives with auto breakout points [948.87ms]
(fail) autorouter uses breakout point [412.01ms]

 27 pass
 2 skip
 10 fail
 1803 expect() calls
Ran 39 tests across 37 files. [24.21s]
