npm notice
npm notice 📦  @tscircuit/props@0.0.683
npm notice Tarball Contents
npm notice 1.1kB LICENSE
npm notice 90.4kB README.md
npm notice 11.1MB dist/index.d.ts
npm notice 1.1MB dist/index.js
npm notice 1.6MB dist/index.js.map
npm notice 355B lib/assembly/cadassembly.ts
npm notice 1.0kB lib/assembly/device.ts
npm notice 604B lib/assembly/index.ts
npm notice 2.0kB lib/assembly/motor.ts
npm notice 3.4kB lib/assembly/screen.ts
npm notice 2.0kB lib/assembly/subassembly.ts
npm notice 69B lib/common/autocomplete.ts
npm notice 4.8kB lib/common/cadModel.ts
npm notice 1.0kB lib/common/commonShape.ts
npm notice 292B lib/common/connectionsProp.ts
npm notice 573B lib/common/direction.ts
npm notice 295B lib/common/distance.ts
npm notice 992B lib/common/fanoutBoundaryPadding.ts
npm notice 4.4kB lib/common/fanoutProps.ts
npm notice 3.1kB lib/common/fanoutTracePath.ts
npm notice 122B lib/common/fivePointAnchor.ts
npm notice 1.5kB lib/common/footprintProp.ts
npm notice 2.2kB lib/common/implicitBreakoutPointSolver.ts
npm notice 4.9kB lib/common/kicadFootprintMetadata.ts
npm notice 1.3kB lib/common/kicadPinMetadata.ts
npm notice 3.4kB lib/common/kicadSymbolMetadata.ts
npm notice 10.9kB lib/common/layout.ts
npm notice 277B lib/common/ninePointAnchor.ts
npm notice 375B lib/common/pcbOrientation.ts
npm notice 1.2kB lib/common/pcbPath.ts
npm notice 952B lib/common/pcbStyle.ts
npm notice 963B lib/common/pcbSx.ts
npm notice 3.9kB lib/common/pinAttributeMap.ts
npm notice 194B lib/common/point.ts
npm notice 146B lib/common/point3.ts
npm notice 240B lib/common/portHints.ts
npm notice 1.0kB lib/common/resolveManufacturerPartNumber.ts
npm notice 708B lib/common/schematicOrientation.ts
npm notice 3.2kB lib/common/schematicPinDefinitions.ts
npm notice 253B lib/common/schematicPinLabel.ts
npm notice 1.0kB lib/common/schematicPinStyle.ts
npm notice 324B lib/common/schematicSize.ts
npm notice 519B lib/common/schStyle.ts
npm notice 251B lib/common/symbolProp.ts
npm notice 266B lib/common/url.ts
npm notice 1.6kB lib/components/ammeter.ts
npm notice 2.8kB lib/components/analogacsweepsimulation.ts
npm notice 510B lib/components/analogdcoperatingpointsimulation.ts
npm notice 1.6kB lib/components/analogdcsweepsimulation.ts
npm notice 2.3kB lib/components/analogsimulation.ts
npm notice 6.3kB lib/components/analogsweepparameter.ts
npm notice 1.5kB lib/components/analogtransientsimulation.ts
npm notice 2.0kB lib/components/antenna.ts
npm notice 3.6kB lib/components/autoroutingphase.ts
npm notice 1.7kB lib/components/battery.ts
npm notice 10.5kB lib/components/board.ts
npm notice 2.8kB lib/components/breakout.ts
npm notice 865B lib/components/breakoutpoint.ts
npm notice 1.9kB lib/components/bus.ts
npm notice 1.0kB lib/components/cadassembly.ts
npm notice 1.3kB lib/components/cadmodel.ts
npm notice 2.0kB lib/components/capacitor.ts
npm notice 6.8kB lib/components/chip.ts
npm notice 854B lib/components/connector.ts
npm notice 497B lib/components/constrainedlayout.ts
npm notice 3.5kB lib/components/constraint.ts
npm notice 2.6kB lib/components/copper-pour.ts
npm notice 570B lib/components/copper-text.ts
npm notice 308B lib/components/courtyard-circle.ts
npm notice 691B lib/components/courtyard-outline.ts
npm notice 345B lib/components/courtyard-pill.ts
npm notice 467B lib/components/courtyard-rect.ts
npm notice 1.6kB lib/components/crystal.ts
npm notice 2.2kB lib/components/currentsource.ts
npm notice 1.9kB lib/components/cutout.ts
npm notice 1.6kB lib/components/differentialpair.ts
npm notice 4.2kB lib/components/diode.ts
npm notice 450B lib/components/drc-check.ts
npm notice 2.3kB lib/components/fabrication-note-dimension.ts
npm notice 604B lib/components/fabrication-note-path.ts
npm notice 574B lib/components/fabrication-note-rect.ts
npm notice 958B lib/components/fabrication-note-text.ts
npm notice 597B lib/components/fiducial.ts
npm notice 5.1kB lib/components/footprint.ts
npm notice 1.5kB lib/components/fuse.ts
npm notice 25.1kB lib/components/group.ts
npm notice 2.4kB lib/components/hole.ts
npm notice 1.2kB lib/components/inductor.ts
npm notice 1.2kB lib/components/interconnect.ts
npm notice 479B lib/components/internal-circuit.ts
npm notice 2.6kB lib/components/jumper.ts
npm notice 1.6kB lib/components/led.ts
npm notice 1.6kB lib/components/mosfet.ts
npm notice 1.7kB lib/components/mountedboard.ts
npm notice 820B lib/components/net.ts
npm notice 857B lib/components/netalias.ts
npm notice 1.1kB lib/components/netlabel.ts
npm notice 1.2kB lib/components/opamp.ts
npm notice 2.4kB lib/components/panel.ts
npm notice 1.9kB lib/components/pcb-bend.ts
npm notice 1.9kB lib/components/pcb-keepout.ts
npm notice 2.2kB lib/components/pcb-note-dimension.ts
npm notice 1.2kB lib/components/pcb-note-line.ts
npm notice 1.1kB lib/components/pcb-note-path.ts
npm notice 988B lib/components/pcb-note-rect.ts
npm notice 900B lib/components/pcb-note-text.ts
npm notice 2.0kB lib/components/pcb-soldermask-opening.ts
npm notice 1.9kB lib/components/pcb-stiffener.ts
npm notice 286B lib/components/pcb-trace.ts
npm notice 5.5kB lib/components/pin-header.ts
npm notice 441B lib/components/pinout.ts
npm notice 9.4kB lib/components/platedhole.ts
npm notice 1.1kB lib/components/port.ts
npm notice 1.2kB lib/components/potentiometer.ts
npm notice 266B lib/components/power-source.ts
npm notice 360B lib/components/push-button.ts
npm notice 2.7kB lib/components/resistor.ts
npm notice 789B lib/components/resonator.ts
npm notice 996B lib/components/schematic-arc.ts
npm notice 2.9kB lib/components/schematic-box.ts
npm notice 835B lib/components/schematic-cell.ts
npm notice 865B lib/components/schematic-circle.ts
npm notice 2.0kB lib/components/schematic-graphic.ts
npm notice 830B lib/components/schematic-line.ts
npm notice 937B lib/components/schematic-path.ts
npm notice 965B lib/components/schematic-rect.ts
npm notice 386B lib/components/schematic-row.ts
npm notice 569B lib/components/schematic-section.ts
npm notice 1.2kB lib/components/schematic-sheet.ts
npm notice 2.1kB lib/components/schematic-symbol.ts
npm notice 784B lib/components/schematic-table.ts
npm notice 1.0kB lib/components/schematic-text.ts
npm notice 427B lib/components/silkscreen-circle.ts
npm notice 1.8kB lib/components/silkscreen-graphic.ts
npm notice 471B lib/components/silkscreen-line.ts
npm notice 555B lib/components/silkscreen-path.ts
npm notice 514B lib/components/silkscreen-rect.ts
npm notice 824B lib/components/silkscreen-text.ts
npm notice 6.8kB lib/components/smtpad.ts
npm notice 655B lib/components/solderjumper.ts
npm notice 1.4kB lib/components/solderpaste.ts
npm notice 432B lib/components/spicemodel.ts
npm notice 1.1kB lib/components/stampboard.ts
npm notice 411B lib/components/subcircuit.ts
npm notice 343B lib/components/subpanel.ts
npm notice 2.9kB lib/components/switch.ts
npm notice 1.1kB lib/components/symbol.ts
npm notice 2.0kB lib/components/testpoint.ts
npm notice 341B lib/components/toolingrail.ts
npm notice 720B lib/components/trace-hint.ts
npm notice 2.0kB lib/components/trace.ts
npm notice 1.3kB lib/components/transistor.ts
npm notice 1.5kB lib/components/via.ts
npm notice 971B lib/components/voltageprobe.ts
npm notice 2.5kB lib/components/voltagesource.ts
npm notice 2.0kB lib/customDrc.ts
npm notice 4.9kB lib/enclosure/cutout-aperture.ts
npm notice 2.7kB lib/enclosure/fdm/box.ts
npm notice 22B lib/enclosure/fdm/index.ts
npm notice 308B lib/enclosure/index.ts
npm notice 1.5kB lib/generated/footprinter-autocomplete.ts
npm notice 35.9kB lib/generated/jlcpcb-autocomplete.ts
npm notice 967.8kB lib/generated/kicad-autocomplete.ts
npm notice 273B lib/generated/kicad-footprint-strings.ts
npm notice 6.2kB lib/index.ts
npm notice 229B lib/manual-edits/index.ts
npm notice 981B lib/manual-edits/manual_edit_event.ts
npm notice 967B lib/manual-edits/manual_edits_file.ts
npm notice 661B lib/manual-edits/manual_pcb_placement.ts
npm notice 722B lib/manual-edits/manual_schematic_placement.ts
npm notice 517B lib/manual-edits/manual_trace_hint.ts
npm notice 500B lib/manual-edits/manual-edit-events/base_manual_edit_event.ts
npm notice 1.2kB lib/manual-edits/manual-edit-events/edit_pcb_component_location_event.ts
npm notice 884B lib/manual-edits/manual-edit-events/edit_pcb_group_location_event.ts
npm notice 998B lib/manual-edits/manual-edit-events/edit_schematic_component_location_event.ts
npm notice 956B lib/manual-edits/manual-edit-events/edit_schematic_group_location_event.ts
npm notice 999B lib/manual-edits/manual-edit-events/edit_trace_hint_event.ts
npm notice 293B lib/manual-edits/manual-edit-events/index.ts
npm notice 10.6kB lib/platformConfig.ts
npm notice 984B lib/projectConfig.ts
npm notice 1.2kB lib/typecheck.ts
npm notice 2.0kB lib/utility-types/connections-and-selectors.ts
npm notice 1.5kB package.json
npm notice Tarball Details
npm notice name: @tscircuit/props
npm notice version: 0.0.683
npm notice filename: tscircuit-props-0.0.683.tgz
npm notice package size: 937.6 kB
npm notice unpacked size: 15.3 MB
npm notice shasum: cd0b355b197b0c1db33ce5de63e8f429ed4b9822
npm notice integrity: sha512-QnN9ZmtSHTwip[...]qDVQmmyXbdtMw==
npm notice total files: 183
npm notice
tscircuit-props-0.0.683.tgz
