bun test v1.3.9 (cf6cdbbb)

tests/features/autoroutingphase-saved-complete-fanout-paths.test.tsx:
(pass) a complete saved fanout path with a pad via needs no follow-up routing [242.39ms]

tests/features/autorouter-fanout-plane-termination.test.tsx:
(pass) fanout drops source-only power and ground connections to internal planes [158.63ms]
(pass) fanout infers plane nets from copper pours [25.18ms]

tests/breakout/fanout-dogbone-global-handoff.test.tsx:
(pass) global routing continues from a local dogbone via [364.48ms]

tests/breakout/dogbone-plane-drop-phase-isolation.test.tsx:
(pass) dogbone routing owns its pad escapes while plane drops remain in the following phase [65.21ms]

tests/breakout/fanout-dogbone-no-site.test.tsx:
Async effect error in PcbTraceRender "autorouting":
Error: No complete local dogbone assignment within clearance/search limits
    at tick (/Users/anassarkiz/tsci/tscircuit-store/boards/usb-c-pd-brushed-motor--a7c39d12/tooling/core-manufacturing-A22/node_modules/@tscircuit/dogbone-solver/lib/dogbone-autorouter.ts:176:24)
(pass) dogbone failure does not publish partial handoffs [17.77ms]

tests/breakout/manual-breakoutpoints-preserve-plane-fanout.test.tsx:
(pass) manual breakout points preserve fanout for automatic plane drops [492.00ms]

 7 pass
 0 fail
 65 expect() calls
Ran 7 tests across 6 files. [1.93s]
