bun test v1.3.9 (cf6cdbbb)

tests/features/autoroutingphase-event-error-index.test.tsx:
Async effect error in PcbTraceRender "autorouting":
Error: test routing failure
    at <anonymous> (/Users/anassarkiz/tsci/tscircuit-store/boards/usb-c-pd-brushed-motor--a7c39d12/tooling/core-manufacturing-A22/tests/features/autoroutingphase-event-error-index.test.tsx:17:21)
    at start (/Users/anassarkiz/tsci/tscircuit-store/boards/usb-c-pd-brushed-motor--a7c39d12/tooling/core-manufacturing-A22/tests/fixtures/createBasicAutorouter.ts:42:32)
    at _runLocalAutorouting (/Users/anassarkiz/tsci/tscircuit-store/boards/usb-c-pd-brushed-motor--a7c39d12/tooling/core-manufacturing-A22/lib/components/primitive-components/Group/Group.ts:1832:28)
    at processTicksAndRejections (native:7:39)
(pass) failed routing preserves declared phase identity and execution order [65.23ms]

tests/features/autoroutingphase-emitted-paths-fanout.test.tsx:
(pass) emitted fanout paths preserve escaped copper and allow follow-up routing [519.99ms]

tests/features/autoroutingphase-saved-complete-fanout-paths.test.tsx:
(pass) a complete saved fanout path with a pad via needs no follow-up routing [193.43ms]

tests/features/autoroutingphase-saved-paths-transforms.test.tsx:
(pass) saved phase paths follow enclosing group placement on both PCB layers [1467.24ms]

tests/features/autoroutingphase-emitted-paths-unavailable.test.tsx:
(pass) unrepresentable output reports a reason without partial paths or input mutation [33.06ms]

tests/features/autoroutingphase-saved-paths-validation.test.tsx:
Async effect error in PcbTraceRender "autorouting":
Error: pcbTracePaths must cover every connection in the phase; missing: source_trace_0
    at getSavedAutoroutingPhaseTracesFromPaths (/Users/anassarkiz/tsci/tscircuit-store/boards/usb-c-pd-brushed-motor--a7c39d12/tooling/core-manufacturing-A22/lib/components/primitive-components/Group/get-saved-autorouting-phase-traces.ts:245:17)
    at _runLocalAutorouting (/Users/anassarkiz/tsci/tscircuit-store/boards/usb-c-pd-brushed-motor--a7c39d12/tooling/core-manufacturing-A22/lib/components/primitive-components/Group/Group.ts:1754:26)
    at <anonymous> (/Users/anassarkiz/tsci/tscircuit-store/boards/usb-c-pd-brushed-motor--a7c39d12/tooling/core-manufacturing-A22/lib/components/primitive-components/Group/Group.ts:2073:14)
    at _queueAsyncEffect (/Users/anassarkiz/tsci/tscircuit-store/boards/usb-c-pd-brushed-motor--a7c39d12/tooling/core-manufacturing-A22/lib/components/base-components/Renderable.ts:317:16)
    at _startAsyncAutorouting (/Users/anassarkiz/tsci/tscircuit-store/boards/usb-c-pd-brushed-motor--a7c39d12/tooling/core-manufacturing-A22/lib/components/primitive-components/Group/Group.ts:2072:12)
    at doInitialPcbTraceRender (/Users/anassarkiz/tsci/tscircuit-store/boards/usb-c-pd-brushed-motor--a7c39d12/tooling/core-manufacturing-A22/lib/components/primitive-components/Group/Group.ts:2121:10)
    at runRenderPhase (/Users/anassarkiz/tsci/tscircuit-store/boards/usb-c-pd-brushed-motor--a7c39d12/tooling/core-manufacturing-A22/lib/components/base-components/Renderable.ts:526:34)
    at runRenderCycle (/Users/anassarkiz/tsci/tscircuit-store/boards/usb-c-pd-brushed-motor--a7c39d12/tooling/core-manufacturing-A22/lib/components/base-components/Renderable.ts:463:12)
    at render (/Users/anassarkiz/tsci/tscircuit-store/boards/usb-c-pd-brushed-motor--a7c39d12/tooling/core-manufacturing-A22/lib/IsolatedCircuit.ts:211:16)
    at renderUntilSettled (/Users/anassarkiz/tsci/tscircuit-store/boards/usb-c-pd-brushed-motor--a7c39d12/tooling/core-manufacturing-A22/lib/IsolatedCircuit.ts:244:14)
    at async <anonymous> (/Users/anassarkiz/tsci/tscircuit-store/boards/usb-c-pd-brushed-motor--a7c39d12/tooling/core-manufacturing-A22/tests/features/autoroutingphase-saved-paths-validation.test.tsx:136:19)
    at processTicksAndRejections (native:7:39)
Async effect error in PcbTraceRender "autorouting":
Error: Saved phase path "MISSING.1" must select a PCB port
    at getSavedAutoroutingPhaseTracesFromPaths (/Users/anassarkiz/tsci/tscircuit-store/boards/usb-c-pd-brushed-motor--a7c39d12/tooling/core-manufacturing-A22/lib/components/primitive-components/Group/get-saved-autorouting-phase-traces.ts:98:17)
    at _runLocalAutorouting (/Users/anassarkiz/tsci/tscircuit-store/boards/usb-c-pd-brushed-motor--a7c39d12/tooling/core-manufacturing-A22/lib/components/primitive-components/Group/Group.ts:1754:26)
    at <anonymous> (/Users/anassarkiz/tsci/tscircuit-store/boards/usb-c-pd-brushed-motor--a7c39d12/tooling/core-manufacturing-A22/lib/components/primitive-components/Group/Group.ts:2073:14)
    at _queueAsyncEffect (/Users/anassarkiz/tsci/tscircuit-store/boards/usb-c-pd-brushed-motor--a7c39d12/tooling/core-manufacturing-A22/lib/components/base-components/Renderable.ts:317:16)
    at _startAsyncAutorouting (/Users/anassarkiz/tsci/tscircuit-store/boards/usb-c-pd-brushed-motor--a7c39d12/tooling/core-manufacturing-A22/lib/components/primitive-components/Group/Group.ts:2072:12)
    at doInitialPcbTraceRender (/Users/anassarkiz/tsci/tscircuit-store/boards/usb-c-pd-brushed-motor--a7c39d12/tooling/core-manufacturing-A22/lib/components/primitive-components/Group/Group.ts:2121:10)
    at runRenderPhase (/Users/anassarkiz/tsci/tscircuit-store/boards/usb-c-pd-brushed-motor--a7c39d12/tooling/core-manufacturing-A22/lib/components/base-components/Renderable.ts:526:34)
    at runRenderCycle (/Users/anassarkiz/tsci/tscircuit-store/boards/usb-c-pd-brushed-motor--a7c39d12/tooling/core-manufacturing-A22/lib/components/base-components/Renderable.ts:463:12)
    at render (/Users/anassarkiz/tsci/tscircuit-store/boards/usb-c-pd-brushed-motor--a7c39d12/tooling/core-manufacturing-A22/lib/IsolatedCircuit.ts:211:16)
    at renderUntilSettled (/Users/anassarkiz/tsci/tscircuit-store/boards/usb-c-pd-brushed-motor--a7c39d12/tooling/core-manufacturing-A22/lib/IsolatedCircuit.ts:244:14)
    at async <anonymous> (/Users/anassarkiz/tsci/tscircuit-store/boards/usb-c-pd-brushed-motor--a7c39d12/tooling/core-manufacturing-A22/tests/features/autoroutingphase-saved-paths-validation.test.tsx:136:19)
    at processTicksAndRejections (native:7:39)
Async effect error in PcbTraceRender "autorouting":
Error: Saved phase path "U3.1" must select exactly one connection in this phase
    at getSavedAutoroutingPhaseTracesFromPaths (/Users/anassarkiz/tsci/tscircuit-store/boards/usb-c-pd-brushed-motor--a7c39d12/tooling/core-manufacturing-A22/lib/components/primitive-components/Group/get-saved-autorouting-phase-traces.ts:110:17)
    at _runLocalAutorouting (/Users/anassarkiz/tsci/tscircuit-store/boards/usb-c-pd-brushed-motor--a7c39d12/tooling/core-manufacturing-A22/lib/components/primitive-components/Group/Group.ts:1754:26)
    at <anonymous> (/Users/anassarkiz/tsci/tscircuit-store/boards/usb-c-pd-brushed-motor--a7c39d12/tooling/core-manufacturing-A22/lib/components/primitive-components/Group/Group.ts:2073:14)
    at _queueAsyncEffect (/Users/anassarkiz/tsci/tscircuit-store/boards/usb-c-pd-brushed-motor--a7c39d12/tooling/core-manufacturing-A22/lib/components/base-components/Renderable.ts:317:16)
    at _startAsyncAutorouting (/Users/anassarkiz/tsci/tscircuit-store/boards/usb-c-pd-brushed-motor--a7c39d12/tooling/core-manufacturing-A22/lib/components/primitive-components/Group/Group.ts:2072:12)
    at doInitialPcbTraceRender (/Users/anassarkiz/tsci/tscircuit-store/boards/usb-c-pd-brushed-motor--a7c39d12/tooling/core-manufacturing-A22/lib/components/primitive-components/Group/Group.ts:2121:10)
    at runRenderPhase (/Users/anassarkiz/tsci/tscircuit-store/boards/usb-c-pd-brushed-motor--a7c39d12/tooling/core-manufacturing-A22/lib/components/base-components/Renderable.ts:526:34)
    at runRenderCycle (/Users/anassarkiz/tsci/tscircuit-store/boards/usb-c-pd-brushed-motor--a7c39d12/tooling/core-manufacturing-A22/lib/components/base-components/Renderable.ts:463:12)
    at render (/Users/anassarkiz/tsci/tscircuit-store/boards/usb-c-pd-brushed-motor--a7c39d12/tooling/core-manufacturing-A22/lib/IsolatedCircuit.ts:211:16)
    at renderUntilSettled (/Users/anassarkiz/tsci/tscircuit-store/boards/usb-c-pd-brushed-motor--a7c39d12/tooling/core-manufacturing-A22/lib/IsolatedCircuit.ts:244:14)
    at async <anonymous> (/Users/anassarkiz/tsci/tscircuit-store/boards/usb-c-pd-brushed-motor--a7c39d12/tooling/core-manufacturing-A22/tests/features/autoroutingphase-saved-paths-validation.test.tsx:136:19)
    at processTicksAndRejections (native:7:39)
Async effect error in PcbTraceRender "autorouting":
Error: Duplicate saved phase path for "U1.1"
    at getSavedAutoroutingPhaseTracesFromPaths (/Users/anassarkiz/tsci/tscircuit-store/boards/usb-c-pd-brushed-motor--a7c39d12/tooling/core-manufacturing-A22/lib/components/primitive-components/Group/get-saved-autorouting-phase-traces.ts:102:17)
    at _runLocalAutorouting (/Users/anassarkiz/tsci/tscircuit-store/boards/usb-c-pd-brushed-motor--a7c39d12/tooling/core-manufacturing-A22/lib/components/primitive-components/Group/Group.ts:1754:26)
    at <anonymous> (/Users/anassarkiz/tsci/tscircuit-store/boards/usb-c-pd-brushed-motor--a7c39d12/tooling/core-manufacturing-A22/lib/components/primitive-components/Group/Group.ts:2073:14)
    at _queueAsyncEffect (/Users/anassarkiz/tsci/tscircuit-store/boards/usb-c-pd-brushed-motor--a7c39d12/tooling/core-manufacturing-A22/lib/components/base-components/Renderable.ts:317:16)
    at _startAsyncAutorouting (/Users/anassarkiz/tsci/tscircuit-store/boards/usb-c-pd-brushed-motor--a7c39d12/tooling/core-manufacturing-A22/lib/components/primitive-components/Group/Group.ts:2072:12)
    at doInitialPcbTraceRender (/Users/anassarkiz/tsci/tscircuit-store/boards/usb-c-pd-brushed-motor--a7c39d12/tooling/core-manufacturing-A22/lib/components/primitive-components/Group/Group.ts:2121:10)
    at runRenderPhase (/Users/anassarkiz/tsci/tscircuit-store/boards/usb-c-pd-brushed-motor--a7c39d12/tooling/core-manufacturing-A22/lib/components/base-components/Renderable.ts:526:34)
    at runRenderCycle (/Users/anassarkiz/tsci/tscircuit-store/boards/usb-c-pd-brushed-motor--a7c39d12/tooling/core-manufacturing-A22/lib/components/base-components/Renderable.ts:463:12)
    at render (/Users/anassarkiz/tsci/tscircuit-store/boards/usb-c-pd-brushed-motor--a7c39d12/tooling/core-manufacturing-A22/lib/IsolatedCircuit.ts:211:16)
    at renderUntilSettled (/Users/anassarkiz/tsci/tscircuit-store/boards/usb-c-pd-brushed-motor--a7c39d12/tooling/core-manufacturing-A22/lib/IsolatedCircuit.ts:244:14)
    at async <anonymous> (/Users/anassarkiz/tsci/tscircuit-store/boards/usb-c-pd-brushed-motor--a7c39d12/tooling/core-manufacturing-A22/tests/features/autoroutingphase-saved-paths-validation.test.tsx:136:19)
    at processTicksAndRejections (native:7:39)
Async effect error in PcbTraceRender "autorouting":
Error: Saved phase path "U1.1" must start at its PCB port on an available layer
    at getSavedAutoroutingPhaseTracesFromPaths (/Users/anassarkiz/tsci/tscircuit-store/boards/usb-c-pd-brushed-motor--a7c39d12/tooling/core-manufacturing-A22/lib/components/primitive-components/Group/get-saved-autorouting-phase-traces.ts:153:17)
    at _runLocalAutorouting (/Users/anassarkiz/tsci/tscircuit-store/boards/usb-c-pd-brushed-motor--a7c39d12/tooling/core-manufacturing-A22/lib/components/primitive-components/Group/Group.ts:1754:26)
    at <anonymous> (/Users/anassarkiz/tsci/tscircuit-store/boards/usb-c-pd-brushed-motor--a7c39d12/tooling/core-manufacturing-A22/lib/components/primitive-components/Group/Group.ts:2073:14)
    at _queueAsyncEffect (/Users/anassarkiz/tsci/tscircuit-store/boards/usb-c-pd-brushed-motor--a7c39d12/tooling/core-manufacturing-A22/lib/components/base-components/Renderable.ts:317:16)
    at _startAsyncAutorouting (/Users/anassarkiz/tsci/tscircuit-store/boards/usb-c-pd-brushed-motor--a7c39d12/tooling/core-manufacturing-A22/lib/components/primitive-components/Group/Group.ts:2072:12)
    at doInitialPcbTraceRender (/Users/anassarkiz/tsci/tscircuit-store/boards/usb-c-pd-brushed-motor--a7c39d12/tooling/core-manufacturing-A22/lib/components/primitive-components/Group/Group.ts:2121:10)
    at runRenderPhase (/Users/anassarkiz/tsci/tscircuit-store/boards/usb-c-pd-brushed-motor--a7c39d12/tooling/core-manufacturing-A22/lib/components/base-components/Renderable.ts:526:34)
    at runRenderCycle (/Users/anassarkiz/tsci/tscircuit-store/boards/usb-c-pd-brushed-motor--a7c39d12/tooling/core-manufacturing-A22/lib/components/base-components/Renderable.ts:463:12)
    at render (/Users/anassarkiz/tsci/tscircuit-store/boards/usb-c-pd-brushed-motor--a7c39d12/tooling/core-manufacturing-A22/lib/IsolatedCircuit.ts:211:16)
    at renderUntilSettled (/Users/anassarkiz/tsci/tscircuit-store/boards/usb-c-pd-brushed-motor--a7c39d12/tooling/core-manufacturing-A22/lib/IsolatedCircuit.ts:244:14)
    at async <anonymous> (/Users/anassarkiz/tsci/tscircuit-store/boards/usb-c-pd-brushed-motor--a7c39d12/tooling/core-manufacturing-A22/tests/features/autoroutingphase-saved-paths-validation.test.tsx:136:19)
    at processTicksAndRejections (native:7:39)
Async effect error in PcbTraceRender "autorouting":
Error: Saved phase path "U1.1" must end at another connection endpoint; use autorouter="fanout" for saved escapes
    at getSavedAutoroutingPhaseTracesFromPaths (/Users/anassarkiz/tsci/tscircuit-store/boards/usb-c-pd-brushed-motor--a7c39d12/tooling/core-manufacturing-A22/lib/components/primitive-components/Group/get-saved-autorouting-phase-traces.ts:176:17)
    at _runLocalAutorouting (/Users/anassarkiz/tsci/tscircuit-store/boards/usb-c-pd-brushed-motor--a7c39d12/tooling/core-manufacturing-A22/lib/components/primitive-components/Group/Group.ts:1754:26)
    at <anonymous> (/Users/anassarkiz/tsci/tscircuit-store/boards/usb-c-pd-brushed-motor--a7c39d12/tooling/core-manufacturing-A22/lib/components/primitive-components/Group/Group.ts:2073:14)
    at _queueAsyncEffect (/Users/anassarkiz/tsci/tscircuit-store/boards/usb-c-pd-brushed-motor--a7c39d12/tooling/core-manufacturing-A22/lib/components/base-components/Renderable.ts:317:16)
    at _startAsyncAutorouting (/Users/anassarkiz/tsci/tscircuit-store/boards/usb-c-pd-brushed-motor--a7c39d12/tooling/core-manufacturing-A22/lib/components/primitive-components/Group/Group.ts:2072:12)
    at doInitialPcbTraceRender (/Users/anassarkiz/tsci/tscircuit-store/boards/usb-c-pd-brushed-motor--a7c39d12/tooling/core-manufacturing-A22/lib/components/primitive-components/Group/Group.ts:2121:10)
    at runRenderPhase (/Users/anassarkiz/tsci/tscircuit-store/boards/usb-c-pd-brushed-motor--a7c39d12/tooling/core-manufacturing-A22/lib/components/base-components/Renderable.ts:526:34)
    at runRenderCycle (/Users/anassarkiz/tsci/tscircuit-store/boards/usb-c-pd-brushed-motor--a7c39d12/tooling/core-manufacturing-A22/lib/components/base-components/Renderable.ts:463:12)
    at render (/Users/anassarkiz/tsci/tscircuit-store/boards/usb-c-pd-brushed-motor--a7c39d12/tooling/core-manufacturing-A22/lib/IsolatedCircuit.ts:211:16)
    at renderUntilSettled (/Users/anassarkiz/tsci/tscircuit-store/boards/usb-c-pd-brushed-motor--a7c39d12/tooling/core-manufacturing-A22/lib/IsolatedCircuit.ts:244:14)
    at async <anonymous> (/Users/anassarkiz/tsci/tscircuit-store/boards/usb-c-pd-brushed-motor--a7c39d12/tooling/core-manufacturing-A22/tests/features/autoroutingphase-saved-paths-validation.test.tsx:136:19)
    at processTicksAndRejections (native:7:39)
Async effect error in PcbTraceRender "autorouting":
Error: Saved phase path "U1.1" must start at its PCB port on an available layer
    at getSavedAutoroutingPhaseTracesFromPaths (/Users/anassarkiz/tsci/tscircuit-store/boards/usb-c-pd-brushed-motor--a7c39d12/tooling/core-manufacturing-A22/lib/components/primitive-components/Group/get-saved-autorouting-phase-traces.ts:153:17)
    at _runLocalAutorouting (/Users/anassarkiz/tsci/tscircuit-store/boards/usb-c-pd-brushed-motor--a7c39d12/tooling/core-manufacturing-A22/lib/components/primitive-components/Group/Group.ts:1754:26)
    at <anonymous> (/Users/anassarkiz/tsci/tscircuit-store/boards/usb-c-pd-brushed-motor--a7c39d12/tooling/core-manufacturing-A22/lib/components/primitive-components/Group/Group.ts:2073:14)
    at _queueAsyncEffect (/Users/anassarkiz/tsci/tscircuit-store/boards/usb-c-pd-brushed-motor--a7c39d12/tooling/core-manufacturing-A22/lib/components/base-components/Renderable.ts:317:16)
    at _startAsyncAutorouting (/Users/anassarkiz/tsci/tscircuit-store/boards/usb-c-pd-brushed-motor--a7c39d12/tooling/core-manufacturing-A22/lib/components/primitive-components/Group/Group.ts:2072:12)
    at doInitialPcbTraceRender (/Users/anassarkiz/tsci/tscircuit-store/boards/usb-c-pd-brushed-motor--a7c39d12/tooling/core-manufacturing-A22/lib/components/primitive-components/Group/Group.ts:2121:10)
    at runRenderPhase (/Users/anassarkiz/tsci/tscircuit-store/boards/usb-c-pd-brushed-motor--a7c39d12/tooling/core-manufacturing-A22/lib/components/base-components/Renderable.ts:526:34)
    at runRenderCycle (/Users/anassarkiz/tsci/tscircuit-store/boards/usb-c-pd-brushed-motor--a7c39d12/tooling/core-manufacturing-A22/lib/components/base-components/Renderable.ts:463:12)
    at render (/Users/anassarkiz/tsci/tscircuit-store/boards/usb-c-pd-brushed-motor--a7c39d12/tooling/core-manufacturing-A22/lib/IsolatedCircuit.ts:211:16)
    at renderUntilSettled (/Users/anassarkiz/tsci/tscircuit-store/boards/usb-c-pd-brushed-motor--a7c39d12/tooling/core-manufacturing-A22/lib/IsolatedCircuit.ts:244:14)
    at async <anonymous> (/Users/anassarkiz/tsci/tscircuit-store/boards/usb-c-pd-brushed-motor--a7c39d12/tooling/core-manufacturing-A22/tests/features/autoroutingphase-saved-paths-validation.test.tsx:136:19)
    at processTicksAndRejections (native:7:39)
Async effect error in PcbTraceRender "autorouting":
Error: Saved phase path "U1.1" must end at another connection endpoint; use autorouter="fanout" for saved escapes
    at getSavedAutoroutingPhaseTracesFromPaths (/Users/anassarkiz/tsci/tscircuit-store/boards/usb-c-pd-brushed-motor--a7c39d12/tooling/core-manufacturing-A22/lib/components/primitive-components/Group/get-saved-autorouting-phase-traces.ts:176:17)
    at _runLocalAutorouting (/Users/anassarkiz/tsci/tscircuit-store/boards/usb-c-pd-brushed-motor--a7c39d12/tooling/core-manufacturing-A22/lib/components/primitive-components/Group/Group.ts:1754:26)
    at <anonymous> (/Users/anassarkiz/tsci/tscircuit-store/boards/usb-c-pd-brushed-motor--a7c39d12/tooling/core-manufacturing-A22/lib/components/primitive-components/Group/Group.ts:2073:14)
    at _queueAsyncEffect (/Users/anassarkiz/tsci/tscircuit-store/boards/usb-c-pd-brushed-motor--a7c39d12/tooling/core-manufacturing-A22/lib/components/base-components/Renderable.ts:317:16)
    at _startAsyncAutorouting (/Users/anassarkiz/tsci/tscircuit-store/boards/usb-c-pd-brushed-motor--a7c39d12/tooling/core-manufacturing-A22/lib/components/primitive-components/Group/Group.ts:2072:12)
    at doInitialPcbTraceRender (/Users/anassarkiz/tsci/tscircuit-store/boards/usb-c-pd-brushed-motor--a7c39d12/tooling/core-manufacturing-A22/lib/components/primitive-components/Group/Group.ts:2121:10)
    at runRenderPhase (/Users/anassarkiz/tsci/tscircuit-store/boards/usb-c-pd-brushed-motor--a7c39d12/tooling/core-manufacturing-A22/lib/components/base-components/Renderable.ts:526:34)
    at runRenderCycle (/Users/anassarkiz/tsci/tscircuit-store/boards/usb-c-pd-brushed-motor--a7c39d12/tooling/core-manufacturing-A22/lib/components/base-components/Renderable.ts:463:12)
    at render (/Users/anassarkiz/tsci/tscircuit-store/boards/usb-c-pd-brushed-motor--a7c39d12/tooling/core-manufacturing-A22/lib/IsolatedCircuit.ts:211:16)
    at renderUntilSettled (/Users/anassarkiz/tsci/tscircuit-store/boards/usb-c-pd-brushed-motor--a7c39d12/tooling/core-manufacturing-A22/lib/IsolatedCircuit.ts:244:14)
    at async <anonymous> (/Users/anassarkiz/tsci/tscircuit-store/boards/usb-c-pd-brushed-motor--a7c39d12/tooling/core-manufacturing-A22/tests/features/autoroutingphase-saved-paths-validation.test.tsx:136:19)
    at processTicksAndRejections (native:7:39)
Async effect error in PcbTraceRender "autorouting":
Error: Saved phase path "U1.1" uses a layer unavailable on this board
    at getSavedAutoroutingPhaseTracesFromPaths (/Users/anassarkiz/tsci/tscircuit-store/boards/usb-c-pd-brushed-motor--a7c39d12/tooling/core-manufacturing-A22/lib/components/primitive-components/Group/get-saved-autorouting-phase-traces.ts:134:19)
    at _runLocalAutorouting (/Users/anassarkiz/tsci/tscircuit-store/boards/usb-c-pd-brushed-motor--a7c39d12/tooling/core-manufacturing-A22/lib/components/primitive-components/Group/Group.ts:1754:26)
    at <anonymous> (/Users/anassarkiz/tsci/tscircuit-store/boards/usb-c-pd-brushed-motor--a7c39d12/tooling/core-manufacturing-A22/lib/components/primitive-components/Group/Group.ts:2073:14)
    at _queueAsyncEffect (/Users/anassarkiz/tsci/tscircuit-store/boards/usb-c-pd-brushed-motor--a7c39d12/tooling/core-manufacturing-A22/lib/components/base-components/Renderable.ts:317:16)
    at _startAsyncAutorouting (/Users/anassarkiz/tsci/tscircuit-store/boards/usb-c-pd-brushed-motor--a7c39d12/tooling/core-manufacturing-A22/lib/components/primitive-components/Group/Group.ts:2072:12)
    at doInitialPcbTraceRender (/Users/anassarkiz/tsci/tscircuit-store/boards/usb-c-pd-brushed-motor--a7c39d12/tooling/core-manufacturing-A22/lib/components/primitive-components/Group/Group.ts:2121:10)
    at runRenderPhase (/Users/anassarkiz/tsci/tscircuit-store/boards/usb-c-pd-brushed-motor--a7c39d12/tooling/core-manufacturing-A22/lib/components/base-components/Renderable.ts:526:34)
    at runRenderCycle (/Users/anassarkiz/tsci/tscircuit-store/boards/usb-c-pd-brushed-motor--a7c39d12/tooling/core-manufacturing-A22/lib/components/base-components/Renderable.ts:463:12)
    at render (/Users/anassarkiz/tsci/tscircuit-store/boards/usb-c-pd-brushed-motor--a7c39d12/tooling/core-manufacturing-A22/lib/IsolatedCircuit.ts:211:16)
    at renderUntilSettled (/Users/anassarkiz/tsci/tscircuit-store/boards/usb-c-pd-brushed-motor--a7c39d12/tooling/core-manufacturing-A22/lib/IsolatedCircuit.ts:244:14)
    at async <anonymous> (/Users/anassarkiz/tsci/tscircuit-store/boards/usb-c-pd-brushed-motor--a7c39d12/tooling/core-manufacturing-A22/tests/features/autoroutingphase-saved-paths-validation.test.tsx:136:19)
    at processTicksAndRejections (native:7:39)
Async effect error in PcbTraceRender "autorouting":
Error: Saved phase path "U1.1" has a via at a pad; enable allowViaInPad
    at getSavedAutoroutingPhaseTracesFromPaths (/Users/anassarkiz/tsci/tscircuit-store/boards/usb-c-pd-brushed-motor--a7c39d12/tooling/core-manufacturing-A22/lib/components/primitive-components/Group/get-saved-autorouting-phase-traces.ts:170:17)
    at _runLocalAutorouting (/Users/anassarkiz/tsci/tscircuit-store/boards/usb-c-pd-brushed-motor--a7c39d12/tooling/core-manufacturing-A22/lib/components/primitive-components/Group/Group.ts:1754:26)
    at <anonymous> (/Users/anassarkiz/tsci/tscircuit-store/boards/usb-c-pd-brushed-motor--a7c39d12/tooling/core-manufacturing-A22/lib/components/primitive-components/Group/Group.ts:2073:14)
    at _queueAsyncEffect (/Users/anassarkiz/tsci/tscircuit-store/boards/usb-c-pd-brushed-motor--a7c39d12/tooling/core-manufacturing-A22/lib/components/base-components/Renderable.ts:317:16)
    at _startAsyncAutorouting (/Users/anassarkiz/tsci/tscircuit-store/boards/usb-c-pd-brushed-motor--a7c39d12/tooling/core-manufacturing-A22/lib/components/primitive-components/Group/Group.ts:2072:12)
    at doInitialPcbTraceRender (/Users/anassarkiz/tsci/tscircuit-store/boards/usb-c-pd-brushed-motor--a7c39d12/tooling/core-manufacturing-A22/lib/components/primitive-components/Group/Group.ts:2121:10)
    at runRenderPhase (/Users/anassarkiz/tsci/tscircuit-store/boards/usb-c-pd-brushed-motor--a7c39d12/tooling/core-manufacturing-A22/lib/components/base-components/Renderable.ts:526:34)
    at runRenderCycle (/Users/anassarkiz/tsci/tscircuit-store/boards/usb-c-pd-brushed-motor--a7c39d12/tooling/core-manufacturing-A22/lib/components/base-components/Renderable.ts:463:12)
    at render (/Users/anassarkiz/tsci/tscircuit-store/boards/usb-c-pd-brushed-motor--a7c39d12/tooling/core-manufacturing-A22/lib/IsolatedCircuit.ts:211:16)
    at renderUntilSettled (/Users/anassarkiz/tsci/tscircuit-store/boards/usb-c-pd-brushed-motor--a7c39d12/tooling/core-manufacturing-A22/lib/IsolatedCircuit.ts:244:14)
    at async <anonymous> (/Users/anassarkiz/tsci/tscircuit-store/boards/usb-c-pd-brushed-motor--a7c39d12/tooling/core-manufacturing-A22/tests/features/autoroutingphase-saved-paths-validation.test.tsx:136:19)
    at processTicksAndRejections (native:7:39)
(pass) saved phase paths reject invalid ports, layers, anchors, and coverage [87.42ms]

tests/features/autoroutingphase-connection-reroute.test.tsx:
(pass) autoroutingphase reroute supports connection props [78.79ms]

tests/features/autoroutingphase-emitted-paths-cache.test.tsx:
(pass) cached phases emit independent replayable arrays without earlier phase copper [529.92ms]

tests/features/autoroutingphase-saved-trace-paths.test.tsx:
(pass) autoroutingphase preserves complete saved routes before later routing [486.10ms]

tests/features/autoroutingphase-saved-fanout-paths.test.tsx:
(pass) autoroutingphase continues saved fanout escapes from their exit layer [237.15ms]

tests/features/autoroutingphase-algorithm-fn.test.tsx:
(pass) autoroutingphase algorithmFn routes matching phases and overrides nested callbacks [1003.18ms]

tests/features/autoroutingphase-imported-circuit-json-reroute-builtin.test.tsx:
(pass) autoroutingphase reroutes an imported circuit json region with the builtin autorouter [440.59ms]

tests/features/autoroutingphase-reroute.test.tsx:
(pass) autoroutingphase can reroute a region with a squiggly route [510.47ms]

tests/features/autoroutingphase-bus-routing-phase.test.tsx:
(pass) a bus routing phase assigns its traces to that phase [41.28ms]
(pass) a bus without a phase does not change its trace phases [38.78ms]

tests/features/autoroutingphase-emitted-paths-parity.test.tsx:
Dense RP2040 saved-path parity {
  differentPixels: 0,
  parityPercent: 100,
  foregroundParityPercent: 100,
}
(pass) dense RP2040 emitted PCB paths replay the autorouter copper with visual parity [5617.54ms]

tests/features/autoroutingphase-emitted-paths-transforms.test.tsx:
(pass) emitted routes replay translated and rotated groups on both layers [3056.88ms]

tests/features/autoroutingphase-props.test.tsx:
(pass) autoroutingphase assigns autorouter config to matching trace phases [460.57ms]

tests/features/autoroutingphase-variety.test.tsx:
(pass) autoroutingphase supports net phases nested groups and configured phase autorouters [620.24ms]

tests/features/autoroutingphase-region-reroute.test.tsx:
(pass) autoroutingphase can reroute middle components with a zigzag route [684.18ms]

tests/features/autoroutingphase-saved-plated-paths-validation.test.tsx:
Async effect error in PcbTraceRender "autorouting":
Error: Saved phase path "J1.pin1" must start at its PCB port on an available layer
    at getSavedAutoroutingPhaseTracesFromPaths (/Users/anassarkiz/tsci/tscircuit-store/boards/usb-c-pd-brushed-motor--a7c39d12/tooling/core-manufacturing-A22/lib/components/primitive-components/Group/get-saved-autorouting-phase-traces.ts:153:17)
    at _runLocalAutorouting (/Users/anassarkiz/tsci/tscircuit-store/boards/usb-c-pd-brushed-motor--a7c39d12/tooling/core-manufacturing-A22/lib/components/primitive-components/Group/Group.ts:1754:26)
    at <anonymous> (/Users/anassarkiz/tsci/tscircuit-store/boards/usb-c-pd-brushed-motor--a7c39d12/tooling/core-manufacturing-A22/lib/components/primitive-components/Group/Group.ts:2073:14)
    at _queueAsyncEffect (/Users/anassarkiz/tsci/tscircuit-store/boards/usb-c-pd-brushed-motor--a7c39d12/tooling/core-manufacturing-A22/lib/components/base-components/Renderable.ts:317:16)
    at _startAsyncAutorouting (/Users/anassarkiz/tsci/tscircuit-store/boards/usb-c-pd-brushed-motor--a7c39d12/tooling/core-manufacturing-A22/lib/components/primitive-components/Group/Group.ts:2072:12)
    at doInitialPcbTraceRender (/Users/anassarkiz/tsci/tscircuit-store/boards/usb-c-pd-brushed-motor--a7c39d12/tooling/core-manufacturing-A22/lib/components/primitive-components/Group/Group.ts:2121:10)
    at runRenderPhase (/Users/anassarkiz/tsci/tscircuit-store/boards/usb-c-pd-brushed-motor--a7c39d12/tooling/core-manufacturing-A22/lib/components/base-components/Renderable.ts:526:34)
    at runRenderCycle (/Users/anassarkiz/tsci/tscircuit-store/boards/usb-c-pd-brushed-motor--a7c39d12/tooling/core-manufacturing-A22/lib/components/base-components/Renderable.ts:463:12)
    at render (/Users/anassarkiz/tsci/tscircuit-store/boards/usb-c-pd-brushed-motor--a7c39d12/tooling/core-manufacturing-A22/lib/IsolatedCircuit.ts:211:16)
    at renderUntilSettled (/Users/anassarkiz/tsci/tscircuit-store/boards/usb-c-pd-brushed-motor--a7c39d12/tooling/core-manufacturing-A22/lib/IsolatedCircuit.ts:244:14)
    at async <anonymous> (/Users/anassarkiz/tsci/tscircuit-store/boards/usb-c-pd-brushed-motor--a7c39d12/tooling/core-manufacturing-A22/tests/features/autoroutingphase-saved-plated-paths-validation.test.tsx:41:19)
    at processTicksAndRejections (native:7:39)
Async effect error in PcbTraceRender "autorouting":
Error: Saved phase path "J1.pin1" must end at another connection endpoint; use autorouter="fanout" for saved escapes
    at getSavedAutoroutingPhaseTracesFromPaths (/Users/anassarkiz/tsci/tscircuit-store/boards/usb-c-pd-brushed-motor--a7c39d12/tooling/core-manufacturing-A22/lib/components/primitive-components/Group/get-saved-autorouting-phase-traces.ts:176:17)
    at _runLocalAutorouting (/Users/anassarkiz/tsci/tscircuit-store/boards/usb-c-pd-brushed-motor--a7c39d12/tooling/core-manufacturing-A22/lib/components/primitive-components/Group/Group.ts:1754:26)
    at <anonymous> (/Users/anassarkiz/tsci/tscircuit-store/boards/usb-c-pd-brushed-motor--a7c39d12/tooling/core-manufacturing-A22/lib/components/primitive-components/Group/Group.ts:2073:14)
    at _queueAsyncEffect (/Users/anassarkiz/tsci/tscircuit-store/boards/usb-c-pd-brushed-motor--a7c39d12/tooling/core-manufacturing-A22/lib/components/base-components/Renderable.ts:317:16)
    at _startAsyncAutorouting (/Users/anassarkiz/tsci/tscircuit-store/boards/usb-c-pd-brushed-motor--a7c39d12/tooling/core-manufacturing-A22/lib/components/primitive-components/Group/Group.ts:2072:12)
    at doInitialPcbTraceRender (/Users/anassarkiz/tsci/tscircuit-store/boards/usb-c-pd-brushed-motor--a7c39d12/tooling/core-manufacturing-A22/lib/components/primitive-components/Group/Group.ts:2121:10)
    at runRenderPhase (/Users/anassarkiz/tsci/tscircuit-store/boards/usb-c-pd-brushed-motor--a7c39d12/tooling/core-manufacturing-A22/lib/components/base-components/Renderable.ts:526:34)
    at runRenderCycle (/Users/anassarkiz/tsci/tscircuit-store/boards/usb-c-pd-brushed-motor--a7c39d12/tooling/core-manufacturing-A22/lib/components/base-components/Renderable.ts:463:12)
    at render (/Users/anassarkiz/tsci/tscircuit-store/boards/usb-c-pd-brushed-motor--a7c39d12/tooling/core-manufacturing-A22/lib/IsolatedCircuit.ts:211:16)
    at renderUntilSettled (/Users/anassarkiz/tsci/tscircuit-store/boards/usb-c-pd-brushed-motor--a7c39d12/tooling/core-manufacturing-A22/lib/IsolatedCircuit.ts:244:14)
    at async <anonymous> (/Users/anassarkiz/tsci/tscircuit-store/boards/usb-c-pd-brushed-motor--a7c39d12/tooling/core-manufacturing-A22/tests/features/autoroutingphase-saved-plated-paths-validation.test.tsx:41:19)
    at processTicksAndRejections (native:7:39)
(pass) saved bottom routes still reject off-pad plated pin anchors [18.08ms]

tests/features/autoroutingphase-fixed-pcb-path.test.tsx:
(pass) autorouting phases detour around a fixed hand-authored pcbPath [526.44ms]

tests/features/autoroutingphase-event-index.test.tsx:
(pass) events distinguish sparse declared phase indices from actual routing order [542.60ms]

tests/features/autoroutingphase-simplify.test.tsx:
(pass) simplify autorouting phase cleans existing traces with Pipeline 11 [455.59ms]

tests/features/autoroutingphase-event-stage-index.test.tsx:
(pass) fanout and follow-up stages retain the declared phase index [275.37ms]

tests/features/autoroutingphase-connection-phase-index.test.tsx:
(pass) autoroutingphase connection props assign phase index order [323.53ms]

tests/features/phased-autorouting-net-power-first.test.tsx:
(pass) phased autorouting routes thick power net before signal traces [744.24ms]

 27 pass
 0 fail
 283 expect() calls
Ran 27 tests across 26 files. [19.77s]
