bun test v1.3.9 (cf6cdbbb)

tests/groups/group-pcb-anchor-center.test.tsx:
(pass) group with center anchor [538.51ms]

tests/groups/group-pcb-anchor-nested.test.tsx:
(pass) nested group with anchor positioning [633.98ms]

tests/groups/group-pcb-anchor-bottom-right.test.tsx:
(pass) group with bottom_right anchor [510.25ms]

tests/groups/group-pcb-anchor.test.tsx:
(pass) group with top_left anchor should output anchor_position and anchor_alignment [492.77ms]

tests/components/pcb/calc-pcb-position-via-board-relative.test.tsx:
(pass) pcb calc supports board-relative references for via [153.17ms]

tests/components/pcb/pcb-edge-positioning-with-calc-and-notes.test.tsx:

# Unhandled error between tests
-------------------------------
1 | })
2 | {
    ^
SyntaxError: Export named 'distance' not found in module '/Users/anassarkiz/tsci/tscircuit-store/boards/usb-c-pd-brushed-motor--a7c39d12/tooling/core-manufacturing-A22/node_modules/@tscircuit/props/dist/index.js'.
      at loadAndEvaluateModule (2:1)
-------------------------------


tests/components/pcb/calc-pcb-position-pad-relative.test.tsx:
(pass) pcb calc supports pad-relative references [14.14ms]

tests/components/pcb/calc-pcb-position-component-relative-unknown.test.tsx:
(pass) pcb calc errors on unknown component references [2.19ms]

tests/components/pcb/calc-pcb-position-component-relative.test.tsx:
(pass) pcb calc supports component-relative references [7.32ms]

tests/components/pcb/calc-pcb-position-edge-property-name.test.tsx:
(pass) validate pcb coordinates reports original edge property name [3.38ms]

tests/components/pcb/calc-pcb-position.test.tsx:
(pass) pcb coordinates can use calc expressions with board bounds [2.49ms]
(pass) legacy lowercase board bounds in calc expressions remain supported [3.11ms]
(pass) calc expressions using board bounds fail for auto-sized boards [0.39ms]
(pass) calc expressions on edge props fail for auto-sized boards [2.50ms]
(pass) calc expressions using board bounds without a board report no-board error [3.58ms]

tests/components/pcb/calc-pcb-position-component-relative-chain.test.tsx:
(pass) pcb calc resolves chained component-relative references [9.21ms]

tests/components/pcb/calc-pcb-position-primitive-component-relative.test.tsx:
(pass) pcb calc supports component-relative references for primitives outside footprint [4.32ms]

tests/components/pcb/calc-pcb-position-crystal-resonator.test.tsx:
(pass) pcb calc supports crystal and resonator component-relative references [179.38ms]

tests/components/pcb/calc-pcb-position-absolute-fast-path.test.tsx:
(pass) absolute placements do not enumerate all pads to build calc variables [174.97ms]

tests/components/pcb/calc-pcb-position-component-relative-chain-with-y.test.tsx:
(pass) pcb calc resolves chained component-relative references with y references [12.21ms]

tests/components/pcb/calc-pcb-position-chip.test.tsx:
(pass) chip pcbX calc(board.*) resolves when component is attached to board [4.44ms]

tests/components/pcb/calc-pcb-position-primitive-component-relative-footprint-error.test.tsx:
(pass) pcb calc reports invalid property when primitive component-relative refs are used inside footprint [5.02ms]

tests/components/pcb/calc-pcb-position-component-relative-cycle.test.tsx:
(pass) pcb calc errors on circular component-relative references [5.66ms]

1 tests failed:

 22 pass
 1 fail
 1 error
 5 snapshots, 80 expect() calls
Ran 23 tests across 19 files. [3.36s]
