bun test v1.3.9 (cf6cdbbb)

tests/features/autoroutingphase-saved-complete-fanout-paths.test.tsx:
(pass) a complete saved fanout path with a pad via needs no follow-up routing [224.62ms]

tests/features/autoroutingphase-saved-paths-validation.test.tsx:
Async effect error in PcbTraceRender "autorouting":
Error: pcbTracePaths must cover every connection in the phase; missing: source_trace_0
    at getSavedAutoroutingPhaseTracesFromPaths (/Users/anassarkiz/tsci/tscircuit-store/boards/usb-c-pd-brushed-motor--a7c39d12/tooling/core-manufacturing-A22/lib/components/primitive-components/Group/get-saved-autorouting-phase-traces.ts:245:17)
    at _runLocalAutorouting (/Users/anassarkiz/tsci/tscircuit-store/boards/usb-c-pd-brushed-motor--a7c39d12/tooling/core-manufacturing-A22/lib/components/primitive-components/Group/Group.ts:1754:26)
    at <anonymous> (/Users/anassarkiz/tsci/tscircuit-store/boards/usb-c-pd-brushed-motor--a7c39d12/tooling/core-manufacturing-A22/lib/components/primitive-components/Group/Group.ts:2073:14)
    at _queueAsyncEffect (/Users/anassarkiz/tsci/tscircuit-store/boards/usb-c-pd-brushed-motor--a7c39d12/tooling/core-manufacturing-A22/lib/components/base-components/Renderable.ts:317:16)
    at _startAsyncAutorouting (/Users/anassarkiz/tsci/tscircuit-store/boards/usb-c-pd-brushed-motor--a7c39d12/tooling/core-manufacturing-A22/lib/components/primitive-components/Group/Group.ts:2072:12)
    at doInitialPcbTraceRender (/Users/anassarkiz/tsci/tscircuit-store/boards/usb-c-pd-brushed-motor--a7c39d12/tooling/core-manufacturing-A22/lib/components/primitive-components/Group/Group.ts:2121:10)
    at runRenderPhase (/Users/anassarkiz/tsci/tscircuit-store/boards/usb-c-pd-brushed-motor--a7c39d12/tooling/core-manufacturing-A22/lib/components/base-components/Renderable.ts:526:34)
    at runRenderCycle (/Users/anassarkiz/tsci/tscircuit-store/boards/usb-c-pd-brushed-motor--a7c39d12/tooling/core-manufacturing-A22/lib/components/base-components/Renderable.ts:463:12)
    at render (/Users/anassarkiz/tsci/tscircuit-store/boards/usb-c-pd-brushed-motor--a7c39d12/tooling/core-manufacturing-A22/lib/IsolatedCircuit.ts:211:16)
    at renderUntilSettled (/Users/anassarkiz/tsci/tscircuit-store/boards/usb-c-pd-brushed-motor--a7c39d12/tooling/core-manufacturing-A22/lib/IsolatedCircuit.ts:244:14)
    at async <anonymous> (/Users/anassarkiz/tsci/tscircuit-store/boards/usb-c-pd-brushed-motor--a7c39d12/tooling/core-manufacturing-A22/tests/features/autoroutingphase-saved-paths-validation.test.tsx:136:19)
    at processTicksAndRejections (native:7:39)
Async effect error in PcbTraceRender "autorouting":
Error: Saved phase path "MISSING.1" must select a PCB port
    at getSavedAutoroutingPhaseTracesFromPaths (/Users/anassarkiz/tsci/tscircuit-store/boards/usb-c-pd-brushed-motor--a7c39d12/tooling/core-manufacturing-A22/lib/components/primitive-components/Group/get-saved-autorouting-phase-traces.ts:98:17)
    at _runLocalAutorouting (/Users/anassarkiz/tsci/tscircuit-store/boards/usb-c-pd-brushed-motor--a7c39d12/tooling/core-manufacturing-A22/lib/components/primitive-components/Group/Group.ts:1754:26)
    at <anonymous> (/Users/anassarkiz/tsci/tscircuit-store/boards/usb-c-pd-brushed-motor--a7c39d12/tooling/core-manufacturing-A22/lib/components/primitive-components/Group/Group.ts:2073:14)
    at _queueAsyncEffect (/Users/anassarkiz/tsci/tscircuit-store/boards/usb-c-pd-brushed-motor--a7c39d12/tooling/core-manufacturing-A22/lib/components/base-components/Renderable.ts:317:16)
    at _startAsyncAutorouting (/Users/anassarkiz/tsci/tscircuit-store/boards/usb-c-pd-brushed-motor--a7c39d12/tooling/core-manufacturing-A22/lib/components/primitive-components/Group/Group.ts:2072:12)
    at doInitialPcbTraceRender (/Users/anassarkiz/tsci/tscircuit-store/boards/usb-c-pd-brushed-motor--a7c39d12/tooling/core-manufacturing-A22/lib/components/primitive-components/Group/Group.ts:2121:10)
    at runRenderPhase (/Users/anassarkiz/tsci/tscircuit-store/boards/usb-c-pd-brushed-motor--a7c39d12/tooling/core-manufacturing-A22/lib/components/base-components/Renderable.ts:526:34)
    at runRenderCycle (/Users/anassarkiz/tsci/tscircuit-store/boards/usb-c-pd-brushed-motor--a7c39d12/tooling/core-manufacturing-A22/lib/components/base-components/Renderable.ts:463:12)
    at render (/Users/anassarkiz/tsci/tscircuit-store/boards/usb-c-pd-brushed-motor--a7c39d12/tooling/core-manufacturing-A22/lib/IsolatedCircuit.ts:211:16)
    at renderUntilSettled (/Users/anassarkiz/tsci/tscircuit-store/boards/usb-c-pd-brushed-motor--a7c39d12/tooling/core-manufacturing-A22/lib/IsolatedCircuit.ts:244:14)
    at async <anonymous> (/Users/anassarkiz/tsci/tscircuit-store/boards/usb-c-pd-brushed-motor--a7c39d12/tooling/core-manufacturing-A22/tests/features/autoroutingphase-saved-paths-validation.test.tsx:136:19)
    at processTicksAndRejections (native:7:39)
Async effect error in PcbTraceRender "autorouting":
Error: Saved phase path "U3.1" must select exactly one connection in this phase
    at getSavedAutoroutingPhaseTracesFromPaths (/Users/anassarkiz/tsci/tscircuit-store/boards/usb-c-pd-brushed-motor--a7c39d12/tooling/core-manufacturing-A22/lib/components/primitive-components/Group/get-saved-autorouting-phase-traces.ts:110:17)
    at _runLocalAutorouting (/Users/anassarkiz/tsci/tscircuit-store/boards/usb-c-pd-brushed-motor--a7c39d12/tooling/core-manufacturing-A22/lib/components/primitive-components/Group/Group.ts:1754:26)
    at <anonymous> (/Users/anassarkiz/tsci/tscircuit-store/boards/usb-c-pd-brushed-motor--a7c39d12/tooling/core-manufacturing-A22/lib/components/primitive-components/Group/Group.ts:2073:14)
    at _queueAsyncEffect (/Users/anassarkiz/tsci/tscircuit-store/boards/usb-c-pd-brushed-motor--a7c39d12/tooling/core-manufacturing-A22/lib/components/base-components/Renderable.ts:317:16)
    at _startAsyncAutorouting (/Users/anassarkiz/tsci/tscircuit-store/boards/usb-c-pd-brushed-motor--a7c39d12/tooling/core-manufacturing-A22/lib/components/primitive-components/Group/Group.ts:2072:12)
    at doInitialPcbTraceRender (/Users/anassarkiz/tsci/tscircuit-store/boards/usb-c-pd-brushed-motor--a7c39d12/tooling/core-manufacturing-A22/lib/components/primitive-components/Group/Group.ts:2121:10)
    at runRenderPhase (/Users/anassarkiz/tsci/tscircuit-store/boards/usb-c-pd-brushed-motor--a7c39d12/tooling/core-manufacturing-A22/lib/components/base-components/Renderable.ts:526:34)
    at runRenderCycle (/Users/anassarkiz/tsci/tscircuit-store/boards/usb-c-pd-brushed-motor--a7c39d12/tooling/core-manufacturing-A22/lib/components/base-components/Renderable.ts:463:12)
    at render (/Users/anassarkiz/tsci/tscircuit-store/boards/usb-c-pd-brushed-motor--a7c39d12/tooling/core-manufacturing-A22/lib/IsolatedCircuit.ts:211:16)
    at renderUntilSettled (/Users/anassarkiz/tsci/tscircuit-store/boards/usb-c-pd-brushed-motor--a7c39d12/tooling/core-manufacturing-A22/lib/IsolatedCircuit.ts:244:14)
    at async <anonymous> (/Users/anassarkiz/tsci/tscircuit-store/boards/usb-c-pd-brushed-motor--a7c39d12/tooling/core-manufacturing-A22/tests/features/autoroutingphase-saved-paths-validation.test.tsx:136:19)
    at processTicksAndRejections (native:7:39)
Async effect error in PcbTraceRender "autorouting":
Error: Duplicate saved phase path for "U1.1"
    at getSavedAutoroutingPhaseTracesFromPaths (/Users/anassarkiz/tsci/tscircuit-store/boards/usb-c-pd-brushed-motor--a7c39d12/tooling/core-manufacturing-A22/lib/components/primitive-components/Group/get-saved-autorouting-phase-traces.ts:102:17)
    at _runLocalAutorouting (/Users/anassarkiz/tsci/tscircuit-store/boards/usb-c-pd-brushed-motor--a7c39d12/tooling/core-manufacturing-A22/lib/components/primitive-components/Group/Group.ts:1754:26)
    at <anonymous> (/Users/anassarkiz/tsci/tscircuit-store/boards/usb-c-pd-brushed-motor--a7c39d12/tooling/core-manufacturing-A22/lib/components/primitive-components/Group/Group.ts:2073:14)
    at _queueAsyncEffect (/Users/anassarkiz/tsci/tscircuit-store/boards/usb-c-pd-brushed-motor--a7c39d12/tooling/core-manufacturing-A22/lib/components/base-components/Renderable.ts:317:16)
    at _startAsyncAutorouting (/Users/anassarkiz/tsci/tscircuit-store/boards/usb-c-pd-brushed-motor--a7c39d12/tooling/core-manufacturing-A22/lib/components/primitive-components/Group/Group.ts:2072:12)
    at doInitialPcbTraceRender (/Users/anassarkiz/tsci/tscircuit-store/boards/usb-c-pd-brushed-motor--a7c39d12/tooling/core-manufacturing-A22/lib/components/primitive-components/Group/Group.ts:2121:10)
    at runRenderPhase (/Users/anassarkiz/tsci/tscircuit-store/boards/usb-c-pd-brushed-motor--a7c39d12/tooling/core-manufacturing-A22/lib/components/base-components/Renderable.ts:526:34)
    at runRenderCycle (/Users/anassarkiz/tsci/tscircuit-store/boards/usb-c-pd-brushed-motor--a7c39d12/tooling/core-manufacturing-A22/lib/components/base-components/Renderable.ts:463:12)
    at render (/Users/anassarkiz/tsci/tscircuit-store/boards/usb-c-pd-brushed-motor--a7c39d12/tooling/core-manufacturing-A22/lib/IsolatedCircuit.ts:211:16)
    at renderUntilSettled (/Users/anassarkiz/tsci/tscircuit-store/boards/usb-c-pd-brushed-motor--a7c39d12/tooling/core-manufacturing-A22/lib/IsolatedCircuit.ts:244:14)
    at async <anonymous> (/Users/anassarkiz/tsci/tscircuit-store/boards/usb-c-pd-brushed-motor--a7c39d12/tooling/core-manufacturing-A22/tests/features/autoroutingphase-saved-paths-validation.test.tsx:136:19)
    at processTicksAndRejections (native:7:39)
Async effect error in PcbTraceRender "autorouting":
Error: Saved phase path "U1.1" must start at its PCB port on an available layer
    at getSavedAutoroutingPhaseTracesFromPaths (/Users/anassarkiz/tsci/tscircuit-store/boards/usb-c-pd-brushed-motor--a7c39d12/tooling/core-manufacturing-A22/lib/components/primitive-components/Group/get-saved-autorouting-phase-traces.ts:153:17)
    at _runLocalAutorouting (/Users/anassarkiz/tsci/tscircuit-store/boards/usb-c-pd-brushed-motor--a7c39d12/tooling/core-manufacturing-A22/lib/components/primitive-components/Group/Group.ts:1754:26)
    at <anonymous> (/Users/anassarkiz/tsci/tscircuit-store/boards/usb-c-pd-brushed-motor--a7c39d12/tooling/core-manufacturing-A22/lib/components/primitive-components/Group/Group.ts:2073:14)
    at _queueAsyncEffect (/Users/anassarkiz/tsci/tscircuit-store/boards/usb-c-pd-brushed-motor--a7c39d12/tooling/core-manufacturing-A22/lib/components/base-components/Renderable.ts:317:16)
    at _startAsyncAutorouting (/Users/anassarkiz/tsci/tscircuit-store/boards/usb-c-pd-brushed-motor--a7c39d12/tooling/core-manufacturing-A22/lib/components/primitive-components/Group/Group.ts:2072:12)
    at doInitialPcbTraceRender (/Users/anassarkiz/tsci/tscircuit-store/boards/usb-c-pd-brushed-motor--a7c39d12/tooling/core-manufacturing-A22/lib/components/primitive-components/Group/Group.ts:2121:10)
    at runRenderPhase (/Users/anassarkiz/tsci/tscircuit-store/boards/usb-c-pd-brushed-motor--a7c39d12/tooling/core-manufacturing-A22/lib/components/base-components/Renderable.ts:526:34)
    at runRenderCycle (/Users/anassarkiz/tsci/tscircuit-store/boards/usb-c-pd-brushed-motor--a7c39d12/tooling/core-manufacturing-A22/lib/components/base-components/Renderable.ts:463:12)
    at render (/Users/anassarkiz/tsci/tscircuit-store/boards/usb-c-pd-brushed-motor--a7c39d12/tooling/core-manufacturing-A22/lib/IsolatedCircuit.ts:211:16)
    at renderUntilSettled (/Users/anassarkiz/tsci/tscircuit-store/boards/usb-c-pd-brushed-motor--a7c39d12/tooling/core-manufacturing-A22/lib/IsolatedCircuit.ts:244:14)
    at async <anonymous> (/Users/anassarkiz/tsci/tscircuit-store/boards/usb-c-pd-brushed-motor--a7c39d12/tooling/core-manufacturing-A22/tests/features/autoroutingphase-saved-paths-validation.test.tsx:136:19)
    at processTicksAndRejections (native:7:39)
Async effect error in PcbTraceRender "autorouting":
Error: Saved phase path "U1.1" must end at another connection endpoint; use autorouter="fanout" for saved escapes
    at getSavedAutoroutingPhaseTracesFromPaths (/Users/anassarkiz/tsci/tscircuit-store/boards/usb-c-pd-brushed-motor--a7c39d12/tooling/core-manufacturing-A22/lib/components/primitive-components/Group/get-saved-autorouting-phase-traces.ts:176:17)
    at _runLocalAutorouting (/Users/anassarkiz/tsci/tscircuit-store/boards/usb-c-pd-brushed-motor--a7c39d12/tooling/core-manufacturing-A22/lib/components/primitive-components/Group/Group.ts:1754:26)
    at <anonymous> (/Users/anassarkiz/tsci/tscircuit-store/boards/usb-c-pd-brushed-motor--a7c39d12/tooling/core-manufacturing-A22/lib/components/primitive-components/Group/Group.ts:2073:14)
    at _queueAsyncEffect (/Users/anassarkiz/tsci/tscircuit-store/boards/usb-c-pd-brushed-motor--a7c39d12/tooling/core-manufacturing-A22/lib/components/base-components/Renderable.ts:317:16)
    at _startAsyncAutorouting (/Users/anassarkiz/tsci/tscircuit-store/boards/usb-c-pd-brushed-motor--a7c39d12/tooling/core-manufacturing-A22/lib/components/primitive-components/Group/Group.ts:2072:12)
    at doInitialPcbTraceRender (/Users/anassarkiz/tsci/tscircuit-store/boards/usb-c-pd-brushed-motor--a7c39d12/tooling/core-manufacturing-A22/lib/components/primitive-components/Group/Group.ts:2121:10)
    at runRenderPhase (/Users/anassarkiz/tsci/tscircuit-store/boards/usb-c-pd-brushed-motor--a7c39d12/tooling/core-manufacturing-A22/lib/components/base-components/Renderable.ts:526:34)
    at runRenderCycle (/Users/anassarkiz/tsci/tscircuit-store/boards/usb-c-pd-brushed-motor--a7c39d12/tooling/core-manufacturing-A22/lib/components/base-components/Renderable.ts:463:12)
    at render (/Users/anassarkiz/tsci/tscircuit-store/boards/usb-c-pd-brushed-motor--a7c39d12/tooling/core-manufacturing-A22/lib/IsolatedCircuit.ts:211:16)
    at renderUntilSettled (/Users/anassarkiz/tsci/tscircuit-store/boards/usb-c-pd-brushed-motor--a7c39d12/tooling/core-manufacturing-A22/lib/IsolatedCircuit.ts:244:14)
    at async <anonymous> (/Users/anassarkiz/tsci/tscircuit-store/boards/usb-c-pd-brushed-motor--a7c39d12/tooling/core-manufacturing-A22/tests/features/autoroutingphase-saved-paths-validation.test.tsx:136:19)
    at processTicksAndRejections (native:7:39)
Async effect error in PcbTraceRender "autorouting":
Error: Saved phase path "U1.1" must start at its PCB port on an available layer
    at getSavedAutoroutingPhaseTracesFromPaths (/Users/anassarkiz/tsci/tscircuit-store/boards/usb-c-pd-brushed-motor--a7c39d12/tooling/core-manufacturing-A22/lib/components/primitive-components/Group/get-saved-autorouting-phase-traces.ts:153:17)
    at _runLocalAutorouting (/Users/anassarkiz/tsci/tscircuit-store/boards/usb-c-pd-brushed-motor--a7c39d12/tooling/core-manufacturing-A22/lib/components/primitive-components/Group/Group.ts:1754:26)
    at <anonymous> (/Users/anassarkiz/tsci/tscircuit-store/boards/usb-c-pd-brushed-motor--a7c39d12/tooling/core-manufacturing-A22/lib/components/primitive-components/Group/Group.ts:2073:14)
    at _queueAsyncEffect (/Users/anassarkiz/tsci/tscircuit-store/boards/usb-c-pd-brushed-motor--a7c39d12/tooling/core-manufacturing-A22/lib/components/base-components/Renderable.ts:317:16)
    at _startAsyncAutorouting (/Users/anassarkiz/tsci/tscircuit-store/boards/usb-c-pd-brushed-motor--a7c39d12/tooling/core-manufacturing-A22/lib/components/primitive-components/Group/Group.ts:2072:12)
    at doInitialPcbTraceRender (/Users/anassarkiz/tsci/tscircuit-store/boards/usb-c-pd-brushed-motor--a7c39d12/tooling/core-manufacturing-A22/lib/components/primitive-components/Group/Group.ts:2121:10)
    at runRenderPhase (/Users/anassarkiz/tsci/tscircuit-store/boards/usb-c-pd-brushed-motor--a7c39d12/tooling/core-manufacturing-A22/lib/components/base-components/Renderable.ts:526:34)
    at runRenderCycle (/Users/anassarkiz/tsci/tscircuit-store/boards/usb-c-pd-brushed-motor--a7c39d12/tooling/core-manufacturing-A22/lib/components/base-components/Renderable.ts:463:12)
    at render (/Users/anassarkiz/tsci/tscircuit-store/boards/usb-c-pd-brushed-motor--a7c39d12/tooling/core-manufacturing-A22/lib/IsolatedCircuit.ts:211:16)
    at renderUntilSettled (/Users/anassarkiz/tsci/tscircuit-store/boards/usb-c-pd-brushed-motor--a7c39d12/tooling/core-manufacturing-A22/lib/IsolatedCircuit.ts:244:14)
    at async <anonymous> (/Users/anassarkiz/tsci/tscircuit-store/boards/usb-c-pd-brushed-motor--a7c39d12/tooling/core-manufacturing-A22/tests/features/autoroutingphase-saved-paths-validation.test.tsx:136:19)
    at processTicksAndRejections (native:7:39)
Async effect error in PcbTraceRender "autorouting":
Error: Saved phase path "U1.1" must end at another connection endpoint; use autorouter="fanout" for saved escapes
    at getSavedAutoroutingPhaseTracesFromPaths (/Users/anassarkiz/tsci/tscircuit-store/boards/usb-c-pd-brushed-motor--a7c39d12/tooling/core-manufacturing-A22/lib/components/primitive-components/Group/get-saved-autorouting-phase-traces.ts:176:17)
    at _runLocalAutorouting (/Users/anassarkiz/tsci/tscircuit-store/boards/usb-c-pd-brushed-motor--a7c39d12/tooling/core-manufacturing-A22/lib/components/primitive-components/Group/Group.ts:1754:26)
    at <anonymous> (/Users/anassarkiz/tsci/tscircuit-store/boards/usb-c-pd-brushed-motor--a7c39d12/tooling/core-manufacturing-A22/lib/components/primitive-components/Group/Group.ts:2073:14)
    at _queueAsyncEffect (/Users/anassarkiz/tsci/tscircuit-store/boards/usb-c-pd-brushed-motor--a7c39d12/tooling/core-manufacturing-A22/lib/components/base-components/Renderable.ts:317:16)
    at _startAsyncAutorouting (/Users/anassarkiz/tsci/tscircuit-store/boards/usb-c-pd-brushed-motor--a7c39d12/tooling/core-manufacturing-A22/lib/components/primitive-components/Group/Group.ts:2072:12)
    at doInitialPcbTraceRender (/Users/anassarkiz/tsci/tscircuit-store/boards/usb-c-pd-brushed-motor--a7c39d12/tooling/core-manufacturing-A22/lib/components/primitive-components/Group/Group.ts:2121:10)
    at runRenderPhase (/Users/anassarkiz/tsci/tscircuit-store/boards/usb-c-pd-brushed-motor--a7c39d12/tooling/core-manufacturing-A22/lib/components/base-components/Renderable.ts:526:34)
    at runRenderCycle (/Users/anassarkiz/tsci/tscircuit-store/boards/usb-c-pd-brushed-motor--a7c39d12/tooling/core-manufacturing-A22/lib/components/base-components/Renderable.ts:463:12)
    at render (/Users/anassarkiz/tsci/tscircuit-store/boards/usb-c-pd-brushed-motor--a7c39d12/tooling/core-manufacturing-A22/lib/IsolatedCircuit.ts:211:16)
    at renderUntilSettled (/Users/anassarkiz/tsci/tscircuit-store/boards/usb-c-pd-brushed-motor--a7c39d12/tooling/core-manufacturing-A22/lib/IsolatedCircuit.ts:244:14)
    at async <anonymous> (/Users/anassarkiz/tsci/tscircuit-store/boards/usb-c-pd-brushed-motor--a7c39d12/tooling/core-manufacturing-A22/tests/features/autoroutingphase-saved-paths-validation.test.tsx:136:19)
    at processTicksAndRejections (native:7:39)
Async effect error in PcbTraceRender "autorouting":
Error: Saved phase path "U1.1" uses a layer unavailable on this board
    at getSavedAutoroutingPhaseTracesFromPaths (/Users/anassarkiz/tsci/tscircuit-store/boards/usb-c-pd-brushed-motor--a7c39d12/tooling/core-manufacturing-A22/lib/components/primitive-components/Group/get-saved-autorouting-phase-traces.ts:134:19)
    at _runLocalAutorouting (/Users/anassarkiz/tsci/tscircuit-store/boards/usb-c-pd-brushed-motor--a7c39d12/tooling/core-manufacturing-A22/lib/components/primitive-components/Group/Group.ts:1754:26)
    at <anonymous> (/Users/anassarkiz/tsci/tscircuit-store/boards/usb-c-pd-brushed-motor--a7c39d12/tooling/core-manufacturing-A22/lib/components/primitive-components/Group/Group.ts:2073:14)
    at _queueAsyncEffect (/Users/anassarkiz/tsci/tscircuit-store/boards/usb-c-pd-brushed-motor--a7c39d12/tooling/core-manufacturing-A22/lib/components/base-components/Renderable.ts:317:16)
    at _startAsyncAutorouting (/Users/anassarkiz/tsci/tscircuit-store/boards/usb-c-pd-brushed-motor--a7c39d12/tooling/core-manufacturing-A22/lib/components/primitive-components/Group/Group.ts:2072:12)
    at doInitialPcbTraceRender (/Users/anassarkiz/tsci/tscircuit-store/boards/usb-c-pd-brushed-motor--a7c39d12/tooling/core-manufacturing-A22/lib/components/primitive-components/Group/Group.ts:2121:10)
    at runRenderPhase (/Users/anassarkiz/tsci/tscircuit-store/boards/usb-c-pd-brushed-motor--a7c39d12/tooling/core-manufacturing-A22/lib/components/base-components/Renderable.ts:526:34)
    at runRenderCycle (/Users/anassarkiz/tsci/tscircuit-store/boards/usb-c-pd-brushed-motor--a7c39d12/tooling/core-manufacturing-A22/lib/components/base-components/Renderable.ts:463:12)
    at render (/Users/anassarkiz/tsci/tscircuit-store/boards/usb-c-pd-brushed-motor--a7c39d12/tooling/core-manufacturing-A22/lib/IsolatedCircuit.ts:211:16)
    at renderUntilSettled (/Users/anassarkiz/tsci/tscircuit-store/boards/usb-c-pd-brushed-motor--a7c39d12/tooling/core-manufacturing-A22/lib/IsolatedCircuit.ts:244:14)
    at async <anonymous> (/Users/anassarkiz/tsci/tscircuit-store/boards/usb-c-pd-brushed-motor--a7c39d12/tooling/core-manufacturing-A22/tests/features/autoroutingphase-saved-paths-validation.test.tsx:136:19)
    at processTicksAndRejections (native:7:39)
Async effect error in PcbTraceRender "autorouting":
Error: Saved phase path "U1.1" has a via at a pad; enable allowViaInPad
    at getSavedAutoroutingPhaseTracesFromPaths (/Users/anassarkiz/tsci/tscircuit-store/boards/usb-c-pd-brushed-motor--a7c39d12/tooling/core-manufacturing-A22/lib/components/primitive-components/Group/get-saved-autorouting-phase-traces.ts:170:17)
    at _runLocalAutorouting (/Users/anassarkiz/tsci/tscircuit-store/boards/usb-c-pd-brushed-motor--a7c39d12/tooling/core-manufacturing-A22/lib/components/primitive-components/Group/Group.ts:1754:26)
    at <anonymous> (/Users/anassarkiz/tsci/tscircuit-store/boards/usb-c-pd-brushed-motor--a7c39d12/tooling/core-manufacturing-A22/lib/components/primitive-components/Group/Group.ts:2073:14)
    at _queueAsyncEffect (/Users/anassarkiz/tsci/tscircuit-store/boards/usb-c-pd-brushed-motor--a7c39d12/tooling/core-manufacturing-A22/lib/components/base-components/Renderable.ts:317:16)
    at _startAsyncAutorouting (/Users/anassarkiz/tsci/tscircuit-store/boards/usb-c-pd-brushed-motor--a7c39d12/tooling/core-manufacturing-A22/lib/components/primitive-components/Group/Group.ts:2072:12)
    at doInitialPcbTraceRender (/Users/anassarkiz/tsci/tscircuit-store/boards/usb-c-pd-brushed-motor--a7c39d12/tooling/core-manufacturing-A22/lib/components/primitive-components/Group/Group.ts:2121:10)
    at runRenderPhase (/Users/anassarkiz/tsci/tscircuit-store/boards/usb-c-pd-brushed-motor--a7c39d12/tooling/core-manufacturing-A22/lib/components/base-components/Renderable.ts:526:34)
    at runRenderCycle (/Users/anassarkiz/tsci/tscircuit-store/boards/usb-c-pd-brushed-motor--a7c39d12/tooling/core-manufacturing-A22/lib/components/base-components/Renderable.ts:463:12)
    at render (/Users/anassarkiz/tsci/tscircuit-store/boards/usb-c-pd-brushed-motor--a7c39d12/tooling/core-manufacturing-A22/lib/IsolatedCircuit.ts:211:16)
    at renderUntilSettled (/Users/anassarkiz/tsci/tscircuit-store/boards/usb-c-pd-brushed-motor--a7c39d12/tooling/core-manufacturing-A22/lib/IsolatedCircuit.ts:244:14)
    at async <anonymous> (/Users/anassarkiz/tsci/tscircuit-store/boards/usb-c-pd-brushed-motor--a7c39d12/tooling/core-manufacturing-A22/tests/features/autoroutingphase-saved-paths-validation.test.tsx:136:19)
    at processTicksAndRejections (native:7:39)
(pass) saved phase paths reject invalid ports, layers, anchors, and coverage [83.39ms]

tests/features/autoroutingphase-saved-fanout-paths.test.tsx:
(pass) autoroutingphase continues saved fanout escapes from their exit layer [225.29ms]

tests/features/autoroutingphase-fixed-pcb-path.test.tsx:
(pass) autorouting phases detour around a fixed hand-authored pcbPath [453.12ms]

tests/utils/saved-trace-via-contact-widths.test.ts:
(pass) via contacts use adjacent widths rather than the first taper width [0.13ms]

tests/utils/reverse-tapered-trace-route.test.ts:
(pass) reversing mixed saved wire segments preserves taper ownership and widths [0.96ms]

tests/utils/reverse-pcb-trace-route.test.ts:
(pass) preserves variable wire segment widths when reversing a PCB route [0.12ms]

tests/utils/saved-trace-route-widths.test.ts:
(pass) saved widths resolve only explicitly interpolated outgoing segments

tests/utils/with-fixed-trace-taper-envelope.test.ts:
(pass) fixed obstacles reserve tapered copper while preserving constant pad entries [17.79ms]

 9 pass
 0 fail
 274 expect() calls
Ran 9 tests across 9 files. [1.66s]
