bun test v1.3.9 (cf6cdbbb)

tests/breakout/breakout-insufficient-fanout-space-error.test.tsx:
trace: `key` is not a prop. Trying to access it will result in `undefined` being returned. If you need to access the same value within the child component, you should pass it as a different prop. (https://react.dev/link/special-props)
(pass) a breakout with too little room reports how to give the fanout space [1099.37ms]

tests/breakout/fanout-breakout-routes-before-global.test.tsx:
(pass) fanout breakout routes signals and plane drops before global routing [545.30ms]

tests/breakout/unrelated-winding-breakout-scopes.test.tsx:
(pass) unrelated automatic breakout cohorts solve independently [602.30ms]

tests/breakout/fanout-dogbone-global-handoff.test.tsx:
(pass) global routing continues from a local dogbone via [329.08ms]

tests/breakout/fanout-saved-trace-paths-via-endpoints.test.tsx:
(pass) saved fanout paths support leading and trailing vias [970.73ms]

tests/breakout/fanoutpoint-chip-route.test.tsx:
(pass) fanout routes a chip pin through a fanoutpoint [205.69ms]

tests/breakout/manualplaced-breakoutpoint.test.tsx:
(pass) autoplaced breakout points skipped when manual breakoutpoint exists [357.46ms]

tests/breakout/dogbone-plane-drop-phase-isolation.test.tsx:
(pass) dogbone routing owns its pad escapes while plane drops remain in the following phase [341.29ms]

tests/breakout/fanout-dogbone-artifact-replay.test.tsx:
(pass) dogbone phase exports editable fanout-local paths including power nets [1379.65ms]

tests/breakout/breakout-padding.test.tsx:
(pass) breakout padding expands pcb_group bounds around child components [167.74ms]

tests/breakout/fanout-margin-placement-error.test.tsx:
(pass) fanout boundaries must maintain fanoutMargin [173.66ms]

tests/breakout/fanout-soic8-sensor-to-i2c-header.test.tsx:
(pass) fanout routes soic8 sensor support parts to an i2c header without fanoutpoints [585.41ms]

tests/breakout/manual-breakoutpoints-use-default-autorouter.test.tsx:
(pass) manual breakout points use the default autorouter before global routing [330.51ms]
(pass) an explicit fanout autorouter is preserved with a manual breakout point [8.73ms]
(pass) breakout owns nested nets and shares stable boundary point identities with its parent [61.42ms]

tests/breakout/default-breakout-one-point-net.test.tsx:
(pass) parent net routing uses the child breakout point [673.69ms]

tests/breakout/fanout-saved-trace-paths.test.tsx:
(pass) saved fanout paths preserve bends and hand off to global routing [333.01ms]

tests/breakout/dogbone-autorouting-phase.test.tsx:
(pass) dogbone autorouting phase uses SRJ and feeds the following router [196.95ms]

tests/breakout/fanout-dogbone-solver-events.test.tsx:
Each child in a list should have a unique "key" prop.

Check the render method of `footprint`. It was passed a child from AM3352. See https://react.dev/link/warning-keys for more information.
(pass) dogbone solver events can replay and step the AM3352 solve [2083.62ms]

tests/breakout/fanout-dogbone-no-site.test.tsx:
Async effect error in PcbTraceRender "autorouting":
Error: No complete local dogbone assignment within clearance/search limits
    at tick (/Users/anassarkiz/tsci/tscircuit-store/boards/usb-c-pd-brushed-motor--a7c39d12/tooling/core-manufacturing-A22/node_modules/@tscircuit/dogbone-solver/lib/dogbone-autorouter.ts:176:24)
(pass) dogbone failure does not publish partial handoffs [18.28ms]

tests/breakout/breakout-sot23-regulator-power-rail.test.tsx:
(pass) breakout routes sot23 regulator power rail parts without breakoutpoints [711.99ms]

tests/breakout/fanout-group-schema.test.tsx:
(pass) transparent fanout groups emit valid enclosing-subcircuit associations and optional anchors [199.33ms]

tests/breakout/fanout-overlap-placement-error.test.tsx:
(pass) overlapping fanout boundaries produce a placement error [178.01ms]

tests/breakout/breakout-point-source-trace-ids.test.tsx:
(pass) transparent breakout points use board source trace ids [26.61ms]

tests/breakout/breakout-bga36-decoupling-caps.test.tsx:
(pass) breakout defaults to fanout for a 6x6 BGA surrounded by four 0603 decoupling caps [337.75ms]

tests/breakout/breakout-arduino-uno.test.tsx:
(skip) breakout routes Arduino Uno ATmega pins to board headers

tests/breakout/manual-breakoutpoints-preserve-plane-fanout.test.tsx:
(pass) manual breakout points preserve fanout for automatic plane drops [466.39ms]

tests/breakout/custom-implicit-breakout-point-solver.test.tsx:
(pass) uses a custom implicit breakout point solver when provided [442.34ms]

tests/breakout/autoplaced-breakoutpoints1.test.tsx:
(pass) autoplaced breakout points created for cross-boundary traces [349.30ms]

tests/breakout/breakout-qfp16-with-header-and-passives.test.tsx:
(pass) breakout routes qfp16 controller pins to header and passives with auto breakout points [556.20ms]

tests/breakout/overlapping-fanout-regions-error.test.tsx:
Async effect error in PcbTraceRender "autorouting":
Error: Fanout regions "LEFT_FANOUT" and "RIGHT_FANOUT" overlap by 2.300mm, but at least 0.700mm of separation is required for a via-safe routing channel. Move the components farther apart or reduce their facing fanout padding.
    at _runLocalAutorouting (/Users/anassarkiz/tsci/tscircuit-store/boards/usb-c-pd-brushed-motor--a7c39d12/tooling/core-manufacturing-A22/lib/components/primitive-components/Group/Group.ts:1296:17)
    at <anonymous> (/Users/anassarkiz/tsci/tscircuit-store/boards/usb-c-pd-brushed-motor--a7c39d12/tooling/core-manufacturing-A22/lib/components/primitive-components/Group/Group.ts:2073:14)
    at _queueAsyncEffect (/Users/anassarkiz/tsci/tscircuit-store/boards/usb-c-pd-brushed-motor--a7c39d12/tooling/core-manufacturing-A22/lib/components/base-components/Renderable.ts:317:16)
    at _startAsyncAutorouting (/Users/anassarkiz/tsci/tscircuit-store/boards/usb-c-pd-brushed-motor--a7c39d12/tooling/core-manufacturing-A22/lib/components/primitive-components/Group/Group.ts:2072:12)
    at doInitialPcbTraceRender (/Users/anassarkiz/tsci/tscircuit-store/boards/usb-c-pd-brushed-motor--a7c39d12/tooling/core-manufacturing-A22/lib/components/primitive-components/Group/Group.ts:2121:10)
    at runRenderPhase (/Users/anassarkiz/tsci/tscircuit-store/boards/usb-c-pd-brushed-motor--a7c39d12/tooling/core-manufacturing-A22/lib/components/base-components/Renderable.ts:526:34)
    at runRenderCycle (/Users/anassarkiz/tsci/tscircuit-store/boards/usb-c-pd-brushed-motor--a7c39d12/tooling/core-manufacturing-A22/lib/components/base-components/Renderable.ts:463:12)
    at render (/Users/anassarkiz/tsci/tscircuit-store/boards/usb-c-pd-brushed-motor--a7c39d12/tooling/core-manufacturing-A22/lib/IsolatedCircuit.ts:211:16)
    at renderUntilSettled (/Users/anassarkiz/tsci/tscircuit-store/boards/usb-c-pd-brushed-motor--a7c39d12/tooling/core-manufacturing-A22/lib/IsolatedCircuit.ts:244:14)
    at async <anonymous> (/Users/anassarkiz/tsci/tscircuit-store/boards/usb-c-pd-brushed-motor--a7c39d12/tooling/core-manufacturing-A22/tests/breakout/overlapping-fanout-regions-error.test.tsx:49:17)
    at processTicksAndRejections (native:7:39)
(pass) overlapping fanout regions fail before either solver starts [8.55ms]

tests/breakout/fanout-am3352-dogbones.test.tsx:
(pass) dogbone fanout escapes AM3352 power, ground and signal pads locally [1558.38ms]

tests/breakout/fanout-dogbone-transforms.test.tsx:
(pass) dogbone handoffs follow emitted pads on both sides at each right angle [1341.15ms]

tests/breakout/fanout-saved-trace-paths-validation.test.tsx:
Async effect error in PcbTraceRender "autorouting":
Error: Saved fanout path "U1.1" must start at its PCB port on an available layer
    at <anonymous> (/Users/anassarkiz/tsci/tscircuit-store/boards/usb-c-pd-brushed-motor--a7c39d12/tooling/core-manufacturing-A22/lib/components/primitive-components/Breakout/get-saved-fanout-traces.ts:80:19)
    at map (native:1:11)
    at getSavedFanoutTraces (/Users/anassarkiz/tsci/tscircuit-store/boards/usb-c-pd-brushed-motor--a7c39d12/tooling/core-manufacturing-A22/lib/components/primitive-components/Breakout/get-saved-fanout-traces.ts:31:62)
    at getPrecomputedRoutingResult (/Users/anassarkiz/tsci/tscircuit-store/boards/usb-c-pd-brushed-motor--a7c39d12/tooling/core-manufacturing-A22/lib/components/primitive-components/Group/Group_getRoutingPhasePlans.ts:510:19)
    at _runLocalAutorouting (/Users/anassarkiz/tsci/tscircuit-store/boards/usb-c-pd-brushed-motor--a7c39d12/tooling/core-manufacturing-A22/lib/components/primitive-components/Group/Group.ts:1754:26)
    at <anonymous> (/Users/anassarkiz/tsci/tscircuit-store/boards/usb-c-pd-brushed-motor--a7c39d12/tooling/core-manufacturing-A22/lib/components/primitive-components/Group/Group.ts:2073:14)
    at _queueAsyncEffect (/Users/anassarkiz/tsci/tscircuit-store/boards/usb-c-pd-brushed-motor--a7c39d12/tooling/core-manufacturing-A22/lib/components/base-components/Renderable.ts:317:16)
    at _startAsyncAutorouting (/Users/anassarkiz/tsci/tscircuit-store/boards/usb-c-pd-brushed-motor--a7c39d12/tooling/core-manufacturing-A22/lib/components/primitive-components/Group/Group.ts:2072:12)
    at doInitialPcbTraceRender (/Users/anassarkiz/tsci/tscircuit-store/boards/usb-c-pd-brushed-motor--a7c39d12/tooling/core-manufacturing-A22/lib/components/primitive-components/Group/Group.ts:2121:10)
    at runRenderPhase (/Users/anassarkiz/tsci/tscircuit-store/boards/usb-c-pd-brushed-motor--a7c39d12/tooling/core-manufacturing-A22/lib/components/base-components/Renderable.ts:526:34)
    at runRenderCycle (/Users/anassarkiz/tsci/tscircuit-store/boards/usb-c-pd-brushed-motor--a7c39d12/tooling/core-manufacturing-A22/lib/components/base-components/Renderable.ts:463:12)
    at render (/Users/anassarkiz/tsci/tscircuit-store/boards/usb-c-pd-brushed-motor--a7c39d12/tooling/core-manufacturing-A22/lib/IsolatedCircuit.ts:211:16)
    at renderUntilSettled (/Users/anassarkiz/tsci/tscircuit-store/boards/usb-c-pd-brushed-motor--a7c39d12/tooling/core-manufacturing-A22/lib/IsolatedCircuit.ts:244:14)
    at async <anonymous> (/Users/anassarkiz/tsci/tscircuit-store/boards/usb-c-pd-brushed-motor--a7c39d12/tooling/core-manufacturing-A22/tests/breakout/fanout-saved-trace-paths-validation.test.tsx:90:19)
    at processTicksAndRejections (native:7:39)
Async effect error in PcbTraceRender "autorouting":
Error: Saved fanout path "U1.1" uses a layer unavailable on this board
    at <anonymous> (/Users/anassarkiz/tsci/tscircuit-store/boards/usb-c-pd-brushed-motor--a7c39d12/tooling/core-manufacturing-A22/lib/components/primitive-components/Breakout/get-saved-fanout-traces.ts:39:21)
    at map (native:1:11)
    at getSavedFanoutTraces (/Users/anassarkiz/tsci/tscircuit-store/boards/usb-c-pd-brushed-motor--a7c39d12/tooling/core-manufacturing-A22/lib/components/primitive-components/Breakout/get-saved-fanout-traces.ts:31:62)
    at getPrecomputedRoutingResult (/Users/anassarkiz/tsci/tscircuit-store/boards/usb-c-pd-brushed-motor--a7c39d12/tooling/core-manufacturing-A22/lib/components/primitive-components/Group/Group_getRoutingPhasePlans.ts:510:19)
    at _runLocalAutorouting (/Users/anassarkiz/tsci/tscircuit-store/boards/usb-c-pd-brushed-motor--a7c39d12/tooling/core-manufacturing-A22/lib/components/primitive-components/Group/Group.ts:1754:26)
    at <anonymous> (/Users/anassarkiz/tsci/tscircuit-store/boards/usb-c-pd-brushed-motor--a7c39d12/tooling/core-manufacturing-A22/lib/components/primitive-components/Group/Group.ts:2073:14)
    at _queueAsyncEffect (/Users/anassarkiz/tsci/tscircuit-store/boards/usb-c-pd-brushed-motor--a7c39d12/tooling/core-manufacturing-A22/lib/components/base-components/Renderable.ts:317:16)
    at _startAsyncAutorouting (/Users/anassarkiz/tsci/tscircuit-store/boards/usb-c-pd-brushed-motor--a7c39d12/tooling/core-manufacturing-A22/lib/components/primitive-components/Group/Group.ts:2072:12)
    at doInitialPcbTraceRender (/Users/anassarkiz/tsci/tscircuit-store/boards/usb-c-pd-brushed-motor--a7c39d12/tooling/core-manufacturing-A22/lib/components/primitive-components/Group/Group.ts:2121:10)
    at runRenderPhase (/Users/anassarkiz/tsci/tscircuit-store/boards/usb-c-pd-brushed-motor--a7c39d12/tooling/core-manufacturing-A22/lib/components/base-components/Renderable.ts:526:34)
    at runRenderCycle (/Users/anassarkiz/tsci/tscircuit-store/boards/usb-c-pd-brushed-motor--a7c39d12/tooling/core-manufacturing-A22/lib/components/base-components/Renderable.ts:463:12)
    at render (/Users/anassarkiz/tsci/tscircuit-store/boards/usb-c-pd-brushed-motor--a7c39d12/tooling/core-manufacturing-A22/lib/IsolatedCircuit.ts:211:16)
    at renderUntilSettled (/Users/anassarkiz/tsci/tscircuit-store/boards/usb-c-pd-brushed-motor--a7c39d12/tooling/core-manufacturing-A22/lib/IsolatedCircuit.ts:244:14)
    at async <anonymous> (/Users/anassarkiz/tsci/tscircuit-store/boards/usb-c-pd-brushed-motor--a7c39d12/tooling/core-manufacturing-A22/tests/breakout/fanout-saved-trace-paths-validation.test.tsx:90:19)
    at processTicksAndRejections (native:7:39)
Async effect error in PcbTraceRender "autorouting":
Error: pcbTracePaths must cover every fanout connection; missing: breakout:pcb_breakout_point_0
    at getSavedFanoutTraces (/Users/anassarkiz/tsci/tscircuit-store/boards/usb-c-pd-brushed-motor--a7c39d12/tooling/core-manufacturing-A22/lib/components/primitive-components/Breakout/get-saved-fanout-traces.ts:181:15)
    at getPrecomputedRoutingResult (/Users/anassarkiz/tsci/tscircuit-store/boards/usb-c-pd-brushed-motor--a7c39d12/tooling/core-manufacturing-A22/lib/components/primitive-components/Group/Group_getRoutingPhasePlans.ts:510:19)
    at _runLocalAutorouting (/Users/anassarkiz/tsci/tscircuit-store/boards/usb-c-pd-brushed-motor--a7c39d12/tooling/core-manufacturing-A22/lib/components/primitive-components/Group/Group.ts:1754:26)
    at <anonymous> (/Users/anassarkiz/tsci/tscircuit-store/boards/usb-c-pd-brushed-motor--a7c39d12/tooling/core-manufacturing-A22/lib/components/primitive-components/Group/Group.ts:2073:14)
    at _queueAsyncEffect (/Users/anassarkiz/tsci/tscircuit-store/boards/usb-c-pd-brushed-motor--a7c39d12/tooling/core-manufacturing-A22/lib/components/base-components/Renderable.ts:317:16)
    at _startAsyncAutorouting (/Users/anassarkiz/tsci/tscircuit-store/boards/usb-c-pd-brushed-motor--a7c39d12/tooling/core-manufacturing-A22/lib/components/primitive-components/Group/Group.ts:2072:12)
    at doInitialPcbTraceRender (/Users/anassarkiz/tsci/tscircuit-store/boards/usb-c-pd-brushed-motor--a7c39d12/tooling/core-manufacturing-A22/lib/components/primitive-components/Group/Group.ts:2121:10)
    at runRenderPhase (/Users/anassarkiz/tsci/tscircuit-store/boards/usb-c-pd-brushed-motor--a7c39d12/tooling/core-manufacturing-A22/lib/components/base-components/Renderable.ts:526:34)
    at runRenderCycle (/Users/anassarkiz/tsci/tscircuit-store/boards/usb-c-pd-brushed-motor--a7c39d12/tooling/core-manufacturing-A22/lib/components/base-components/Renderable.ts:463:12)
    at render (/Users/anassarkiz/tsci/tscircuit-store/boards/usb-c-pd-brushed-motor--a7c39d12/tooling/core-manufacturing-A22/lib/IsolatedCircuit.ts:211:16)
    at renderUntilSettled (/Users/anassarkiz/tsci/tscircuit-store/boards/usb-c-pd-brushed-motor--a7c39d12/tooling/core-manufacturing-A22/lib/IsolatedCircuit.ts:244:14)
    at async <anonymous> (/Users/anassarkiz/tsci/tscircuit-store/boards/usb-c-pd-brushed-motor--a7c39d12/tooling/core-manufacturing-A22/tests/breakout/fanout-saved-trace-paths-validation.test.tsx:90:19)
    at processTicksAndRejections (native:7:39)
Async effect error in PcbTraceRender "autorouting":
Error: Saved fanout path "U1.1" starts with a via at a pad; enable allowViaInPad
    at <anonymous> (/Users/anassarkiz/tsci/tscircuit-store/boards/usb-c-pd-brushed-motor--a7c39d12/tooling/core-manufacturing-A22/lib/components/primitive-components/Breakout/get-saved-fanout-traces.ts:85:19)
    at map (native:1:11)
    at getSavedFanoutTraces (/Users/anassarkiz/tsci/tscircuit-store/boards/usb-c-pd-brushed-motor--a7c39d12/tooling/core-manufacturing-A22/lib/components/primitive-components/Breakout/get-saved-fanout-traces.ts:31:62)
    at getPrecomputedRoutingResult (/Users/anassarkiz/tsci/tscircuit-store/boards/usb-c-pd-brushed-motor--a7c39d12/tooling/core-manufacturing-A22/lib/components/primitive-components/Group/Group_getRoutingPhasePlans.ts:510:19)
    at _runLocalAutorouting (/Users/anassarkiz/tsci/tscircuit-store/boards/usb-c-pd-brushed-motor--a7c39d12/tooling/core-manufacturing-A22/lib/components/primitive-components/Group/Group.ts:1754:26)
    at <anonymous> (/Users/anassarkiz/tsci/tscircuit-store/boards/usb-c-pd-brushed-motor--a7c39d12/tooling/core-manufacturing-A22/lib/components/primitive-components/Group/Group.ts:2073:14)
    at _queueAsyncEffect (/Users/anassarkiz/tsci/tscircuit-store/boards/usb-c-pd-brushed-motor--a7c39d12/tooling/core-manufacturing-A22/lib/components/base-components/Renderable.ts:317:16)
    at _startAsyncAutorouting (/Users/anassarkiz/tsci/tscircuit-store/boards/usb-c-pd-brushed-motor--a7c39d12/tooling/core-manufacturing-A22/lib/components/primitive-components/Group/Group.ts:2072:12)
    at doInitialPcbTraceRender (/Users/anassarkiz/tsci/tscircuit-store/boards/usb-c-pd-brushed-motor--a7c39d12/tooling/core-manufacturing-A22/lib/components/primitive-components/Group/Group.ts:2121:10)
    at runRenderPhase (/Users/anassarkiz/tsci/tscircuit-store/boards/usb-c-pd-brushed-motor--a7c39d12/tooling/core-manufacturing-A22/lib/components/base-components/Renderable.ts:526:34)
    at runRenderCycle (/Users/anassarkiz/tsci/tscircuit-store/boards/usb-c-pd-brushed-motor--a7c39d12/tooling/core-manufacturing-A22/lib/components/base-components/Renderable.ts:463:12)
    at render (/Users/anassarkiz/tsci/tscircuit-store/boards/usb-c-pd-brushed-motor--a7c39d12/tooling/core-manufacturing-A22/lib/IsolatedCircuit.ts:211:16)
    at renderUntilSettled (/Users/anassarkiz/tsci/tscircuit-store/boards/usb-c-pd-brushed-motor--a7c39d12/tooling/core-manufacturing-A22/lib/IsolatedCircuit.ts:244:14)
    at async <anonymous> (/Users/anassarkiz/tsci/tscircuit-store/boards/usb-c-pd-brushed-motor--a7c39d12/tooling/core-manufacturing-A22/tests/breakout/fanout-saved-trace-paths-validation.test.tsx:90:19)
    at processTicksAndRejections (native:7:39)
(pass) saved fanout paths reject invalid layers, anchors, and incomplete coverage [29.42ms]

tests/breakout/fanout-custom-symbol-port-alias.test.tsx:
(pass) fanout resolves imported-style symbol aliases after source ports and traces exist [186.57ms]

tests/breakout/breakout-rp2040-with-passives.test.tsx:
(skip) breakout routes rp2040 pins to nearby capacitors and resistors

tests/breakout/breakoutpoint-route.test.tsx:
(pass) autorouter uses breakout point [194.43ms]

tests/breakout/fanout-saved-trace-paths-transforms.test.tsx:
(pass) saved fanout routes follow placement and preserve physical via layers [2563.76ms]

tests/breakout/breakoutpoint-target-layer.test.tsx:
(pass) explicit breakout target layers survive both escape and global routing [473.24ms]

tests/utils/autorouting/findPossibleTraceLayerCombinations.test.ts:
(pass) find possible trace layer combinations 1 [0.24ms]
(pass) find possible trace layer combinations 2 [0.04ms]

tests/utils/autorouting/simple-route-json-ignores-routed-subcircuit-traces.test.ts:
(pass) board simple route json ignores source traces already routed by child subcircuits

tests/utils/autorouting/findPossibleTraceLayerCombinations-ten-layers.test.ts:
(pass) optional via route hints can select inner8 on a ten-layer board [0.08ms]

tests/utils/autorouting/fanout-bounds-expand-breakout-points.test.ts:
(pass) breakout points expand resolved fanout bounds [0.05ms]

tests/utils/autorouting/ten-layer-drilled-obstacles.test.ts:
(pass) board cutouts obstruct every copper layer on a ten-layer board [0.08ms]

tests/utils/autorouting/fanout-source-keepout-metadata.test.ts:
(pass) fanout keepout handoff uses explicit source component metadata [0.11ms]

tests/utils/autorouting/simple-route-json-ignores-existing-top-level-pcb-traces.test.ts:
(pass) simple route json ignores existing top-level pcb traces as routing state [0.25ms]
(pass) simple route json keeps existing pcb traces as routing state inside subcircuits [0.21ms]

tests/utils/autorouting/getPresetAutoroutingConfig.test.ts:
(pass) getPresetAutoroutingConfig > treats auto_cloud preset string the same as auto-cloud [0.02ms]
(pass) getPresetAutoroutingConfig > treats auto_cloud preset object the same as auto-cloud
(pass) getPresetAutoroutingConfig > normalizes fanout presets to local subcircuit routing [0.02ms]

tests/utils/autorouting/near-complete-open-arc-keepout-keeps-approximation.test.ts:
(pass) near-complete open keepout arcs retain their segment approximation [0.98ms]

tests/utils/autorouting/pmp22650-circular-outline-keepout.test.ts:
(pass) PMP22650 circular outline keepout becomes one SRJ rect [0.14ms]

tests/utils/autorouting/get-circuit-json-pcb-trace-route.test.ts:
(pass) strips SRJ-only metadata without mutating the routed geometry [0.05ms]

tests/utils/autorouting/get-fanout-shared-boundary.test.ts:
(pass) fanout padding wraps the shared source-pad union [0.20ms]

tests/utils/autorouting/simple-route-json-layer-count.test.tsx:
(pass) simple route json respects single-layer board layerCount [29.13ms]

tests/utils/autorouting/simple-route-json-assignable-via.test.tsx:
(pass) assignable vias produce assignable obstacles [26.71ms]

tests/utils/autorouting/fanout-phase-separation.test.ts:
(pass) fanout phase regions require a via-safe horizontal or vertical gap [0.09ms]

tests/utils/autorouting/simple-route-json-connection-nominal-trace-width.test.tsx:
(pass) simple route json connection nominalTraceWidth matches trace thickness [206.25ms]

tests/utils/autorouting/simple-route-json-multilayer-count.test.tsx:
(pass) simple route json preserves a ten-layer board layerCount [2.76ms]

tests/utils/autorouting/simple-route-json-interconnect-obstacles.test.tsx:
(pass) interconnect pads have offBoardConnectsTo and netIsAssignable set [5.02ms]

tests/utils/autorouting/unroute-circuit-json.test.tsx:
(pass) unroute circuit json [207.07ms]

tests/utils/autorouting/simple-route-json-preserves-child-net-routing-state.test.ts:
(pass) board simple route json preserves child trace physical connectivity [0.29ms]

tests/utils/autorouting/simple-route-json-preserves-routed-vias-as-traces.test.ts:
(pass) preserved routed vias stay in SRJ traces instead of obstacles [0.60ms]

tests/utils/autorouting/via-obstacles-are-circular.test.ts:
(pass) vias produce explicitly circular obstacles [0.39ms]

tests/utils/autorouting/fanout-boundary-point-spacing.test.ts:
(pass) fanout boundary spacing uses the same default via floor as FanoutSolver [0.03ms]

tests/utils/autorouting/obstacles-preserve-circuit-element-identities.test.ts:
(pass) pad obstacles preserve opaque Circuit JSON identities [0.08ms]

tests/utils/autorouting/simple-route-json-unbroken-copper-pour-obstacles.test.tsx:
(pass) simple route json only includes unbroken copper pours as copper-pour obstacles [48.47ms]

tests/utils/autorouting/get-fanout-solver-buses.test.ts:
(pass) fanout solver buses preserve canonical exits, legacy guidance, and layer preferences [0.26ms]

tests/utils/autorouting/simple-route-json-port-selectors.test.tsx:
(pass) simple route json points include semantic port selectors [11.56ms]

tests/utils/autorouting/simple-route-json-outline.test.tsx:
(pass) simple route json includes board outline when provided [224.10ms]

tests/utils/autorouting/expand-srj-bounds-to-include-connection-points.test.ts:
(pass) expands SRJ bounds around non-off-board connection points [0.08ms]

tests/utils/autorouting/plane-direction-physical-pad.test.ts:
(pass) plane direction uses the physical pad rather than a distant same-net package [3.01ms]

tests/utils/autorouting/differential-pair-phase-filter.test.ts:
(pass) phased autorouting keeps differential pairs together [0.43ms]

tests/utils/autorouting/partial-outline-keepout-keeps-approximation.test.ts:
(pass) partial outline keepout retains its segment approximation [0.16ms]

tests/utils/autorouting/simple-route-json-usb-c.test.tsx:
(pass) simple route json usb-c [202.42ms]

tests/utils/autorouting/simple-route-json-owning-board-policy.test.tsx:
(pass) nested routing uses its owning board via policy [15.79ms]

tests/utils/autorouting/simple-route-json-net-width-precedence.test.tsx:
(pass) connected nets and traces retain their largest specified width [49.90ms]

tests/utils/autorouting/simple-route-json-axis-aligned-rotated-rect-obstacles.test.tsx:
(pass) axis-aligned rotated_rect pads become single simple-route obstacles [6.45ms]

tests/utils/autorouting/single-layer-routing.test.ts:
(pass) single_layer_routing resolves to the bus_lanes strategy without mutating config [0.22ms]

tests/utils/autorouting/fanout-phase-separation-region-identity.test.ts:
(pass) fanout separation sums each region's keepaway and deduplicates one physical region [0.09ms]

tests/utils/autorouting/differential-pair-segment-cohorts.test.tsx:
(pass) pairs differential SRJ segments by routing PCB group [12.04ms]

tests/utils/autorouting/compare-srj-points.test.ts:
(pass) SRJ endpoint comparison prefers point identity and otherwise matches position and layer [0.07ms]

tests/utils/autorouting/local-autorouter-strategies.test.ts:
(pass) the default local autorouter strategy preserves existing behavior [0.19ms]

tests/utils/autorouting/get-fanout-shared-boundary-original-endpoints.test.ts:
(pass) fanout boundary includes original endpoint tracks on the perpendicular axis [0.13ms]

tests/utils/autorouting/phased-autorouting-bounds.test.ts:
(pass) phased autorouting expands substituted bounds around phase connection points [0.25ms]

tests/utils/autorouting/capacity-mesh-autorouter/capacity-mesh-autorouter-async-step.test.ts:
(pass) CapacityMeshAutorouter uses stepAsync when available [3.10ms]

tests/utils/autorouting/capacity-mesh-autorouter/capacity-mesh-autorouter-pipeline9-output.test.ts:
(pass) Pipeline 9 local autorouter does not duplicate preloaded traces [41.68ms]

tests/utils/autorouting/capacity-mesh-autorouter/capacity-mesh-autorouter1.test.ts:
(pass) CapacityMeshAutorouter should solve a simple routing problem [75.91ms]
(pass) CapacityMeshAutorouter invokes onSolverStarted callback [0.12ms]

2 tests skipped:
(skip) breakout routes Arduino Uno ATmega pins to board headers
(skip) breakout routes rp2040 pins to nearby capacitors and resistors

 88 pass
 2 skip
 0 fail
 2109 expect() calls
Ran 90 tests across 83 files. [22.15s]
