Building 64 file(s)...
Building tests/supplier-audit/C10214.circuit.tsx...
Generating circuit JSON...
Circuit JSON written to dist/tests/supplier-audit/C10214/circuit.json
All pins on D1 are underspecified (no pinAttributes set)
D1 has no pin with requires_power=true
D1 has no pin with requires_ground=true
D1 is missing schematic reference designator text. For a custom symbol, add name="{REFDES}" inside the symbol.
Building tests/supplier-audit/C133439.circuit.tsx...
Generating circuit JSON...
Circuit JSON written to dist/tests/supplier-audit/C133439/circuit.json
Building tests/supplier-audit/C136279.circuit.tsx...
Generating circuit JSON...
Circuit JSON written to dist/tests/supplier-audit/C136279/circuit.json
Building tests/supplier-audit/C138687.circuit.tsx...
Generating circuit JSON...
Circuit JSON written to dist/tests/supplier-audit/C138687/circuit.json
Building tests/supplier-audit/C14663.circuit.tsx...
Generating circuit JSON...
Circuit JSON written to dist/tests/supplier-audit/C14663/circuit.json
Building tests/supplier-audit/C1653.circuit.tsx...
Generating circuit JSON...
Circuit JSON written to dist/tests/supplier-audit/C1653/circuit.json
Building tests/supplier-audit/C165948.circuit.tsx...
Generating circuit JSON...
Circuit JSON written to dist/tests/supplier-audit/C165948/circuit.json
The "J" prefix is being used with a <chip />, try using it with a <connector /> or <jumper />
J1 has no pin with requires_power=true
J1 has no pin with requires_ground=true
Building tests/supplier-audit/C178373.circuit.tsx...
Generating circuit JSON...
Circuit JSON written to dist/tests/supplier-audit/C178373/circuit.json
Building tests/supplier-audit/C181239.circuit.tsx...
Generating circuit JSON...
Circuit JSON written to dist/tests/supplier-audit/C181239/circuit.json
U3 has no pin with requires_power=true
Building tests/supplier-audit/C1849461.circuit.tsx...
Generating circuit JSON...
Circuit JSON written to dist/tests/supplier-audit/C1849461/circuit.json
U4 has no pin with requires_power=true
Building tests/supplier-audit/C1855818.circuit.tsx...
Generating circuit JSON...
Circuit JSON written to dist/tests/supplier-audit/C1855818/circuit.json
U10 has no pin with requires_power=true
Building tests/supplier-audit/C19191929.circuit.tsx...
Generating circuit JSON...
Circuit JSON written to dist/tests/supplier-audit/C19191929/circuit.json
The "C" prefix is being used with a <chip />, try using it with a <capacitor />
All pins on C18 are underspecified (no pinAttributes set)
C18 has no pin with requires_power=true
C18 has no pin with requires_ground=true
C18 is missing schematic reference designator text. For a custom symbol, add name="{REFDES}" inside the symbol.
Building tests/supplier-audit/C19666.circuit.tsx...
Generating circuit JSON...
Circuit JSON written to dist/tests/supplier-audit/C19666/circuit.json
Building tests/supplier-audit/C2074262.circuit.tsx...
Generating circuit JSON...
Circuit JSON written to dist/tests/supplier-audit/C2074262/circuit.json
Port pin1 on R68 is missing a trace
Port pin2 on R68 is missing a trace
Building tests/supplier-audit/C20917.circuit.tsx...
Generating circuit JSON...
Circuit JSON written to dist/tests/supplier-audit/C20917/circuit.json
The "Q" prefix is being used with a <chip />, try using it with a <transistor />
All pins on Q3 are underspecified (no pinAttributes set)
Q3 has no pin with requires_power=true
Q3 has no pin with requires_ground=true
Q3 is missing schematic reference designator text. For a custom symbol, add name="{REFDES}" inside the symbol.
Building tests/supplier-audit/C2103.circuit.tsx...
Generating circuit JSON...
Circuit JSON written to dist/tests/supplier-audit/C2103/circuit.json
Building tests/supplier-audit/C2109.circuit.tsx...
Generating circuit JSON...
Circuit JSON written to dist/tests/supplier-audit/C2109/circuit.json
Building tests/supplier-audit/C21122.circuit.tsx...
Generating circuit JSON...
Circuit JSON written to dist/tests/supplier-audit/C21122/circuit.json
Building tests/supplier-audit/C211759.circuit.tsx...
Generating circuit JSON...
Circuit JSON written to dist/tests/supplier-audit/C211759/circuit.json
All pins on D10 are underspecified (no pinAttributes set)
D10 has no pin with requires_power=true
D10 has no pin with requires_ground=true
D10 is missing schematic reference designator text. For a custom symbol, add name="{REFDES}" inside the symbol.
Building tests/supplier-audit/C21190.circuit.tsx...
Generating circuit JSON...
Circuit JSON written to dist/tests/supplier-audit/C21190/circuit.json
Building tests/supplier-audit/C22452.circuit.tsx...
Generating circuit JSON...
Circuit JSON written to dist/tests/supplier-audit/C22452/circuit.json
Building tests/supplier-audit/C22790.circuit.tsx...
Generating circuit JSON...
Circuit JSON written to dist/tests/supplier-audit/C22790/circuit.json
Building tests/supplier-audit/C22815.circuit.tsx...
Generating circuit JSON...
Circuit JSON written to dist/tests/supplier-audit/C22815/circuit.json
Building tests/supplier-audit/C22935.circuit.tsx...
Generating circuit JSON...
Circuit JSON written to dist/tests/supplier-audit/C22935/circuit.json
Building tests/supplier-audit/C22956.circuit.tsx...
Generating circuit JSON...
Circuit JSON written to dist/tests/supplier-audit/C22956/circuit.json
Building tests/supplier-audit/C22967.circuit.tsx...
Generating circuit JSON...
Circuit JSON written to dist/tests/supplier-audit/C22967/circuit.json
Building tests/supplier-audit/C22975.circuit.tsx...
Generating circuit JSON...
Circuit JSON written to dist/tests/supplier-audit/C22975/circuit.json
Building tests/supplier-audit/C23138.circuit.tsx...
Generating circuit JSON...
Circuit JSON written to dist/tests/supplier-audit/C23138/circuit.json
Building tests/supplier-audit/C23162.circuit.tsx...
Generating circuit JSON...
Circuit JSON written to dist/tests/supplier-audit/C23162/circuit.json
Building tests/supplier-audit/C23186.circuit.tsx...
Generating circuit JSON...
Circuit JSON written to dist/tests/supplier-audit/C23186/circuit.json
Building tests/supplier-audit/C23215.circuit.tsx...
Generating circuit JSON...
Circuit JSON written to dist/tests/supplier-audit/C23215/circuit.json
Building tests/supplier-audit/C23348.circuit.tsx...
Generating circuit JSON...
Circuit JSON written to dist/tests/supplier-audit/C23348/circuit.json
Building tests/supplier-audit/C23892.circuit.tsx...
Generating circuit JSON...
Circuit JSON written to dist/tests/supplier-audit/C23892/circuit.json
All pins on U8 are underspecified (no pinAttributes set)
U8 has no pin with requires_power=true
U8 has no pin with requires_ground=true
U8 is missing schematic reference designator text. For a custom symbol, add name="{REFDES}" inside the symbol.
Building tests/supplier-audit/C25803.circuit.tsx...
Generating circuit JSON...
Circuit JSON written to dist/tests/supplier-audit/C25803/circuit.json
Building tests/supplier-audit/C25890.circuit.tsx...
Generating circuit JSON...
Circuit JSON written to dist/tests/supplier-audit/C25890/circuit.json
Building tests/supplier-audit/C25980.circuit.tsx...
Generating circuit JSON...
Circuit JSON written to dist/tests/supplier-audit/C25980/circuit.json
Building tests/supplier-audit/C2678061.circuit.tsx...
Generating circuit JSON...
Circuit JSON written to dist/tests/supplier-audit/C2678061/circuit.json
Building tests/supplier-audit/C285788.circuit.tsx...
Generating circuit JSON...
Circuit JSON written to dist/tests/supplier-audit/C285788/circuit.json
Building tests/supplier-audit/C2906768.circuit.tsx...
Generating circuit JSON...
Circuit JSON written to dist/tests/supplier-audit/C2906768/circuit.json
The "TP" prefix is being used with a <chip />, try using it with a <testpoint />
All pins on TP1 are underspecified (no pinAttributes set)
Building tests/supplier-audit/C2918361.circuit.tsx...
Generating circuit JSON...
Circuit JSON written to dist/tests/supplier-audit/C2918361/circuit.json
Building tests/supplier-audit/C2986030.circuit.tsx...
Generating circuit JSON...
Circuit JSON written to dist/tests/supplier-audit/C2986030/circuit.json
Building tests/supplier-audit/C2991665.circuit.tsx...
Generating circuit JSON...
Circuit JSON written to dist/tests/supplier-audit/C2991665/circuit.json
Building tests/supplier-audit/C3293142.circuit.tsx...
Generating circuit JSON...
Circuit JSON written to dist/tests/supplier-audit/C3293142/circuit.json
The "S" prefix is being used with a <chip />, try using it with a <switch /> or <pushbutton />
All pins on SW2 are underspecified (no pinAttributes set)
SW2 has no pin with requires_power=true
SW2 has no pin with requires_ground=true
Building tests/supplier-audit/C395849.circuit.tsx...
Generating circuit JSON...
Circuit JSON written to dist/tests/supplier-audit/C395849/circuit.json
The "J" prefix is being used with a <chip />, try using it with a <connector /> or <jumper />
All pins on J2 are underspecified (no pinAttributes set)
J2 has no pin with requires_power=true
J2 has no pin with requires_ground=true
Building tests/supplier-audit/C403725.circuit.tsx...
Generating circuit JSON...
Circuit JSON written to dist/tests/supplier-audit/C403725/circuit.json
Building tests/supplier-audit/C4184.circuit.tsx...
Generating circuit JSON...
Circuit JSON written to dist/tests/supplier-audit/C4184/circuit.json
Building tests/supplier-audit/C440183.circuit.tsx...
Generating circuit JSON...
Circuit JSON written to dist/tests/supplier-audit/C440183/circuit.json
Building tests/supplier-audit/C44377.circuit.tsx...
Generating circuit JSON...
Circuit JSON written to dist/tests/supplier-audit/C44377/circuit.json
Building tests/supplier-audit/C468238.circuit.tsx...
Generating circuit JSON...
Circuit JSON written to dist/tests/supplier-audit/C468238/circuit.json
U2 has no pin with requires_power=true
Building tests/supplier-audit/C477999.circuit.tsx...
Generating circuit JSON...
Circuit JSON written to dist/tests/supplier-audit/C477999/circuit.json
All pins on D2 are underspecified (no pinAttributes set)
D2 has no pin with requires_power=true
D2 has no pin with requires_ground=true
D2 is missing schematic reference designator text. For a custom symbol, add name="{REFDES}" inside the symbol.
Building tests/supplier-audit/C529330.circuit.tsx...
Generating circuit JSON...
Circuit JSON written to dist/tests/supplier-audit/C529330/circuit.json
Building tests/supplier-audit/C53444.circuit.tsx...
Generating circuit JSON...
Circuit JSON written to dist/tests/supplier-audit/C53444/circuit.json
The "Q" prefix is being used with a <chip />, try using it with a <transistor />
All pins on Q2 are underspecified (no pinAttributes set)
Q2 has no pin with requires_power=true
Q2 has no pin with requires_ground=true
Q2 is missing schematic reference designator text. For a custom symbol, add name="{REFDES}" inside the symbol.
Building tests/supplier-audit/C5710902.circuit.tsx...
Generating circuit JSON...
Circuit JSON written to dist/tests/supplier-audit/C5710902/circuit.json
The "R" prefix is being used with a <chip />, try using it with a <resistor />
All pins on RV1 are underspecified (no pinAttributes set)
RV1 has no pin with requires_power=true
RV1 has no pin with requires_ground=true
RV1 is missing schematic reference designator text. For a custom symbol, add name="{REFDES}" inside the symbol.
Building tests/supplier-audit/C57112.circuit.tsx...
Generating circuit JSON...
Circuit JSON written to dist/tests/supplier-audit/C57112/circuit.json
Building tests/supplier-audit/C67470.circuit.tsx...
Generating circuit JSON...
Circuit JSON written to dist/tests/supplier-audit/C67470/circuit.json
Building tests/supplier-audit/C6986.circuit.tsx...
Generating circuit JSON...
Circuit JSON written to dist/tests/supplier-audit/C6986/circuit.json
Building tests/supplier-audit/C7420353.circuit.tsx...
Generating circuit JSON...
Circuit JSON written to dist/tests/supplier-audit/C7420353/circuit.json
The "Q" prefix is being used with a <chip />, try using it with a <transistor />
All pins on Q1 are underspecified (no pinAttributes set)
Q1 has no pin with requires_power=true
Q1 has no pin with requires_ground=true
Q1 is missing schematic reference designator text. For a custom symbol, add name="{REFDES}" inside the symbol.
Building tests/supplier-audit/C77083.circuit.tsx...
Generating circuit JSON...
Circuit JSON written to dist/tests/supplier-audit/C77083/circuit.json
Building tests/supplier-audit/C844918.circuit.tsx...
Generating circuit JSON...
Circuit JSON written to dist/tests/supplier-audit/C844918/circuit.json
Building tests/supplier-audit/C855559.circuit.tsx...
Generating circuit JSON...
Circuit JSON written to dist/tests/supplier-audit/C855559/circuit.json
Port pin1 on R60 is missing a trace
Port pin2 on R60 is missing a trace
Building tests/supplier-audit/C859155.circuit.tsx...
Generating circuit JSON...
Circuit JSON written to dist/tests/supplier-audit/C859155/circuit.json
Port pin1 on R68 is missing a trace
Port pin2 on R68 is missing a trace
Building tests/supplier-audit/C8598.circuit.tsx...
Generating circuit JSON...
Circuit JSON written to dist/tests/supplier-audit/C8598/circuit.json
Building tests/supplier-audit/C908270.circuit.tsx...
Generating circuit JSON...
Circuit JSON written to dist/tests/supplier-audit/C908270/circuit.json
The "S" prefix is being used with a <chip />, try using it with a <switch /> or <pushbutton />
All pins on SW1 are underspecified (no pinAttributes set)
SW1 has no pin with requires_power=true
SW1 has no pin with requires_ground=true
Building tests/supplier-audit/C95204.circuit.tsx...
Generating circuit JSON...
Circuit JSON written to dist/tests/supplier-audit/C95204/circuit.json
Port pin1 on R61 is missing a trace
Port pin2 on R61 is missing a trace

Build complete
  Circuits  64 passed
  Output    dist

✓ Done
Build exiting with code 0: build finished successfully
