$ biome format .
.yalc-store/packages/@tscircuit/core/0.0.2069/dist/index.d.ts format ━━━━━━━━━━━━━━━━━━━━━━━━━━━━━━━

  ! The size of the file is 9.5 MiB, which exceeds the configured maximum of 1.0 MiB for this project.
    Use the `files.maxSize` configuration to change the maximum size of files processed, or `files.includes` to ignore the file.
  

.yalc-store/packages/@tscircuit/core/0.0.2069/dist/index.js format ━━━━━━━━━━━━━━━━━━━━━━━━━━━━━━━━━

  ! The size of the file is 5.0 MiB, which exceeds the configured maximum of 1.0 MiB for this project.
    Use the `files.maxSize` configuration to change the maximum size of files processed, or `files.includes` to ignore the file.
  

.yalc-store/packages/@tscircuit/core/0.0.2073/dist/index.d.ts format ━━━━━━━━━━━━━━━━━━━━━━━━━━━━━━━

  ! The size of the file is 9.5 MiB, which exceeds the configured maximum of 1.0 MiB for this project.
    Use the `files.maxSize` configuration to change the maximum size of files processed, or `files.includes` to ignore the file.
  

.yalc-store/packages/@tscircuit/core/0.0.2073/dist/index.js format ━━━━━━━━━━━━━━━━━━━━━━━━━━━━━━━━━

  ! The size of the file is 5.1 MiB, which exceeds the configured maximum of 1.0 MiB for this project.
    Use the `files.maxSize` configuration to change the maximum size of files processed, or `files.includes` to ignore the file.
  

.yalc-store/packages/@tscircuit/props/0.0.682/dist/index.d.ts format ━━━━━━━━━━━━━━━━━━━━━━━━━━━━━━━

  ! The size of the file is 10.6 MiB, which exceeds the configured maximum of 1.0 MiB for this project.
    Use the `files.maxSize` configuration to change the maximum size of files processed, or `files.includes` to ignore the file.
  

.yalc-store/packages/@tscircuit/props/0.0.682/dist/index.js format ━━━━━━━━━━━━━━━━━━━━━━━━━━━━━━━━━

  ! The size of the file is 1.1 MiB, which exceeds the configured maximum of 1.0 MiB for this project.
    Use the `files.maxSize` configuration to change the maximum size of files processed, or `files.includes` to ignore the file.
  

.yalc-store/installations.json format ━━━━━━━━━━━━━━━━━━━━━━━━━━━━━━━━━━━━━━━━━━━━━━━━━━━━━━━━━━━━━━

  × Formatter would have printed the following content:
  
    1   │ - {}
      1 │ + {}
      2 │ + 
  

scripts/audit-circuit-schema.ts format ━━━━━━━━━━━━━━━━━━━━━━━━━━━━━━━━━━━━━━━━━━━━━━━━━━━━━━━━━━━━━

  × Formatter would have printed the following content:
  
    32 32 │         errorCount: errors.length,
    33 33 │         reportPath,
    34    │ - ······errors:·errors
    35    │ - ········.slice(0,·12)
    36    │ - ········.map((error)·=>·({
    37    │ - ··········type:·error.type,
    38    │ - ··········issues:·error.issues
    39    │ - ············.slice(0,·12)
    40    │ - ············.map((issue)·=>·({·path:·issue.path,·message:·issue.message·})),
    41    │ - ········})),
       34 │ + ······errors:·errors.slice(0,·12).map((error)·=>·({
       35 │ + ········type:·error.type,
       36 │ + ········issues:·error.issues
       37 │ + ··········.slice(0,·12)
       38 │ + ··········.map((issue)·=>·({·path:·issue.path,·message:·issue.message·})),
       39 │ + ······})),
    42 40 │       },
    43 41 │       null,
  

Checked 370 files in 75ms. No fixes applied.
Found 2 errors.
Found 6 warnings.
format ━━━━━━━━━━━━━━━━━━━━━━━━━━━━━━━━━━━━━━━━━━━━━━━━━━━━━━━━━━━━━━━━━━━━━━━━━━━━━━━━━━━━━━━━━━━━━

  × Some errors were emitted while running checks.
  

error: script "format:check" exited with code 1
