bun install v1.3.9 (cf6cdbbb)
error: NoSpaceLeft when create temporary directory named ".9ffbfffbf5f6de7e-000000BD.tar-fs" (while extracting "tar-fs")
error: NoSpaceLeft when create temporary directory named ".9bfadcb7fdfcfbbf-000000BE.github-from-package" (while extracting "github-from-package")
error: NoSpaceLeft when create temporary directory named ".b8fff4fff5f75dde-000000BF.react" (while extracting "@types/react")
error: NoSpaceLeft when create temporary directory named ".f8dbd7b3b7dfbef0-000000C1.math-utils" (while extracting "@tscircuit/math-utils")
error: NoSpaceLeft when create temporary directory named ".dddbddbffdf77fb9-000000C0.node-abi" (while extracting "node-abi")
error: NoSpaceLeft when create temporary directory named ".78dbf6f7bdfb0679-000000C2.event-target-shim" (while extracting "event-target-shim")
error: NoSpaceLeft when create temporary directory named ".dcdefdb3f7fbfcb9-000000C3.fanout-solver" (while extracting "@tscircuit/fanout-solver")
error: NoSpaceLeft when create temporary directory named ".9fffdff7bfff73dd-000000C4.minimist" (while extracting "minimist")
error: NoSpaceLeft when create temporary directory named ".18ded5bbb5ffaf3f-000000C7.color-string" (while extracting "color-string")
error: NoSpaceLeft when create temporary directory named ".bbdaf7ffffdcdf98-000000C8.solver-utils" (while extracting "@tscircuit/solver-utils")
error: NoSpaceLeft when create temporary directory named ".79ffdeb3bdfd1d3e-000000C9.mkdirp-classic" (while extracting "mkdirp-classic")
error: NoSpaceLeft when create temporary directory named ".78fbd6fbbdddde90-000000CA.thenify" (while extracting "thenify")
error: NoSpaceLeft when create temporary directory named ".7efbd7b3fffffffd-000000CB.is-buffer" (while extracting "is-buffer")
error: NoSpaceLeft when create temporary directory named ".3efad6b3f5fe6dc4-000000CC.rc" (while extracting "rc")
error: NoSpaceLeft when create temporary directory named ".d9dfddbbb7dfffa6-000000CD.napi-build-utils" (while extracting "napi-build-utils")
error: NoSpaceLeft when create temporary directory named ".dcdbfebbffdf3f7b-000000CE.decompress-response" (while extracting "decompress-response")
error: NoSpaceLeft when create temporary directory named ".5afbd5ffb5dfbffb-000000CF.circuit-json" (while extracting "circuit-json")
error: NoSpaceLeft when create temporary directory named ".fafefffbbdea97f2-000000D0.checks" (while extracting "@tscircuit/checks")
error: NoSpaceLeft when create temporary directory named ".3adbf7b7f5eb5df9-000000D1.expand-template" (while extracting "expand-template")
error: NoSpaceLeft when create temporary directory named ".dcfafeffbdf76fe9-000000D2.pump" (while extracting "pump")
error: NoSpaceLeft when create temporary directory named ".dedadcbbbff3f3ff-000000D3.function-bind" (while extracting "function-bind")
error: NoSpaceLeft when create temporary directory named ".f9dfffbfbfffebee-000000D4.node" (while extracting "@types/node")
error: NoSpaceLeft when create temporary directory named ".3cffd4f7fff4febc-000000D5.once" (while extracting "once")
error: NoSpaceLeft when create temporary directory named ".dcdaffbbffcffff9-000000B9.runtime" (while extracting "@babel/runtime")
error: NoSpaceLeft when create temporary directory named ".7efeffbbb7ff677b-000000D6.anynum" (while extracting "anynum")
error: NoSpaceLeft when create temporary directory named ".ffdbd5f7b5df93b8-000000C6.color-name" (while extracting "color-name")
error: NoSpaceLeft when create temporary directory named ".d9fafdfff7fef738-000000D7.simple-swizzle" (while extracting "simple-swizzle")
error: NoSpaceLeft when create temporary directory named ".7bdbf4f7f7d6cffe-000000BC.chownr" (while extracting "chownr")
error: NoSpaceLeft when create temporary directory named ".3dfaf6b7bdfff7fa-000000D8.tar-stream" (while extracting "tar-stream")
error: NoSpaceLeft when create temporary directory named ".b8fbdebff5fe59fb-000000D9.ini" (while extracting "ini")
error: NoSpaceLeft when create temporary directory named ".1efbfcbbffee37ed-000000DB.node" (while extracting "@types/node")
error: error: Unexpected: failed copying files from cache to destination for package @react-hook/passive-layout-effect
Unexpected: failed copying files from cache to destination for package base64-js
error: An internal error occurred (WriteFailed)
