[main 0f26937] Add defined motor-rail discharge and budget output-voltage tolerances
 107 files changed, 721251 insertions(+), 104 deletions(-)
 create mode 100644 docs/RAIL-DISCHARGE.md
 create mode 100644 evidence/ROHM-ESR-A11.pdf
 create mode 100644 evidence/ROHM-ESR-A11.txt
 create mode 100644 evidence/ROHM-ESR-derating-A11.png
 create mode 100644 evidence/ROHM-ESR-dimensions-A11.png
 create mode 100644 evidence/ROHM-ESR-download-A11.log
 create mode 100644 evidence/Yageo-RC-L-A11.pdf
 create mode 100644 evidence/Yageo-RC-L-A11.txt
 create mode 100644 evidence/Yageo-RC-download-A11.log
 create mode 100644 evidence/active-import-audit-A11.json
 create mode 100644 evidence/active-import-audit-A11.log
 create mode 100644 evidence/active-supplier-inspection-manifest-A11.json
 create mode 100644 evidence/bom-authoring/C18-A11.png
 create mode 100644 evidence/bom-authoring/R68-A11.png
 create mode 100644 evidence/bom-authoring/after-A11.png
 create mode 100644 evidence/bom-authoring/reconciliation-A11.json
 create mode 100644 evidence/bom-authoring/update-A11.log
 create mode 100644 evidence/buck-output-C178373-A11-ccm.png
 create mode 100644 evidence/buck-output-C178373-A11-review.json
 create mode 100644 evidence/buck-output-C178373-calculation-A11.log
 create mode 100644 evidence/commit-bookkeeping-A10.log
 create mode 100644 evidence/discharge-audit-config-A11.json
 create mode 100644 evidence/discharge-calculation-A11.log
 create mode 100644 evidence/discharge-import-audit-A11.json
 create mode 100644 evidence/discharge-import-audit-A11.log
 create mode 100644 evidence/discharge-inspection-manifest-A11.json
 create mode 100644 evidence/discharge-review-A11.json
 create mode 100644 evidence/format-A11.log
 create mode 100644 evidence/format-check-A11.log
 create mode 100644 evidence/full-build-A11.log
 create mode 100644 evidence/full-build-diagnostics-A11.json
 create mode 100644 evidence/full-build-output-A11.circuit.json
 create mode 100644 evidence/import-C2074262-A11.log
 create mode 100644 evidence/import-C859155-A11.log
 create mode 100644 evidence/main-native-checks-A11.json
 create mode 100644 evidence/main-netlist-A11.log
 create mode 100644 evidence/main-pin_specification-A11.log
 create mode 100644 evidence/main-placement-A11.log
 create mode 100644 evidence/main-placement-explicit-A11.log
 create mode 100644 evidence/main-schematic-placement-A11.log
 create mode 100644 evidence/main-source-A11.log
 create mode 100644 evidence/new-bom-metadata-A11.json
 create mode 100755 evidence/pd-policy-bun-test-A11
 create mode 100644 evidence/pd-policy-cortex-m0plus-A11.o
 create mode 100644 evidence/pd-policy-target-A11.log
 create mode 100755 evidence/pd-sequence-bun-test-A11
 create mode 100644 evidence/pd-sequence-cortex-m0plus-A11.o
 create mode 100755 evidence/pd-sequence-host-A11
 create mode 100644 evidence/pd-sequence-host-A11.log
 create mode 100644 evidence/pd-sequence-target-A11.log
 create mode 100644 evidence/power-report-A11.log
 create mode 100644 evidence/schematic-audit-A11.log
 create mode 100644 evidence/schematic-build-A11.log
 create mode 100644 evidence/schematic-connectivity-audit-A11.json
 create mode 100644 evidence/schematic-overview-A11.png
 create mode 100644 evidence/source-manifest-A11.json
 create mode 100644 evidence/supplier-C2074262-A11.html
 create mode 100644 evidence/supplier-C2074262-A11.json
 create mode 100644 evidence/supplier-C2074262-build-A11.log
 create mode 100644 evidence/supplier-C2074262-checks-A11.json
 create mode 100644 evidence/supplier-C2074262-fetch-A11.log
 create mode 100644 evidence/supplier-C2074262-netlist-A11.log
 create mode 100644 evidence/supplier-C2074262-pin_specification-A11.log
 create mode 100644 evidence/supplier-C2074262-placement-A11.log
 create mode 100644 evidence/supplier-C2074262-schematic-placement-A11.log
 create mode 100644 evidence/supplier-C2074262-source-A11.log
 create mode 100644 evidence/supplier-C859155-A11.html
 create mode 100644 evidence/supplier-C859155-A11.json
 create mode 100644 evidence/supplier-C859155-build-A11.log
 create mode 100644 evidence/supplier-C859155-checks-A11.json
 create mode 100644 evidence/supplier-C859155-fetch-A11.log
 create mode 100644 evidence/supplier-C859155-netlist-A11.log
 create mode 100644 evidence/supplier-C859155-pin_specification-A11.log
 create mode 100644 evidence/supplier-C859155-placement-A11.log
 create mode 100644 evidence/supplier-C859155-schematic-placement-A11.log
 create mode 100644 evidence/supplier-C859155-source-A11.log
 create mode 100644 evidence/tests-A11.log
 create mode 100644 evidence/thermal-via-policy-A11.json
 create mode 100644 evidence/thermal-via-policy-A11.log
 create mode 100644 evidence/typecheck-A11.log
 create mode 100644 imports/ESR18EZPF1001.tsx
 create mode 100644 imports/RC1206FR_7W1KL.tsx
 create mode 100644 scripts/discharge-review.ts
 create mode 100644 tests/supplier-audit/C2074262.circuit.tsx
 create mode 100644 tests/supplier-audit/C859155.circuit.tsx
