bun test v1.3.9 (cf6cdbbb)

tests/features/custom-symbol-pcb-port-selector.test.tsx:
[
  {
    name: "pin2",
    pcb: "pcb_port_0",
    source: "source_port_0",
    selector: ".Q1 > port.pin2",
    selected: false,
  }, {
    name: "pin1",
    pcb: "pcb_port_1",
    source: "source_port_1",
    selector: ".Q1 > port.pin1",
    selected: false,
  }, {
    name: "pin3",
    pcb: "pcb_port_2",
    source: "source_port_2",
    selector: ".Q1 > port.pin3",
    selected: false,
  }
]
13 |  await circuit.renderUntilSettled()
14 |  const selected=circuit.selectOne('.Q1 > port.pin1',{type:'port'}) as Port|null
15 |  const all=circuit.selectAll('port') as Port[]
16 |  console.log(all.map(p=>({name:p.props.name,pcb:p.pcb_port_id,source:p.source_port_id,selector:p.getPortSelector(),selected:p===selected})))
17 |  const physicalPorts=all.filter(p=>p.pcb_port_id===selected?.pcb_port_id)
18 |  expect(selected?.pcb_port_id).toBeDefined()
                                    ^
error: expect(received).toBeDefined()

Received: undefined

      at <anonymous> (/Users/anassarkiz/tsci/tscircuit-store/boards/usb-c-pd-brushed-motor--a7c39d12/tooling/core-manufacturing-A22/tests/features/custom-symbol-pcb-port-selector.test.tsx:18:32)
(fail) custom JSX symbol resolves the same physical PCB port through routing selectors [36.25ms]

 0 pass
 1 fail
 1 expect() calls
Ran 1 test across 1 file. [647.00ms]
