bun test v1.3.9 (cf6cdbbb)

tests/components/primitive-components/board-mounted-hole-schema.test.tsx:
(pass) standalone mounting holes omit an absent component association [190.12ms]

tests/components/primitive-components/schematic-symbol-resize.test.tsx:
(pass) SchematicSymbol resize with all primitive types [1111.68ms]

tests/components/primitive-components/custom-symbol-port-scaled-connected.test.tsx:
Async effect error in PcbTraceRender "autorouting":
TypeError: undefined is not an object (evaluating 'connectedPort.x')
    at <anonymous> (/Users/anassarkiz/tsci/tscircuit-store/boards/usb-c-pd-brushed-motor--a7c39d12/tooling/core-manufacturing-A22/lib/utils/autorouting/getSimpleRouteJsonFromCircuitJson.ts:566:13)
    at map (native:1:11)
    at getSimpleRouteJsonFromCircuitJson (/Users/anassarkiz/tsci/tscircuit-store/boards/usb-c-pd-brushed-motor--a7c39d12/tooling/core-manufacturing-A22/lib/utils/autorouting/getSimpleRouteJsonFromCircuitJson.ts:548:6)
    at _runLocalAutorouting (/Users/anassarkiz/tsci/tscircuit-store/boards/usb-c-pd-brushed-motor--a7c39d12/tooling/core-manufacturing-A22/lib/components/primitive-components/Group/Group.ts:1138:7)
    at <anonymous> (/Users/anassarkiz/tsci/tscircuit-store/boards/usb-c-pd-brushed-motor--a7c39d12/tooling/core-manufacturing-A22/lib/components/primitive-components/Group/Group.ts:2063:14)
    at _queueAsyncEffect (/Users/anassarkiz/tsci/tscircuit-store/boards/usb-c-pd-brushed-motor--a7c39d12/tooling/core-manufacturing-A22/lib/components/base-components/Renderable.ts:315:16)
    at _startAsyncAutorouting (/Users/anassarkiz/tsci/tscircuit-store/boards/usb-c-pd-brushed-motor--a7c39d12/tooling/core-manufacturing-A22/lib/components/primitive-components/Group/Group.ts:2062:12)
    at doInitialPcbTraceRender (/Users/anassarkiz/tsci/tscircuit-store/boards/usb-c-pd-brushed-motor--a7c39d12/tooling/core-manufacturing-A22/lib/components/primitive-components/Group/Group.ts:2111:10)
    at runRenderPhase (/Users/anassarkiz/tsci/tscircuit-store/boards/usb-c-pd-brushed-motor--a7c39d12/tooling/core-manufacturing-A22/lib/components/base-components/Renderable.ts:524:34)
    at runRenderCycle (/Users/anassarkiz/tsci/tscircuit-store/boards/usb-c-pd-brushed-motor--a7c39d12/tooling/core-manufacturing-A22/lib/components/base-components/Renderable.ts:461:12)
    at render (/Users/anassarkiz/tsci/tscircuit-store/boards/usb-c-pd-brushed-motor--a7c39d12/tooling/core-manufacturing-A22/lib/IsolatedCircuit.ts:211:16)
    at renderUntilSettled (/Users/anassarkiz/tsci/tscircuit-store/boards/usb-c-pd-brushed-motor--a7c39d12/tooling/core-manufacturing-A22/lib/IsolatedCircuit.ts:244:14)
    at async <anonymous> (/Users/anassarkiz/tsci/tscircuit-store/boards/usb-c-pd-brushed-motor--a7c39d12/tooling/core-manufacturing-A22/tests/components/primitive-components/custom-symbol-port-scaled-connected.test.tsx:67:17)
    at processTicksAndRejections (native:7:39)
(pass) Port schStemLength in custom symbol with width/height scaling connecting to capacitor [3089.43ms]

tests/components/primitive-components/schematic-symbol-connections-diode.test.tsx:
(pass) schematicsymbol maps diode symbol ports to a chip for traces [15637.73ms]

tests/components/primitive-components/board-silkscreen-schema.test.tsx:
(pass) standalone board labels use the native board artwork association [26.92ms]

tests/components/primitive-components/board-plated-hole-solder-paste.test.tsx:
(pass) plated-hole assembly layers preserve copper and SMT stencil apertures [144.20ms]

 6 pass
 0 fail
 257 expect() calls
Ran 6 tests across 6 files. [20.78s]
