bun test v1.3.9 (cf6cdbbb)

tests/features/custom-symbol-pcb-port-selector.test.tsx:
(pass) custom JSX symbol resolves the same physical PCB port through routing selectors [43.43ms]

tests/breakout/fanout-saved-trace-paths.test.tsx:
(pass) saved fanout paths preserve bends and hand off to global routing [529.72ms]

tests/breakout/fanout-saved-trace-paths-validation.test.tsx:
Async effect error in PcbTraceRender "autorouting":
Error: Saved fanout path "U1.1" must start at its PCB port on an available layer
    at <anonymous> (/Users/anassarkiz/tsci/tscircuit-store/boards/usb-c-pd-brushed-motor--a7c39d12/tooling/core-manufacturing-A22/lib/components/primitive-components/Breakout/get-saved-fanout-traces.ts:80:19)
    at map (native:1:11)
    at getSavedFanoutTraces (/Users/anassarkiz/tsci/tscircuit-store/boards/usb-c-pd-brushed-motor--a7c39d12/tooling/core-manufacturing-A22/lib/components/primitive-components/Breakout/get-saved-fanout-traces.ts:31:62)
    at getPrecomputedRoutingResult (/Users/anassarkiz/tsci/tscircuit-store/boards/usb-c-pd-brushed-motor--a7c39d12/tooling/core-manufacturing-A22/lib/components/primitive-components/Group/Group_getRoutingPhasePlans.ts:510:19)
    at _runLocalAutorouting (/Users/anassarkiz/tsci/tscircuit-store/boards/usb-c-pd-brushed-motor--a7c39d12/tooling/core-manufacturing-A22/lib/components/primitive-components/Group/Group.ts:1754:26)
    at <anonymous> (/Users/anassarkiz/tsci/tscircuit-store/boards/usb-c-pd-brushed-motor--a7c39d12/tooling/core-manufacturing-A22/lib/components/primitive-components/Group/Group.ts:2073:14)
    at _queueAsyncEffect (/Users/anassarkiz/tsci/tscircuit-store/boards/usb-c-pd-brushed-motor--a7c39d12/tooling/core-manufacturing-A22/lib/components/base-components/Renderable.ts:315:16)
    at _startAsyncAutorouting (/Users/anassarkiz/tsci/tscircuit-store/boards/usb-c-pd-brushed-motor--a7c39d12/tooling/core-manufacturing-A22/lib/components/primitive-components/Group/Group.ts:2072:12)
    at doInitialPcbTraceRender (/Users/anassarkiz/tsci/tscircuit-store/boards/usb-c-pd-brushed-motor--a7c39d12/tooling/core-manufacturing-A22/lib/components/primitive-components/Group/Group.ts:2121:10)
    at runRenderPhase (/Users/anassarkiz/tsci/tscircuit-store/boards/usb-c-pd-brushed-motor--a7c39d12/tooling/core-manufacturing-A22/lib/components/base-components/Renderable.ts:524:34)
    at runRenderCycle (/Users/anassarkiz/tsci/tscircuit-store/boards/usb-c-pd-brushed-motor--a7c39d12/tooling/core-manufacturing-A22/lib/components/base-components/Renderable.ts:461:12)
    at render (/Users/anassarkiz/tsci/tscircuit-store/boards/usb-c-pd-brushed-motor--a7c39d12/tooling/core-manufacturing-A22/lib/IsolatedCircuit.ts:211:16)
    at renderUntilSettled (/Users/anassarkiz/tsci/tscircuit-store/boards/usb-c-pd-brushed-motor--a7c39d12/tooling/core-manufacturing-A22/lib/IsolatedCircuit.ts:244:14)
    at async <anonymous> (/Users/anassarkiz/tsci/tscircuit-store/boards/usb-c-pd-brushed-motor--a7c39d12/tooling/core-manufacturing-A22/tests/breakout/fanout-saved-trace-paths-validation.test.tsx:90:19)
    at processTicksAndRejections (native:7:39)
Async effect error in PcbTraceRender "autorouting":
Error: Saved fanout path "U1.1" uses a layer unavailable on this board
    at <anonymous> (/Users/anassarkiz/tsci/tscircuit-store/boards/usb-c-pd-brushed-motor--a7c39d12/tooling/core-manufacturing-A22/lib/components/primitive-components/Breakout/get-saved-fanout-traces.ts:39:21)
    at map (native:1:11)
    at getSavedFanoutTraces (/Users/anassarkiz/tsci/tscircuit-store/boards/usb-c-pd-brushed-motor--a7c39d12/tooling/core-manufacturing-A22/lib/components/primitive-components/Breakout/get-saved-fanout-traces.ts:31:62)
    at getPrecomputedRoutingResult (/Users/anassarkiz/tsci/tscircuit-store/boards/usb-c-pd-brushed-motor--a7c39d12/tooling/core-manufacturing-A22/lib/components/primitive-components/Group/Group_getRoutingPhasePlans.ts:510:19)
    at _runLocalAutorouting (/Users/anassarkiz/tsci/tscircuit-store/boards/usb-c-pd-brushed-motor--a7c39d12/tooling/core-manufacturing-A22/lib/components/primitive-components/Group/Group.ts:1754:26)
    at <anonymous> (/Users/anassarkiz/tsci/tscircuit-store/boards/usb-c-pd-brushed-motor--a7c39d12/tooling/core-manufacturing-A22/lib/components/primitive-components/Group/Group.ts:2073:14)
    at _queueAsyncEffect (/Users/anassarkiz/tsci/tscircuit-store/boards/usb-c-pd-brushed-motor--a7c39d12/tooling/core-manufacturing-A22/lib/components/base-components/Renderable.ts:315:16)
    at _startAsyncAutorouting (/Users/anassarkiz/tsci/tscircuit-store/boards/usb-c-pd-brushed-motor--a7c39d12/tooling/core-manufacturing-A22/lib/components/primitive-components/Group/Group.ts:2072:12)
    at doInitialPcbTraceRender (/Users/anassarkiz/tsci/tscircuit-store/boards/usb-c-pd-brushed-motor--a7c39d12/tooling/core-manufacturing-A22/lib/components/primitive-components/Group/Group.ts:2121:10)
    at runRenderPhase (/Users/anassarkiz/tsci/tscircuit-store/boards/usb-c-pd-brushed-motor--a7c39d12/tooling/core-manufacturing-A22/lib/components/base-components/Renderable.ts:524:34)
    at runRenderCycle (/Users/anassarkiz/tsci/tscircuit-store/boards/usb-c-pd-brushed-motor--a7c39d12/tooling/core-manufacturing-A22/lib/components/base-components/Renderable.ts:461:12)
    at render (/Users/anassarkiz/tsci/tscircuit-store/boards/usb-c-pd-brushed-motor--a7c39d12/tooling/core-manufacturing-A22/lib/IsolatedCircuit.ts:211:16)
    at renderUntilSettled (/Users/anassarkiz/tsci/tscircuit-store/boards/usb-c-pd-brushed-motor--a7c39d12/tooling/core-manufacturing-A22/lib/IsolatedCircuit.ts:244:14)
    at async <anonymous> (/Users/anassarkiz/tsci/tscircuit-store/boards/usb-c-pd-brushed-motor--a7c39d12/tooling/core-manufacturing-A22/tests/breakout/fanout-saved-trace-paths-validation.test.tsx:90:19)
    at processTicksAndRejections (native:7:39)
Async effect error in PcbTraceRender "autorouting":
Error: pcbTracePaths must cover every fanout connection; missing: breakout:pcb_breakout_point_0
    at getSavedFanoutTraces (/Users/anassarkiz/tsci/tscircuit-store/boards/usb-c-pd-brushed-motor--a7c39d12/tooling/core-manufacturing-A22/lib/components/primitive-components/Breakout/get-saved-fanout-traces.ts:181:15)
    at getPrecomputedRoutingResult (/Users/anassarkiz/tsci/tscircuit-store/boards/usb-c-pd-brushed-motor--a7c39d12/tooling/core-manufacturing-A22/lib/components/primitive-components/Group/Group_getRoutingPhasePlans.ts:510:19)
    at _runLocalAutorouting (/Users/anassarkiz/tsci/tscircuit-store/boards/usb-c-pd-brushed-motor--a7c39d12/tooling/core-manufacturing-A22/lib/components/primitive-components/Group/Group.ts:1754:26)
    at <anonymous> (/Users/anassarkiz/tsci/tscircuit-store/boards/usb-c-pd-brushed-motor--a7c39d12/tooling/core-manufacturing-A22/lib/components/primitive-components/Group/Group.ts:2073:14)
    at _queueAsyncEffect (/Users/anassarkiz/tsci/tscircuit-store/boards/usb-c-pd-brushed-motor--a7c39d12/tooling/core-manufacturing-A22/lib/components/base-components/Renderable.ts:315:16)
    at _startAsyncAutorouting (/Users/anassarkiz/tsci/tscircuit-store/boards/usb-c-pd-brushed-motor--a7c39d12/tooling/core-manufacturing-A22/lib/components/primitive-components/Group/Group.ts:2072:12)
    at doInitialPcbTraceRender (/Users/anassarkiz/tsci/tscircuit-store/boards/usb-c-pd-brushed-motor--a7c39d12/tooling/core-manufacturing-A22/lib/components/primitive-components/Group/Group.ts:2121:10)
    at runRenderPhase (/Users/anassarkiz/tsci/tscircuit-store/boards/usb-c-pd-brushed-motor--a7c39d12/tooling/core-manufacturing-A22/lib/components/base-components/Renderable.ts:524:34)
    at runRenderCycle (/Users/anassarkiz/tsci/tscircuit-store/boards/usb-c-pd-brushed-motor--a7c39d12/tooling/core-manufacturing-A22/lib/components/base-components/Renderable.ts:461:12)
    at render (/Users/anassarkiz/tsci/tscircuit-store/boards/usb-c-pd-brushed-motor--a7c39d12/tooling/core-manufacturing-A22/lib/IsolatedCircuit.ts:211:16)
    at renderUntilSettled (/Users/anassarkiz/tsci/tscircuit-store/boards/usb-c-pd-brushed-motor--a7c39d12/tooling/core-manufacturing-A22/lib/IsolatedCircuit.ts:244:14)
    at async <anonymous> (/Users/anassarkiz/tsci/tscircuit-store/boards/usb-c-pd-brushed-motor--a7c39d12/tooling/core-manufacturing-A22/tests/breakout/fanout-saved-trace-paths-validation.test.tsx:90:19)
    at processTicksAndRejections (native:7:39)
Async effect error in PcbTraceRender "autorouting":
Error: Saved fanout path "U1.1" starts with a via at a pad; enable allowViaInPad
    at <anonymous> (/Users/anassarkiz/tsci/tscircuit-store/boards/usb-c-pd-brushed-motor--a7c39d12/tooling/core-manufacturing-A22/lib/components/primitive-components/Breakout/get-saved-fanout-traces.ts:85:19)
    at map (native:1:11)
    at getSavedFanoutTraces (/Users/anassarkiz/tsci/tscircuit-store/boards/usb-c-pd-brushed-motor--a7c39d12/tooling/core-manufacturing-A22/lib/components/primitive-components/Breakout/get-saved-fanout-traces.ts:31:62)
    at getPrecomputedRoutingResult (/Users/anassarkiz/tsci/tscircuit-store/boards/usb-c-pd-brushed-motor--a7c39d12/tooling/core-manufacturing-A22/lib/components/primitive-components/Group/Group_getRoutingPhasePlans.ts:510:19)
    at _runLocalAutorouting (/Users/anassarkiz/tsci/tscircuit-store/boards/usb-c-pd-brushed-motor--a7c39d12/tooling/core-manufacturing-A22/lib/components/primitive-components/Group/Group.ts:1754:26)
    at <anonymous> (/Users/anassarkiz/tsci/tscircuit-store/boards/usb-c-pd-brushed-motor--a7c39d12/tooling/core-manufacturing-A22/lib/components/primitive-components/Group/Group.ts:2073:14)
    at _queueAsyncEffect (/Users/anassarkiz/tsci/tscircuit-store/boards/usb-c-pd-brushed-motor--a7c39d12/tooling/core-manufacturing-A22/lib/components/base-components/Renderable.ts:315:16)
    at _startAsyncAutorouting (/Users/anassarkiz/tsci/tscircuit-store/boards/usb-c-pd-brushed-motor--a7c39d12/tooling/core-manufacturing-A22/lib/components/primitive-components/Group/Group.ts:2072:12)
    at doInitialPcbTraceRender (/Users/anassarkiz/tsci/tscircuit-store/boards/usb-c-pd-brushed-motor--a7c39d12/tooling/core-manufacturing-A22/lib/components/primitive-components/Group/Group.ts:2121:10)
    at runRenderPhase (/Users/anassarkiz/tsci/tscircuit-store/boards/usb-c-pd-brushed-motor--a7c39d12/tooling/core-manufacturing-A22/lib/components/base-components/Renderable.ts:524:34)
    at runRenderCycle (/Users/anassarkiz/tsci/tscircuit-store/boards/usb-c-pd-brushed-motor--a7c39d12/tooling/core-manufacturing-A22/lib/components/base-components/Renderable.ts:461:12)
    at render (/Users/anassarkiz/tsci/tscircuit-store/boards/usb-c-pd-brushed-motor--a7c39d12/tooling/core-manufacturing-A22/lib/IsolatedCircuit.ts:211:16)
    at renderUntilSettled (/Users/anassarkiz/tsci/tscircuit-store/boards/usb-c-pd-brushed-motor--a7c39d12/tooling/core-manufacturing-A22/lib/IsolatedCircuit.ts:244:14)
    at async <anonymous> (/Users/anassarkiz/tsci/tscircuit-store/boards/usb-c-pd-brushed-motor--a7c39d12/tooling/core-manufacturing-A22/tests/breakout/fanout-saved-trace-paths-validation.test.tsx:90:19)
    at processTicksAndRejections (native:7:39)
(pass) saved fanout paths reject invalid layers, anchors, and incomplete coverage [55.49ms]

tests/breakout/fanout-saved-trace-paths-transforms.test.tsx:
(pass) saved fanout routes follow placement and preserve physical via layers [3241.45ms]

tests/components/primitive-components/custom-symbol-rotation.test.tsx:
(pass) custom symbol rotation moves graphics, electrical pins and facing together [355.06ms]

 5 pass
 0 fail
 122 expect() calls
Ran 5 tests across 5 files. [5.12s]
