bun test v1.4.2 (744846f84)

tests/features/breakout-autorouter-version.test.tsx:
{"router":"tscircuit","version":"beta_pipeline7","solver":"AutoroutingPipelineSolver7_MultiGraph"}
Async effect error in PcbTraceRender "autorouting":
AutorouterError: Static reachability precheck failed: 1 route(s) have no legal path under the current reservation and start-region rules breakout:pcb_breakout_point_0 (pcb_port_0->pcb_breakout_point_0) (capacity-autorouter@0.0.954)
    at runCycleAndQueueNextCycle (/Users/anassarkiz/tsci/tscircuit-store/boards/usb-c-pd-brushed-motor--a7c39d12/tooling/core-manufacturing-A22/lib/utils/autorouting/CapacityMeshAutorouter.ts:258:24)
    at <anonymous> (/Users/anassarkiz/tsci/tscircuit-store/boards/usb-c-pd-brushed-motor--a7c39d12/tooling/core-manufacturing-A22/lib/utils/autorouting/CapacityMeshAutorouter.ts:316:27)
27 |         fontSize={0.45}
28 |       />
29 |     </board>,
30 |   )
31 |   await circuit.renderUntilSettled()
32 |   expect(versions).toEqual(["beta_pipeline9", "beta_pipeline7"])
                        ^
error: expect(received).toEqual(expected)

  [
-   "beta_pipeline9",
    "beta_pipeline7",
  ]

- Expected  - 1
+ Received  + 0

      at <anonymous> (/Users/anassarkiz/tsci/tscircuit-store/boards/usb-c-pd-brushed-motor--a7c39d12/tooling/core-manufacturing-A22/tests/features/breakout-autorouter-version.test.tsx:32:20)
(fail) breakout honors its router version while remaining board routes inherit the board version [110.46ms]

 0 pass
 1 fail
 1 expect() calls
Ran 1 test across 1 file. [948.00ms]
