bun test v1.3.9 (cf6cdbbb)

tests/breakout/fanout-custom-symbol-port-alias.test.tsx:
104 | 
105 |       const errorMessage = `Could not find port for selector "${selector}". Component "${targetComponent.props.name ?? parentSelector}" found, but does not have pin "${portLabel}". ${detail}`
106 | 
107 |       const subcircuit = trace.getSubcircuit()
108 |       const sourceGroup = subcircuit.getGroup()
109 |       throw new TraceConnectionError({
                  ^
TraceConnectionError: Could not find port for selector ".D1 > .K". Component ".D1 > " found, but does not have pin "K". It has no ports
 errorData: {
  error_type: "source_trace_not_connected_error",
  message: "Could not find port for selector \".D1 > .K\". Component \".D1 > \" found, but does not have pin \"K\". It has no ports",
  subcircuit_id: undefined,
  source_group_id: undefined,
  source_trace_id: undefined,
  selectors_not_found: [ ".D1 > .K" ],
},

      at Trace__findConnectedPorts (/Users/anassarkiz/tsci/tscircuit-store/boards/usb-c-pd-brushed-motor--a7c39d12/tooling/core-manufacturing-A22/lib/components/primitive-components/Trace/Trace__findConnectedPorts.ts:109:13)
      at doInitialCreateAutoplacedBreakoutPoints (/Users/anassarkiz/tsci/tscircuit-store/boards/usb-c-pd-brushed-motor--a7c39d12/tooling/core-manufacturing-A22/lib/components/primitive-components/Breakout/Breakout.ts:92:28)
      at runRenderPhase (/Users/anassarkiz/tsci/tscircuit-store/boards/usb-c-pd-brushed-motor--a7c39d12/tooling/core-manufacturing-A22/lib/components/base-components/Renderable.ts:524:34)
      at runRenderPhaseForChildren (/Users/anassarkiz/tsci/tscircuit-store/boards/usb-c-pd-brushed-motor--a7c39d12/tooling/core-manufacturing-A22/lib/components/base-components/Renderable.ts:545:13)
      at runRenderPhaseForChildren (/Users/anassarkiz/tsci/tscircuit-store/boards/usb-c-pd-brushed-motor--a7c39d12/tooling/core-manufacturing-A22/lib/components/normal-components/Board/Board.ts:689:11)
      at runRenderCycle (/Users/anassarkiz/tsci/tscircuit-store/boards/usb-c-pd-brushed-motor--a7c39d12/tooling/core-manufacturing-A22/lib/components/base-components/Renderable.ts:460:12)
      at render (/Users/anassarkiz/tsci/tscircuit-store/boards/usb-c-pd-brushed-motor--a7c39d12/tooling/core-manufacturing-A22/lib/IsolatedCircuit.ts:211:16)
      at renderUntilSettled (/Users/anassarkiz/tsci/tscircuit-store/boards/usb-c-pd-brushed-motor--a7c39d12/tooling/core-manufacturing-A22/lib/IsolatedCircuit.ts:225:10)
      at <anonymous> (/Users/anassarkiz/tsci/tscircuit-store/boards/usb-c-pd-brushed-motor--a7c39d12/tooling/core-manufacturing-A22/tests/breakout/fanout-custom-symbol-port-alias.test.tsx:21:17)
(fail) fanout resolves imported-style symbol aliases after source ports and traces exist [16.14ms]

 0 pass
 1 fail
Ran 1 test across 1 file. [748.00ms]
