npm warn gitignore-fallback No .npmignore file found, using .gitignore for file exclusion. Consider creating a .npmignore file to explicitly control published files.
npm warn gitignore-fallback No .npmignore file found, using .gitignore for file exclusion. Consider creating a .npmignore file to explicitly control published files.
npm warn EBADENGINE Unsupported engine {
npm warn EBADENGINE   package: 'circuit-to-svg@0.0.438',
npm warn EBADENGINE   required: { node: '24.x' },
npm warn EBADENGINE   current: { node: 'v25.6.0', npm: '11.8.0' }
npm warn EBADENGINE }
npm warn skipping integrity check for git dependency ssh://git@github.com/tscircuit/pcb-trace-linter.git
npm warn skipping integrity check for git dependency ssh://git@github.com/tscircuit/winding-breakout-point-solver.git
npm warn skipping integrity check for git dependency ssh://git@github.com/tscircuit/via-stitch-solver.git
npm warn skipping integrity check for git dependency ssh://git@github.com/tscircuit/jlcpcb-manufacturing-specs.git
npm warn skipping integrity check for git dependency ssh://git@github.com/tscircuit/implicit-copper-pour-solver.git
npm warn skipping integrity check for git dependency ssh://git@github.com/tscircuit/bga-fanout-solver.git
npm warn skipping integrity check for git dependency ssh://git@github.com/tscircuit/ti.git
npm warn deprecated path-dirname@1.0.2: Package no longer supported. Contact Support at https://www.npmjs.com/support for more info.
npm warn deprecated source-map-url@0.4.1: See https://github.com/lydell/source-map-url#deprecated
npm warn deprecated urix@0.1.0: Please see https://github.com/lydell/urix#deprecated
npm warn deprecated opn@6.0.0: The package has been renamed to `open`
npm warn deprecated resolve-url@0.2.1: https://github.com/lydell/resolve-url#deprecated
npm warn deprecated source-map-resolve@0.5.3: See https://github.com/lydell/source-map-resolve#deprecated
npm warn deprecated prebuild-install@7.1.3: No longer maintained. Please contact the author of the relevant native addon; alternatives are available.
npm warn deprecated fsevents@1.2.13: Upgrade to fsevents v2 to mitigate potential security issues
npm warn deprecated uuid@3.4.0: uuid@10 and below is no longer supported.  For ESM codebases, update to uuid@latest.  For CommonJS codebases, use uuid@11 (but be aware this version will likely be deprecated in 2028).
npm warn gitignore-fallback No .npmignore file found, using .gitignore for file exclusion. Consider creating a .npmignore file to explicitly control published files.
npm warn deprecated tar@6.2.1: Old versions of tar are not supported, and contain widely publicized security vulnerabilities, which have been fixed in the current version. Please update. Support for old versions may be purchased (at exorbitant rates) by contacting i@izs.me
npm warn gitignore-fallback No .npmignore file found, using .gitignore for file exclusion. Consider creating a .npmignore file to explicitly control published files.

added 656 packages, and audited 657 packages in 34s

59 packages are looking for funding
  run `npm fund` for details

28 vulnerabilities (1 low, 16 moderate, 10 high, 1 critical)

To address issues that do not require attention, run:
  npm audit fix

To address all issues possible (including breaking changes), run:
  npm audit fix --force

Some issues need review, and may require choosing
a different dependency.

Run `npm audit` for details.
