$ bun scripts/build-firmware.ts bringup
{
  "mode": "bringup",
  "status": "linked diagnostic image; motor qualification intentionally unavailable and inhibited",
  "memory": {
    "text": 20204,
    "data": 0,
    "bss": 440,
    "flashBytes": 20204,
    "staticRamBytes": 440,
    "reservedStackBytes": 2048
  },
  "artifacts": [
    {
      "path": "dist/firmware/bringup/motor-controller-A22.elf",
      "sha256": "4bb59e6ada73750aa60db80aebbf7b3b798b853627e65ef58005d4c086c77888"
    },
    {
      "path": "dist/firmware/bringup/motor-controller-A22.bin",
      "sha256": "efe17a0d5612a6640a13c8d67471d032869983c591b5e5b4f5eb3d08000d0135"
    }
  ]
}
