$ biome format --write .
.cache/bun/@tscircuit/cli@0.1.2228@@@1/dist/cli/main.js format ━━━━━━━━━━━━━━━━━━━━━━━━━━━━━━━━━━━━━

  ! The size of the file is 29.3 MiB, which exceeds the configured maximum of 1.0 MiB for this project.
    Use the `files.maxSize` configuration to change the maximum size of files processed, or `files.includes` to ignore the file.
  

.cache/bun/@tscircuit/cli@0.1.2228@@@1/dist/lib/index.js format ━━━━━━━━━━━━━━━━━━━━━━━━━━━━━━━━━━━━

  ! The size of the file is 16.5 MiB, which exceeds the configured maximum of 1.0 MiB for this project.
    Use the `files.maxSize` configuration to change the maximum size of files processed, or `files.includes` to ignore the file.
  

.cache/bun/@tscircuit/cli@0.1.2231@@@1/dist/cli/main.js format ━━━━━━━━━━━━━━━━━━━━━━━━━━━━━━━━━━━━━

  ! The size of the file is 29.3 MiB, which exceeds the configured maximum of 1.0 MiB for this project.
    Use the `files.maxSize` configuration to change the maximum size of files processed, or `files.includes` to ignore the file.
  

.cache/bun/@tscircuit/cli@0.1.2231@@@1/dist/lib/index.js format ━━━━━━━━━━━━━━━━━━━━━━━━━━━━━━━━━━━━

  ! The size of the file is 16.5 MiB, which exceeds the configured maximum of 1.0 MiB for this project.
    Use the `files.maxSize` configuration to change the maximum size of files processed, or `files.includes` to ignore the file.
  

.cache/bun/@tscircuit/core@0.0.1911@@@1/dist/index.d.ts format ━━━━━━━━━━━━━━━━━━━━━━━━━━━━━━━━━━━━━

  ! The size of the file is 9.3 MiB, which exceeds the configured maximum of 1.0 MiB for this project.
    Use the `files.maxSize` configuration to change the maximum size of files processed, or `files.includes` to ignore the file.
  

.cache/bun/@tscircuit/core@0.0.1911@@@1/dist/index.js format ━━━━━━━━━━━━━━━━━━━━━━━━━━━━━━━━━━━━━━━

  ! The size of the file is 2.8 MiB, which exceeds the configured maximum of 1.0 MiB for this project.
    Use the `files.maxSize` configuration to change the maximum size of files processed, or `files.includes` to ignore the file.
  

.cache/bun/@tscircuit/core@0.0.2050@@@1/dist/index.d.ts format ━━━━━━━━━━━━━━━━━━━━━━━━━━━━━━━━━━━━━

  ! The size of the file is 9.5 MiB, which exceeds the configured maximum of 1.0 MiB for this project.
    Use the `files.maxSize` configuration to change the maximum size of files processed, or `files.includes` to ignore the file.
  

.cache/bun/@tscircuit/core@0.0.2050@@@1/dist/index.js format ━━━━━━━━━━━━━━━━━━━━━━━━━━━━━━━━━━━━━━━

  ! The size of the file is 4.8 MiB, which exceeds the configured maximum of 1.0 MiB for this project.
    Use the `files.maxSize` configuration to change the maximum size of files processed, or `files.includes` to ignore the file.
  

.cache/bun/@tscircuit/core@0.0.2052@@@1/dist/index.d.ts format ━━━━━━━━━━━━━━━━━━━━━━━━━━━━━━━━━━━━━

  ! The size of the file is 9.5 MiB, which exceeds the configured maximum of 1.0 MiB for this project.
    Use the `files.maxSize` configuration to change the maximum size of files processed, or `files.includes` to ignore the file.
  

.cache/bun/@tscircuit/core@0.0.2052@@@1/dist/index.js format ━━━━━━━━━━━━━━━━━━━━━━━━━━━━━━━━━━━━━━━

  ! The size of the file is 4.8 MiB, which exceeds the configured maximum of 1.0 MiB for this project.
    Use the `files.maxSize` configuration to change the maximum size of files processed, or `files.includes` to ignore the file.
  

.cache/bun/@tscircuit/eval@0.0.1517@@@1/dist/blob-url.js format ━━━━━━━━━━━━━━━━━━━━━━━━━━━━━━━━━━━━

  ! The size of the file is 18.9 MiB, which exceeds the configured maximum of 1.0 MiB for this project.
    Use the `files.maxSize` configuration to change the maximum size of files processed, or `files.includes` to ignore the file.
  

.cache/bun/@tscircuit/eval@0.0.1517@@@1/dist/eval/index.js format ━━━━━━━━━━━━━━━━━━━━━━━━━━━━━━━━━━

  ! The size of the file is 2.3 MiB, which exceeds the configured maximum of 1.0 MiB for this project.
    Use the `files.maxSize` configuration to change the maximum size of files processed, or `files.includes` to ignore the file.
  

.cache/bun/@tscircuit/eval@0.0.1517@@@1/dist/lib/index.js format ━━━━━━━━━━━━━━━━━━━━━━━━━━━━━━━━━━━

  ! The size of the file is 2.4 MiB, which exceeds the configured maximum of 1.0 MiB for this project.
    Use the `files.maxSize` configuration to change the maximum size of files processed, or `files.includes` to ignore the file.
  

.cache/bun/@tscircuit/eval@0.0.1517@@@1/dist/platform-config/getPlatformConfig.js format ━━━━━━━━━━━

  ! The size of the file is 2.1 MiB, which exceeds the configured maximum of 1.0 MiB for this project.
    Use the `files.maxSize` configuration to change the maximum size of files processed, or `files.includes` to ignore the file.
  

.cache/bun/@tscircuit/eval@0.0.1517@@@1/dist/webworker/entrypoint.js format ━━━━━━━━━━━━━━━━━━━━━━━━

  ! The size of the file is 14.2 MiB, which exceeds the configured maximum of 1.0 MiB for this project.
    Use the `files.maxSize` configuration to change the maximum size of files processed, or `files.includes` to ignore the file.
  

.cache/bun/@tscircuit/eval@0.0.1518@@@1/dist/blob-url.js format ━━━━━━━━━━━━━━━━━━━━━━━━━━━━━━━━━━━━

  ! The size of the file is 18.9 MiB, which exceeds the configured maximum of 1.0 MiB for this project.
    Use the `files.maxSize` configuration to change the maximum size of files processed, or `files.includes` to ignore the file.
  

.cache/bun/@tscircuit/eval@0.0.1518@@@1/dist/eval/index.js format ━━━━━━━━━━━━━━━━━━━━━━━━━━━━━━━━━━

  ! The size of the file is 2.3 MiB, which exceeds the configured maximum of 1.0 MiB for this project.
    Use the `files.maxSize` configuration to change the maximum size of files processed, or `files.includes` to ignore the file.
  

.cache/bun/@tscircuit/eval@0.0.1518@@@1/dist/lib/index.js format ━━━━━━━━━━━━━━━━━━━━━━━━━━━━━━━━━━━

  ! The size of the file is 2.4 MiB, which exceeds the configured maximum of 1.0 MiB for this project.
    Use the `files.maxSize` configuration to change the maximum size of files processed, or `files.includes` to ignore the file.
  

.cache/bun/@tscircuit/eval@0.0.1518@@@1/dist/platform-config/getPlatformConfig.js format ━━━━━━━━━━━

  ! The size of the file is 2.1 MiB, which exceeds the configured maximum of 1.0 MiB for this project.
    Use the `files.maxSize` configuration to change the maximum size of files processed, or `files.includes` to ignore the file.
  

.cache/bun/tscircuit@0.0.2734@@@1/dist/webworker.min.js format ━━━━━━━━━━━━━━━━━━━━━━━━━━━━━━━━━━━━━

  ! The size of the file is 14.2 MiB, which exceeds the configured maximum of 1.0 MiB for this project.
    Use the `files.maxSize` configuration to change the maximum size of files processed, or `files.includes` to ignore the file.
  

The number of diagnostics exceeds the limit allowed. Use --max-diagnostics to increase it.
Diagnostics not shown: 19.
Formatted 212 files in 946ms. Fixed 125 files.
Found 39 warnings.
