$ biome format --write .
.yalc-store/packages/@tscircuit/core/0.0.2069/dist/index.d.ts format ━━━━━━━━━━━━━━━━━━━━━━━━━━━━━━━

  ! The size of the file is 9.5 MiB, which exceeds the configured maximum of 1.0 MiB for this project.
    Use the `files.maxSize` configuration to change the maximum size of files processed, or `files.includes` to ignore the file.
  

.yalc-store/packages/@tscircuit/core/0.0.2069/dist/index.js format ━━━━━━━━━━━━━━━━━━━━━━━━━━━━━━━━━

  ! The size of the file is 5.0 MiB, which exceeds the configured maximum of 1.0 MiB for this project.
    Use the `files.maxSize` configuration to change the maximum size of files processed, or `files.includes` to ignore the file.
  

.yalc-store/packages/@tscircuit/core/0.0.2073/dist/index.d.ts format ━━━━━━━━━━━━━━━━━━━━━━━━━━━━━━━

  ! The size of the file is 9.5 MiB, which exceeds the configured maximum of 1.0 MiB for this project.
    Use the `files.maxSize` configuration to change the maximum size of files processed, or `files.includes` to ignore the file.
  

.yalc-store/packages/@tscircuit/core/0.0.2073/dist/index.js format ━━━━━━━━━━━━━━━━━━━━━━━━━━━━━━━━━

  ! The size of the file is 5.1 MiB, which exceeds the configured maximum of 1.0 MiB for this project.
    Use the `files.maxSize` configuration to change the maximum size of files processed, or `files.includes` to ignore the file.
  

.yalc/@tscircuit/core/dist/index.d.ts format ━━━━━━━━━━━━━━━━━━━━━━━━━━━━━━━━━━━━━━━━━━━━━━━━━━━━━━━

  ! The size of the file is 9.5 MiB, which exceeds the configured maximum of 1.0 MiB for this project.
    Use the `files.maxSize` configuration to change the maximum size of files processed, or `files.includes` to ignore the file.
  

.yalc/@tscircuit/core/dist/index.js format ━━━━━━━━━━━━━━━━━━━━━━━━━━━━━━━━━━━━━━━━━━━━━━━━━━━━━━━━━

  ! The size of the file is 5.1 MiB, which exceeds the configured maximum of 1.0 MiB for this project.
    Use the `files.maxSize` configuration to change the maximum size of files processed, or `files.includes` to ignore the file.
  

Formatted 190 files in 126ms. No fixes applied.
Found 6 warnings.
