placement summary: 1 suboptimal orientation

worst issues:
1. C19 connections cross the routing path between its pads. Suggested move: rotate C19 180 degrees.

board top-layer utilization:
- occupied: 46.666% (2426.609mm^2 of 5200mm^2)
- empty spaces over 5% of board area:
  - 5.445% (283.136mm^2); bounds=(minX=-18.039mm, maxX=40mm, minY=27.622mm, maxY=32.5mm)

board-edge status:
- J1: 2.326mm inside left edge
- U1: 11.65mm inside left edge
- U2: 5.038mm inside left edge
- U3: 12.038mm inside left edge
- D1: 5.904mm inside left edge
- D2: 17.5mm inside left edge
- R1: 25.343mm inside bottom edge
- D3: 22.425mm inside left edge
- C1: 8.295mm inside left edge
- C2: 5.55mm inside left edge
- C3: 4.05mm inside bottom edge
- C4: 4.05mm inside bottom edge
- C5: 2.4mm inside bottom edge
- C6: 24.795mm inside bottom edge
- C7: 21.825mm inside bottom edge
- C8: 2.9mm inside left edge
- R2: 11.843mm inside left edge
- R3: 15.843mm inside left edge
- R4: 19.343mm inside top edge
- TP5: 12.785mm inside bottom edge
- TP6: 18.285mm inside bottom edge
- U11: 16.258mm inside left edge
- SW2: 7.484mm inside bottom edge
- C30: 25.05mm inside top edge
- C31: 20.095mm inside top edge
- C32: 25.05mm inside left edge
- R56: 17.068mm inside top edge
- R57: 29.343mm inside top edge
- Q6: 29.225mm inside bottom edge
- R58: 13.068mm inside bottom edge
- R59: 25.343mm inside bottom edge
- R60: 27.343mm inside left edge
- R61: 27.268mm inside top edge
- C33: 24.85mm inside top edge
- R62: 10.843mm inside left edge
- Q7: 18.5mm inside left edge
- Q8: 22.5mm inside left edge
- R63: 28.343mm inside top edge
- R64: 30.343mm inside bottom edge
- R66: 26.843mm inside left edge
- R67: 26.843mm inside left edge
- C34: 30.05mm inside bottom edge
- TP1: 10.185mm inside left edge
- TP2: 10.185mm inside left edge
- TP3: 10.185mm inside left edge
- TP4: 15.285mm inside left edge
- D4: 7.23mm inside left edge
- U4: 10.403mm inside top edge
- Q1: 7.225mm inside top edge
- R5: 6.843mm inside left edge
- R6: 8.068mm inside top edge
- R7: 8.068mm inside top edge
- R8: 8.068mm inside top edge
- R9: 7.343mm inside top edge
- R10: 3.343mm inside top edge
- R11: 2.843mm inside left edge
- R12: 2.843mm inside left edge
- R13: 4.568mm inside left edge
- R16: 27.343mm inside top edge
- C9: 12.4mm inside top edge
- C10: 16.4mm inside top edge
- C11: 11.325mm inside left edge
- U5: 9.712mm inside top edge
- D5: 6.465mm inside top edge
- L1: 12mm inside top edge
- C12: 15.4mm inside top edge
- C13: 20.75mm inside top edge
- C14: 11.165mm inside top edge
- C15: 18.55mm inside top edge
- C16: 6.636mm inside top edge
- C17: 20.636mm inside top edge
- C18: 10.25mm inside right edge
- R17: 24.068mm inside top edge
- R18: 27.068mm inside top edge
- R55: 25.343mm inside top edge
- R19: 25.343mm inside top edge
- R20: 29.068mm inside top edge
- R21: 30.068mm inside top edge
- R22: 21.068mm inside top edge
- C19: 12.9mm inside right edge
- C20: 9.4mm inside bottom edge
- R23: 29.343mm inside top edge
- R68: 23.649mm inside top edge
- R24: 24.343mm inside top edge
- U6: 19.82mm inside bottom edge
- RV1: 10.05mm inside bottom edge
- R25: 21.343mm inside bottom edge
- D6: 21.2mm inside bottom edge
- D7: 21.2mm inside bottom edge
- R26: 27.068mm inside bottom edge
- C21: 5.4mm inside bottom edge
- C22: 13.4mm inside bottom edge
- C23: 17.85mm inside bottom edge
- SW1: 5.9mm inside bottom edge
- R29: 19.068mm inside bottom edge
- R30: 19.068mm inside bottom edge
- LED2: 8mm inside bottom edge
- LED3: 13mm inside bottom edge
- U8: 25.23mm inside right edge
- R31: 25.843mm inside right edge
- U9: 23.82mm inside bottom edge
- R32: 22.568mm inside right edge
- R33: 20.843mm inside right edge
- R34: 21.068mm inside bottom edge
- D8: 23.2mm inside bottom edge
- R39: 20.843mm inside right edge
- R65: 20.843mm inside right edge
- R40: 16.843mm inside right edge
- C25: 13.4mm inside bottom edge
- U10: 12.553mm inside right edge
- R50: 10.73mm inside right edge
- R51: 19.568mm inside right edge
- C26: 15.4mm inside right edge
- C27: 11.4mm inside right edge
- C28: 11.4mm inside right edge
- C29: 12.665mm inside right edge
- D10: 7.8mm inside right edge
- D11: 5.8mm inside right edge
- J2: 4.65mm inside right edge
- R54: 11.23mm inside bottom edge
- LED1: 8mm inside bottom edge
- TP7: 18.785mm inside bottom edge
- Q2: 5.5mm inside right edge
- R41: 10.843mm inside right edge
- R42: 14.843mm inside right edge
- R43: 18.843mm inside right edge
- R44: 22.843mm inside right edge
- D9: 4.833mm inside right edge
- Q3: 5.5mm inside right edge
- R45: 1.772mm inside top edge
- R46: 1.772mm inside top edge
- R47: 6.772mm inside top edge
- R48: 6.772mm inside top edge
- R69: 1.772mm inside top edge
- R70: 1.772mm inside top edge
- R71: 1.772mm inside top edge
- R72: 1.772mm inside top edge
- Q4: 29.225mm inside bottom edge
- R49: 21.343mm inside top edge
- Q5: 21.225mm inside top edge

flagged components:
- C19
  source placement: placement_mode=none
  resolved placement: center=(26mm, 14mm) on top; bounds=(minX=24.9mm, maxX=27.1mm, minY=13.55mm, maxY=14.45mm); size=(width=2.2mm, height=0.9mm); anchor_alignment="center"
  board edge status: 12.9mm inside right edge
  issues:
  - C19 connections cross the routing path between its pads. Suggested move: rotate C19 180 degrees.

placement drc:
Errors: 0
Warnings: 0
