placement summary: 5 suboptimal orientations

worst issues:
1. C3 connections cross the routing path between its pads. Suggested move: rotate C3 180 degrees.
2. R18 connections cross the routing path between its pads. Suggested move: rotate R18 180 degrees.
3. R34 connections cross the routing path between its pads. Suggested move: rotate R34 180 degrees.
4. C25 connections cross the routing path between its pads. Suggested move: rotate C25 180 degrees.
5. R50 connections cross the routing path between its pads. Suggested move: rotate R50 180 degrees.

board top-layer utilization:
- occupied: 43.824% (2278.838mm^2 of 5200mm^2)
- empty spaces over 5% of board area:
  - 7.505% (390.272mm^2); bounds=(minX=-40mm, maxX=40mm, minY=27.622mm, maxY=32.5mm)

board-edge status:
- J1: 2.326mm inside left edge
- U1: 11.65mm inside left edge
- U2: 5.038mm inside left edge
- U3: 12.038mm inside left edge
- D1: 5.904mm inside left edge
- D2: 22.5mm inside left edge
- R1: 6.843mm inside left edge
- D3: 24.333mm inside bottom edge
- C1: 22.295mm inside left edge
- C2: 12.9mm inside left edge
- C3: 2.9mm inside left edge
- C4: 8.9mm inside left edge
- C5: 8.9mm inside left edge
- C6: 23.795mm inside bottom edge
- C7: 17.295mm inside left edge
- C8: 9.4mm inside bottom edge
- R2: 18.843mm inside left edge
- R3: 19.843mm inside left edge
- R4: 22.343mm inside bottom edge
- TP5: 19.285mm inside left edge
- TP6: 11.285mm inside left edge
- U11: 16.258mm inside left edge
- SW2: 7.484mm inside bottom edge
- C30: 25.05mm inside top edge
- C31: 20.095mm inside top edge
- C32: 25.05mm inside left edge
- R56: 32.068mm inside top edge
- R57: 16.343mm inside bottom edge
- Q6: 28.225mm inside top edge
- R58: 28.343mm inside top edge
- R59: 14.568mm inside left edge
- R60: 27.343mm inside left edge
- R61: 27.268mm inside top edge
- C33: 24.85mm inside top edge
- R62: 10.568mm inside left edge
- Q7: 18.5mm inside left edge
- Q8: 25.5mm inside left edge
- R63: 19.068mm inside top edge
- R64: 24.343mm inside top edge
- R66: 26.843mm inside left edge
- R67: 26.843mm inside left edge
- C34: 30.05mm inside bottom edge
- TP1: 13.11mm inside left edge
- TP2: 17.11mm inside left edge
- TP3: 11.285mm inside left edge
- TP4: 28.785mm inside bottom edge
- D4: 7.23mm inside left edge
- U4: 10.403mm inside top edge
- Q1: 19.225mm inside top edge
- R5: 10.843mm inside left edge
- R6: 10.843mm inside left edge
- R7: 11.568mm inside left edge
- R8: 11.343mm inside top edge
- R9: 8.068mm inside top edge
- R10: 8.068mm inside top edge
- R11: 8.068mm inside top edge
- R12: 7.068mm inside top edge
- R13: 25.068mm inside top edge
- R16: 2.843mm inside left edge
- C9: 5.05mm inside top edge
- C10: 5.05mm inside top edge
- C11: 12.825mm inside top edge
- U5: 9.712mm inside top edge
- D5: 4.13mm inside top edge
- L1: 10.5mm inside top edge
- C12: 12.4mm inside top edge
- C13: 19.15mm inside top edge
- C14: 5.165mm inside top edge
- C15: 16.55mm inside top edge
- C16: 19.165mm inside top edge
- C17: 19.165mm inside top edge
- C18: 10.25mm inside right edge
- R17: 21.068mm inside top edge
- R18: 22.343mm inside top edge
- R55: 19.068mm inside top edge
- R19: 24.343mm inside top edge
- R20: 20.343mm inside top edge
- R21: 16.343mm inside top edge
- R22: 4.068mm inside top edge
- C19: 5.05mm inside top edge
- C20: 3.05mm inside top edge
- R23: 4.343mm inside top edge
- R68: 30.649mm inside top edge
- R24: 26.068mm inside bottom edge
- U6: 19.82mm inside bottom edge
- RV1: 10.05mm inside bottom edge
- R25: 12.343mm inside bottom edge
- D6: 21.2mm inside bottom edge
- D7: 29.025mm inside bottom edge
- R26: 23.068mm inside bottom edge
- C21: 5.4mm inside bottom edge
- C22: 13.4mm inside bottom edge
- C23: 17.85mm inside bottom edge
- SW1: 5.9mm inside bottom edge
- R29: 19.068mm inside bottom edge
- R30: 19.068mm inside bottom edge
- LED2: 8mm inside bottom edge
- LED3: 13mm inside bottom edge
- U8: 25.23mm inside right edge
- R31: 25.843mm inside right edge
- U9: 23.82mm inside bottom edge
- R32: 22.568mm inside right edge
- R33: 20.068mm inside bottom edge
- R34: 20.843mm inside right edge
- D8: 28.2mm inside bottom edge
- R39: 20.843mm inside right edge
- R65: 20.843mm inside right edge
- R40: 16.843mm inside right edge
- C25: 18.9mm inside right edge
- U10: 12.553mm inside right edge
- R50: 29.23mm inside bottom edge
- R51: 13.068mm inside bottom edge
- C26: 15.4mm inside right edge
- C27: 11.4mm inside right edge
- C28: 11.4mm inside right edge
- C29: 12.665mm inside right edge
- D10: 7.8mm inside right edge
- D11: 5.8mm inside right edge
- J2: 4.65mm inside right edge
- R54: 22.73mm inside right edge
- LED1: 8mm inside bottom edge
- TP7: 19.11mm inside right edge
- Q2: 18.5mm inside right edge
- R41: 14.843mm inside right edge
- R42: 10.843mm inside right edge
- R43: 7.568mm inside right edge
- R44: 12.343mm inside top edge
- D9: 26.333mm inside top edge
- Q3: 5.5mm inside right edge
- R45: 1.772mm inside top edge
- R46: 6.772mm inside top edge
- R47: 1.772mm inside top edge
- R48: 6.772mm inside top edge
- Q4: 26.225mm inside top edge
- R49: 7.568mm inside right edge
- Q5: 22.225mm inside top edge

flagged components:
- C3
  source placement: placement_mode=none
  resolved placement: center=(-36mm, 11mm) on top; bounds=(minX=-37.1mm, maxX=-34.9mm, minY=10.55mm, maxY=11.45mm); size=(width=2.2mm, height=0.9mm); anchor_alignment="center"
  board edge status: 2.9mm inside left edge
  issues:
  - C3 connections cross the routing path between its pads. Suggested move: rotate C3 180 degrees.
- R18
  source placement: placement_mode=none
  resolved placement: center=(10mm, -9mm) on top; bounds=(minX=9.568mm, maxX=10.432mm, minY=-10.157mm, maxY=-7.843mm); size=(width=0.864mm, height=2.313mm); anchor_alignment="center"
  board edge status: 22.343mm inside top edge
  issues:
  - R18 connections cross the routing path between its pads. Suggested move: rotate R18 180 degrees.
- R34
  source placement: placement_mode=none
  resolved placement: center=(18mm, 3mm) on top; bounds=(minX=16.843mm, maxX=19.157mm, minY=2.568mm, maxY=3.432mm); size=(width=2.313mm, height=0.864mm); anchor_alignment="center"
  board edge status: 20.843mm inside right edge
  issues:
  - R34 connections cross the routing path between its pads. Suggested move: rotate R34 180 degrees.
- C25
  source placement: placement_mode=none
  resolved placement: center=(20mm, 12mm) on top; bounds=(minX=18.9mm, maxX=21.1mm, minY=11.55mm, maxY=12.45mm); size=(width=2.2mm, height=0.9mm); anchor_alignment="center"
  board edge status: 18.9mm inside right edge
  issues:
  - C25 connections cross the routing path between its pads. Suggested move: rotate C25 180 degrees.
- R50
  source placement: placement_mode=none
  resolved placement: center=(5mm, 3mm) on top; bounds=(minX=4.284mm, maxX=5.716mm, minY=2.73mm, maxY=3.27mm); size=(width=1.431mm, height=0.54mm); anchor_alignment="center"
  board edge status: 29.23mm inside bottom edge
  issues:
  - R50 connections cross the routing path between its pads. Suggested move: rotate R50 180 degrees.

placement drc:
Errors: 0
Warnings: 0
