placement summary: no placement issues

board top-layer utilization:
- occupied: 42.618% (2216.115mm^2 of 5200mm^2)
- empty spaces over 5% of board area:
  - 7.923% (412.001mm^2); bounds=(minX=-40mm, maxX=40mm, minY=27.35mm, maxY=32.5mm)

board-edge status:
- J1: 2.326mm inside left edge
- U1: 11.65mm inside left edge
- U2: 5.038mm inside left edge
- U3: 12.038mm inside left edge
- D1: 5.904mm inside left edge
- D2: 22.5mm inside left edge
- R1: 11.843mm inside left edge
- D3: 19.833mm inside left edge
- C1: 26.825mm inside bottom edge
- C2: 11.9mm inside left edge
- C3: 10.55mm inside left edge
- C4: 7.9mm inside left edge
- C5: 13.05mm inside bottom edge
- C6: 20.295mm inside left edge
- C7: 22.825mm inside bottom edge
- C8: 12.9mm inside left edge
- R2: 17.568mm inside left edge
- R3: 15.843mm inside left edge
- R4: 30.343mm inside bottom edge
- U11: 16.258mm inside left edge
- SW2: 7.484mm inside bottom edge
- C30: 25.05mm inside top edge
- C31: 20.095mm inside top edge
- C32: 25.05mm inside left edge
- R56: 24.068mm inside bottom edge
- R57: 14.843mm inside left edge
- Q6: 28.225mm inside top edge
- R58: 22.343mm inside bottom edge
- R59: 13.568mm inside left edge
- R60: 27.343mm inside left edge
- R61: 27.268mm inside top edge
- C33: 24.85mm inside top edge
- R62: 19.843mm inside left edge
- Q7: 18.5mm inside left edge
- Q8: 25.5mm inside left edge
- R63: 13.568mm inside left edge
- R64: 15.343mm inside top edge
- R66: 26.843mm inside left edge
- R67: 26.843mm inside left edge
- C34: 30.05mm inside bottom edge
- D4: 7.23mm inside left edge
- U4: 10.403mm inside top edge
- Q1: 19.225mm inside top edge
- R5: 10.843mm inside left edge
- R6: 12.568mm inside left edge
- R7: 11.568mm inside left edge
- R8: 11.568mm inside left edge
- R9: 12.343mm inside top edge
- R10: 8.343mm inside top edge
- R11: 8.068mm inside top edge
- R12: 11.343mm inside top edge
- R13: 26.068mm inside top edge
- R16: 10.568mm inside left edge
- C9: 5.05mm inside top edge
- C10: 5.05mm inside top edge
- C11: 15.295mm inside left edge
- U5: 9.712mm inside top edge
- D5: 4.13mm inside top edge
- L1: 10.5mm inside top edge
- C12: 12.4mm inside top edge
- C13: 19.15mm inside top edge
- C14: 5.165mm inside top edge
- C15: 16.55mm inside top edge
- C16: 19.165mm inside top edge
- C17: 19.165mm inside top edge
- C18: 10.25mm inside right edge
- R17: 19.068mm inside top edge
- R18: 21.068mm inside top edge
- R55: 24.068mm inside top edge
- R19: 32.068mm inside top edge
- R20: 27.343mm inside top edge
- R21: 24.343mm inside top edge
- R22: 7.068mm inside top edge
- C19: 4.05mm inside top edge
- C20: 3.05mm inside top edge
- R23: 8.068mm inside top edge
- R68: 30.649mm inside top edge
- R24: 20.343mm inside top edge
- U6: 19.82mm inside bottom edge
- RV1: 10.05mm inside bottom edge
- R25: 16.343mm inside bottom edge
- D6: 21.2mm inside bottom edge
- D7: 29.025mm inside bottom edge
- R26: 24.068mm inside bottom edge
- C21: 9.4mm inside bottom edge
- C22: 13.4mm inside bottom edge
- C23: 17.85mm inside bottom edge
- SW1: 5.9mm inside bottom edge
- R29: 19.068mm inside bottom edge
- R30: 19.068mm inside bottom edge
- LED2: 8mm inside bottom edge
- LED3: 13mm inside bottom edge
- U8: 25.23mm inside right edge
- R31: 25.843mm inside right edge
- U9: 23.82mm inside bottom edge
- R32: 22.568mm inside right edge
- R33: 21.068mm inside bottom edge
- R34: 24.343mm inside top edge
- D8: 28.2mm inside bottom edge
- R39: 20.843mm inside right edge
- R65: 20.843mm inside right edge
- R40: 20.843mm inside right edge
- C25: 18.9mm inside right edge
- U10: 12.553mm inside right edge
- R50: 28.784mm inside bottom edge
- R51: 12.343mm inside bottom edge
- C26: 15.4mm inside right edge
- C27: 11.4mm inside right edge
- C28: 11.4mm inside right edge
- C29: 12.665mm inside right edge
- D10: 7.8mm inside right edge
- D11: 5.8mm inside right edge
- J2: 4.65mm inside right edge
- R54: 18.73mm inside right edge
- LED1: 8mm inside bottom edge
- Q2: 18.5mm inside right edge
- R41: 20.343mm inside top edge
- R42: 19.568mm inside right edge
- R43: 14.843mm inside right edge
- R44: 16.343mm inside top edge
- D9: 26.333mm inside top edge
- Q3: 5.5mm inside right edge
- R45: 1.772mm inside top edge
- R46: 6.772mm inside top edge
- R47: 1.772mm inside top edge
- R48: 6.772mm inside top edge
- Q4: 26.225mm inside top edge
- R49: 12.343mm inside top edge
- Q5: 22.225mm inside top edge

placement drc:
Errors: 0
Warnings: 0
