placement summary: 19 suboptimal orientations

worst issues:
1. C5 connections cross the routing path between its pads. Suggested move: rotate C5 180 degrees.
2. R2 connections cross the routing path between its pads. Suggested move: rotate R2 180 degrees.
3. C30 connections cross the routing path between its pads. Suggested move: rotate C30 180 degrees.
4. C33 connections cross the routing path between its pads. Suggested move: rotate C33 180 degrees.
5. Q7 connections favor the opposite orientation. Suggested move: rotate Q7 180 degrees.

board top-layer utilization:
- occupied: 42.618% (2216.115mm^2 of 5200mm^2)
- empty spaces over 5% of board area:
  - 7.923% (412.001mm^2); bounds=(minX=-40mm, maxX=40mm, minY=27.35mm, maxY=32.5mm)

board-edge status:
- J1: 2.326mm inside left edge
- U1: 11.65mm inside left edge
- U2: 5.038mm inside left edge
- U3: 12.038mm inside left edge
- D1: 5.904mm inside left edge
- D2: 23.5mm inside left edge
- R1: 11.843mm inside left edge
- D3: 20.425mm inside left edge
- C1: 23.295mm inside left edge
- C2: 11.9mm inside left edge
- C3: 10.55mm inside left edge
- C4: 10.55mm inside left edge
- C5: 7.9mm inside left edge
- C6: 27.825mm inside bottom edge
- C7: 18.295mm inside left edge
- C8: 10.55mm inside left edge
- R2: 15.568mm inside left edge
- R3: 17.843mm inside left edge
- R4: 17.568mm inside left edge
- U11: 16.258mm inside left edge
- SW2: 7.484mm inside bottom edge
- C30: 13.05mm inside bottom edge
- C31: 29.795mm inside bottom edge
- C32: 5.05mm inside top edge
- R56: 15.843mm inside left edge
- R57: 23.068mm inside bottom edge
- Q6: 25.5mm inside left edge
- R58: 25.068mm inside bottom edge
- R59: 29.343mm inside bottom edge
- R60: 13.568mm inside left edge
- R61: 23.843mm inside left edge
- C33: 5.05mm inside top edge
- R62: 18.343mm inside bottom edge
- Q7: 27.225mm inside top edge
- Q8: 27.5mm inside left edge
- R63: 27.068mm inside bottom edge
- R64: 29.343mm inside bottom edge
- R66: 27.068mm inside top edge
- R67: 25.068mm inside top edge
- C34: 4.05mm inside top edge
- D4: 7.23mm inside left edge
- U4: 10.403mm inside top edge
- Q1: 23.225mm inside top edge
- R5: 21.343mm inside bottom edge
- R6: 13.568mm inside left edge
- R7: 15.568mm inside left edge
- R8: 11.568mm inside left edge
- R9: 13.568mm inside left edge
- R10: 9.343mm inside top edge
- R11: 8.068mm inside top edge
- R12: 11.843mm inside left edge
- R13: 15.343mm inside top edge
- R16: 22.068mm inside bottom edge
- C9: 5.05mm inside top edge
- C10: 5.05mm inside top edge
- C11: 18.295mm inside left edge
- U5: 9.712mm inside top edge
- D5: 18.965mm inside top edge
- L1: 16.5mm inside top edge
- C12: 4.05mm inside top edge
- C13: 13.165mm inside top edge
- C14: 7.165mm inside top edge
- C15: 19.55mm inside right edge
- C16: 19.165mm inside top edge
- C17: 25.636mm inside top edge
- C18: 10.25mm inside right edge
- R17: 11.068mm inside top edge
- R18: 9.343mm inside top edge
- R55: 8.068mm inside top edge
- R19: 29.343mm inside bottom edge
- R20: 7.068mm inside top edge
- R21: 4.343mm inside top edge
- R22: 7.068mm inside top edge
- C19: 5.4mm inside top edge
- C20: 2.9mm inside left edge
- R23: 8.068mm inside top edge
- R68: 19.649mm inside top edge
- R24: 5.343mm inside top edge
- U6: 19.82mm inside bottom edge
- RV1: 10.05mm inside bottom edge
- R25: 14.343mm inside bottom edge
- D6: 21.2mm inside bottom edge
- D7: 21.2mm inside bottom edge
- R26: 16.343mm inside bottom edge
- C21: 12.4mm inside bottom edge
- C22: 8.4mm inside bottom edge
- C23: 20.9mm inside right edge
- SW1: 5.9mm inside bottom edge
- R29: 19.068mm inside bottom edge
- R30: 19.068mm inside bottom edge
- LED2: 8mm inside bottom edge
- LED3: 13mm inside bottom edge
- U8: 25.23mm inside right edge
- R31: 25.843mm inside right edge
- U9: 23.82mm inside bottom edge
- R32: 22.568mm inside right edge
- R33: 25.068mm inside bottom edge
- R34: 22.068mm inside bottom edge
- D8: 27.2mm inside bottom edge
- R39: 20.843mm inside right edge
- R65: 25.068mm inside top edge
- R40: 20.843mm inside right edge
- C25: 16.9mm inside right edge
- U10: 12.553mm inside right edge
- R50: 31.23mm inside top edge
- R51: 19.068mm inside bottom edge
- C26: 13.9mm inside right edge
- C27: 12.9mm inside right edge
- C28: 16.9mm inside right edge
- C29: 27.165mm inside top edge
- D10: 7.8mm inside right edge
- D11: 5.8mm inside right edge
- J2: 4.65mm inside right edge
- R54: 18.73mm inside right edge
- LED1: 8mm inside bottom edge
- Q2: 20.5mm inside right edge
- R41: 17.343mm inside top edge
- R42: 21.343mm inside top edge
- R43: 11.068mm inside top edge
- R44: 13.343mm inside top edge
- D9: 25.333mm inside top edge
- Q3: 6.225mm inside top edge
- R45: 1.772mm inside top edge
- R46: 6.772mm inside top edge
- R47: 1.772mm inside top edge
- R48: 6.772mm inside top edge
- Q4: 29.225mm inside top edge
- R49: 11.068mm inside top edge
- Q5: 29.225mm inside top edge

flagged components:
- C5
  source placement: placement_mode=none
  resolved placement: center=(-31mm, 11mm) on top; bounds=(minX=-32.1mm, maxX=-29.9mm, minY=10.55mm, maxY=11.45mm); size=(width=2.2mm, height=0.9mm); anchor_alignment="center"
  board edge status: 7.9mm inside left edge
  issues:
  - C5 connections cross the routing path between its pads. Suggested move: rotate C5 180 degrees.
- R2
  source placement: placement_mode=none
  resolved placement: center=(-24mm, 9mm) on top; bounds=(minX=-24.432mm, maxX=-23.568mm, minY=7.843mm, maxY=10.157mm); size=(width=0.864mm, height=2.313mm); anchor_alignment="center"
  board edge status: 15.568mm inside left edge
  issues:
  - R2 connections cross the routing path between its pads. Suggested move: rotate R2 180 degrees.
- C30
  source placement: placement_mode=none
  resolved placement: center=(-22mm, 19mm) on top; bounds=(minX=-23.1mm, maxX=-20.9mm, minY=18.55mm, maxY=19.45mm); size=(width=2.2mm, height=0.9mm); anchor_alignment="center"
  board edge status: 13.05mm inside bottom edge
  issues:
  - C30 connections cross the routing path between its pads. Suggested move: rotate C30 180 degrees.
- C33
  source placement: placement_mode=none
  resolved placement: center=(-18mm, -27mm) on top; bounds=(minX=-19.1mm, maxX=-16.9mm, minY=-27.45mm, maxY=-26.55mm); size=(width=2.2mm, height=0.9mm); anchor_alignment="center"
  board edge status: 5.05mm inside top edge
  issues:
  - C33 connections cross the routing path between its pads. Suggested move: rotate C33 180 degrees.
- Q7
  source placement: placement_mode=none
  resolved placement: center=(-9mm, -4mm) on top; bounds=(minX=-10.5mm, maxX=-7.5mm, minY=-5.275mm, maxY=-2.725mm); size=(width=3mm, height=2.55mm); anchor_alignment="center"
  board edge status: 27.225mm inside top edge
  issues:
  - Q7 connections favor the opposite orientation. Suggested move: rotate Q7 180 degrees.
- R66
  source placement: placement_mode=none
  resolved placement: center=(-5mm, -5mm) on top; bounds=(minX=-6.157mm, maxX=-3.843mm, minY=-5.432mm, maxY=-4.568mm); size=(width=2.313mm, height=0.864mm); anchor_alignment="center"
  board edge status: 27.068mm inside top edge
  issues:
  - R66 connections cross the routing path between its pads. Suggested move: rotate R66 180 degrees.
- R67
  source placement: placement_mode=none
  resolved placement: center=(-9mm, -7mm) on top; bounds=(minX=-10.157mm, maxX=-7.843mm, minY=-7.432mm, maxY=-6.568mm); size=(width=2.313mm, height=0.864mm); anchor_alignment="center"
  board edge status: 25.068mm inside top edge
  issues:
  - R67 connections cross the routing path between its pads. Suggested move: rotate R67 180 degrees.
- C34
  source placement: placement_mode=none
  resolved placement: center=(-10mm, -28mm) on top; bounds=(minX=-11.1mm, maxX=-8.9mm, minY=-28.45mm, maxY=-27.55mm); size=(width=2.2mm, height=0.9mm); anchor_alignment="center"
  board edge status: 4.05mm inside top edge
  issues:
  - C34 connections cross the routing path between its pads. Suggested move: rotate C34 180 degrees.
- R7
  source placement: placement_mode=none
  resolved placement: center=(-24mm, -13mm) on top; bounds=(minX=-24.432mm, maxX=-23.568mm, minY=-14.157mm, maxY=-11.843mm); size=(width=0.864mm, height=2.313mm); anchor_alignment="center"
  board edge status: 15.568mm inside left edge
  issues:
  - R7 connections cross the routing path between its pads. Suggested move: rotate R7 180 degrees.
- R10
  source placement: placement_mode=none
  resolved placement: center=(-28mm, -22mm) on top; bounds=(minX=-28.432mm, maxX=-27.568mm, minY=-23.157mm, maxY=-20.843mm); size=(width=0.864mm, height=2.313mm); anchor_alignment="center"
  board edge status: 9.343mm inside top edge
  issues:
  - R10 connections cross the routing path between its pads. Suggested move: rotate R10 180 degrees.
- C14
  source placement: placement_mode=none
  resolved placement: center=(-14mm, -23mm) on top; bounds=(minX=-15.35mm, maxX=-12.65mm, minY=-25.335mm, maxY=-20.665mm); size=(width=2.7mm, height=4.67mm); anchor_alignment="center"
  board edge status: 7.165mm inside top edge
  issues:
  - C14 connections cross the routing path between its pads. Suggested move: rotate C14 180 degrees.
- R55
  source placement: placement_mode=none
  resolved placement: center=(-2mm, -24mm) on top; bounds=(minX=-3.157mm, maxX=-0.843mm, minY=-24.432mm, maxY=-23.568mm); size=(width=2.313mm, height=0.864mm); anchor_alignment="center"
  board edge status: 8.068mm inside top edge
  issues:
  - R55 connections cross the routing path between its pads. Suggested move: rotate R55 180 degrees.
- R20
  source placement: placement_mode=none
  resolved placement: center=(-6mm, -25mm) on top; bounds=(minX=-7.157mm, maxX=-4.843mm, minY=-25.432mm, maxY=-24.568mm); size=(width=2.313mm, height=0.864mm); anchor_alignment="center"
  board edge status: 7.068mm inside top edge
  issues:
  - R20 connections cross the routing path between its pads. Suggested move: rotate R20 180 degrees.
- R22
  source placement: placement_mode=none
  resolved placement: center=(-10mm, -25mm) on top; bounds=(minX=-11.157mm, maxX=-8.843mm, minY=-25.432mm, maxY=-24.568mm); size=(width=2.313mm, height=0.864mm); anchor_alignment="center"
  board edge status: 7.068mm inside top edge
  issues:
  - R22 connections cross the routing path between its pads. Suggested move: rotate R22 180 degrees.
- C19
  source placement: placement_mode=none
  resolved placement: center=(-30mm, -26mm) on top; bounds=(minX=-30.45mm, maxX=-29.55mm, minY=-27.1mm, maxY=-24.9mm); size=(width=0.9mm, height=2.2mm); anchor_alignment="center"
  board edge status: 5.4mm inside top edge
  issues:
  - C19 connections cross the routing path between its pads. Suggested move: rotate C19 180 degrees.
- R68
  source placement: placement_mode=none
  resolved placement: center=(-14mm, -12mm) on top; bounds=(minX=-16.083mm, maxX=-11.917mm, minY=-12.851mm, maxY=-11.149mm); size=(width=4.165mm, height=1.701mm); anchor_alignment="center"
  board edge status: 19.649mm inside top edge
  issues:
  - R68 connections cross the routing path between its pads. Suggested move: rotate R68 180 degrees.
- D7
  source placement: placement_mode=none
  resolved placement: center=(-5mm, 9mm) on top; bounds=(minX=-5.475mm, maxX=-4.525mm, minY=6.7mm, maxY=11.3mm); size=(width=0.95mm, height=4.6mm); anchor_alignment="center"
  board edge status: 21.2mm inside bottom edge
  issues:
  - D7 connections cross the routing path between its pads. Suggested move: rotate D7 180 degrees.
- R33
  source placement: placement_mode=none
  resolved placement: center=(8mm, 7mm) on top; bounds=(minX=6.843mm, maxX=9.157mm, minY=6.568mm, maxY=7.432mm); size=(width=2.313mm, height=0.864mm); anchor_alignment="center"
  board edge status: 25.068mm inside bottom edge
  issues:
  - R33 connections cross the routing path between its pads. Suggested move: rotate R33 180 degrees.
- R65
  source placement: placement_mode=none
  resolved placement: center=(13mm, -7mm) on top; bounds=(minX=11.843mm, maxX=14.157mm, minY=-7.432mm, maxY=-6.568mm); size=(width=2.313mm, height=0.864mm); anchor_alignment="center"
  board edge status: 25.068mm inside top edge
  issues:
  - R65 connections cross the routing path between its pads. Suggested move: rotate R65 180 degrees.

placement drc:
Errors: 0
Warnings: 0
