placement summary: 18 suboptimal orientations

worst issues:
1. C4 connections cross the routing path between its pads. Suggested move: rotate C4 180 degrees.
2. C5 connections cross the routing path between its pads. Suggested move: rotate C5 180 degrees.
3. R2 connections cross the routing path between its pads. Suggested move: rotate R2 180 degrees.
4. R3 connections cross the routing path between its pads. Suggested move: rotate R3 180 degrees.
5. R66 connections cross the routing path between its pads. Suggested move: rotate R66 180 degrees.

board top-layer utilization:
- occupied: 42.618% (2216.115mm^2 of 5200mm^2)
- empty spaces over 5% of board area:
  - 7.923% (412.001mm^2); bounds=(minX=-40mm, maxX=40mm, minY=27.35mm, maxY=32.5mm)

board-edge status:
- J1: 2.326mm inside left edge
- U1: 11.65mm inside left edge
- U2: 5.038mm inside left edge
- U3: 12.038mm inside left edge
- D1: 5.904mm inside left edge
- D2: 22.5mm inside left edge
- R1: 11.843mm inside left edge
- D3: 19.833mm inside left edge
- C1: 26.825mm inside bottom edge
- C2: 11.9mm inside left edge
- C3: 10.55mm inside left edge
- C4: 7.9mm inside left edge
- C5: 13.05mm inside bottom edge
- C6: 20.295mm inside left edge
- C7: 22.825mm inside bottom edge
- C8: 12.9mm inside left edge
- R2: 17.568mm inside left edge
- R3: 15.843mm inside left edge
- R4: 30.343mm inside bottom edge
- U11: 16.258mm inside left edge
- SW2: 7.484mm inside bottom edge
- C30: 25.05mm inside top edge
- C31: 20.095mm inside top edge
- C32: 25.05mm inside left edge
- R56: 24.068mm inside bottom edge
- R57: 14.843mm inside left edge
- Q6: 28.225mm inside top edge
- R58: 22.343mm inside bottom edge
- R59: 13.568mm inside left edge
- R60: 27.343mm inside left edge
- R61: 27.268mm inside top edge
- C33: 24.85mm inside top edge
- R62: 19.843mm inside left edge
- Q7: 18.5mm inside left edge
- Q8: 25.5mm inside left edge
- R63: 13.568mm inside left edge
- R64: 15.343mm inside top edge
- R66: 26.843mm inside left edge
- R67: 26.843mm inside left edge
- C34: 30.05mm inside bottom edge
- D4: 7.23mm inside left edge
- U4: 10.403mm inside top edge
- Q1: 19.225mm inside top edge
- R5: 10.843mm inside left edge
- R6: 12.568mm inside left edge
- R7: 11.568mm inside left edge
- R8: 11.568mm inside left edge
- R9: 12.343mm inside top edge
- R10: 8.343mm inside top edge
- R11: 8.068mm inside top edge
- R12: 11.343mm inside top edge
- R13: 26.068mm inside top edge
- R16: 10.568mm inside left edge
- C9: 5.05mm inside top edge
- C10: 5.05mm inside top edge
- C11: 15.295mm inside left edge
- U5: 9.712mm inside top edge
- D5: 4.13mm inside top edge
- L1: 10.5mm inside top edge
- C12: 12.4mm inside top edge
- C13: 19.15mm inside top edge
- C14: 5.165mm inside top edge
- C15: 16.55mm inside top edge
- C16: 19.165mm inside top edge
- C17: 19.165mm inside top edge
- C18: 10.25mm inside right edge
- R17: 19.068mm inside top edge
- R18: 21.068mm inside top edge
- R55: 24.068mm inside top edge
- R19: 32.068mm inside top edge
- R20: 27.343mm inside top edge
- R21: 24.343mm inside top edge
- R22: 7.068mm inside top edge
- C19: 4.05mm inside top edge
- C20: 3.05mm inside top edge
- R23: 8.068mm inside top edge
- R68: 30.649mm inside top edge
- R24: 20.343mm inside top edge
- U6: 19.82mm inside bottom edge
- RV1: 10.05mm inside bottom edge
- R25: 16.343mm inside bottom edge
- D6: 21.2mm inside bottom edge
- D7: 29.025mm inside bottom edge
- R26: 24.068mm inside bottom edge
- C21: 9.4mm inside bottom edge
- C22: 13.4mm inside bottom edge
- C23: 17.85mm inside bottom edge
- SW1: 5.9mm inside bottom edge
- R29: 19.068mm inside bottom edge
- R30: 19.068mm inside bottom edge
- LED2: 8mm inside bottom edge
- LED3: 13mm inside bottom edge
- U8: 25.23mm inside right edge
- R31: 25.843mm inside right edge
- U9: 23.82mm inside bottom edge
- R32: 22.568mm inside right edge
- R33: 21.068mm inside bottom edge
- R34: 24.343mm inside top edge
- D8: 28.2mm inside bottom edge
- R39: 20.843mm inside right edge
- R65: 20.843mm inside right edge
- R40: 20.843mm inside right edge
- C25: 18.9mm inside right edge
- U10: 12.553mm inside right edge
- R50: 28.784mm inside bottom edge
- R51: 12.343mm inside bottom edge
- C26: 15.4mm inside right edge
- C27: 11.4mm inside right edge
- C28: 11.4mm inside right edge
- C29: 12.665mm inside right edge
- D10: 7.8mm inside right edge
- D11: 5.8mm inside right edge
- J2: 4.65mm inside right edge
- R54: 18.73mm inside right edge
- LED1: 8mm inside bottom edge
- Q2: 18.5mm inside right edge
- R41: 20.343mm inside top edge
- R42: 19.568mm inside right edge
- R43: 14.843mm inside right edge
- R44: 16.343mm inside top edge
- D9: 26.333mm inside top edge
- Q3: 5.5mm inside right edge
- R45: 1.772mm inside top edge
- R46: 6.772mm inside top edge
- R47: 1.772mm inside top edge
- R48: 6.772mm inside top edge
- Q4: 26.225mm inside top edge
- R49: 12.343mm inside top edge
- Q5: 22.225mm inside top edge

flagged components:
- C4
  source placement: placement_mode=none
  resolved placement: center=(-31mm, 11mm) on top; bounds=(minX=-32.1mm, maxX=-29.9mm, minY=10.55mm, maxY=11.45mm); size=(width=2.2mm, height=0.9mm); anchor_alignment="center"
  board edge status: 7.9mm inside left edge
  issues:
  - C4 connections cross the routing path between its pads. Suggested move: rotate C4 180 degrees.
- C5
  source placement: placement_mode=none
  resolved placement: center=(-22mm, 19mm) on top; bounds=(minX=-23.1mm, maxX=-20.9mm, minY=18.55mm, maxY=19.45mm); size=(width=2.2mm, height=0.9mm); anchor_alignment="center"
  board edge status: 13.05mm inside bottom edge
  issues:
  - C5 connections cross the routing path between its pads. Suggested move: rotate C5 180 degrees.
- R2
  source placement: placement_mode=none
  resolved placement: center=(-22mm, 6mm) on top; bounds=(minX=-22.432mm, maxX=-21.568mm, minY=4.843mm, maxY=7.157mm); size=(width=0.864mm, height=2.313mm); anchor_alignment="center"
  board edge status: 17.568mm inside left edge
  issues:
  - R2 connections cross the routing path between its pads. Suggested move: rotate R2 180 degrees.
- R3
  source placement: placement_mode=none
  resolved placement: center=(-23mm, 9mm) on top; bounds=(minX=-24.157mm, maxX=-21.843mm, minY=8.568mm, maxY=9.432mm); size=(width=2.313mm, height=0.864mm); anchor_alignment="center"
  board edge status: 15.843mm inside left edge
  issues:
  - R3 connections cross the routing path between its pads. Suggested move: rotate R3 180 degrees.
- R66
  source placement: placement_mode=none
  resolved placement: center=(-12mm, 0mm) on top; bounds=(minX=-13.157mm, maxX=-10.843mm, minY=-0.432mm, maxY=0.432mm); size=(width=2.313mm, height=0.864mm); anchor_alignment="center"
  board edge status: 26.843mm inside left edge
  issues:
  - R66 connections cross the routing path between its pads. Suggested move: rotate R66 180 degrees.
- R6
  source placement: placement_mode=none
  resolved placement: center=(-27mm, -11mm) on top; bounds=(minX=-27.432mm, maxX=-26.568mm, minY=-12.157mm, maxY=-9.843mm); size=(width=0.864mm, height=2.313mm); anchor_alignment="center"
  board edge status: 12.568mm inside left edge
  issues:
  - R6 connections cross the routing path between its pads. Suggested move: rotate R6 180 degrees.
- R10
  source placement: placement_mode=none
  resolved placement: center=(-28mm, -23mm) on top; bounds=(minX=-28.432mm, maxX=-27.568mm, minY=-24.157mm, maxY=-21.843mm); size=(width=0.864mm, height=2.313mm); anchor_alignment="center"
  board edge status: 8.343mm inside top edge
  issues:
  - R10 connections cross the routing path between its pads. Suggested move: rotate R10 180 degrees.
- R16
  source placement: placement_mode=none
  resolved placement: center=(-29mm, -3mm) on top; bounds=(minX=-29.432mm, maxX=-28.568mm, minY=-4.157mm, maxY=-1.843mm); size=(width=0.864mm, height=2.313mm); anchor_alignment="center"
  board edge status: 10.568mm inside left edge
  issues:
  - R16 connections cross the routing path between its pads. Suggested move: rotate R16 180 degrees.
- C12
  source placement: placement_mode=none
  resolved placement: center=(-3.3mm, -19mm) on top; bounds=(minX=-3.75mm, maxX=-2.85mm, minY=-20.1mm, maxY=-17.9mm); size=(width=0.9mm, height=2.2mm); anchor_alignment="center"
  board edge status: 12.4mm inside top edge
  issues:
  - C12 connections cross the routing path between its pads. Suggested move: rotate C12 180 degrees.
- C15
  source placement: placement_mode=none
  resolved placement: center=(-12.8mm, -15.5mm) on top; bounds=(minX=-13.9mm, maxX=-11.7mm, minY=-15.95mm, maxY=-15.05mm); size=(width=2.2mm, height=0.9mm); anchor_alignment="center"
  board edge status: 16.55mm inside top edge
  issues:
  - C15 connections cross the routing path between its pads. Suggested move: rotate C15 180 degrees.
- C19
  source placement: placement_mode=none
  resolved placement: center=(-8mm, -28mm) on top; bounds=(minX=-9.1mm, maxX=-6.9mm, minY=-28.45mm, maxY=-27.55mm); size=(width=2.2mm, height=0.9mm); anchor_alignment="center"
  board edge status: 4.05mm inside top edge
  issues:
  - C19 connections cross the routing path between its pads. Suggested move: rotate C19 180 degrees.
- R24
  source placement: placement_mode=none
  resolved placement: center=(10mm, -11mm) on top; bounds=(minX=9.568mm, maxX=10.432mm, minY=-12.157mm, maxY=-9.843mm); size=(width=0.864mm, height=2.313mm); anchor_alignment="center"
  board edge status: 20.343mm inside top edge
  issues:
  - R24 connections cross the routing path between its pads. Suggested move: rotate R24 180 degrees.
- R33
  source placement: placement_mode=none
  resolved placement: center=(8mm, 11mm) on top; bounds=(minX=6.843mm, maxX=9.157mm, minY=10.568mm, maxY=11.432mm); size=(width=2.313mm, height=0.864mm); anchor_alignment="center"
  board edge status: 21.068mm inside bottom edge
  issues:
  - R33 connections cross the routing path between its pads. Suggested move: rotate R33 180 degrees.
- R65
  source placement: placement_mode=none
  resolved placement: center=(18mm, 5mm) on top; bounds=(minX=16.843mm, maxX=19.157mm, minY=4.568mm, maxY=5.432mm); size=(width=2.313mm, height=0.864mm); anchor_alignment="center"
  board edge status: 20.843mm inside right edge
  issues:
  - R65 connections cross the routing path between its pads. Suggested move: rotate R65 180 degrees.
- R51
  source placement: placement_mode=none
  resolved placement: center=(-19mm, 19mm) on top; bounds=(minX=-19.432mm, maxX=-18.568mm, minY=17.843mm, maxY=20.157mm); size=(width=0.864mm, height=2.313mm); anchor_alignment="center"
  board edge status: 12.343mm inside bottom edge
  issues:
  - R51 connections cross the routing path between its pads. Suggested move: rotate R51 180 degrees.
- C28
  source placement: placement_mode=none
  resolved placement: center=(27.5mm, 8mm) on top; bounds=(minX=26.4mm, maxX=28.6mm, minY=7.55mm, maxY=8.45mm); size=(width=2.2mm, height=0.9mm); anchor_alignment="center"
  board edge status: 11.4mm inside right edge
  issues:
  - C28 connections cross the routing path between its pads. Suggested move: rotate C28 180 degrees.
- R45
  source placement: placement_mode=none
  resolved placement: center=(17mm, -29mm) on top; bounds=(minX=13.292mm, maxX=20.708mm, minY=-30.728mm, maxY=-27.272mm); size=(width=7.415mm, height=3.456mm); anchor_alignment="center"
  board edge status: 1.772mm inside top edge
  issues:
  - R45 connections cross the routing path between its pads. Suggested move: rotate R45 180 degrees.
- Q5
  source placement: placement_mode=none
  resolved placement: center=(3mm, -9mm) on top; bounds=(minX=1.5mm, maxX=4.5mm, minY=-10.275mm, maxY=-7.725mm); size=(width=3mm, height=2.55mm); anchor_alignment="center"
  board edge status: 22.225mm inside top edge
  issues:
  - Q5 connections favor the opposite orientation. Suggested move: rotate Q5 180 degrees.

placement drc:
Errors: 0
Warnings: 0
