Collecting gerbonara==1.6.3
  Downloading gerbonara-1.6.3-py3-none-any.whl.metadata (2.6 kB)
Collecting click (from gerbonara==1.6.3)
  Downloading click-8.5.0-py3-none-any.whl.metadata (2.6 kB)
Collecting rtree (from gerbonara==1.6.3)
  Downloading rtree-1.4.1-py3-none-macosx_11_0_arm64.whl.metadata (2.1 kB)
Collecting quart (from gerbonara==1.6.3)
  Downloading quart-0.22.0-py3-none-any.whl.metadata (4.1 kB)
Collecting aiofiles (from quart->gerbonara==1.6.3)
  Downloading aiofiles-25.1.0-py3-none-any.whl.metadata (6.3 kB)
Collecting blinker>=1.6 (from quart->gerbonara==1.6.3)
  Downloading blinker-1.9.0-py3-none-any.whl.metadata (1.6 kB)
Collecting flask>=3.0 (from quart->gerbonara==1.6.3)
  Downloading flask-3.1.3-py3-none-any.whl.metadata (3.2 kB)
Collecting hypercorn>=0.11.2 (from quart->gerbonara==1.6.3)
  Downloading hypercorn-0.18.0-py3-none-any.whl.metadata (5.1 kB)
Collecting itsdangerous (from quart->gerbonara==1.6.3)
  Downloading itsdangerous-2.2.0-py3-none-any.whl.metadata (1.9 kB)
Collecting jinja2 (from quart->gerbonara==1.6.3)
  Downloading jinja2-3.1.6-py3-none-any.whl.metadata (2.9 kB)
Collecting markupsafe (from quart->gerbonara==1.6.3)
  Downloading markupsafe-3.0.4-cp312-cp312-macosx_11_0_arm64.whl.metadata (2.7 kB)
Collecting werkzeug>=3.0 (from quart->gerbonara==1.6.3)
  Downloading werkzeug-3.1.9-py3-none-any.whl.metadata (4.1 kB)
Collecting h11 (from hypercorn>=0.11.2->quart->gerbonara==1.6.3)
  Downloading h11-0.16.0-py3-none-any.whl.metadata (8.3 kB)
Collecting h2>=4.3.0 (from hypercorn>=0.11.2->quart->gerbonara==1.6.3)
  Downloading h2-4.4.1-py3-none-any.whl.metadata (3.8 kB)
Collecting priority (from hypercorn>=0.11.2->quart->gerbonara==1.6.3)
  Downloading priority-2.0.0-py3-none-any.whl.metadata (6.6 kB)
Collecting wsproto>=0.14.0 (from hypercorn>=0.11.2->quart->gerbonara==1.6.3)
  Downloading wsproto-1.3.2-py3-none-any.whl.metadata (5.2 kB)
Collecting hyperframe<7,>=6.1 (from h2>=4.3.0->hypercorn>=0.11.2->quart->gerbonara==1.6.3)
  Downloading hyperframe-6.1.0-py3-none-any.whl.metadata (4.3 kB)
Collecting hpack<5,>=4.2 (from h2>=4.3.0->hypercorn>=0.11.2->quart->gerbonara==1.6.3)
  Downloading hpack-4.2.0-py3-none-any.whl.metadata (3.3 kB)
Downloading gerbonara-1.6.3-py3-none-any.whl (1.1 MB)
   ━━━━━━━━━━━━━━━━━━━━━━━━━━━━━━━━━━━━━━━━ 1.1/1.1 MB 12.3 MB/s eta 0:00:00
Downloading click-8.5.0-py3-none-any.whl (125 kB)
Downloading quart-0.22.0-py3-none-any.whl (78 kB)
Downloading rtree-1.4.1-py3-none-macosx_11_0_arm64.whl (436 kB)
Downloading blinker-1.9.0-py3-none-any.whl (8.5 kB)
Downloading flask-3.1.3-py3-none-any.whl (103 kB)
Downloading hypercorn-0.18.0-py3-none-any.whl (61 kB)
Downloading itsdangerous-2.2.0-py3-none-any.whl (16 kB)
Downloading jinja2-3.1.6-py3-none-any.whl (134 kB)
Downloading markupsafe-3.0.4-cp312-cp312-macosx_11_0_arm64.whl (12 kB)
Downloading werkzeug-3.1.9-py3-none-any.whl (228 kB)
Downloading aiofiles-25.1.0-py3-none-any.whl (14 kB)
Downloading h2-4.4.1-py3-none-any.whl (62 kB)
Downloading wsproto-1.3.2-py3-none-any.whl (24 kB)
Downloading h11-0.16.0-py3-none-any.whl (37 kB)
Downloading priority-2.0.0-py3-none-any.whl (8.9 kB)
Downloading hpack-4.2.0-py3-none-any.whl (34 kB)
Downloading hyperframe-6.1.0-py3-none-any.whl (13 kB)
Installing collected packages: rtree, priority, markupsafe, itsdangerous, hyperframe, hpack, h11, click, blinker, aiofiles, wsproto, werkzeug, jinja2, h2, hypercorn, flask, quart, gerbonara
Successfully installed aiofiles-25.1.0 blinker-1.9.0 click-8.5.0 flask-3.1.3 gerbonara-1.6.3 h11-0.16.0 h2-4.4.1 hpack-4.2.0 hypercorn-0.18.0 hyperframe-6.1.0 itsdangerous-2.2.0 jinja2-3.1.6 markupsafe-3.0.4 priority-2.0.0 quart-0.22.0 rtree-1.4.1 werkzeug-3.1.9 wsproto-1.3.2

[notice] A new release of pip is available: 25.0.1 -> 26.2.1
[notice] To update, run: /Users/anassarkiz/tsci/tscircuit-store/boards/usb-c-pd-brushed-motor--a7c39d12/tooling/power-review-venv/bin/python -m pip install --upgrade pip
