Building 1 file(s)...
Building tests/supplier-audit/C2906768.circuit.tsx...
Generating circuit JSON...
Circuit JSON written to dist/tests/supplier-audit/C2906768/circuit.json
The "TP" prefix is being used with a <chip />, try using it with a <testpoint />
All pins on TP1 are underspecified (no pinAttributes set)
Failed to fetch supplier footprint for <chip#0(.probe>.TP1) /> (jlcpcb:C2906768): Was there a typo in the url or port?
Generating preview images...
[tests/supplier-audit/C2906768] Generating PCB SVG...
[tests/supplier-audit/C2906768] Written pcb.svg
[tests/supplier-audit/C2906768] Generating PCB PNG...
[tests/supplier-audit/C2906768] Written pcb.png
[tests/supplier-audit/C2906768] Generating schematic SVG...
[tests/supplier-audit/C2906768] Written schematic.svg

Build complete
  Circuits  1 passed
  Options   pcb-png, pcb-svgs, schematic-svgs
  Output    dist

✓ Done
Build exiting with code 0: build finished successfully
