{
  "componentCount": 140,
  "supplierPartCount": 58,
  "issues": [
    "D2: internal connection shorts distinct schematic nets CC1, CC2",
    "Generated error pcb_autorouting_error",
    "Generated error pcb_port_not_connected_error",
    "Generated error pcb_port_not_connected_error",
    "Generated error pcb_port_not_connected_error",
    "Generated error pcb_port_not_connected_error",
    "Generated error pcb_port_not_connected_error",
    "Generated error pcb_port_not_connected_error",
    "Generated error pcb_port_not_connected_error",
    "Generated error pcb_port_not_connected_error",
    "Generated error pcb_port_not_connected_error",
    "Generated error pcb_port_not_connected_error",
    "Generated error pcb_port_not_connected_error",
    "Generated error pcb_port_not_connected_error",
    "Generated error pcb_port_not_connected_error",
    "Generated error pcb_port_not_connected_error",
    "Generated error pcb_port_not_connected_error",
    "Generated error pcb_port_not_connected_error",
    "Generated error pcb_port_not_connected_error",
    "Generated error pcb_port_not_connected_error",
    "Generated error pcb_port_not_connected_error",
    "Generated error pcb_port_not_connected_error",
    "Generated error pcb_port_not_connected_error",
    "Generated error pcb_port_not_connected_error",
    "Generated error pcb_port_not_connected_error",
    "Generated error pcb_port_not_connected_error",
    "Generated error pcb_port_not_connected_error",
    "Generated error pcb_port_not_connected_error",
    "Generated error pcb_port_not_connected_error",
    "Generated error pcb_port_not_connected_error",
    "Generated error pcb_port_not_connected_error",
    "Generated error pcb_port_not_connected_error",
    "Generated error pcb_port_not_connected_error",
    "Generated error pcb_port_not_connected_error",
    "Generated error pcb_port_not_connected_error",
    "Generated error pcb_port_not_connected_error",
    "Generated error pcb_port_not_connected_error",
    "Generated error pcb_port_not_connected_error",
    "Generated error pcb_port_not_connected_error",
    "Generated error pcb_port_not_connected_error",
    "Generated error pcb_port_not_connected_error",
    "Generated error pcb_port_not_connected_error",
    "Generated error pcb_port_not_connected_error",
    "Generated error pcb_port_not_connected_error",
    "Generated error pcb_port_not_connected_error",
    "Generated error pcb_port_not_connected_error",
    "Generated error pcb_port_not_connected_error",
    "Generated error pcb_port_not_connected_error",
    "Generated error pcb_port_not_connected_error",
    "Generated error pcb_port_not_connected_error",
    "Generated error pcb_port_not_connected_error",
    "Generated error pcb_port_not_connected_error",
    "Generated error pcb_port_not_connected_error",
    "Generated error pcb_port_not_connected_error",
    "Generated error pcb_port_not_connected_error",
    "Generated error pcb_port_not_connected_error",
    "Generated error pcb_port_not_connected_error",
    "Generated error pcb_port_not_connected_error",
    "Generated error pcb_port_not_connected_error",
    "Generated error pcb_port_not_connected_error",
    "Generated error pcb_port_not_connected_error",
    "Generated error pcb_port_not_connected_error",
    "Generated error pcb_port_not_connected_error",
    "Generated error pcb_port_not_connected_error",
    "Generated error pcb_port_not_connected_error",
    "Generated error pcb_port_not_connected_error",
    "Generated error pcb_port_not_connected_error",
    "Generated error pcb_port_not_connected_error",
    "Generated error pcb_port_not_connected_error",
    "Generated error pcb_port_not_connected_error",
    "Generated error pcb_port_not_connected_error",
    "Generated error pcb_port_not_connected_error",
    "Generated error pcb_port_not_connected_error",
    "Generated error pcb_port_not_connected_error",
    "Generated error pcb_port_not_connected_error",
    "Generated error pcb_port_not_connected_error",
    "Generated error pcb_port_not_connected_error",
    "Generated error pcb_port_not_connected_error",
    "Generated error pcb_port_not_connected_error",
    "Generated error pcb_port_not_connected_error",
    "Generated error pcb_port_not_connected_error",
    "Generated error pcb_port_not_connected_error",
    "Generated error pcb_port_not_connected_error",
    "Generated error pcb_port_not_connected_error",
    "Generated error pcb_port_not_connected_error",
    "Generated error pcb_port_not_connected_error",
    "Generated error pcb_port_not_connected_error",
    "Generated error pcb_port_not_connected_error",
    "Generated error pcb_port_not_connected_error",
    "Generated error pcb_port_not_connected_error",
    "Generated error pcb_port_not_connected_error",
    "Generated error pcb_port_not_connected_error",
    "Generated error pcb_port_not_connected_error",
    "Generated error pcb_port_not_connected_error",
    "Generated error pcb_port_not_connected_error",
    "Generated error pcb_port_not_connected_error",
    "Generated error pcb_port_not_connected_error",
    "Generated error pcb_port_not_connected_error",
    "Generated error pcb_port_not_connected_error",
    "Generated error pcb_port_not_connected_error",
    "Generated error pcb_port_not_connected_error",
    "Generated error pcb_port_not_connected_error",
    "Generated error pcb_port_not_connected_error",
    "Generated error pcb_port_not_connected_error",
    "Generated error pcb_port_not_connected_error",
    "Generated error pcb_port_not_connected_error",
    "Generated error pcb_port_not_connected_error",
    "Generated error pcb_port_not_connected_error",
    "Generated error pcb_port_not_connected_error",
    "Generated error pcb_port_not_connected_error",
    "Generated error pcb_port_not_connected_error",
    "Generated error pcb_port_not_connected_error",
    "Generated error pcb_port_not_connected_error",
    "Generated error pcb_port_not_connected_error",
    "Generated error pcb_port_not_connected_error",
    "Generated error pcb_port_not_connected_error",
    "Generated error pcb_port_not_connected_error",
    "Generated error pcb_port_not_connected_error",
    "Generated error pcb_port_not_connected_error",
    "Generated error pcb_port_not_connected_error",
    "Generated error pcb_port_not_connected_error",
    "Generated error pcb_port_not_connected_error",
    "Generated error pcb_port_not_connected_error",
    "Generated error pcb_port_not_connected_error",
    "Generated error pcb_port_not_connected_error",
    "Generated error pcb_port_not_connected_error",
    "Generated error pcb_port_not_connected_error",
    "Generated error pcb_port_not_connected_error",
    "Generated error pcb_port_not_connected_error",
    "Generated error pcb_port_not_connected_error",
    "Generated error pcb_port_not_connected_error",
    "Generated error pcb_port_not_connected_error",
    "Generated error pcb_port_not_connected_error",
    "Generated error pcb_port_not_connected_error",
    "Generated error pcb_port_not_connected_error",
    "Generated error pcb_port_not_connected_error",
    "Generated error pcb_port_not_connected_error",
    "Generated error pcb_port_not_connected_error",
    "Generated error pcb_port_not_connected_error",
    "Generated error pcb_port_not_connected_error",
    "Generated error pcb_port_not_connected_error",
    "Generated error pcb_port_not_connected_error",
    "Generated error pcb_port_not_connected_error",
    "Generated error pcb_port_not_connected_error",
    "Generated error pcb_port_not_connected_error",
    "Generated error pcb_port_not_connected_error",
    "Generated error pcb_port_not_connected_error",
    "Generated error pcb_port_not_connected_error",
    "Generated error pcb_port_not_connected_error",
    "Generated error pcb_port_not_connected_error",
    "Generated error pcb_port_not_connected_error",
    "Generated error pcb_port_not_connected_error",
    "Generated error pcb_port_not_connected_error",
    "Generated error pcb_port_not_connected_error",
    "Generated error pcb_port_not_connected_error",
    "Generated error pcb_port_not_connected_error",
    "Generated error pcb_port_not_connected_error",
    "Generated error pcb_port_not_connected_error",
    "Generated error pcb_port_not_connected_error",
    "Generated error pcb_port_not_connected_error",
    "Generated error pcb_port_not_connected_error",
    "Generated error pcb_port_not_connected_error",
    "Generated error pcb_port_not_connected_error",
    "Generated error pcb_port_not_connected_error",
    "Generated error pcb_port_not_connected_error",
    "Generated error pcb_port_not_connected_error",
    "Generated error pcb_port_not_connected_error",
    "Generated error pcb_port_not_connected_error",
    "Generated error pcb_port_not_connected_error",
    "Generated error pcb_port_not_connected_error",
    "Generated error pcb_port_not_connected_error",
    "Generated error pcb_port_not_connected_error",
    "Generated error pcb_port_not_connected_error",
    "Generated error pcb_port_not_connected_error",
    "Generated error pcb_port_not_connected_error",
    "Generated error pcb_port_not_connected_error",
    "Generated error pcb_port_not_connected_error",
    "Generated error pcb_port_not_connected_error",
    "Generated error pcb_port_not_connected_error",
    "Generated error pcb_port_not_connected_error",
    "Generated error pcb_port_not_connected_error",
    "Generated error pcb_port_not_connected_error",
    "Generated error pcb_port_not_connected_error",
    "Generated error pcb_port_not_connected_error",
    "Generated error pcb_port_not_connected_error",
    "Generated error pcb_port_not_connected_error",
    "Generated error pcb_port_not_connected_error",
    "Generated error pcb_port_not_connected_error",
    "Generated error pcb_port_not_connected_error",
    "Generated error pcb_port_not_connected_error",
    "Generated error pcb_port_not_connected_error",
    "Generated error pcb_port_not_connected_error",
    "Generated error pcb_port_not_connected_error",
    "Generated error pcb_port_not_connected_error",
    "Generated error pcb_port_not_connected_error",
    "Generated error pcb_port_not_connected_error",
    "Generated error pcb_port_not_connected_error",
    "Generated error pcb_port_not_connected_error",
    "Generated error pcb_port_not_connected_error",
    "Generated error pcb_port_not_connected_error",
    "Generated error pcb_port_not_connected_error",
    "Generated error pcb_port_not_connected_error",
    "Generated error pcb_port_not_connected_error",
    "Generated error pcb_port_not_connected_error",
    "Generated error pcb_port_not_connected_error",
    "Generated error pcb_port_not_connected_error",
    "Generated error pcb_port_not_connected_error",
    "Generated error pcb_port_not_connected_error",
    "Generated error pcb_port_not_connected_error",
    "Generated error pcb_port_not_connected_error",
    "Generated error pcb_port_not_connected_error",
    "Generated error pcb_port_not_connected_error",
    "Generated error pcb_port_not_connected_error",
    "Generated error pcb_port_not_connected_error",
    "Generated error pcb_port_not_connected_error",
    "Generated error pcb_port_not_connected_error",
    "Generated error pcb_port_not_connected_error",
    "Generated error pcb_port_not_connected_error",
    "Generated error pcb_port_not_connected_error",
    "Generated error pcb_port_not_connected_error",
    "Generated error pcb_port_not_connected_error",
    "Generated error pcb_port_not_connected_error",
    "Generated error pcb_port_not_connected_error",
    "Generated error pcb_port_not_connected_error",
    "Generated error pcb_port_not_connected_error",
    "Generated error pcb_port_not_connected_error",
    "Generated error pcb_port_not_connected_error",
    "Generated error pcb_port_not_connected_error",
    "Generated error pcb_port_not_connected_error",
    "Generated error pcb_port_not_connected_error",
    "Generated error pcb_port_not_connected_error",
    "Generated error pcb_port_not_connected_error",
    "Generated error pcb_port_not_connected_error",
    "Generated error pcb_port_not_connected_error",
    "Generated error pcb_port_not_connected_error",
    "Generated error pcb_port_not_connected_error",
    "Generated error pcb_port_not_connected_error",
    "Generated error pcb_port_not_connected_error",
    "Generated error pcb_port_not_connected_error",
    "Generated error pcb_port_not_connected_error",
    "Generated error pcb_port_not_connected_error",
    "Generated error pcb_port_not_connected_error",
    "Generated error pcb_port_not_connected_error",
    "Generated error pcb_port_not_connected_error",
    "Generated error pcb_port_not_connected_error",
    "Generated error pcb_port_not_connected_error",
    "Generated error pcb_port_not_connected_error",
    "Generated error pcb_port_not_connected_error",
    "Generated error pcb_port_not_connected_error",
    "Generated error pcb_port_not_connected_error",
    "Generated error pcb_port_not_connected_error",
    "Generated error pcb_port_not_connected_error",
    "Generated error pcb_port_not_connected_error",
    "Generated error pcb_port_not_connected_error",
    "Generated error pcb_port_not_connected_error",
    "Generated error pcb_port_not_connected_error",
    "Generated error pcb_port_not_connected_error",
    "Generated error pcb_port_not_connected_error",
    "Generated error pcb_port_not_connected_error",
    "Generated error pcb_port_not_connected_error",
    "Generated error pcb_port_not_connected_error",
    "Generated error pcb_port_not_connected_error",
    "Generated error pcb_port_not_connected_error",
    "Generated error pcb_port_not_connected_error",
    "Generated error pcb_port_not_connected_error",
    "Generated error pcb_port_not_connected_error",
    "Generated error pcb_port_not_connected_error",
    "Generated error pcb_port_not_connected_error",
    "Generated error pcb_port_not_connected_error",
    "Generated error pcb_port_not_connected_error",
    "Generated error pcb_port_not_connected_error",
    "Generated error pcb_port_not_connected_error",
    "Generated error pcb_port_not_connected_error",
    "Generated error pcb_port_not_connected_error",
    "Generated error pcb_port_not_connected_error",
    "Generated error pcb_port_not_connected_error",
    "Generated error pcb_port_not_connected_error",
    "Generated error pcb_port_not_connected_error",
    "Generated error pcb_port_not_connected_error",
    "Generated error pcb_port_not_connected_error",
    "Generated error pcb_port_not_connected_error",
    "Generated error pcb_port_not_connected_error",
    "Generated error pcb_port_not_connected_error",
    "Generated error pcb_port_not_connected_error",
    "Generated error pcb_port_not_connected_error",
    "Generated error pcb_port_not_connected_error",
    "Generated error pcb_port_not_connected_error",
    "Generated error pcb_port_not_connected_error",
    "Generated error pcb_port_not_connected_error",
    "Generated error pcb_port_not_connected_error"
  ],
  "pcbTraceCount": 0,
  "diagnostics": 380
}
