[main 1910f11] Correct motor buck input capacitance and revalidate A9 supplier/tooling checks
 176 files changed, 145111 insertions(+), 143 deletions(-)
 create mode 100644 docs/MCU-POWER-SEQUENCING.md
 create mode 100644 docs/REGULATOR-REVIEW.md
 create mode 100644 docs/SELECTOR-MECHANICS.md
 create mode 100644 docs/TOOLING-ISSUES.md
 create mode 100644 evidence/C13585-characteristics-A9.json
 create mode 100644 evidence/C138687-characteristics-A9.json
 create mode 100644 evidence/CL32B106KBJNNN-A9.html
 create mode 100644 evidence/CL32B106KBJNNW-A9.html
 create mode 100644 evidence/Samsung-C13585-A9.html
 create mode 100644 evidence/active-import-audit-A9.json
 create mode 100644 evidence/active-import-audit-A9.log
 create mode 100644 evidence/active-supplier-inspection-manifest-A9.json
 create mode 100644 evidence/bom-authoring/after-A9.png
 create mode 100644 evidence/bom-authoring/reconciliation-A9.json
 create mode 100644 evidence/bom-authoring/render-overview-A9.mjs
 create mode 100644 evidence/bom-authoring/update-A9.log
 create mode 100644 evidence/bom-metadata-A9.json
 create mode 100644 evidence/buck-input-review-A9.json
 create mode 100644 evidence/buck-input-review-A9.log
 create mode 100644 evidence/coordinate-audit-A9.log
 create mode 100644 evidence/coordinate-audit-recheck-A9.log
 create mode 100644 evidence/coordinate-build-A9.log
 create mode 100644 evidence/coordinate-serialization-A9.json
 create mode 100644 evidence/core-baseline-types-A9.log
 create mode 100644 evidence/core-coordinate-build-A9.log
 create mode 100644 evidence/core-coordinate-fix-A9.patch
 create mode 100644 evidence/core-coordinate-format-A9.log
 create mode 100644 evidence/core-coordinate-regression-after-A9.log
 create mode 100644 evidence/core-coordinate-regression-before-A9.log
 create mode 100644 evidence/core-coordinate-suite-A9.log
 create mode 100644 evidence/core-coordinate-types-A9.log
 create mode 100644 evidence/core-diagnostic-declared-deps-A9.log
 create mode 100644 evidence/core-diagnostic-runtime-install-A9.log
 create mode 100644 evidence/core-diagnostic-tools-install-A9.log
 create mode 100644 evidence/core-diagnostic-types-install-A9.log
 create mode 100644 evidence/core-official-restore-A9.log
 create mode 100644 evidence/core-original-package-A9.json
 create mode 100644 evidence/core-source-clone-A9.log
 create mode 100644 evidence/core-source-install-A9.log
 create mode 100644 evidence/core-source-install-git-transport-A9.log
 create mode 100644 evidence/core-source-install-network-A9.log
 create mode 100644 evidence/core-source-install-production-A9.log
 create mode 100644 evidence/core-typecheck-comparison-A9.json
 create mode 100644 evidence/core-yalc-add-A9.log
 create mode 100644 evidence/core-yalc-publish-A9.log
 create mode 100644 evidence/core-yalc-remove-A9.log
 create mode 100644 evidence/format-A9.log
 create mode 100644 evidence/format-check-A9.log
 create mode 100644 evidence/full-build-diagnostics-A9.json
 create mode 100644 evidence/import-C13585-A9.log
 create mode 100644 evidence/import-C138687-A9.log
 create mode 100644 evidence/local-patched-core-coordinate-A9.json
 create mode 100644 evidence/local-patched-core-coordinate-A9.log
 create mode 100644 evidence/main-full-build-A9.log
 create mode 100644 evidence/main-netlist-A9.log
 create mode 100644 evidence/main-pin_specification-A9.log
 create mode 100644 evidence/main-placement-A9.log
 create mode 100644 evidence/main-schematic-placement-A9.log
 create mode 100644 evidence/main-source-A9.log
 create mode 100644 evidence/new-bom-metadata-A9.json
 create mode 100644 evidence/official-core-coordinate-A9.json
 create mode 100644 evidence/official-core-coordinate-A9.log
 create mode 100644 evidence/official-core-coordinate-latest-schema-A9.log
 create mode 100644 evidence/official-core-probe-install-A9.log
 create mode 100644 evidence/official-core-react-align-A9.log
 create mode 100644 evidence/official-core-restored-coordinate-A9.log
 create mode 100644 evidence/official-schema-update-A9.log
 create mode 100644 evidence/power-report-A9.log
 create mode 100644 evidence/prechange-A9.zip
 create mode 100644 evidence/render-sheets-A9.log
 create mode 100644 evidence/schematic-audit-A9.log
 create mode 100644 evidence/schematic-audit-full-output-A9.log
 create mode 100644 evidence/schematic-build-A9.log
 create mode 100644 evidence/schematic-connectivity-audit-A9.json
 create mode 100644 evidence/schematic-overview-A9.png
 create mode 100644 evidence/source-manifest-A9.json
 create mode 100644 evidence/st-reference-download-A9.log
 create mode 100644 evidence/supplier-C10214-build-A9.log
 create mode 100644 evidence/supplier-C138687-A9.json
 create mode 100644 evidence/supplier-C138687-build-A9.log
 create mode 100644 evidence/supplier-C14663-build-A9.log
 create mode 100644 evidence/supplier-C1653-build-A9.log
 create mode 100644 evidence/supplier-C165948-build-A9.log
 create mode 100644 evidence/supplier-C181239-build-A9.log
 create mode 100644 evidence/supplier-C1849461-build-A9.log
 create mode 100644 evidence/supplier-C1855818-build-A9.log
 create mode 100644 evidence/supplier-C19666-build-A9.log
 create mode 100644 evidence/supplier-C20917-build-A9.log
 create mode 100644 evidence/supplier-C2103-build-A9.log
 create mode 100644 evidence/supplier-C2109-build-A9.log
 create mode 100644 evidence/supplier-C21122-build-A9.log
 create mode 100644 evidence/supplier-C211759-build-A9.log
 create mode 100644 evidence/supplier-C21190-build-A9.log
 create mode 100644 evidence/supplier-C22452-build-A9.log
 create mode 100644 evidence/supplier-C22790-build-A9.log
 create mode 100644 evidence/supplier-C22815-build-A9.log
 create mode 100644 evidence/supplier-C22935-build-A9.log
 create mode 100644 evidence/supplier-C22956-build-A9.log
 create mode 100644 evidence/supplier-C22967-build-A9.log
 create mode 100644 evidence/supplier-C22975-build-A9.log
 create mode 100644 evidence/supplier-C23138-build-A9.log
 create mode 100644 evidence/supplier-C23162-build-A9.log
 create mode 100644 evidence/supplier-C23186-build-A9.log
 create mode 100644 evidence/supplier-C23348-build-A9.log
 create mode 100644 evidence/supplier-C23892-build-A9.log
 create mode 100644 evidence/supplier-C25803-build-A9.log
 create mode 100644 evidence/supplier-C25890-build-A9.log
 create mode 100644 evidence/supplier-C25980-build-A9.log
 create mode 100644 evidence/supplier-C2678061-build-A9.log
 create mode 100644 evidence/supplier-C285788-build-A9.log
 create mode 100644 evidence/supplier-C2918361-build-A9.log
 create mode 100644 evidence/supplier-C2986030-build-A9.log
 create mode 100644 evidence/supplier-C2991665-build-A9.log
 create mode 100644 evidence/supplier-C3293142-build-A9.log
 create mode 100644 evidence/supplier-C395849-build-A9.log
 create mode 100644 evidence/supplier-C403725-build-A9.log
 create mode 100644 evidence/supplier-C4184-build-A9.log
 create mode 100644 evidence/supplier-C440183-build-A9.log
 create mode 100644 evidence/supplier-C44377-build-A9.log
 create mode 100644 evidence/supplier-C468238-build-A9.log
 create mode 100644 evidence/supplier-C477999-build-A9.log
 create mode 100644 evidence/supplier-C529330-build-A9.log
 create mode 100644 evidence/supplier-C53444-build-A9.log
 create mode 100644 evidence/supplier-C5710902-build-A9.log
 create mode 100644 evidence/supplier-C57112-build-A9.log
 create mode 100644 evidence/supplier-C67470-build-A9.log
 create mode 100644 evidence/supplier-C6986-build-A9.log
 create mode 100644 evidence/supplier-C7420353-build-A9.log
 create mode 100644 evidence/supplier-C77083-build-A9.log
 create mode 100644 evidence/supplier-C844918-build-A9.log
 create mode 100644 evidence/supplier-C8598-build-A9.log
 create mode 100644 evidence/supplier-C908270-build-A9.log
 create mode 100644 evidence/supplier-build-results-A9.json
 create mode 100644 evidence/supplier-rebuild-A9.log
 create mode 100644 evidence/tests-A9-final.log
 create mode 100644 evidence/tests-A9.log
 create mode 100644 evidence/thermal-via-policy-A9.json
 create mode 100644 evidence/thermal-via-policy-A9.log
 create mode 100644 evidence/thermal-via-policy-recheck-A9.log
 create mode 100644 evidence/toolchain-update-A9.log
 create mode 100644 evidence/tps54360-A9.txt
 create mode 100644 evidence/typecheck-A9.log
 create mode 100644 evidence/versions-A9.log
 create mode 100644 imports/CL31A106KBHNNNE.tsx
 create mode 100644 imports/CL32B106KBJNNNE.tsx
 create mode 100644 scripts/buck-input-review.ts
 create mode 100644 tests/supplier-audit/C138687.circuit.tsx
 create mode 100644 tooling/core-recheck-A9/bun.lock
 create mode 100644 tooling/core-recheck-A9/package.json
 create mode 100644 tooling/core-recheck-A9/patched-probe.tsx
 create mode 100644 tooling/core-recheck-A9/probe.tsx
