Error in createContainer
14010 |               : null;
14011 |             fiberTag &&
14012 |               (resolvedType +=
14013 |                 "\n\nCheck the render method of `" + fiberTag + "`.");
14014 |             fiberTag = 29;
14015 |             pendingProps = Error(
                                   ^
error: Element type is invalid: expected a string (for built-in components) or a class/function (for composite components) but got: array.
      at createFiberFromTypeAndProps (/Users/anassarkiz/tsci/tscircuit-store/boards/usb-c-pd-brushed-motor--a7c39d12/node_modules/react-reconciler/cjs/react-reconciler.development.js:14015:28)
      at createFiberFromElement (/Users/anassarkiz/tsci/tscircuit-store/boards/usb-c-pd-brushed-motor--a7c39d12/node_modules/react-reconciler/cjs/react-reconciler.development.js:14029:14)
      at reconcileChildFibersImpl (/Users/anassarkiz/tsci/tscircuit-store/boards/usb-c-pd-brushed-motor--a7c39d12/node_modules/react-reconciler/cjs/react-reconciler.development.js:5515:31)
      at <anonymous> (/Users/anassarkiz/tsci/tscircuit-store/boards/usb-c-pd-brushed-motor--a7c39d12/node_modules/react-reconciler/cjs/react-reconciler.development.js:5693:33)
      at reconcileChildren (/Users/anassarkiz/tsci/tscircuit-store/boards/usb-c-pd-brushed-motor--a7c39d12/node_modules/react-reconciler/cjs/react-reconciler.development.js:6198:13)
      at beginWork (/Users/anassarkiz/tsci/tscircuit-store/boards/usb-c-pd-brushed-motor--a7c39d12/node_modules/react-reconciler/cjs/react-reconciler.development.js:8126:15)
      at runWithFiberInDEV (/Users/anassarkiz/tsci/tscircuit-store/boards/usb-c-pd-brushed-motor--a7c39d12/node_modules/react-reconciler/cjs/react-reconciler.development.js:1738:13)
      at performUnitOfWork (/Users/anassarkiz/tsci/tscircuit-store/boards/usb-c-pd-brushed-motor--a7c39d12/node_modules/react-reconciler/cjs/react-reconciler.development.js:12834:22)
      at workLoopSync (/Users/anassarkiz/tsci/tscircuit-store/boards/usb-c-pd-brushed-motor--a7c39d12/node_modules/react-reconciler/cjs/react-reconciler.development.js:12644:41)
      at renderRootSync (/Users/anassarkiz/tsci/tscircuit-store/boards/usb-c-pd-brushed-motor--a7c39d12/node_modules/react-reconciler/cjs/react-reconciler.development.js:12624:11)
      at performWorkOnRoot (/Users/anassarkiz/tsci/tscircuit-store/boards/usb-c-pd-brushed-motor--a7c39d12/node_modules/react-reconciler/cjs/react-reconciler.development.js:12135:44)
      at performSyncWorkOnRoot (/Users/anassarkiz/tsci/tscircuit-store/boards/usb-c-pd-brushed-motor--a7c39d12/node_modules/react-reconciler/cjs/react-reconciler.development.js:2446:7)
      at flushSyncWorkAcrossRoots_impl (/Users/anassarkiz/tsci/tscircuit-store/boards/usb-c-pd-brushed-motor--a7c39d12/node_modules/react-reconciler/cjs/react-reconciler.development.js:2294:21)
      at flushSyncWork (/Users/anassarkiz/tsci/tscircuit-store/boards/usb-c-pd-brushed-motor--a7c39d12/node_modules/react-reconciler/cjs/react-reconciler.development.js:12394:12)
      at createInstanceFromReactElement (/Users/anassarkiz/tsci/tscircuit-store/boards/usb-c-pd-brushed-motor--a7c39d12/node_modules/@tscircuit/core/dist/index.js:8864:14)
      at add (/Users/anassarkiz/tsci/tscircuit-store/boards/usb-c-pd-brushed-motor--a7c39d12/node_modules/@tscircuit/core/dist/index.js:116816:19)
      at generateCircuitJson (/Users/anassarkiz/tsci/tscircuit-store/boards/usb-c-pd-brushed-motor--a7c39d12/node_modules/tscircuit/node_modules/@tscircuit/cli/dist/cli/main.js:167861:10)
      at async <anonymous> (/Users/anassarkiz/tsci/tscircuit-store/boards/usb-c-pd-brushed-motor--a7c39d12/node_modules/tscircuit/node_modules/@tscircuit/cli/dist/cli/main.js:183125:27)
      at async <anonymous> (/Users/anassarkiz/tsci/tscircuit-store/boards/usb-c-pd-brushed-motor--a7c39d12/node_modules/tscircuit/node_modules/@tscircuit/cli/dist/cli/main.js:183237:33)
      at async <anonymous> (/Users/anassarkiz/tsci/tscircuit-store/boards/usb-c-pd-brushed-motor--a7c39d12/node_modules/tscircuit/node_modules/@tscircuit/cli/dist/cli/main.js:185558:29)
      at async <anonymous> (/Users/anassarkiz/tsci/tscircuit-store/boards/usb-c-pd-brushed-motor--a7c39d12/node_modules/tscircuit/node_modules/@tscircuit/cli/dist/cli/main.js:185580:43)

Element type is invalid: expected a string (for built-in components) or a class/function (for composite components) but got: array.
