<SchematicSheet name="pdhost" id="schematic_sheet_1">
<SchematicBoxPositions>
<SchematicBoxPlacement componentName="C30" positionAnchor="center" schX="3" schY="8" width="0.6" height="0.65" />
<SchematicBoxPlacement componentName="C31" positionAnchor="center" schX="7" schY="8" width="0.6" height="0.65" />
<SchematicBoxPlacement componentName="C32" positionAnchor="center" schX="11" schY="8" width="0.6" height="0.65" />
<SchematicBoxPlacement componentName="R56" positionAnchor="center" schX="-11" schY="4" width="0.6" height="0.65" />
<SchematicBoxPlacement componentName="R57" positionAnchor="center" schX="-5.5" schY="4" width="0.6" height="0.65" />
<SchematicBoxPlacement componentName="Q6" positionAnchor="center" schX="0.1" schY="4" width="0.2" height="0.4" />
<SchematicBoxPlacement componentName="R58" positionAnchor="center" schX="5.5" schY="4" width="0.6" height="0.65" />
<SchematicBoxPlacement componentName="R59" positionAnchor="center" schX="11" schY="4" width="0.6" height="0.65" />
<SchematicBoxPlacement componentName="R60" positionAnchor="center" schX="-11" schY="0" width="0.6" height="0.65" />
<SchematicBoxPlacement componentName="R61" positionAnchor="center" schX="-5.5" schY="0" width="0.6" height="0.65" />
<SchematicBoxPlacement componentName="C33" positionAnchor="center" schX="0" schY="0" width="0.6" height="0.65" />
<SchematicBoxPlacement componentName="R62" positionAnchor="center" schX="5.5" schY="0" width="0.6" height="0.65" />
<SchematicBoxPlacement componentName="R63" positionAnchor="center" schX="-5.5" schY="-4" width="0.6" height="0.65" />
<SchematicBoxPlacement componentName="R64" positionAnchor="center" schX="0" schY="-4" width="0.6" height="0.65" />
<SchematicBoxPlacement componentName="R66" positionAnchor="center" schX="5.5" schY="-4" width="0.6" height="0.65" />
<SchematicBoxPlacement componentName="R67" positionAnchor="center" schX="11" schY="-4" width="0.6" height="0.65" />
<SchematicBoxPlacement componentName="C34" positionAnchor="center" schX="-11" schY="-8" width="0.6" height="0.65" />
</SchematicBoxPositions>
<SchematicPlacementIssues>
<SchematicTextCollision schematicTextId="schematic_text_32" text="Q6 · MMBT3904" collidingObjectType="trace" collidingObjectId="schematic_trace_53" newSchX="0.8" newSchY="3.45" message="Text &quot;Q6 · MMBT3904&quot; overlaps trace schematic_trace_53; reposition the text to leave its visible area clear." />
<TwoPinComponentShouldBeVertical componentName="C30" railPin="pin1" railType="power" deltaSchRotation="-90" suggestedRailFacingDirection="up" message="rotate C30 by -90° so its power-connected pin faces up and the component is vertical" />
<TwoPinComponentShouldBeVertical componentName="C31" railPin="pin1" railType="power" deltaSchRotation="-90" suggestedRailFacingDirection="up" message="rotate C31 by -90° so its power-connected pin faces up and the component is vertical" />
<TwoPinComponentShouldBeVertical componentName="C32" railPin="pin2" railType="ground" deltaSchRotation="-90" suggestedRailFacingDirection="down" message="rotate C32 by -90° so its ground-connected pin faces down and the component is vertical" />
<TwoPinComponentShouldBeVertical componentName="R56" railPin="pin2" railType="ground" deltaSchRotation="-90" suggestedRailFacingDirection="down" message="rotate R56 by -90° so its ground-connected pin faces down and the component is vertical" />
<TwoPinComponentShouldBeVertical componentName="R57" railPin="pin1" railType="power" deltaSchRotation="-90" suggestedRailFacingDirection="up" message="rotate R57 by -90° so its power-connected pin faces up and the component is vertical" />
<TwoPinComponentShouldBeVertical componentName="R58" railPin="pin1" railType="power" deltaSchRotation="-90" suggestedRailFacingDirection="up" message="rotate R58 by -90° so its power-connected pin faces up and the component is vertical" />
<TwoPinComponentShouldBeVertical componentName="R59" railPin="pin1" railType="power" deltaSchRotation="-90" suggestedRailFacingDirection="up" message="rotate R59 by -90° so its power-connected pin faces up and the component is vertical" />
<TwoPinComponentShouldBeVertical componentName="R60" railPin="pin1" railType="power" deltaSchRotation="-90" suggestedRailFacingDirection="up" message="rotate R60 by -90° so its power-connected pin faces up and the component is vertical" />
<TwoPinComponentShouldBeVertical componentName="R61" railPin="pin1" railType="power" deltaSchRotation="-90" suggestedRailFacingDirection="up" message="rotate R61 by -90° so its power-connected pin faces up and the component is vertical" />
<TwoPinComponentShouldBeVertical componentName="C33" railPin="pin1" railType="power" deltaSchRotation="-90" suggestedRailFacingDirection="up" message="rotate C33 by -90° so its power-connected pin faces up and the component is vertical" />
<TwoPinComponentShouldBeVertical componentName="R62" railPin="pin1" railType="power" deltaSchRotation="-90" suggestedRailFacingDirection="up" message="rotate R62 by -90° so its power-connected pin faces up and the component is vertical" />
<TwoPinComponentShouldBeVertical componentName="R63" railPin="pin1" railType="power" deltaSchRotation="-90" suggestedRailFacingDirection="up" message="rotate R63 by -90° so its power-connected pin faces up and the component is vertical" />
<TwoPinComponentShouldBeVertical componentName="R64" railPin="pin1" railType="power" deltaSchRotation="-90" suggestedRailFacingDirection="up" message="rotate R64 by -90° so its power-connected pin faces up and the component is vertical" />
<TwoPinComponentShouldBeVertical componentName="R66" railPin="pin1" railType="power" deltaSchRotation="-90" suggestedRailFacingDirection="up" message="rotate R66 by -90° so its power-connected pin faces up and the component is vertical" />
<TwoPinComponentShouldBeVertical componentName="R67" railPin="pin1" railType="power" deltaSchRotation="-90" suggestedRailFacingDirection="up" message="rotate R67 by -90° so its power-connected pin faces up and the component is vertical" />
<TwoPinComponentShouldBeVertical componentName="C34" railPin="pin1" railType="power" deltaSchRotation="-90" suggestedRailFacingDirection="up" message="rotate C34 by -90° so its power-connected pin faces up and the component is vertical" />
</SchematicPlacementIssues>
</SchematicSheet>
<SchematicSheet name="dump" id="schematic_sheet_7">
<SchematicBoxPositions>
<SchematicBoxPlacement componentName="Q4" positionAnchor="center" schX="-5.4" schY="0" width="0.2" height="0.4" />
<SchematicBoxPlacement componentName="Q5" positionAnchor="center" schX="5.6" schY="0" width="0.2" height="0.4" />
</SchematicBoxPositions>
<SchematicPlacementIssues>
<SchematicTextCollision schematicTextId="schematic_text_55" text="Q4 · MMBT3904" collidingObjectType="trace" collidingObjectId="schematic_trace_245" newSchX="-4.7" newSchY="-0.55" message="Text &quot;Q4 · MMBT3904&quot; overlaps trace schematic_trace_245; reposition the text to leave its visible area clear." />
</SchematicPlacementIssues>
</SchematicSheet>
<SchematicSheet name="protection" id="schematic_sheet_5">
<SchematicBoxPositions>
<SchematicBoxPlacement componentName="R34" positionAnchor="center" schX="-11" schY="4" width="0.9" height="0.6" />
<SchematicBoxPlacement componentName="D8" positionAnchor="center" schX="-5.5" schY="4" width="1.04" height="0.54" />
<SchematicBoxPlacement componentName="R65" positionAnchor="center" schX="5.5" schY="4" width="0.6" height="0.65" />
</SchematicBoxPositions>
<SchematicPlacementIssues>
<DiodeResistorNotAligned diodeComponentName="D8" diodePin="anode" resistorComponentName="R34" resistorPin="cathode" message="trace has corners — align D8 and R34 on same axis and rotate so D8.anode faces R34.cathode" />
<TwoPinComponentShouldBeVertical componentName="R65" railPin="pin2" railType="ground" deltaSchRotation="-90" suggestedRailFacingDirection="down" message="rotate R65 by -90° so its ground-connected pin faces down and the component is vertical" />
</SchematicPlacementIssues>
</SchematicSheet>
<SchematicSheet name="usb" id="schematic_sheet_0">
<SchematicBoxPositions>
<SchematicBoxPlacement componentName="D1" positionAnchor="center" schX="10.98" schY="7.99" width="0.24" height="0.3" />
</SchematicBoxPositions>
<SchematicPlacementIssues>
<TwoPinComponentShouldBeVertical componentName="D1" railPin="pin1" railType="power" deltaSchRotation="-90" suggestedRailFacingDirection="up" message="rotate D1 by -90° so its power-connected pin faces up and the component is vertical" />
</SchematicPlacementIssues>
</SchematicSheet>
<SchematicSheet name="motor" id="schematic_sheet_6">
<SchematicBoxPositions>
<SchematicBoxPlacement componentName="D11" positionAnchor="center" schX="-11" schY="0" width="0.4" height="0.32" />
</SchematicBoxPositions>
<SchematicPlacementIssues>
<TwoPinComponentShouldBeVertical componentName="D11" railPin="pin1" railType="power" deltaSchRotation="90" suggestedRailFacingDirection="up" message="rotate D11 by 90° so its power-connected pin faces up and the component is vertical" />
</SchematicPlacementIssues>
</SchematicSheet>
