Building 1 file(s)...
Building index.circuit.tsx...
Generating circuit JSON...
Wrote debug artifact: evidence/routing-tenth-debug-A22/phase-0.input.simple-route.json
Wrote debug artifact: evidence/routing-tenth-debug-A22/phase-0.output.traces.json
Saved autorouting paths to .tscircuit/autorouting-artifacts/index-circuit-tsx-2e2764dae4/subcircuit_source_group_2-phase-default-order-0.pcb-trace-paths.json (import this JSON into <autoroutingphase pcbTracePaths={...} />).
Wrote debug artifact: evidence/routing-tenth-debug-A22/phase-3.input.simple-route.json
Autorouting phase 4/8 has been running for 10.3s; enabling phase diagnostics. Re-run with --autorouter-debug for full autorouter logs from the start.
Autorouting <board#784 /> phase 4/8 long-running start: connections=19, obstacles=437, previous_traces=18, router=tscircuit, solver=AutoroutingPipelineSolver9_PreloadedTraceGraph, effort=1x, cache=miss, cache_id=0f4472dc/1e7a7e2b
  connections: breakout:pcb_breakout_point_18, breakout:pcb_breakout_point_19, breakout:pcb_breakout_point_20, breakout:pcb_breakout_point_21, breakout:pcb_breakout_point_22, breakout:pcb_breakout_point_23, breakout:pcb_breakout_point_24, breakout:pcb_breakout_point_25, breakout:pcb_breakout_point_26, breakout:pcb_breakout_point_27, breakout:pcb_breakout_point_28, breakout:pcb_breakout_point_29, breakout:pcb_breakout_point_30, breakout:pcb_breakout_point_31, breakout:pcb_breakout_point_32, breakout:pcb_breakout_point_33, breakout:pcb_breakout_point_34, breakout:pcb_breakout_point_35, breakout:pcb_breakout_point_36
  phase 4/8 progress: solver=AutoroutingPipelineSolver9_PreloadedTraceGraph solver_phase=pipeline9JointDrcRepairSolver steps=19 progress=84% iterations_per_second=36 elapsed=10.3s
  phase 4/8 progress: solver=AutoroutingPipelineSolver9_PreloadedTraceGraph solver_phase=pipeline9JointDrcRepairSolver steps=20 progress=84% iterations_per_second=74 elapsed=10.6s
  phase 4/8 done: routed_traces=19, jumpers=0, errors=0, elapsed=18.2s
Wrote debug artifact: evidence/routing-tenth-debug-A22/phase-3.output.traces.json
Saved autorouting paths to .tscircuit/autorouting-artifacts/index-circuit-tsx-2e2764dae4/subcircuit_source_group_2-phase-default-order-3.pcb-trace-paths.json (import this JSON into <autoroutingphase pcbTracePaths={...} />).
Wrote debug artifact: evidence/routing-tenth-debug-A22/phase-0.input.simple-route.json
Wrote debug artifact: evidence/routing-tenth-debug-A22/phase-0.output.traces.json
Saved autorouting paths to .tscircuit/autorouting-artifacts/index-circuit-tsx-2e2764dae4/subcircuit_source_group_2-phase-0-order-6.pcb-trace-paths.json (import this JSON into <autoroutingphase pcbTracePaths={...} />).
Wrote debug artifact: evidence/routing-tenth-debug-A22/phase-7.input.simple-route.json
Autorouting phase 8/8 has been running for 10.3s; enabling phase diagnostics. Re-run with --autorouter-debug for full autorouter logs from the start.
Autorouting <board#784 /> phase 8/8 long-running start: connections=76, obstacles=490, previous_traces=37, router=tscircuit, solver=AutoroutingPipelineSolver9_PreloadedTraceGraph, effort=1x, cache=miss, cache_id=0f4472dc/44f6fce9
  connections: net.GND, net.VBUS, net.VDD5, net.VCC3V3, net.EFUSE_IN, net.VIN_BUCK, net.VM, net.CC1, net.CC2, net.PD_RESET, net.SCL, net.SDA, net.PD_ENABLE_N, net.VBUS_SENSE, net.PD_ALERT_N, net.VREG_1V2, net.VREG_2V7, net.MCU_NRST, net.ADC_VBUS, net.ADC_VM, net.VOLTAGE_BIT_9, net.VOLTAGE_BIT_12, net.VOLTAGE_DRIVE_9, net.VOLTAGE_DRIVE_12, net.HOST_ALLOW, net.HOST_INHIBIT_B, net.MOTOR_FAULT_N, net.SWDIO, net.SWCLK, net.MOTOR_READY, net.SELECT_9, net.SELECT_12, net.INPUT_UV, net.INPUT_OV, net.SLEW, net.INPUT_ILIM, net.POWER_ENABLE, net.INPUT_PG, net.PD_INHIBIT, net.INPUT_OV_TOP, net.BOOT, net.BUCK_EN, net.RT, net.MOTOR_FB, net.COMP, net.FB_TOP_MID, net.COMP_ZERO, net.TIMING, net.PWM, net.TIMER_CONT, net.WIPER, net.POT_CHARGE, net.POT_DISCHARGE, net.DISCHARGE_END, net.IN1, net.IN2, net.R29_LED, net.R30_LED, net.VREF2V5, net.UV_REF, net.OV_REF, net.OV_ACTIVE_N, net.IPROPI, net.VCP, net.CPH, net.CPL, net.POWER_LED, net.DUMP_BASE, net.DUMP_DRIVE, net.DUMP_GATE, net.DUMP_LOAD, net.DUMP_MID_A, net.DUMP_MID_B, net.DUMP_MID_C, net.DUMP_MID_D, net.OV_INHIBIT
  phase 8/8 progress: solver=AutoroutingPipelineSolver9_PreloadedTraceGraph solver_phase=highDensityRouteSolver steps=30 progress=54% iterations_per_second=4488 elapsed=10.3s
  phase 8/8 progress: solver=AutoroutingPipelineSolver9_PreloadedTraceGraph solver_phase=highDensityRouteSolver steps=31 progress=54% iterations_per_second=4260 elapsed=10.5s
  phase 8/8 progress: solver=AutoroutingPipelineSolver9_PreloadedTraceGraph solver_phase=highDensityRouteSolver steps=61 progress=55% iterations_per_second=481920 elapsed=20.7s
  phase 8/8 progress: solver=AutoroutingPipelineSolver9_PreloadedTraceGraph solver_phase=highDensityRouteSolver steps=86 progress=55% iterations_per_second=252 elapsed=30.8s
  phase 8/8 progress: solver=AutoroutingPipelineSolver9_PreloadedTraceGraph solver_phase=highDensityRouteSolver steps=114 progress=55% iterations_per_second=474 elapsed=41.1s
  phase 8/8 progress: solver=AutoroutingPipelineSolver9_PreloadedTraceGraph solver_phase=highDensityRouteSolver steps=141 progress=55% iterations_per_second=42661 elapsed=51.2s
  phase 8/8 progress: solver=AutoroutingPipelineSolver9_PreloadedTraceGraph solver_phase=highDensityRouteSolver steps=173 progress=56% iterations_per_second=51836 elapsed=61.5s
  phase 8/8 progress: solver=AutoroutingPipelineSolver9_PreloadedTraceGraph solver_phase=traceSimplificationSolver steps=200 progress=68% iterations_per_second=1167 elapsed=71.7s
  phase 8/8 progress: solver=AutoroutingPipelineSolver9_PreloadedTraceGraph solver_phase=pipeline9JointDrcRepairSolver steps=221 progress=85% iterations_per_second=2 elapsed=82.6s
  phase 8/8 progress: solver=AutoroutingPipelineSolver9_PreloadedTraceGraph solver_phase=powerTraceExpansionSolver steps=251 progress=96% iterations_per_second=199868 elapsed=92.7s
  phase 8/8 progress: solver=AutoroutingPipelineSolver9_PreloadedTraceGraph solver_phase=powerTraceExpansionSolver steps=283 progress=97% iterations_per_second=77337 elapsed=102.8s
  phase 8/8 progress: solver=AutoroutingPipelineSolver9_PreloadedTraceGraph solver_phase=powerTraceExpansionSolver steps=314 progress=99% iterations_per_second=52639 elapsed=112.8s
  phase 8/8 progress: solver=AutoroutingPipelineSolver9_PreloadedTraceGraph solver_phase=powerTraceExpansionSolver steps=345 progress=99% iterations_per_second=197004 elapsed=122.8s
  phase 8/8 done: routed_traces=331, jumpers=0, errors=0, elapsed=126.8s
Wrote debug artifact: evidence/routing-tenth-debug-A22/phase-7.output.traces.json
Could not save autorouting paths for subcircuit_source_group_2: Routes contain a junction or endpoint that cannot select a unique PCB port
Wrote debug artifact: evidence/routing-tenth-debug-A22/board.meta.json
Circuit JSON written to dist/index/circuit.json
The "J" prefix is being used with a <chip />, try using it with a <connector /> or <jumper />
The "TP" prefix is being used with a <chip />, try using it with a <testpoint />
The "TP" prefix is being used with a <chip />, try using it with a <testpoint />
The "S" prefix is being used with a <chip />, try using it with a <switch /> or <pushbutton />
The "Q" prefix is being used with a <chip />, try using it with a <transistor />
The "Q" prefix is being used with a <chip />, try using it with a <transistor />
The "Q" prefix is being used with a <chip />, try using it with a <transistor />
The "TP" prefix is being used with a <chip />, try using it with a <testpoint />
The "TP" prefix is being used with a <chip />, try using it with a <testpoint />
The "TP" prefix is being used with a <chip />, try using it with a <testpoint />
The "TP" prefix is being used with a <chip />, try using it with a <testpoint />
The "Q" prefix is being used with a <chip />, try using it with a <transistor />
The "R" prefix is being used with a <chip />, try using it with a <resistor />
The "S" prefix is being used with a <chip />, try using it with a <switch /> or <pushbutton />
The "J" prefix is being used with a <chip />, try using it with a <connector /> or <jumper />
The "TP" prefix is being used with a <chip />, try using it with a <testpoint />
The "Q" prefix is being used with a <chip />, try using it with a <transistor />
The "Q" prefix is being used with a <chip />, try using it with a <transistor />
The "Q" prefix is being used with a <chip />, try using it with a <transistor />
The "Q" prefix is being used with a <chip />, try using it with a <transistor />
All pins on D1 are underspecified (no pinAttributes set)
All pins on D2 are underspecified (no pinAttributes set)
All pins on SW2 are underspecified (no pinAttributes set)
All pins on Q6 are underspecified (no pinAttributes set)
All pins on Q7 are underspecified (no pinAttributes set)
All pins on Q8 are underspecified (no pinAttributes set)
All pins on Q1 are underspecified (no pinAttributes set)
All pins on RV1 are underspecified (no pinAttributes set)
All pins on SW1 are underspecified (no pinAttributes set)
All pins on U8 are underspecified (no pinAttributes set)
All pins on D10 are underspecified (no pinAttributes set)
All pins on D11 are underspecified (no pinAttributes set)
All pins on J2 are underspecified (no pinAttributes set)
All pins on Q2 are underspecified (no pinAttributes set)
All pins on Q3 are underspecified (no pinAttributes set)
All pins on Q4 are underspecified (no pinAttributes set)
All pins on Q5 are underspecified (no pinAttributes set)
J1 has no pin with requires_power=true
U2 has no pin with requires_power=true
U3 has no pin with requires_power=true
D1 has no pin with requires_power=true
D2 has no pin with requires_power=true
SW2 has no pin with requires_power=true
Q6 has no pin with requires_power=true
Q7 has no pin with requires_power=true
Q8 has no pin with requires_power=true
U4 has no pin with requires_power=true
Q1 has no pin with requires_power=true
RV1 has no pin with requires_power=true
SW1 has no pin with requires_power=true
U8 has no pin with requires_power=true
U10 has no pin with requires_power=true
D10 has no pin with requires_power=true
D11 has no pin with requires_power=true
J2 has no pin with requires_power=true
Q2 has no pin with requires_power=true
Q3 has no pin with requires_power=true
Q4 has no pin with requires_power=true
Q5 has no pin with requires_power=true
J1 has no pin with requires_ground=true
D1 has no pin with requires_ground=true
D2 has no pin with requires_ground=true
SW2 has no pin with requires_ground=true
Q6 has no pin with requires_ground=true
Q7 has no pin with requires_ground=true
Q8 has no pin with requires_ground=true
Q1 has no pin with requires_ground=true
RV1 has no pin with requires_ground=true
SW1 has no pin with requires_ground=true
U8 has no pin with requires_ground=true
D10 has no pin with requires_ground=true
D11 has no pin with requires_ground=true
J2 has no pin with requires_ground=true
Q2 has no pin with requires_ground=true
Q3 has no pin with requires_ground=true
Q4 has no pin with requires_ground=true
Q5 has no pin with requires_ground=true
D1 is missing schematic reference designator text. For a custom symbol, add name="{REFDES}" inside the symbol.
D2 is missing schematic reference designator text. For a custom symbol, add name="{REFDES}" inside the symbol.
Q6 is missing schematic reference designator text. For a custom symbol, add name="{REFDES}" inside the symbol.
Q7 is missing schematic reference designator text. For a custom symbol, add name="{REFDES}" inside the symbol.
Q8 is missing schematic reference designator text. For a custom symbol, add name="{REFDES}" inside the symbol.
Q1 is missing schematic reference designator text. For a custom symbol, add name="{REFDES}" inside the symbol.
RV1 is missing schematic reference designator text. For a custom symbol, add name="{REFDES}" inside the symbol.
U8 is missing schematic reference designator text. For a custom symbol, add name="{REFDES}" inside the symbol.
D10 is missing schematic reference designator text. For a custom symbol, add name="{REFDES}" inside the symbol.
D11 is missing schematic reference designator text. For a custom symbol, add name="{REFDES}" inside the symbol.
Q2 is missing schematic reference designator text. For a custom symbol, add name="{REFDES}" inside the symbol.
Q3 is missing schematic reference designator text. For a custom symbol, add name="{REFDES}" inside the symbol.
Q4 is missing schematic reference designator text. For a custom symbol, add name="{REFDES}" inside the symbol.
Q5 is missing schematic reference designator text. For a custom symbol, add name="{REFDES}" inside the symbol.
PCB trace .U5 > .SW to net.SWITCH_NODE overlaps with .U11 > .pin6 to net.MCU_NRST (accidental contact)
PCB trace .U10 > .pin8 to net.MOTOR_P overlaps with pcb_via "unnamed via" (accidental contact)
PCB trace .U10 > .pin8 to net.MOTOR_P is too close to .U10 > .pin6 to net.IPROPI (gap: 0.151mm)
PCB trace .U10 > .pin8 to net.MOTOR_P overlaps with .J1 > .pin1 to net.GND (accidental contact)
PCB trace .U10 > .pin8 to net.MOTOR_P overlaps with .J1 > .pin1 to net.GND (accidental contact)
PCB trace .U10 > .pin8 to net.MOTOR_P overlaps with pcb_smtpad "U10.IMODE" (accidental contact)
PCB trace .U10 > .pin8 to net.MOTOR_P overlaps with .R66 > .pin1 to net.VM (accidental contact)
PCB trace .U10 > .pin8 to net.MOTOR_P is too close to .R66 > .pin1 to net.VM (gap: 0.152mm)
PCB trace .U10 > .pin8 to net.MOTOR_P overlaps with pcb_smtpad "R41.pin1" (accidental contact)
PCB trace .U10 > .pin8 to net.MOTOR_P overlaps with .R66 > .pin1 to net.VM (accidental contact)
PCB trace .U10 > .pin8 to net.MOTOR_P is too close to .R66 > .pin1 to net.VM (gap: 0.075mm)
PCB trace .U10 > .pin10 to net.MOTOR_N overlaps with pcb_smtpad "C28.pin2" (accidental contact)
PCB trace .U1 > .pin25 to net.GND is too close to .U1 > .pin8 to net.SDA (gap: 0.124mm)
PCB trace .U1 > .pin12 to net.GND is too close to .U1 > .pin8 to net.SDA (gap: 0.129mm)
PCB trace .U1 > .pin10 to net.GND is too close to .U1 > .pin8 to net.SDA (gap: 0.191mm)
PCB trace .U11 > .pin19 to net.SWCLK is too close to .U11 > .pin12 to net.VOLTAGE_DRIVE_12 (gap: 0.131mm)
PCB trace .U11 > .pin18 to net.SWDIO is too close to .U11 > .pin14 to net.HOST_INHIBIT_B (gap: 0.167mm)
PCB trace .U11 > .pin18 to net.SWDIO is too close to .U11 > .pin11 to net.VOLTAGE_DRIVE_9 (gap: 0.177mm)
PCB trace .U11 > .pin18 to net.SWDIO is too close to .U11 > .pin11 to net.VOLTAGE_DRIVE_9 (gap: 0.183mm)
PCB trace .U11 > .pin18 to net.SWDIO is too close to .U11 > .pin13 to net.HOST_ALLOW (gap: 0.154mm)
PCB trace .U11 > .pin18 to net.SWDIO overlaps with pcb_via "unnamed via" (accidental contact)
PCB trace .U11 > .pin18 to net.SWDIO is too close to .U11 > .pin17 to net.MOTOR_FAULT_N (gap: 0.100mm)
PCB trace .U11 > .pin18 to net.SWDIO is too close to .U11 > .pin12 to net.VOLTAGE_DRIVE_12 (gap: 0.120mm)
PCB trace .U11 > .pin17 to net.MOTOR_FAULT_N is too close to .U11 > .pin14 to net.HOST_INHIBIT_B (gap: 0.128mm)
PCB trace .U11 > .pin17 to net.MOTOR_FAULT_N is too close to .U11 > .pin13 to net.HOST_ALLOW (gap: 0.170mm)
PCB trace .U11 > .pin17 to net.MOTOR_FAULT_N is too close to .U11 > .pin12 to net.VOLTAGE_DRIVE_12 (gap: 0.145mm)
PCB trace .U11 > .pin17 to net.MOTOR_FAULT_N is too close to .U1 > .pin16 to net.PD_ENABLE_N (gap: 0.130mm)
PCB trace .U11 > .pin17 to net.MOTOR_FAULT_N is too close to .U1 > .pin16 to net.PD_ENABLE_N (gap: 0.153mm)
PCB trace .U11 > .pin17 to net.MOTOR_FAULT_N is too close to .U11 > .pin15 to net.PD_ENABLE_N (gap: 0.165mm)
PCB trace .U11 > .pin17 to net.MOTOR_FAULT_N is too close to .U11 > .pin16 to net.PD_RESET (gap: 0.130mm)
PCB trace .U11 > .pin17 to net.MOTOR_FAULT_N is too close to .U1 > .pin6 to net.PD_RESET (gap: 0.125mm)
PCB trace .U11 > .pin17 to net.MOTOR_FAULT_N overlaps with pcb_via "unnamed via" (accidental contact)
PCB trace .U11 > .pin16 to net.PD_RESET is too close to .U11 > .pin13 to net.HOST_ALLOW (gap: 0.127mm)
PCB trace .U11 > .pin16 to net.PD_RESET is too close to .U11 > .pin12 to net.VOLTAGE_DRIVE_12 (gap: 0.157mm)
PCB trace .U11 > .pin15 to net.PD_ENABLE_N is too close to .U11 > .pin17 to net.MOTOR_FAULT_N (gap: 0.102mm)
PCB trace .U11 > .pin15 to net.PD_ENABLE_N is too close to .U11 > .pin13 to net.HOST_ALLOW (gap: 0.119mm)
PCB trace .U11 > .pin15 to net.PD_ENABLE_N overlaps with .U11 > .pin14 to net.HOST_INHIBIT_B (accidental contact)
PCB trace .U11 > .pin14 to net.HOST_INHIBIT_B is too close to .U11 > .pin13 to net.HOST_ALLOW (gap: 0.129mm)
PCB trace .U11 > .pin14 to net.HOST_INHIBIT_B is too close to .U1 > .pin16 to net.PD_ENABLE_N (gap: 0.151mm)
PCB trace .U11 > .pin14 to net.HOST_INHIBIT_B is too close to .U1 > .pin16 to net.PD_ENABLE_N (gap: 0.151mm)
PCB trace .U11 > .pin14 to net.HOST_INHIBIT_B is too close to .U11 > .pin13 to net.HOST_ALLOW (gap: 0.150mm)
PCB trace .U11 > .pin14 to net.HOST_INHIBIT_B is too close to .U11 > .pin13 to net.HOST_ALLOW (gap: 0.150mm)
PCB trace .U11 > .pin14 to net.HOST_INHIBIT_B is too close to .U11 > .pin12 to net.VOLTAGE_DRIVE_12 (gap: 0.190mm)
PCB trace .U11 > .pin14 to net.HOST_INHIBIT_B is too close to .U11 > .pin17 to net.MOTOR_FAULT_N (gap: 0.088mm)
PCB trace .U11 > .pin13 to net.HOST_ALLOW is too close to .U11 > .pin17 to net.MOTOR_FAULT_N (gap: 0.069mm)
PCB trace .U11 > .pin13 to net.HOST_ALLOW is too close to .U11 > .pin12 to net.VOLTAGE_DRIVE_12 (gap: 0.101mm)
PCB trace .U11 > .pin13 to net.HOST_ALLOW is too close to .U1 > .pin16 to net.PD_ENABLE_N (gap: 0.147mm)
PCB trace .U11 > .pin13 to net.HOST_ALLOW is too close to .U1 > .pin16 to net.PD_ENABLE_N (gap: 0.117mm)
PCB trace .U11 > .pin12 to net.VOLTAGE_DRIVE_12 is too close to .U11 > .pin19 to net.SWCLK (gap: 0.156mm)
PCB trace .U11 > .pin12 to net.VOLTAGE_DRIVE_12 is too close to .U11 > .pin18 to net.SWDIO (gap: 0.184mm)
PCB trace .U11 > .pin12 to net.VOLTAGE_DRIVE_12 is too close to .U1 > .pin6 to net.PD_RESET (gap: 0.180mm)
PCB trace .U11 > .pin12 to net.VOLTAGE_DRIVE_12 overlaps with pcb_via "unnamed via" (accidental contact)
PCB trace .U11 > .pin12 to net.VOLTAGE_DRIVE_12 is too close to .U11 > .pin17 to net.MOTOR_FAULT_N (gap: 0.180mm)
PCB trace .U11 > .pin12 to net.VOLTAGE_DRIVE_12 overlaps with pcb_via "unnamed via" (accidental contact)
PCB trace .U11 > .pin12 to net.VOLTAGE_DRIVE_12 is too close to .U11 > .pin14 to net.HOST_INHIBIT_B (gap: 0.187mm)
PCB trace .U11 > .pin12 to net.VOLTAGE_DRIVE_12 is too close to .U1 > .pin16 to net.PD_ENABLE_N (gap: 0.131mm)
PCB trace .U11 > .pin12 to net.VOLTAGE_DRIVE_12 is too close to .U1 > .pin16 to net.PD_ENABLE_N (gap: 0.192mm)
PCB trace .U11 > .pin12 to net.VOLTAGE_DRIVE_12 is too close to .U11 > .pin13 to net.HOST_ALLOW (gap: 0.115mm)
PCB trace .U11 > .pin10 to net.VOLTAGE_BIT_12 is too close to .U11 > .pin8 to net.ADC_VM (gap: 0.172mm)
PCB trace .U11 > .pin9 to net.VOLTAGE_BIT_9 is too close to .U11 > .pin8 to net.ADC_VM (gap: 0.143mm)
PCB trace .U11 > .pin4 to net.VCC3V3 is too close to .U11 > .pin7 to net.ADC_VBUS (gap: 0.090mm)
PCB trace .U11 > .pin3 to net.PD_ALERT_N is too close to .U11 > .pin7 to net.ADC_VBUS (gap: 0.169mm)
PCB trace .U11 > .pin1 to net.SCL is too close to .U1 > .pin19 to net.PD_ALERT_N (gap: 0.171mm)
PCB trace .U9 > .1IN_NEG to net.UV_REF is too close to .Q6 > .C to net.MOTOR_READY (gap: 0.180mm)
PCB trace .SW1 > .pin3 to net.IN2 is too close to .SW1 > .pin1 to net.IN1 (gap: 0.089mm)
PCB trace .U4 > .pin13 to net.POWER_ENABLE is too close to .D4 > .cathode to net.EFUSE_IN (gap: 0.169mm)
PCB trace .U4 > .pin13 to net.POWER_ENABLE is too close to .R66 > .pin1 to net.VM (gap: 0.130mm)
PCB trace .U4 > .pin7 to net.INPUT_UV is too close to pcb_keepout "unnamed keepout" (gap: 0.169mm)
PCB trace .Q8 > .D to net.SELECT_12 is too close to .J1 > .pin1 to net.GND (gap: 0.086mm)
PCB trace .Q7 > .D to net.SELECT_9 is too close to .U11 > .pin6 to net.MCU_NRST (gap: 0.078mm)
PCB trace .U11 > .pin19 to net.SWCLK is too close to .U1 > .pin16 to net.PD_ENABLE_N (gap: 0.122mm)
PCB trace .U11 > .pin17 to net.MOTOR_FAULT_N is too close to .U3 > .pin1 to net.VCC3V3 (gap: 0.144mm)
PCB trace .U11 > .pin17 to net.MOTOR_FAULT_N overlaps with pcb_via "unnamed via" (accidental contact)
PCB trace .U11 > .pin17 to net.MOTOR_FAULT_N is too close to .U1 > .pin16 to net.PD_ENABLE_N (gap: 0.146mm)
PCB trace .U11 > .pin17 to net.MOTOR_FAULT_N is too close to .U1 > .pin16 to net.PD_ENABLE_N (gap: 0.169mm)
PCB trace .U11 > .pin17 to net.MOTOR_FAULT_N is too close to .U11 > .pin14 to net.HOST_INHIBIT_B (gap: 0.136mm)
PCB trace .U11 > .pin17 to net.MOTOR_FAULT_N overlaps with pcb_via "unnamed via" (accidental contact)
PCB trace .U11 > .pin17 to net.MOTOR_FAULT_N is too close to .U11 > .pin13 to net.HOST_ALLOW (gap: 0.137mm)
PCB trace .U11 > .pin14 to net.HOST_INHIBIT_B is too close to .U1 > .pin16 to net.PD_ENABLE_N (gap: 0.180mm)
PCB trace .U11 > .pin14 to net.HOST_INHIBIT_B is too close to .U1 > .pin16 to net.PD_ENABLE_N (gap: 0.181mm)
PCB trace .U11 > .pin14 to net.HOST_INHIBIT_B is too close to .U11 > .pin13 to net.HOST_ALLOW (gap: 0.157mm)
PCB trace .U11 > .pin14 to net.HOST_INHIBIT_B is too close to .U11 > .pin12 to net.VOLTAGE_DRIVE_12 (gap: 0.090mm)
PCB trace .U11 > .pin14 to net.HOST_INHIBIT_B overlaps with pcb_via "unnamed via" (accidental contact)
PCB trace .U11 > .pin14 to net.HOST_INHIBIT_B is too close to .U11 > .pin11 to net.VOLTAGE_DRIVE_9 (gap: 0.151mm)
PCB trace .U11 > .pin13 to net.HOST_ALLOW overlaps with pcb_via "unnamed via" (accidental contact)
PCB trace .U11 > .pin13 to net.HOST_ALLOW is too close to .U11 > .pin12 to net.VOLTAGE_DRIVE_12 (gap: 0.112mm)
PCB trace .U11 > .pin13 to net.HOST_ALLOW is too close to .D4 > .cathode to net.EFUSE_IN (gap: 0.114mm)
PCB trace .U11 > .pin12 to net.VOLTAGE_DRIVE_12 is too close to .U11 > .pin17 to net.MOTOR_FAULT_N (gap: 0.134mm)
PCB trace .U11 > .pin10 to net.VOLTAGE_BIT_12 is too close to .U11 > .pin8 to net.ADC_VM (gap: 0.168mm)
PCB trace .U11 > .pin10 to net.VOLTAGE_BIT_12 is too close to .J1 > .pin1 to net.GND (gap: 0.141mm)
PCB trace .U11 > .pin10 to net.VOLTAGE_BIT_12 is too close to .U1 > .pin8 to net.SDA (gap: 0.030mm)
PCB trace .U11 > .pin9 to net.VOLTAGE_BIT_9 is too close to .U11 > .pin8 to net.ADC_VM (gap: 0.143mm)
PCB trace .U11 > .pin9 to net.VOLTAGE_BIT_9 is too close to .U1 > .pin19 to net.PD_ALERT_N (gap: 0.164mm)
PCB trace .U11 > .pin9 to net.VOLTAGE_BIT_9 is too close to .J1 > .pin1 to net.GND (gap: 0.133mm)
PCB trace .U11 > .pin8 to net.ADC_VM is too close to .J1 > .pin1 to net.GND (gap: 0.186mm)
PCB trace .U11 > .pin8 to net.ADC_VM is too close to .J1 > .pin1 to net.GND (gap: 0.186mm)
PCB trace .U11 > .pin7 to net.ADC_VBUS is too close to .U3 > .pin1 to net.VCC3V3 (gap: 0.115mm)
PCB trace .U11 > .pin7 to net.ADC_VBUS is too close to .U1 > .pin19 to net.PD_ALERT_N (gap: 0.148mm)
PCB trace .U11 > .pin7 to net.ADC_VBUS is too close to .U1 > .pin19 to net.PD_ALERT_N (gap: 0.172mm)
PCB trace .U11 > .pin7 to net.ADC_VBUS is too close to .U3 > .pin1 to net.VCC3V3 (gap: 0.128mm)
PCB trace .U11 > .pin6 to net.MCU_NRST is too close to .U4 > .pin18 to net.VIN_BUCK (gap: 0.112mm)
PCB trace .U1 > .pin19 to net.PD_ALERT_N is too close to .U1 > .pin7 to net.SCL (gap: 0.171mm)
PCB trace .U1 > .pin19 to net.PD_ALERT_N is too close to .J1 > .pin1 to net.GND (gap: 0.104mm)
PCB trace .U1 > .pin19 to net.PD_ALERT_N is too close to .U1 > .pin16 to net.PD_ENABLE_N (gap: 0.141mm)
PCB trace .U1 > .pin19 to net.PD_ALERT_N is too close to .J1 > .pin15 to net.VBUS (gap: 0.115mm)
PCB trace .U1 > .pin19 to net.PD_ALERT_N is too close to .U3 > .pin1 to net.VCC3V3 (gap: 0.136mm)
PCB trace .U1 > .pin19 to net.PD_ALERT_N is too close to .J1 > .pin1 to net.GND (gap: 0.113mm)
PCB trace .U1 > .pin19 to net.PD_ALERT_N is too close to .U1 > .pin8 to net.SDA (gap: 0.145mm)
PCB trace .U1 > .pin19 to net.PD_ALERT_N is too close to .U3 > .pin1 to net.VCC3V3 (gap: 0.174mm)
PCB trace .U1 > .pin19 to net.PD_ALERT_N overlaps with pcb_via "unnamed via" (accidental contact)
PCB trace .U1 > .pin19 to net.PD_ALERT_N overlaps with pcb_via "unnamed via" (accidental contact)
PCB trace .U1 > .pin18 to net.VBUS_SENSE is too close to .U3 > .pin1 to net.VCC3V3 (gap: 0.132mm)
PCB trace .U1 > .pin18 to net.VBUS_SENSE overlaps with .U1 > .pin16 to net.PD_ENABLE_N (accidental contact)
PCB trace .U1 > .pin18 to net.VBUS_SENSE overlaps with .J1 > .pin6 to net.CC1 (accidental contact)
PCB trace .U1 > .pin16 to net.PD_ENABLE_N overlaps with pcb_via "unnamed via" (accidental contact)
PCB trace .U1 > .pin16 to net.PD_ENABLE_N overlaps with pcb_via "unnamed via" (accidental contact)
PCB trace .U1 > .pin16 to net.PD_ENABLE_N overlaps with .J1 > .pin15 to net.VBUS (accidental contact)
PCB trace .U1 > .pin8 to net.SDA is too close to .J1 > .pin12 to net.CC2 (gap: 0.131mm)
PCB trace .U1 > .pin8 to net.SDA overlaps with pcb_smtpad "U1.ATTACH" (accidental contact)
PCB trace .U1 > .pin8 to net.SDA is too close to .J1 > .pin1 to net.GND (gap: 0.072mm)
PCB trace .U1 > .pin8 to net.SDA is too close to .J1 > .pin1 to net.GND (gap: 0.072mm)
PCB trace .U1 > .pin8 to net.SDA is too close to .J1 > .pin1 to net.GND (gap: 0.115mm)
PCB trace .U1 > .pin8 to net.SDA is too close to .U3 > .pin1 to net.VCC3V3 (gap: 0.153mm)
PCB trace .U1 > .pin8 to net.SDA overlaps with pcb_via "unnamed via" (accidental contact)
PCB trace .J1 > .pin12 to net.CC2 is too close to .J1 > .pin15 to net.VBUS (gap: 0.143mm)
PCB trace .J1 > .pin6 to net.CC1 is too close to .J1 > .pin1 to net.GND (gap: 0.173mm)
PCB trace .R66 > .pin1 to net.VM is too close to .U3 > .pin1 to net.VCC3V3 (gap: 0.187mm)
PCB trace .R66 > .pin1 to net.VM is too close to .U3 > .pin1 to net.VCC3V3 (gap: 0.112mm)
PCB trace .R66 > .pin1 to net.VM is too close to .U3 > .pin1 to net.VCC3V3 (gap: 0.112mm)
PCB trace .R66 > .pin1 to net.VM overlaps with .U4 > .pin18 to net.VIN_BUCK (accidental contact)
PCB trace .R66 > .pin1 to net.VM is too close to .U11 > .pin6 to net.MCU_NRST (gap: 0.040mm)
PCB trace .R66 > .pin1 to net.VM overlaps with pcb_via "unnamed via" (accidental contact)
PCB trace .R66 > .pin1 to net.VM overlaps with .J1 > .pin1 to net.GND (accidental contact)
PCB trace .R66 > .pin1 to net.VM overlaps with pcb_via "unnamed via" (accidental contact)
PCB trace .R66 > .pin1 to net.VM is too close to .Q7 > .D to net.SELECT_9 (gap: 0.128mm)
PCB trace .R66 > .pin1 to net.VM overlaps with .U11 > .pin17 to net.MOTOR_FAULT_N (accidental contact)
PCB trace .R66 > .pin1 to net.VM overlaps with pcb_smtpad "R70.pin2" (accidental contact)
PCB trace .U4 > .pin18 to net.VIN_BUCK is too close to .J1 > .pin1 to net.GND (gap: 0.133mm)
PCB trace .U3 > .pin1 to net.VCC3V3 is too close to .J1 > .pin1 to net.GND (gap: 0.165mm)
PCB trace .U3 > .pin1 to net.VCC3V3 is too close to .J1 > .pin1 to net.GND (gap: 0.099mm)
PCB trace .U3 > .pin1 to net.VCC3V3 is too close to .J1 > .pin15 to net.VBUS (gap: 0.115mm)
PCB trace .J1 > .pin1 to net.GND overlaps with pcb_via "unnamed via" (accidental contact)
Copper pour unnamed copper pour (GND) shorts to .R66 > .pin1 to net.VM on top (accidental copper contact)
Copper pour unnamed copper pour (GND) shorts to .U3 > .pin1 to net.VCC3V3 on top (accidental copper contact)
Pad U1.ATTACH and trace .U1 > .pin10 to net.GND are too close (clearance: 0.133mm, minimum: 0.2mm)
Pad U11.PB0 and trace .U11 > .pin14 to net.HOST_INHIBIT_B are too close (clearance: 0.123mm, minimum: 0.2mm)
Pad U11.PA11_PA9_ and trace .U11 > .pin14 to net.HOST_INHIBIT_B are too close (clearance: 0.183mm, minimum: 0.2mm)
Pad U11.PA12_PA10_ and trace .U11 > .pin14 to net.HOST_INHIBIT_B are too close (clearance: 0.11mm, minimum: 0.2mm)
Pad U11.PA5 and trace .U11 > .pin11 to net.VOLTAGE_DRIVE_9 are too close (clearance: 0.157mm, minimum: 0.2mm)
Pad U11.PA6 and trace .U11 > .pin11 to net.VOLTAGE_DRIVE_9 are too close (clearance: 0.173mm, minimum: 0.2mm)
Pad U11.PA7 and trace .U11 > .pin11 to net.VOLTAGE_DRIVE_9 are too close (clearance: 0.184mm, minimum: 0.2mm)
Pad U11.PB0 and trace .U11 > .pin11 to net.VOLTAGE_DRIVE_9 are too close (clearance: 0.181mm, minimum: 0.2mm)
Pad U11.PA11_PA9_ and trace .U11 > .pin11 to net.VOLTAGE_DRIVE_9 are too close (clearance: 0.184mm, minimum: 0.2mm)
Pad C26.pin2 and trace .U10 > .pin13 to net.CPH are too close (clearance: 0.108mm, minimum: 0.2mm)
Pad D7.anode and trace .D7 > .cathode to net.DISCHARGE_END are too close (clearance: 0.17mm, minimum: 0.2mm)
Pad D6.anode and trace .RV1 > .pin3 to net.POT_DISCHARGE are too close (clearance: 0.193mm, minimum: 0.2mm)
Pad C11.pin1 and trace .Q8 > .D to net.SELECT_12 are too close (clearance: 0.147mm, minimum: 0.2mm)
Pad C11.pin2 and trace .Q8 > .D to net.SELECT_12 are too close (clearance: 0.166mm, minimum: 0.2mm)
Pad R70.pin2 and trace .Q7 > .D to net.SELECT_9 are too close (clearance: 0.172mm, minimum: 0.2mm)
Pad R31.pin1 and trace .Q6 > .C to net.MOTOR_READY are too close (clearance: 0.123mm, minimum: 0.2mm)
Pad R31.pin2 and trace .Q6 > .C to net.MOTOR_READY are too close (clearance: 0.129mm, minimum: 0.2mm)
Pad RV1.pin2 and trace .U11 > .pin10 to net.VOLTAGE_BIT_12 are too close (clearance: 0.171mm, minimum: 0.2mm)
Pad TP6.pin1 and trace .U11 > .pin9 to net.VOLTAGE_BIT_9 are too close (clearance: 0.192mm, minimum: 0.2mm)
Pad C30.pin1 and trace .U11 > .pin7 to net.ADC_VBUS are too close (clearance: 0.163mm, minimum: 0.2mm)
Pad C31.pin2 and trace .U1 > .pin19 to net.PD_ALERT_N are too close (clearance: 0.135mm, minimum: 0.2mm)
Pad R56.pin2 and trace .U1 > .pin19 to net.PD_ALERT_N are too close (clearance: 0.128mm, minimum: 0.2mm)
Pad D2.pin3 and trace .U1 > .pin16 to net.PD_ENABLE_N are too close (clearance: 0.13mm, minimum: 0.2mm)
Pad D4.anode and trace .U1 > .pin16 to net.PD_ENABLE_N are too close (clearance: 0.108mm, minimum: 0.2mm)
Pad R5.pin1 and trace .U1 > .pin16 to net.PD_ENABLE_N are too close (clearance: 0.177mm, minimum: 0.2mm)
Pad U1.ADDR0 and trace .U1 > .pin8 to net.SDA are too close (clearance: 0.179mm, minimum: 0.2mm)
Pad C5.pin1 and trace .U1 > .pin8 to net.SDA are too close (clearance: 0.155mm, minimum: 0.2mm)
Pad C5.pin2 and trace .U1 > .pin8 to net.SDA are too close (clearance: 0.181mm, minimum: 0.2mm)
Pad J1.B8 and trace .J1 > .pin6 to net.CC1 are too close (clearance: 0.136mm, minimum: 0.2mm)
Pad J1.A4B9 and trace .J1 > .pin6 to net.CC1 are too close (clearance: 0.149mm, minimum: 0.2mm)
Pad J1.A1B12 and trace .J1 > .pin6 to net.CC1 are too close (clearance: 0.142mm, minimum: 0.2mm)
Pad U5.EP and trace .U4 > .pin18 to net.VIN_BUCK are too close (clearance: 0.191mm, minimum: 0.2mm)
Pad C33.pin1 and trace .U3 > .pin1 to net.VCC3V3 are too close (clearance: 0.193mm, minimum: 0.2mm)
Pad C33.pin2 and trace .U3 > .pin1 to net.VCC3V3 are too close (clearance: 0.192mm, minimum: 0.2mm)
Pad C6.pin2 and trace .U1 > .pin24 to net.VDD5 are too close (clearance: 0.15mm, minimum: 0.2mm)
Pad U2.EP and trace .J1 > .pin15 to net.VBUS are too close (clearance: 0.184mm, minimum: 0.2mm)
Pad U2.DELAY and trace .J1 > .pin15 to net.VBUS are too close (clearance: 0.16mm, minimum: 0.2mm)
Pad U2.NC and trace .J1 > .pin15 to net.VBUS are too close (clearance: 0.144mm, minimum: 0.2mm)
Pad U3.EP and trace .J1 > .pin15 to net.VBUS are too close (clearance: 0.184mm, minimum: 0.2mm)
Pad U3.DELAY and trace .J1 > .pin15 to net.VBUS are too close (clearance: 0.158mm, minimum: 0.2mm)
Pad U3.NC and trace .J1 > .pin15 to net.VBUS are too close (clearance: 0.143mm, minimum: 0.2mm)
Pad C2.pin2 and trace .J1 > .pin15 to net.VBUS are too close (clearance: 0.145mm, minimum: 0.2mm)
Pad J1.EH3 and trace .J1 > .pin15 to net.VBUS are too close (clearance: 0.162mm, minimum: 0.2mm)
Pad R66.pin2 and trace .J1 > .pin15 to net.VBUS are too close (clearance: 0.175mm, minimum: 0.2mm)
Pad C32.pin1 and trace .J1 > .pin1 to net.GND are too close (clearance: 0.149mm, minimum: 0.2mm)
Pad C32.pin1 and trace .J1 > .pin1 to net.GND are too close (clearance: 0.137mm, minimum: 0.2mm)
Pad C9.pin1 and trace .J1 > .pin1 to net.GND are too close (clearance: 0.128mm, minimum: 0.2mm)
Pad C7.pin1 and trace .J1 > .pin1 to net.GND are too close (clearance: 0.189mm, minimum: 0.2mm)
Pad R67.pin1 and trace .J1 > .pin1 to net.GND are too close (clearance: 0.192mm, minimum: 0.2mm)
Pad C14.pin1 and trace .J1 > .pin1 to net.GND are too close (clearance: 0.193mm, minimum: 0.2mm)
Pad R20.pin1 and trace .J1 > .pin1 to net.GND are too close (clearance: 0.163mm, minimum: 0.2mm)
Pad Q6.pin1 and trace .J1 > .pin1 to net.GND are too close (clearance: 0.188mm, minimum: 0.2mm)
Trace .J1 > .pin15 to net.VBUS is too close to non-plated hole unnamed hole (gap: 0.053855mm, required: 0.28mm)
Trace .J1 > .pin15 to net.VBUS is too close to non-plated hole unnamed hole (gap: 0.153136mm, required: 0.28mm)
Via unnamed via and trace .U1 > .pin6 to net.PD_RESET are too close (clearance: 0.179mm, minimum: 0.2mm)
Via unnamed via and trace .U11 > .pin17 to net.MOTOR_FAULT_N are too close (clearance: 0.031mm, minimum: 0.2mm)
Via unnamed via and trace .U11 > .pin13 to net.HOST_ALLOW are too close (clearance: 0.112mm, minimum: 0.2mm)
Via unnamed via and trace .U11 > .pin12 to net.VOLTAGE_DRIVE_12 are too close (clearance: 0.176mm, minimum: 0.2mm)
Via unnamed via and trace .U11 > .pin17 to net.MOTOR_FAULT_N are too close (clearance: 0.111mm, minimum: 0.2mm)
Via unnamed via and trace .U11 > .pin19 to net.SWCLK are too close (clearance: 0.178mm, minimum: 0.2mm)
Via unnamed via and trace .U11 > .pin16 to net.PD_RESET are too close (clearance: 0.113mm, minimum: 0.2mm)
Via unnamed via and trace .U11 > .pin15 to net.PD_ENABLE_N are too close (clearance: 0.094mm, minimum: 0.2mm)
Via unnamed via and trace .U11 > .pin13 to net.HOST_ALLOW are too close (clearance: 0.17mm, minimum: 0.2mm)
Via unnamed via and trace .U1 > .pin16 to net.PD_ENABLE_N are too close (clearance: 0.063mm, minimum: 0.2mm)
Via unnamed via and trace .U1 > .pin16 to net.PD_ENABLE_N are too close (clearance: 0.041mm, minimum: 0.2mm)
Via unnamed via and trace .U1 > .pin6 to net.PD_RESET are too close (clearance: 0.113mm, minimum: 0.2mm)
Via unnamed via and trace .U11 > .pin17 to net.MOTOR_FAULT_N are too close (clearance: 0.137mm, minimum: 0.2mm)
Via unnamed via and trace .U11 > .pin14 to net.HOST_INHIBIT_B are too close (clearance: 0.137mm, minimum: 0.2mm)
Via unnamed via and trace .U11 > .pin13 to net.HOST_ALLOW are too close (clearance: 0.118mm, minimum: 0.2mm)
Via unnamed via and trace .U11 > .pin18 to net.SWDIO are too close (clearance: 0.178mm, minimum: 0.2mm)
Via unnamed via and trace .U11 > .pin17 to net.MOTOR_FAULT_N are too close (clearance: 0.118mm, minimum: 0.2mm)
Via unnamed via and trace .U11 > .pin12 to net.VOLTAGE_DRIVE_12 are too close (clearance: 0.122mm, minimum: 0.2mm)
Via unnamed via and trace .U1 > .pin16 to net.PD_ENABLE_N are too close (clearance: 0.085mm, minimum: 0.2mm)
Via unnamed via and trace .U11 > .pin16 to net.PD_RESET are too close (clearance: 0.087mm, minimum: 0.2mm)
Via unnamed via and trace .U11 > .pin15 to net.PD_ENABLE_N are too close (clearance: 0.115mm, minimum: 0.2mm)
Via unnamed via and trace .U11 > .pin17 to net.MOTOR_FAULT_N are too close (clearance: 0.033mm, minimum: 0.2mm)
Via unnamed via and trace .U11 > .pin15 to net.PD_ENABLE_N are too close (clearance: 0.117mm, minimum: 0.2mm)
Via unnamed via and trace .U11 > .pin14 to net.HOST_INHIBIT_B are too close (clearance: 0.057mm, minimum: 0.2mm)
Via unnamed via and trace .U1 > .pin16 to net.PD_ENABLE_N are too close (clearance: 0.002mm, minimum: 0.2mm)
Via unnamed via and trace .U11 > .pin14 to net.HOST_INHIBIT_B are too close (clearance: 0.133mm, minimum: 0.2mm)
Via unnamed via and trace .U11 > .pin14 to net.HOST_INHIBIT_B are too close (clearance: 0.066mm, minimum: 0.2mm)
Via unnamed via and trace .U11 > .pin13 to net.HOST_ALLOW are too close (clearance: 0.116mm, minimum: 0.2mm)
Via unnamed via and trace .U1 > .pin16 to net.PD_ENABLE_N are too close (clearance: 0.144mm, minimum: 0.2mm)
Via unnamed via and trace .U1 > .pin16 to net.PD_ENABLE_N are too close (clearance: 0.154mm, minimum: 0.2mm)
Via unnamed via and trace .U11 > .pin18 to net.SWDIO are too close (clearance: 0.085mm, minimum: 0.2mm)
Via unnamed via and trace .U11 > .pin14 to net.HOST_INHIBIT_B are too close (clearance: 0.103mm, minimum: 0.2mm)
Via unnamed via and trace .U11 > .pin13 to net.HOST_ALLOW are too close (clearance: 0.121mm, minimum: 0.2mm)
Via unnamed via and trace .U11 > .pin13 to net.HOST_ALLOW are too close (clearance: 0.076mm, minimum: 0.2mm)
Via unnamed via and trace .U11 > .pin6 to net.MCU_NRST are too close (clearance: 0.186mm, minimum: 0.2mm)
Via unnamed via and trace .U11 > .pin4 to net.VCC3V3 are too close (clearance: 0.194mm, minimum: 0.2mm)
Via unnamed via and trace .U11 > .pin1 to net.SCL are too close (clearance: 0.118mm, minimum: 0.2mm)
Via unnamed via and trace .U1 > .pin19 to net.PD_ALERT_N are too close (clearance: 0.109mm, minimum: 0.2mm)
Via unnamed via and trace .U1 > .pin7 to net.SCL are too close (clearance: 0.106mm, minimum: 0.2mm)
Via unnamed via and trace .U11 > .pin7 to net.ADC_VBUS are too close (clearance: 0.098mm, minimum: 0.2mm)
Via unnamed via and trace .U1 > .pin19 to net.PD_ALERT_N are too close (clearance: 0.121mm, minimum: 0.2mm)
Via unnamed via and trace .U3 > .pin1 to net.VCC3V3 are too close (clearance: 0.054mm, minimum: 0.2mm)
Via unnamed via and trace .U4 > .pin16 to net.INPUT_PG are too close (clearance: 0.115mm, minimum: 0.2mm)
Via unnamed via and trace .J1 > .pin1 to net.GND are too close (clearance: 0.165mm, minimum: 0.2mm)
Via unnamed via and trace .U3 > .pin1 to net.VCC3V3 are too close (clearance: 0.112mm, minimum: 0.2mm)
Via unnamed via and trace .U11 > .pin17 to net.MOTOR_FAULT_N are too close (clearance: 0.115mm, minimum: 0.2mm)
Via unnamed via and trace .J1 > .pin1 to net.GND are too close (clearance: 0.15mm, minimum: 0.2mm)
Via unnamed via and trace .U3 > .pin1 to net.VCC3V3 are too close (clearance: 0.137mm, minimum: 0.2mm)
Via unnamed via and trace .J1 > .pin1 to net.GND are too close (clearance: 0.116mm, minimum: 0.2mm)
Via unnamed via and trace .Q6 > .C to net.MOTOR_READY are too close (clearance: 0.158mm, minimum: 0.2mm)
Via unnamed via and trace .Q6 > .C to net.MOTOR_READY are too close (clearance: 0.152mm, minimum: 0.2mm)
Via unnamed via and trace .Q6 > .C to net.MOTOR_READY are too close (clearance: 0.115mm, minimum: 0.2mm)
Via unnamed via and trace .U3 > .pin1 to net.VCC3V3 are too close (clearance: 0.123mm, minimum: 0.2mm)
Via unnamed via and trace .U11 > .pin17 to net.MOTOR_FAULT_N are too close (clearance: 0.123mm, minimum: 0.2mm)
Via unnamed via and trace .U6 > .TRIG to net.TIMING are too close (clearance: 0.117mm, minimum: 0.2mm)
Via unnamed via and trace .J1 > .pin1 to net.GND are too close (clearance: 0.157mm, minimum: 0.2mm)
Via unnamed via and trace .U6 > .OUT to net.PWM are too close (clearance: 0.115mm, minimum: 0.2mm)
Via unnamed via and trace .U3 > .pin1 to net.VCC3V3 are too close (clearance: 0.154mm, minimum: 0.2mm)
Via unnamed via and trace .J1 > .pin1 to net.GND are too close (clearance: 0.11mm, minimum: 0.2mm)
Via unnamed via and trace .Q8 > .D to net.SELECT_12 are too close (clearance: 0.142mm, minimum: 0.2mm)
Via unnamed via and trace .J1 > .pin1 to net.GND are too close (clearance: 0.084mm, minimum: 0.2mm)
Via unnamed via and trace .J1 > .pin1 to net.GND are too close (clearance: 0.181mm, minimum: 0.2mm)
Via unnamed via and trace .Q8 > .D to net.SELECT_12 are too close (clearance: 0.183mm, minimum: 0.2mm)
Via unnamed via and trace .Q6 > .C to net.MOTOR_READY are too close (clearance: 0.109mm, minimum: 0.2mm)
Via unnamed via and trace .U4 > .pin16 to net.INPUT_PG are too close (clearance: 0.115mm, minimum: 0.2mm)
Via unnamed via and trace .U5 > .EN to net.BUCK_EN are too close (clearance: 0.125mm, minimum: 0.2mm)
Via unnamed via and trace .U11 > .pin6 to net.MCU_NRST are too close (clearance: 0.124mm, minimum: 0.2mm)
Via unnamed via and trace .U5 > .EN to net.BUCK_EN are too close (clearance: 0.115mm, minimum: 0.2mm)
Via unnamed via and trace .Q8 > .D to net.SELECT_12 are too close (clearance: 0.143mm, minimum: 0.2mm)
Via unnamed via and trace .R66 > .pin1 to net.VM are too close (clearance: 0.115mm, minimum: 0.2mm)
Via unnamed via and trace .J1 > .pin1 to net.GND are too close (clearance: 0.115mm, minimum: 0.2mm)
Via unnamed via and trace .D4 > .cathode to net.EFUSE_IN are too close (clearance: 0.113mm, minimum: 0.2mm)
Via unnamed via and trace .U4 > .pin7 to net.INPUT_UV are too close (clearance: 0.148mm, minimum: 0.2mm)
Via unnamed via and trace .J1 > .pin1 to net.GND are too close (clearance: 0.104mm, minimum: 0.2mm)
Via unnamed via and trace .U4 > .pin13 to net.POWER_ENABLE are too close (clearance: 0.17mm, minimum: 0.2mm)
Via unnamed via and trace .U4 > .pin13 to net.POWER_ENABLE are too close (clearance: 0.14mm, minimum: 0.2mm)
Via unnamed via and trace .U11 > .pin6 to net.MCU_NRST are too close (clearance: 0.192mm, minimum: 0.2mm)
Via unnamed via and trace .D4 > .cathode to net.EFUSE_IN are too close (clearance: 0.115mm, minimum: 0.2mm)
Via unnamed via and trace .U4 > .pin11 to net.INPUT_ILIM are too close (clearance: 0.115mm, minimum: 0.2mm)
Via unnamed via and trace .U11 > .pin9 to net.VOLTAGE_BIT_9 are too close (clearance: 0.115mm, minimum: 0.2mm)
Via unnamed via and trace .U11 > .pin17 to net.MOTOR_FAULT_N are too close (clearance: 0.115mm, minimum: 0.2mm)
Via unnamed via and trace .J1 > .pin1 to net.GND are too close (clearance: 0.139mm, minimum: 0.2mm)
Via unnamed via and trace .U11 > .pin17 to net.MOTOR_FAULT_N are too close (clearance: 0.12mm, minimum: 0.2mm)
Via unnamed via and trace .U11 > .pin6 to net.MCU_NRST are too close (clearance: 0.115mm, minimum: 0.2mm)
Via unnamed via and trace .U3 > .pin1 to net.VCC3V3 are too close (clearance: 0.115mm, minimum: 0.2mm)
Via unnamed via and trace .U3 > .pin1 to net.VCC3V3 are too close (clearance: 0.18mm, minimum: 0.2mm)
Via unnamed via and trace .U11 > .pin13 to net.HOST_ALLOW are too close (clearance: 0.166mm, minimum: 0.2mm)
Via unnamed via and trace .R66 > .pin1 to net.VM are too close (clearance: 0.124mm, minimum: 0.2mm)
Via unnamed via and trace .U4 > .pin13 to net.POWER_ENABLE are too close (clearance: 0.115mm, minimum: 0.2mm)
Via unnamed via and trace .R66 > .pin1 to net.VM are too close (clearance: 0.115mm, minimum: 0.2mm)
Via unnamed via and trace .Q7 > .D to net.SELECT_9 are too close (clearance: 0.115mm, minimum: 0.2mm)
Via unnamed via and trace .R66 > .pin1 to net.VM are too close (clearance: 0.115mm, minimum: 0.2mm)
Via unnamed via and trace .R43 > .pin2 to net.DUMP_GATE are too close (clearance: 0.115mm, minimum: 0.2mm)
Via unnamed via and trace .U11 > .pin13 to net.HOST_ALLOW are too close (clearance: 0.078mm, minimum: 0.2mm)
Via unnamed via and trace .U11 > .pin12 to net.VOLTAGE_DRIVE_12 are too close (clearance: 0.113mm, minimum: 0.2mm)
Via unnamed via and trace .U11 > .pin13 to net.HOST_ALLOW are too close (clearance: 0.09mm, minimum: 0.2mm)
Via unnamed via and trace .U1 > .pin16 to net.PD_ENABLE_N are too close (clearance: 0.151mm, minimum: 0.2mm)
Via unnamed via and trace .U1 > .pin16 to net.PD_ENABLE_N are too close (clearance: 0.163mm, minimum: 0.2mm)
Via unnamed via and trace .U11 > .pin11 to net.VOLTAGE_DRIVE_9 are too close (clearance: 0.12mm, minimum: 0.2mm)
Via unnamed via and trace .U11 > .pin18 to net.SWDIO are too close (clearance: 0.103mm, minimum: 0.2mm)
Via unnamed via and trace .U11 > .pin14 to net.HOST_INHIBIT_B are too close (clearance: 0.088mm, minimum: 0.2mm)
Via unnamed via and trace .U11 > .pin14 to net.HOST_INHIBIT_B are too close (clearance: 0.09mm, minimum: 0.2mm)
Via unnamed via and trace .U11 > .pin18 to net.SWDIO are too close (clearance: 0.11mm, minimum: 0.2mm)
Via unnamed via and trace .U11 > .pin17 to net.MOTOR_FAULT_N are too close (clearance: 0.173mm, minimum: 0.2mm)
Via unnamed via and trace .U11 > .pin14 to net.HOST_INHIBIT_B are too close (clearance: 0.104mm, minimum: 0.2mm)
Via unnamed via and trace .U11 > .pin8 to net.ADC_VM are too close (clearance: 0.114mm, minimum: 0.2mm)
Via unnamed via and trace .J1 > .pin1 to net.GND are too close (clearance: 0.115mm, minimum: 0.2mm)
Via unnamed via and trace .U11 > .pin8 to net.ADC_VM are too close (clearance: 0.115mm, minimum: 0.2mm)
Via unnamed via and trace .U11 > .pin18 to net.SWDIO are too close (clearance: 0.082mm, minimum: 0.2mm)
Via unnamed via and trace .U11 > .pin14 to net.HOST_INHIBIT_B are too close (clearance: 0.104mm, minimum: 0.2mm)
Via unnamed via and trace .U11 > .pin13 to net.HOST_ALLOW are too close (clearance: 0.122mm, minimum: 0.2mm)
Via unnamed via and trace .U11 > .pin13 to net.HOST_ALLOW are too close (clearance: 0.078mm, minimum: 0.2mm)
Via unnamed via and trace .U11 > .pin18 to net.SWDIO are too close (clearance: 0.095mm, minimum: 0.2mm)
Via unnamed via and trace .U11 > .pin11 to net.VOLTAGE_DRIVE_9 are too close (clearance: 0.119mm, minimum: 0.2mm)
Via unnamed via and trace .U11 > .pin14 to net.HOST_INHIBIT_B are too close (clearance: 0.09mm, minimum: 0.2mm)
Via unnamed via and trace .U11 > .pin11 to net.VOLTAGE_DRIVE_9 are too close (clearance: 0.124mm, minimum: 0.2mm)
Via unnamed via and trace .U11 > .pin13 to net.HOST_ALLOW are too close (clearance: 0.161mm, minimum: 0.2mm)
Via unnamed via and trace .U11 > .pin12 to net.VOLTAGE_DRIVE_12 are too close (clearance: 0.125mm, minimum: 0.2mm)
Via unnamed via and trace .U11 > .pin12 to net.VOLTAGE_DRIVE_12 are too close (clearance: 0.127mm, minimum: 0.2mm)
Via unnamed via and trace .U11 > .pin9 to net.VOLTAGE_BIT_9 are too close (clearance: 0.132mm, minimum: 0.2mm)
Via unnamed via and trace .U11 > .pin8 to net.ADC_VM are too close (clearance: 0.116mm, minimum: 0.2mm)
Via unnamed via and trace .U11 > .pin12 to net.VOLTAGE_DRIVE_12 are too close (clearance: 0.115mm, minimum: 0.2mm)
Via unnamed via and trace .U11 > .pin9 to net.VOLTAGE_BIT_9 are too close (clearance: 0.115mm, minimum: 0.2mm)
Via unnamed via and trace .U1 > .pin19 to net.PD_ALERT_N are too close (clearance: 0.171mm, minimum: 0.2mm)
Via unnamed via and trace .J1 > .pin1 to net.GND are too close (clearance: 0.093mm, minimum: 0.2mm)
Via unnamed via and trace .U1 > .pin19 to net.PD_ALERT_N are too close (clearance: 0.167mm, minimum: 0.2mm)
Via unnamed via and trace .U1 > .pin8 to net.SDA are too close (clearance: 0.097mm, minimum: 0.2mm)
Via unnamed via and trace .U3 > .pin1 to net.VCC3V3 are too close (clearance: 0.161mm, minimum: 0.2mm)
Via unnamed via and trace .U3 > .pin1 to net.VCC3V3 are too close (clearance: 0.141mm, minimum: 0.2mm)
Via unnamed via and trace .U3 > .pin1 to net.VCC3V3 are too close (clearance: 0.115mm, minimum: 0.2mm)
Via unnamed via and trace .J1 > .pin1 to net.GND are too close (clearance: 0.118mm, minimum: 0.2mm)
Via unnamed via and trace .U11 > .pin10 to net.VOLTAGE_BIT_12 are too close (clearance: 0.114mm, minimum: 0.2mm)
Via unnamed via and trace .U11 > .pin10 to net.VOLTAGE_BIT_12 are too close (clearance: 0.136mm, minimum: 0.2mm)
Via unnamed via and trace .U11 > .pin8 to net.ADC_VM are too close (clearance: 0.113mm, minimum: 0.2mm)
Via unnamed via and trace .U11 > .pin10 to net.VOLTAGE_BIT_12 are too close (clearance: 0.115mm, minimum: 0.2mm)
Via unnamed via and trace .U1 > .pin7 to net.SCL are too close (clearance: 0.127mm, minimum: 0.2mm)
Via unnamed via and trace .U1 > .pin8 to net.SDA are too close (clearance: 0.112mm, minimum: 0.2mm)
Via unnamed via and trace .U3 > .pin1 to net.VCC3V3 are too close (clearance: 0.11mm, minimum: 0.2mm)
Via unnamed via and trace .J1 > .pin1 to net.GND are too close (clearance: 0.115mm, minimum: 0.2mm)
Via unnamed via and trace .U11 > .pin8 to net.ADC_VM are too close (clearance: 0.113mm, minimum: 0.2mm)
Via unnamed via and trace .J1 > .pin1 to net.GND are too close (clearance: 0.115mm, minimum: 0.2mm)
Via unnamed via and trace .U11 > .pin6 to net.MCU_NRST are too close (clearance: 0.033mm, minimum: 0.2mm)
Via unnamed via and trace .J1 > .pin1 to net.GND are too close (clearance: 0.089mm, minimum: 0.2mm)
Via unnamed via and trace .J1 > .pin1 to net.GND are too close (clearance: 0.128mm, minimum: 0.2mm)
Via unnamed via and trace .U11 > .pin6 to net.MCU_NRST are too close (clearance: 0.12mm, minimum: 0.2mm)
Via unnamed via and trace .U11 > .pin5 to net.GND are too close (clearance: 0.1mm, minimum: 0.2mm)
Via unnamed via and trace .U1 > .pin19 to net.PD_ALERT_N are too close (clearance: 0.086mm, minimum: 0.2mm)
Via unnamed via and trace .J1 > .pin1 to net.GND are too close (clearance: 0.1mm, minimum: 0.2mm)
Via unnamed via and trace .J1 > .pin1 to net.GND are too close (clearance: 0.1mm, minimum: 0.2mm)
Via unnamed via and trace .U11 > .pin2 to net.SDA are too close (clearance: 0.094mm, minimum: 0.2mm)
Via unnamed via and trace .U1 > .pin19 to net.PD_ALERT_N are too close (clearance: 0.136mm, minimum: 0.2mm)
Via unnamed via and trace .U1 > .pin8 to net.SDA are too close (clearance: 0.191mm, minimum: 0.2mm)
Via unnamed via and trace .U3 > .pin1 to net.VCC3V3 are too close (clearance: 0.147mm, minimum: 0.2mm)
Via unnamed via and trace .U3 > .pin1 to net.VCC3V3 are too close (clearance: 0.104mm, minimum: 0.2mm)
Via unnamed via and trace .Q8 > .D to net.SELECT_12 are too close (clearance: 0.111mm, minimum: 0.2mm)
Via unnamed via and trace .J1 > .pin1 to net.GND are too close (clearance: 0.115mm, minimum: 0.2mm)
Via unnamed via and trace .Q8 > .D to net.SELECT_12 are too close (clearance: 0.115mm, minimum: 0.2mm)
Via unnamed via and trace .U11 > .pin13 to net.HOST_ALLOW are too close (clearance: 0.113mm, minimum: 0.2mm)
Via unnamed via and trace .J1 > .pin1 to net.GND are too close (clearance: 0.181mm, minimum: 0.2mm)
Via unnamed via and trace .J1 > .pin1 to net.GND are too close (clearance: 0.181mm, minimum: 0.2mm)
Via unnamed via and trace .U1 > .pin8 to net.SDA are too close (clearance: 0.059mm, minimum: 0.2mm)
Via unnamed via and trace .U11 > .pin2 to net.SDA are too close (clearance: 0.161mm, minimum: 0.2mm)
Via unnamed via and trace .U11 > .pin7 to net.ADC_VBUS are too close (clearance: 0.12mm, minimum: 0.2mm)
Via unnamed via and trace .U3 > .pin1 to net.VCC3V3 are too close (clearance: 0.174mm, minimum: 0.2mm)
Via unnamed via and trace .U3 > .pin1 to net.VCC3V3 are too close (clearance: 0.157mm, minimum: 0.2mm)
Via unnamed via and trace .U3 > .pin1 to net.VCC3V3 are too close (clearance: 0.109mm, minimum: 0.2mm)
Via unnamed via and trace .U11 > .pin9 to net.VOLTAGE_BIT_9 are too close (clearance: 0.113mm, minimum: 0.2mm)
Via unnamed via and trace .U1 > .pin19 to net.PD_ALERT_N are too close (clearance: 0.115mm, minimum: 0.2mm)
Via unnamed via and trace .U11 > .pin17 to net.MOTOR_FAULT_N are too close (clearance: 0.155mm, minimum: 0.2mm)
Via unnamed via and trace .U11 > .pin14 to net.HOST_INHIBIT_B are too close (clearance: 0.086mm, minimum: 0.2mm)
Via unnamed via and trace .U11 > .pin13 to net.HOST_ALLOW are too close (clearance: 0.004mm, minimum: 0.2mm)
Via unnamed via and trace .U11 > .pin17 to net.MOTOR_FAULT_N are too close (clearance: 0.049mm, minimum: 0.2mm)
Via unnamed via and trace .U11 > .pin14 to net.HOST_INHIBIT_B are too close (clearance: 0.081mm, minimum: 0.2mm)
Via unnamed via and trace .J1 > .pin6 to net.CC1 are too close (clearance: 0.118mm, minimum: 0.2mm)
Via unnamed via and trace .U1 > .pin19 to net.PD_ALERT_N are too close (clearance: 0.11mm, minimum: 0.2mm)
Via unnamed via and trace .J1 > .pin1 to net.GND are too close (clearance: 0.115mm, minimum: 0.2mm)
Via unnamed via and trace .U1 > .pin19 to net.PD_ALERT_N are too close (clearance: 0.093mm, minimum: 0.2mm)
Via unnamed via and trace .U11 > .pin17 to net.MOTOR_FAULT_N are too close (clearance: 0.163mm, minimum: 0.2mm)
Via unnamed via and trace .U11 > .pin14 to net.HOST_INHIBIT_B are too close (clearance: 0.074mm, minimum: 0.2mm)
Via unnamed via and trace .U11 > .pin13 to net.HOST_ALLOW are too close (clearance: 0.027mm, minimum: 0.2mm)
Via unnamed via and trace .U11 > .pin17 to net.MOTOR_FAULT_N are too close (clearance: 0.028mm, minimum: 0.2mm)
Via unnamed via and trace .U11 > .pin14 to net.HOST_INHIBIT_B are too close (clearance: 0.074mm, minimum: 0.2mm)
Via unnamed via and trace .U4 > .pin13 to net.POWER_ENABLE are too close (clearance: 0.178mm, minimum: 0.2mm)
Via unnamed via and trace .J1 > .pin12 to net.CC2 are too close (clearance: 0.115mm, minimum: 0.2mm)
Via unnamed via and trace .U1 > .pin25 to net.GND are too close (clearance: 0.115mm, minimum: 0.2mm)
Via unnamed via and trace .U1 > .pin12 to net.GND are too close (clearance: 0.173mm, minimum: 0.2mm)
Via unnamed via and trace .U1 > .pin10 to net.GND are too close (clearance: 0.023mm, minimum: 0.2mm)
Via unnamed via and trace .J1 > .pin12 to net.CC2 are too close (clearance: 0.111mm, minimum: 0.2mm)
Via unnamed via and trace .U1 > .pin7 to net.SCL are too close (clearance: 0.115mm, minimum: 0.2mm)
Via unnamed via and trace .J1 > .pin1 to net.GND are too close (clearance: 0.115mm, minimum: 0.2mm)
Via unnamed via and trace .U3 > .pin1 to net.VCC3V3 are too close (clearance: 0.115mm, minimum: 0.2mm)
Via unnamed via and trace .U11 > .pin12 to net.VOLTAGE_DRIVE_12 are too close (clearance: 0.114mm, minimum: 0.2mm)
Via unnamed via and trace .R66 > .pin1 to net.VM are too close (clearance: 0.11mm, minimum: 0.2mm)
Via unnamed via and trace .U11 > .pin8 to net.ADC_VM are too close (clearance: 0.114mm, minimum: 0.2mm)
Via unnamed via and trace .R66 > .pin1 to net.VM are too close (clearance: 0.104mm, minimum: 0.2mm)
Via unnamed via and trace .U11 > .pin8 to net.ADC_VM are too close (clearance: 0.175mm, minimum: 0.2mm)
Via unnamed via and trace .U3 > .pin1 to net.VCC3V3 are too close (clearance: 0.08mm, minimum: 0.2mm)
Via unnamed via and trace .J1 > .pin1 to net.GND are too close (clearance: 0.104mm, minimum: 0.2mm)
Via unnamed via and trace .J1 > .pin1 to net.GND are too close (clearance: 0.115mm, minimum: 0.2mm)
Via unnamed via and trace .J1 > .pin1 to net.GND are too close (clearance: 0.124mm, minimum: 0.2mm)
Via unnamed via and trace .U11 > .pin11 to net.VOLTAGE_DRIVE_9 are too close (clearance: 0.16mm, minimum: 0.2mm)
Via unnamed via and trace .J1 > .pin1 to net.GND are too close (clearance: 0.115mm, minimum: 0.2mm)
Via unnamed via and trace .U11 > .pin18 to net.SWDIO are too close (clearance: 0.185mm, minimum: 0.2mm)
Via unnamed via and trace .U11 > .pin17 to net.MOTOR_FAULT_N are too close (clearance: 0.11mm, minimum: 0.2mm)
Via unnamed via and trace .U11 > .pin12 to net.VOLTAGE_DRIVE_12 are too close (clearance: 0.115mm, minimum: 0.2mm)
Via unnamed via and trace .U1 > .pin16 to net.PD_ENABLE_N are too close (clearance: 0.092mm, minimum: 0.2mm)
Via unnamed via and trace .U11 > .pin19 to net.SWCLK are too close (clearance: 0.13mm, minimum: 0.2mm)
Via unnamed via and trace .U1 > .pin24 to net.VDD5 are too close (clearance: 0.118mm, minimum: 0.2mm)
Via unnamed via and trace .U1 > .pin6 to net.PD_RESET are too close (clearance: 0.156mm, minimum: 0.2mm)
Via unnamed via and trace .J1 > .pin1 to net.GND are too close (clearance: 0.109mm, minimum: 0.2mm)
Via unnamed via and trace .U11 > .pin19 to net.SWCLK are too close (clearance: 0.111mm, minimum: 0.2mm)
Via unnamed via and trace .U1 > .pin24 to net.VDD5 are too close (clearance: 0.115mm, minimum: 0.2mm)
Via unnamed via and trace .U11 > .pin19 to net.SWCLK are too close (clearance: 0.115mm, minimum: 0.2mm)
Via unnamed via and trace .U1 > .pin24 to net.VDD5 are too close (clearance: 0.115mm, minimum: 0.2mm)
Via unnamed via and trace .U1 > .pin16 to net.PD_ENABLE_N are too close (clearance: 0.135mm, minimum: 0.2mm)
Via unnamed via and trace .J1 > .pin15 to net.VBUS are too close (clearance: 0.115mm, minimum: 0.2mm)
Via unnamed via and trace .U1 > .pin16 to net.PD_ENABLE_N are too close (clearance: 0.058mm, minimum: 0.2mm)
Via unnamed via and trace .J1 > .pin1 to net.GND are too close (clearance: 0.112mm, minimum: 0.2mm)
Via unnamed via and trace .J1 > .pin1 to net.GND are too close (clearance: 0.115mm, minimum: 0.2mm)
Via unnamed via and trace .U10 > .pin12 to net.VCP are too close (clearance: 0.115mm, minimum: 0.2mm)
Via unnamed via and trace .SW1 > .pin1 to net.IN1 are too close (clearance: 0.179mm, minimum: 0.2mm)
Via unnamed via and trace .U10 > .pin13 to net.CPH are too close (clearance: 0.187mm, minimum: 0.2mm)
Via unnamed via and trace .Q8 > .D to net.SELECT_12 are too close (clearance: 0.115mm, minimum: 0.2mm)
Via unnamed via and trace .J1 > .pin1 to net.GND are too close (clearance: 0.115mm, minimum: 0.2mm)
Via unnamed via and trace .U11 > .pin6 to net.MCU_NRST are too close (clearance: 0.156mm, minimum: 0.2mm)
Via unnamed via and trace .U11 > .pin3 to net.PD_ALERT_N are too close (clearance: 0.168mm, minimum: 0.2mm)
Via unnamed via and trace .U11 > .pin7 to net.ADC_VBUS are too close (clearance: 0.115mm, minimum: 0.2mm)
Via unnamed via and trace .U11 > .pin7 to net.ADC_VBUS are too close (clearance: 0.053mm, minimum: 0.2mm)
Via unnamed via and trace .U1 > .pin8 to net.SDA are too close (clearance: 0.144mm, minimum: 0.2mm)
Via unnamed via and trace .U11 > .pin7 to net.ADC_VBUS are too close (clearance: 0.023mm, minimum: 0.2mm)
Via unnamed via and trace .U1 > .pin8 to net.SDA are too close (clearance: 0.079mm, minimum: 0.2mm)
Via unnamed via and trace .U11 > .pin11 to net.VOLTAGE_DRIVE_9 are too close (clearance: 0.115mm, minimum: 0.2mm)
Via unnamed via and trace .J1 > .pin1 to net.GND are too close (clearance: 0.115mm, minimum: 0.2mm)
Via unnamed via and trace .J1 > .pin1 to net.GND are too close (clearance: 0.115mm, minimum: 0.2mm)
Via unnamed via and trace .J1 > .pin1 to net.GND are too close (clearance: 0.115mm, minimum: 0.2mm)
Via unnamed via and trace .U11 > .pin14 to net.HOST_INHIBIT_B are too close (clearance: 0.114mm, minimum: 0.2mm)
Via unnamed via and trace .J1 > .pin1 to net.GND are too close (clearance: 0.115mm, minimum: 0.2mm)
Via unnamed via and trace .J1 > .pin1 to net.GND are too close (clearance: 0.123mm, minimum: 0.2mm)
Via unnamed via and trace .J1 > .pin1 to net.GND are too close (clearance: 0.115mm, minimum: 0.2mm)
Via unnamed via and trace .U11 > .pin14 to net.HOST_INHIBIT_B are too close (clearance: 0.144mm, minimum: 0.2mm)
Via unnamed via and trace .R66 > .pin1 to net.VM are too close (clearance: 0.174mm, minimum: 0.2mm)
Via unnamed via and trace .J1 > .pin1 to net.GND are too close (clearance: 0.188mm, minimum: 0.2mm)
Via unnamed via and trace .U11 > .pin11 to net.VOLTAGE_DRIVE_9 are too close (clearance: 0.115mm, minimum: 0.2mm)
Via unnamed via and trace .J1 > .pin1 to net.GND are too close (clearance: 0.175mm, minimum: 0.2mm)
Via unnamed via and trace .U11 > .pin7 to net.ADC_VBUS are too close (clearance: 0.183mm, minimum: 0.2mm)
Via unnamed via and trace .J1 > .pin1 to net.GND are too close (clearance: 0.114mm, minimum: 0.2mm)
Via unnamed via and trace .U11 > .pin7 to net.ADC_VBUS are too close (clearance: 0.096mm, minimum: 0.2mm)
Via unnamed via and trace .J1 > .pin1 to net.GND are too close (clearance: 0.108mm, minimum: 0.2mm)
Via unnamed via and trace .U11 > .pin14 to net.HOST_INHIBIT_B are too close (clearance: 0.129mm, minimum: 0.2mm)
Via unnamed via and trace .U1 > .pin19 to net.PD_ALERT_N are too close (clearance: 0.115mm, minimum: 0.2mm)
Via unnamed via and trace .U11 > .pin13 to net.HOST_ALLOW are too close (clearance: 0.124mm, minimum: 0.2mm)
Via unnamed via and trace .U1 > .pin16 to net.PD_ENABLE_N are too close (clearance: 0.117mm, minimum: 0.2mm)
Via unnamed via and trace .U9 > .2IN_POS to net.OV_REF are too close (clearance: 0.127mm, minimum: 0.2mm)
Via unnamed via and trace .J1 > .pin12 to net.CC2 are too close (clearance: 0.115mm, minimum: 0.2mm)
Via unnamed via and trace .J1 > .pin6 to net.CC1 are too close (clearance: 0.133mm, minimum: 0.2mm)
Via unnamed via and trace .J1 > .pin6 to net.CC1 are too close (clearance: 0.132mm, minimum: 0.2mm)
Via unnamed via and trace .J1 > .pin12 to net.CC2 are too close (clearance: 0.176mm, minimum: 0.2mm)
Via unnamed via and trace .J1 > .pin6 to net.CC1 are too close (clearance: 0.11mm, minimum: 0.2mm)
Via unnamed via and trace .J1 > .pin1 to net.GND are too close (clearance: 0.112mm, minimum: 0.2mm)
Via unnamed via and trace .J1 > .pin12 to net.CC2 are too close (clearance: 0.11mm, minimum: 0.2mm)
Via unnamed via and trace .J1 > .pin6 to net.CC1 are too close (clearance: 0.071mm, minimum: 0.2mm)
Via unnamed via and trace .J1 > .pin1 to net.GND are too close (clearance: 0.088mm, minimum: 0.2mm)
Via unnamed via and trace .J1 > .pin1 to net.GND are too close (clearance: 0.115mm, minimum: 0.2mm)
Via unnamed via and trace .U1 > .pin16 to net.PD_ENABLE_N are too close (clearance: 0.167mm, minimum: 0.2mm)
Via unnamed via and trace .J1 > .pin1 to net.GND are too close (clearance: 0.113mm, minimum: 0.2mm)
Via unnamed via and trace .U1 > .pin16 to net.PD_ENABLE_N are too close (clearance: 0.18mm, minimum: 0.2mm)
Via unnamed via and trace .U11 > .pin9 to net.VOLTAGE_BIT_9 are too close (clearance: 0.165mm, minimum: 0.2mm)
Via unnamed via and trace .U3 > .pin1 to net.VCC3V3 are too close (clearance: 0.122mm, minimum: 0.2mm)
Via unnamed via and trace .U11 > .pin8 to net.ADC_VM are too close (clearance: 0.162mm, minimum: 0.2mm)
Via unnamed via and trace .U11 > .pin7 to net.ADC_VBUS are too close (clearance: 0.075mm, minimum: 0.2mm)
Via unnamed via and trace .U11 > .pin8 to net.ADC_VM are too close (clearance: 0.162mm, minimum: 0.2mm)
Via unnamed via and trace .U11 > .pin7 to net.ADC_VBUS are too close (clearance: 0.075mm, minimum: 0.2mm)
Via unnamed via and trace .U11 > .pin7 to net.ADC_VBUS are too close (clearance: 0.101mm, minimum: 0.2mm)
Via unnamed via and trace .U11 > .pin6 to net.MCU_NRST are too close (clearance: 0.111mm, minimum: 0.2mm)
Via unnamed via and trace .U11 > .pin6 to net.MCU_NRST are too close (clearance: 0.116mm, minimum: 0.2mm)
Via unnamed via and trace .U1 > .pin19 to net.PD_ALERT_N are too close (clearance: 0.186mm, minimum: 0.2mm)
Via unnamed via and trace .U1 > .pin19 to net.PD_ALERT_N are too close (clearance: 0.115mm, minimum: 0.2mm)
Via unnamed via and trace .U11 > .pin14 to net.HOST_INHIBIT_B are too close (clearance: 0.125mm, minimum: 0.2mm)
Via unnamed via and trace .U11 > .pin9 to net.VOLTAGE_BIT_9 are too close (clearance: 0.115mm, minimum: 0.2mm)
Via unnamed via and trace .U1 > .pin8 to net.SDA are too close (clearance: 0.128mm, minimum: 0.2mm)
Via unnamed via and trace .U11 > .pin9 to net.VOLTAGE_BIT_9 are too close (clearance: 0.121mm, minimum: 0.2mm)
Via unnamed via and trace .U1 > .pin7 to net.SCL are too close (clearance: 0.162mm, minimum: 0.2mm)
Via unnamed via and trace .D4 > .cathode to net.EFUSE_IN are too close (clearance: 0.115mm, minimum: 0.2mm)
Via unnamed via and trace .U4 > .pin13 to net.POWER_ENABLE are too close (clearance: 0.114mm, minimum: 0.2mm)
Via unnamed via and trace .U4 > .pin13 to net.POWER_ENABLE are too close (clearance: 0.098mm, minimum: 0.2mm)
Via unnamed via and trace .U1 > .pin8 to net.SDA are too close (clearance: 0.115mm, minimum: 0.2mm)
Via unnamed via and trace .U11 > .pin8 to net.ADC_VM are too close (clearance: 0.136mm, minimum: 0.2mm)
Via unnamed via and trace .U4 > .pin16 to net.INPUT_PG are too close (clearance: 0.114mm, minimum: 0.2mm)
Via unnamed via and trace .U4 > .pin18 to net.VIN_BUCK are too close (clearance: 0.114mm, minimum: 0.2mm)
Via unnamed via and trace .U3 > .pin1 to net.VCC3V3 are too close (clearance: 0.115mm, minimum: 0.2mm)
Via unnamed via and trace .U5 > .FB to net.MOTOR_FB are too close (clearance: 0.134mm, minimum: 0.2mm)
Via unnamed via and trace .R66 > .pin1 to net.VM are too close (clearance: 0.115mm, minimum: 0.2mm)
Via unnamed via and trace .Q8 > .D to net.SELECT_12 are too close (clearance: 0.112mm, minimum: 0.2mm)
Via unnamed via and trace .U11 > .pin14 to net.HOST_INHIBIT_B are too close (clearance: 0.177mm, minimum: 0.2mm)
Via unnamed via and trace .U8 > .CATHODE to net.VREF2V5 are too close (clearance: 0.115mm, minimum: 0.2mm)
Via unnamed via and trace .U9 > .1IN_NEG to net.UV_REF are too close (clearance: 0.128mm, minimum: 0.2mm)
Via unnamed via and trace .Q6 > .C to net.MOTOR_READY are too close (clearance: 0.115mm, minimum: 0.2mm)
Via unnamed via and trace .U6 > .DISCH to net.WIPER are too close (clearance: 0.115mm, minimum: 0.2mm)
Via unnamed via and trace .U4 > .pin11 to net.INPUT_ILIM are too close (clearance: 0.115mm, minimum: 0.2mm)
Via unnamed via and trace .U4 > .pin11 to net.INPUT_ILIM are too close (clearance: 0.115mm, minimum: 0.2mm)
Via unnamed via and trace .U11 > .pin6 to net.MCU_NRST are too close (clearance: 0.113mm, minimum: 0.2mm)
Via unnamed via and trace .Q4 > .B to net.OV_INHIBIT are too close (clearance: 0.115mm, minimum: 0.2mm)
Via unnamed via and trace .U1 > .pin8 to net.SDA are too close (clearance: 0.12mm, minimum: 0.2mm)
Via unnamed via and trace .U6 > .OUT to net.PWM are too close (clearance: 0.115mm, minimum: 0.2mm)
Via unnamed via and trace .U4 > .pin16 to net.INPUT_PG are too close (clearance: 0.124mm, minimum: 0.2mm)
Via unnamed via and trace .U5 > .FB to net.MOTOR_FB are too close (clearance: 0.136mm, minimum: 0.2mm)
Via unnamed via and trace .U11 > .pin6 to net.MCU_NRST are too close (clearance: 0.114mm, minimum: 0.2mm)
Via unnamed via and trace .U11 > .pin14 to net.HOST_INHIBIT_B are too close (clearance: 0.136mm, minimum: 0.2mm)
Via unnamed via and pad U11.PB3 are too close (clearance: 0.168mm, minimum: 0.2mm)
Via unnamed via and pad U11.PA13 are too close (clearance: 0.168mm, minimum: 0.2mm)
Via unnamed via and pad U11.PA13 are too close (clearance: 0.121mm, minimum: 0.2mm)
Via unnamed via and pad U11.PB0 are too close (clearance: 0.141mm, minimum: 0.2mm)
Via unnamed via and pad U9.2IN_POS are too close (clearance: 0.189mm, minimum: 0.2mm)
Via unnamed via and pad R19.pin2 are too close (clearance: 0.048mm, minimum: 0.2mm)
Via unnamed via and pad R19.pin2 are too close (clearance: 0.115mm, minimum: 0.2mm)
Via unnamed via and pad Q8.pin2 are too close (clearance: 0mm, minimum: 0.2mm)
Via unnamed via and pad C30.pin2 are too close (clearance: 0.121mm, minimum: 0.2mm)
Via unnamed via and pad C30.pin1 are too close (clearance: 0mm, minimum: 0.2mm)
Via unnamed via and pad U1.A_B_SIDE are too close (clearance: 0.082mm, minimum: 0.2mm)
Via unnamed via and pad D2.pin3 are too close (clearance: 0mm, minimum: 0.2mm)
Via unnamed via and pad U1.DISCH are too close (clearance: 0.042mm, minimum: 0.2mm)
Via unnamed via and pad U1.GND are too close (clearance: 0.075mm, minimum: 0.2mm)
Via unnamed via and pad U1.ATTACH are too close (clearance: -0.14mm, minimum: 0.2mm)
Via unnamed via and pad U1.ADDR0 are too close (clearance: 0.105mm, minimum: 0.2mm)
Via unnamed via and pad R60.pin2 are too close (clearance: 0.132mm, minimum: 0.2mm)
Via unnamed via and pad J1.A1B12 are too close (clearance: 0.056mm, minimum: 0.2mm)
Via unnamed via and pad C30.pin2 are too close (clearance: 0.177mm, minimum: 0.2mm)
Via unnamed via and pad C6.pin2 are too close (clearance: 0mm, minimum: 0.2mm)
Via unnamed via and pad J1.B5 are too close (clearance: 0.181mm, minimum: 0.2mm)
Via unnamed via and pad C32.pin1 are too close (clearance: 0mm, minimum: 0.2mm)
Via unnamed via and pad C32.pin1 are too close (clearance: 0.07mm, minimum: 0.2mm)
Vias unnamed via and unnamed via are too close together (gap: -0.292mm)
Vias unnamed via and unnamed via are too close together (gap: -0.277mm)
Vias unnamed via and unnamed via are too close together (gap: -0.259mm)
Vias unnamed via and unnamed via are too close together (gap: -0.266mm)
Vias unnamed via and unnamed via are too close together (gap: -0.293mm)
Vias unnamed via and unnamed via from different nets are too close together (gap: -0.039mm)
Vias unnamed via and unnamed via from different nets are too close together (gap: 0.193mm)
Vias unnamed via and unnamed via from different nets are too close together (gap: 0.146mm)
Vias unnamed via and unnamed via from different nets are too close together (gap: 0.128mm)
Vias unnamed via and unnamed via from different nets are too close together (gap: 0.122mm)
Vias unnamed via and unnamed via from different nets are too close together (gap: 0.104mm)
Vias unnamed via and unnamed via from different nets are too close together (gap: 0.127mm)
Vias unnamed via and unnamed via from different nets are too close together (gap: 0.213mm)
Vias unnamed via and unnamed via from different nets are too close together (gap: 0.048mm)
Vias unnamed via and unnamed via from different nets are too close together (gap: 0.176mm)
Vias unnamed via and unnamed via from different nets are too close together (gap: 0.025mm)
Vias unnamed via and unnamed via from different nets are too close together (gap: 0.198mm)
Vias unnamed via and unnamed via from different nets are too close together (gap: 0.193mm)
Vias unnamed via and unnamed via from different nets are too close together (gap: 0.084mm)
Vias unnamed via and unnamed via from different nets are too close together (gap: 0.149mm)
Vias unnamed via and unnamed via from different nets are too close together (gap: 0.190mm)
Vias unnamed via and unnamed via from different nets are too close together (gap: 0.049mm)
Vias unnamed via and unnamed via from different nets are too close together (gap: 0.146mm)
Vias unnamed via and unnamed via from different nets are too close together (gap: -0.028mm)
Vias unnamed via and unnamed via from different nets are too close together (gap: 0.170mm)
Vias unnamed via and unnamed via from different nets are too close together (gap: 0.157mm)
Vias unnamed via and unnamed via from different nets are too close together (gap: 0.153mm)
Vias unnamed via and unnamed via from different nets are too close together (gap: 0.183mm)
Vias unnamed via and unnamed via from different nets are too close together (gap: 0.176mm)
Vias unnamed via and unnamed via from different nets are too close together (gap: 0.183mm)
Vias unnamed via and unnamed via from different nets are too close together (gap: 0.193mm)
Generating preview images...
[index] Generating PCB SVG...
[index] Written pcb.svg
[index] Generating PCB PNG...
[index] Written pcb.png
[index] Generating schematic SVG...
[index] Written schematic.svg

Build complete
  Circuits  0 passed 1 failed
  Options   pcb-png, pcb-svgs, schematic-svgs, autorouter-dump-srj
  Output    dist

⚠ Build completed with errors
Build exiting with code 1: circuit build errors occurred
