Building 1 file(s)...
Building index.circuit.tsx...
Generating circuit JSON...
Wrote debug artifact: dist/autorouter-debug/placement-unrouted.png
Autorouting <board#743 /> phase 1/1 start: connections=79, obstacles=437, previous_traces=0, router=tscircuit, solver=AutoroutingPipelineSolver9_PreloadedTraceGraph, effort=1x, cache=miss, cache_id=0f4472dc/2f9c8b9e
  connections: net.GND, net.VBUS, net.VDD5, net.VCC3V3, net.EFUSE_IN, net.VIN_BUCK, net.SWITCH_NODE, net.VM, net.MOTOR_P, net.MOTOR_N, net.CC1, net.CC2, net.PD_RESET, net.SCL, net.SDA, net.PD_ENABLE_N, net.VBUS_SENSE, net.PD_ALERT_N, net.VREG_1V2, net.VREG_2V7, net.MCU_NRST, net.ADC_VBUS, net.ADC_VM, net.VOLTAGE_BIT_9, net.VOLTAGE_BIT_12, net.VOLTAGE_DRIVE_9, net.VOLTAGE_DRIVE_12, net.HOST_ALLOW, net.HOST_INHIBIT_B, net.MOTOR_FAULT_N, net.SWDIO, net.SWCLK, net.MOTOR_READY, net.SELECT_9, net.SELECT_12, net.INPUT_UV, net.INPUT_OV, net.SLEW, net.INPUT_ILIM, net.POWER_ENABLE, net.INPUT_PG, net.PD_INHIBIT, net.INPUT_OV_TOP, net.BOOT, net.BUCK_EN, net.RT, net.MOTOR_FB, net.COMP, net.FB_TOP_MID, net.COMP_ZERO, net.TIMING, net.PWM, net.TIMER_CONT, net.WIPER, net.POT_CHARGE, net.POT_DISCHARGE, net.DISCHARGE_END, net.IN1, net.IN2, net.R29_LED, net.R30_LED, net.VREF2V5, net.UV_REF, net.OV_REF, net.OV_ACTIVE_N, net.IPROPI, net.VCP, net.CPH, net.CPL, net.POWER_LED, net.DUMP_BASE, net.DUMP_DRIVE, net.DUMP_GATE, net.DUMP_LOAD, net.DUMP_MID_A, net.DUMP_MID_B, net.DUMP_MID_C, net.DUMP_MID_D, net.OV_INHIBIT
  phase 1/1 progress: solver=AutoroutingPipelineSolver9_PreloadedTraceGraph solver_phase=topologyPlanningSolver steps=1 progress=17% iterations_per_second=12444 elapsed=3.4s
  phase 1/1 progress: solver=AutoroutingPipelineSolver9_PreloadedTraceGraph solver_phase=highDensityRouteSolver steps=32 progress=53% iterations_per_second=65 elapsed=13.6s
  phase 1/1 progress: solver=AutoroutingPipelineSolver9_PreloadedTraceGraph solver_phase=highDensityRouteSolver steps=65 progress=55% iterations_per_second=50040 elapsed=23.8s
  phase 1/1 progress: solver=AutoroutingPipelineSolver9_PreloadedTraceGraph solver_phase=highDensityRouteSolver steps=98 progress=56% iterations_per_second=49344 elapsed=34.0s
  phase 1/1 progress: solver=AutoroutingPipelineSolver9_PreloadedTraceGraph solver_phase=highDensityForceImproveSolver steps=119 progress=56% iterations_per_second=60 elapsed=45.6s
  phase 1/1 progress: solver=AutoroutingPipelineSolver9_PreloadedTraceGraph solver_phase=globalDrcForceImproveSolver steps=145 progress=80% iterations_per_second=27 elapsed=55.8s
  phase 1/1 progress: solver=AutoroutingPipelineSolver9_PreloadedTraceGraph solver_phase=pipeline9JointDrcRepairSolver steps=170 progress=87% iterations_per_second=10368 elapsed=65.9s
  phase 1/1 progress: solver=AutoroutingPipelineSolver9_PreloadedTraceGraph solver_phase=pipeline9JointDrcRepairSolver steps=200 progress=87% iterations_per_second=7848 elapsed=76.1s
  phase 1/1 progress: solver=AutoroutingPipelineSolver9_PreloadedTraceGraph solver_phase=powerTraceExpansionSolver steps=229 progress=96% iterations_per_second=53117 elapsed=86.4s
  phase 1/1 progress: solver=AutoroutingPipelineSolver9_PreloadedTraceGraph solver_phase=powerTraceExpansionSolver steps=262 progress=96% iterations_per_second=295324 elapsed=96.6s
  phase 1/1 progress: solver=AutoroutingPipelineSolver9_PreloadedTraceGraph solver_phase=powerTraceExpansionSolver steps=295 progress=97% iterations_per_second=212069 elapsed=106.9s
  phase 1/1 progress: solver=AutoroutingPipelineSolver9_PreloadedTraceGraph solver_phase=powerTraceExpansionSolver steps=327 progress=98% iterations_per_second=296200 elapsed=116.9s
  phase 1/1 progress: solver=AutoroutingPipelineSolver9_PreloadedTraceGraph solver_phase=powerTraceExpansionSolver steps=360 progress=100% iterations_per_second=2065 elapsed=126.9s
  phase 1/1 done: routed_traces=306, jumpers=0, errors=0, elapsed=131.2s
Wrote debug artifact: dist/autorouter-debug/phase-0-routed.png
Could not save autorouting paths for subcircuit_source_group_0: PCB port selector is not unique: .Q4 > port.pin1
Wrote debug artifact: dist/autorouter-debug/board.meta.json
Circuit JSON written to dist/index/circuit.json
The "J" prefix is being used with a <chip />, try using it with a <connector /> or <jumper />
The "TP" prefix is being used with a <chip />, try using it with a <testpoint />
The "TP" prefix is being used with a <chip />, try using it with a <testpoint />
The "S" prefix is being used with a <chip />, try using it with a <switch /> or <pushbutton />
The "Q" prefix is being used with a <chip />, try using it with a <transistor />
The "Q" prefix is being used with a <chip />, try using it with a <transistor />
The "Q" prefix is being used with a <chip />, try using it with a <transistor />
The "TP" prefix is being used with a <chip />, try using it with a <testpoint />
The "TP" prefix is being used with a <chip />, try using it with a <testpoint />
The "TP" prefix is being used with a <chip />, try using it with a <testpoint />
The "TP" prefix is being used with a <chip />, try using it with a <testpoint />
The "Q" prefix is being used with a <chip />, try using it with a <transistor />
The "R" prefix is being used with a <chip />, try using it with a <resistor />
The "S" prefix is being used with a <chip />, try using it with a <switch /> or <pushbutton />
The "J" prefix is being used with a <chip />, try using it with a <connector /> or <jumper />
The "TP" prefix is being used with a <chip />, try using it with a <testpoint />
The "Q" prefix is being used with a <chip />, try using it with a <transistor />
The "Q" prefix is being used with a <chip />, try using it with a <transistor />
The "Q" prefix is being used with a <chip />, try using it with a <transistor />
The "Q" prefix is being used with a <chip />, try using it with a <transistor />
All pins on D1 are underspecified (no pinAttributes set)
All pins on D2 are underspecified (no pinAttributes set)
All pins on SW2 are underspecified (no pinAttributes set)
All pins on Q6 are underspecified (no pinAttributes set)
All pins on Q7 are underspecified (no pinAttributes set)
All pins on Q8 are underspecified (no pinAttributes set)
All pins on Q1 are underspecified (no pinAttributes set)
All pins on RV1 are underspecified (no pinAttributes set)
All pins on SW1 are underspecified (no pinAttributes set)
All pins on U8 are underspecified (no pinAttributes set)
All pins on D10 are underspecified (no pinAttributes set)
All pins on D11 are underspecified (no pinAttributes set)
All pins on J2 are underspecified (no pinAttributes set)
All pins on Q2 are underspecified (no pinAttributes set)
All pins on Q3 are underspecified (no pinAttributes set)
All pins on Q4 are underspecified (no pinAttributes set)
All pins on Q5 are underspecified (no pinAttributes set)
J1 has no pin with requires_power=true
U2 has no pin with requires_power=true
U3 has no pin with requires_power=true
D1 has no pin with requires_power=true
D2 has no pin with requires_power=true
SW2 has no pin with requires_power=true
Q6 has no pin with requires_power=true
Q7 has no pin with requires_power=true
Q8 has no pin with requires_power=true
U4 has no pin with requires_power=true
Q1 has no pin with requires_power=true
RV1 has no pin with requires_power=true
SW1 has no pin with requires_power=true
U8 has no pin with requires_power=true
U10 has no pin with requires_power=true
D10 has no pin with requires_power=true
D11 has no pin with requires_power=true
J2 has no pin with requires_power=true
Q2 has no pin with requires_power=true
Q3 has no pin with requires_power=true
Q4 has no pin with requires_power=true
Q5 has no pin with requires_power=true
J1 has no pin with requires_ground=true
D1 has no pin with requires_ground=true
D2 has no pin with requires_ground=true
SW2 has no pin with requires_ground=true
Q6 has no pin with requires_ground=true
Q7 has no pin with requires_ground=true
Q8 has no pin with requires_ground=true
Q1 has no pin with requires_ground=true
RV1 has no pin with requires_ground=true
SW1 has no pin with requires_ground=true
U8 has no pin with requires_ground=true
D10 has no pin with requires_ground=true
D11 has no pin with requires_ground=true
J2 has no pin with requires_ground=true
Q2 has no pin with requires_ground=true
Q3 has no pin with requires_ground=true
Q4 has no pin with requires_ground=true
Q5 has no pin with requires_ground=true
D1 is missing schematic reference designator text. For a custom symbol, add name="{REFDES}" inside the symbol.
D2 is missing schematic reference designator text. For a custom symbol, add name="{REFDES}" inside the symbol.
Q6 is missing schematic reference designator text. For a custom symbol, add name="{REFDES}" inside the symbol.
Q7 is missing schematic reference designator text. For a custom symbol, add name="{REFDES}" inside the symbol.
Q8 is missing schematic reference designator text. For a custom symbol, add name="{REFDES}" inside the symbol.
Q1 is missing schematic reference designator text. For a custom symbol, add name="{REFDES}" inside the symbol.
RV1 is missing schematic reference designator text. For a custom symbol, add name="{REFDES}" inside the symbol.
U8 is missing schematic reference designator text. For a custom symbol, add name="{REFDES}" inside the symbol.
D10 is missing schematic reference designator text. For a custom symbol, add name="{REFDES}" inside the symbol.
D11 is missing schematic reference designator text. For a custom symbol, add name="{REFDES}" inside the symbol.
Q2 is missing schematic reference designator text. For a custom symbol, add name="{REFDES}" inside the symbol.
Q3 is missing schematic reference designator text. For a custom symbol, add name="{REFDES}" inside the symbol.
Q4 is missing schematic reference designator text. For a custom symbol, add name="{REFDES}" inside the symbol.
Q5 is missing schematic reference designator text. For a custom symbol, add name="{REFDES}" inside the symbol.
PCB trace .D9 > .cathode to net.DUMP_GATE is too close to .Q2 > .B to net.DUMP_BASE (gap: 0.188mm)
PCB trace .R30 > .pin1 to net.IN2 is too close to .U10 > .pin4 to net.MOTOR_FAULT_N (gap: 0.167mm)
PCB trace .D7 > .cathode to net.DISCHARGE_END is too close to .R57 > .pin1 to net.VCC3V3 (gap: 0.175mm)
PCB trace .R24 > .pin1 to net.BUCK_EN overlaps with unnamed trace (accidental contact)
PCB trace .R24 > .pin1 to net.BUCK_EN overlaps with .C4 > .pin1 to net.VDD5 (accidental contact)
PCB trace .R16 > .pin2 to net.INPUT_PG is too close to .Q6 > .E to net.GND (gap: 0.187mm)
PCB trace .U4 > .pin16 to net.INPUT_PG is too close to .U11 > .pin17 to net.MOTOR_FAULT_N (gap: 0.159mm)
PCB trace .U4 > .pin10 to net.SLEW is too close to unnamed trace (gap: 0.140mm)
PCB trace .U4 > .pin10 to net.SLEW overlaps with .C4 > .pin1 to net.VDD5 (accidental contact)
PCB trace .Q7 > .D to net.SELECT_9 overlaps with unnamed trace (accidental contact)
PCB trace .Q7 > .D to net.SELECT_9 overlaps with .C4 > .pin1 to net.VDD5 (accidental contact)
PCB trace .U11 > .pin17 to net.MOTOR_FAULT_N is too close to .C30 > .pin1 to net.VCC3V3 (gap: 0.180mm)
PCB trace .U11 > .pin9 to net.VOLTAGE_BIT_9 is too close to .U1 > .pin24 to net.VDD5 (gap: 0.127mm)
PCB trace .U11 > .pin9 to net.VOLTAGE_BIT_9 is too close to .J1 > .pin14 to net.GND (gap: 0.193mm)
PCB trace .R66 > .pin2 to net.ADC_VM is too close to .R1 > .pin1 to net.VBUS (gap: 0.099mm)
PCB trace .R67 > .pin1 to net.ADC_VM is too close to .R1 > .pin1 to net.VBUS (gap: 0.099mm)
PCB trace .U1 > .pin23 to net.VREG_2V7 is too close to .U1 > .pin21 to net.VREG_1V2 (gap: 0.166mm)
PCB trace .U1 > .pin23 to net.VREG_2V7 overlaps with .U1 > .pin18 to net.VBUS_SENSE (accidental contact)
PCB trace .U1 > .pin21 to net.VREG_1V2 overlaps with .U1 > .pin18 to net.VBUS_SENSE (accidental contact)
PCB trace .U1 > .pin21 to net.VREG_1V2 overlaps with pcb_via "unnamed via" (accidental contact)
PCB trace .U1 > .pin21 to net.VREG_1V2 is too close to .U1 > .pin16 to net.PD_ENABLE_N (gap: 0.138mm)
PCB trace .U1 > .pin8 to net.SDA is too close to .U1 > .pin7 to net.SCL (gap: 0.195mm)
PCB trace .U1 > .pin8 to net.SDA overlaps with pcb_smtpad "U1.SCL" (accidental contact)
PCB trace .U1 > .pin8 to net.SDA overlaps with .U1 > .pin7 to net.SCL (accidental contact)
PCB trace .U1 > .pin5 to net.CC2 overlaps with pcb_via "unnamed via" (accidental contact)
PCB trace .U1 > .pin5 to net.CC2 overlaps with .J1 > .pin14 to net.GND (accidental contact)
PCB trace .U1 > .pin5 to net.CC2 is too close to .J1 > .pin13 to net.GND (gap: 0.116mm)
PCB trace .J1 > .pin6 to net.CC1 is too close to .U1 > .pin24 to net.VDD5 (gap: 0.167mm)
PCB trace .R8 > .pin1 to net.EFUSE_IN overlaps with unnamed trace (accidental contact)
PCB trace .R8 > .pin1 to net.EFUSE_IN overlaps with .C4 > .pin1 to net.VDD5 (accidental contact)
PCB trace .C23 > .pin1 to net.VCC3V3 overlaps with unnamed trace (accidental contact)
PCB trace .C23 > .pin1 to net.VCC3V3 overlaps with .C4 > .pin1 to net.VDD5 (accidental contact)
PCB trace .U1 > .pin24 to net.VDD5 overlaps with pcb_via "unnamed via" (accidental contact)
PCB trace .U1 > .pin24 to net.VDD5 overlaps with .J1 > .pin13 to net.GND (accidental contact)
PCB trace .U1 > .pin24 to net.VDD5 overlaps with pcb_via "unnamed via" (accidental contact)
PCB trace .U2 > .pin1 to net.VDD5 overlaps with pcb_smtpad "SW2.pin1" (accidental contact)
PCB trace unnamed trace is too close to .C4 > .pin1 to net.VDD5 (gap: 0.018mm)
PCB trace unnamed trace overlaps with .C4 > .pin1 to net.VDD5 (accidental contact)
PCB trace unnamed trace overlaps with pcb_via "unnamed via" (accidental contact)
PCB trace unnamed trace overlaps with pcb_via "unnamed via" (accidental contact)
PCB trace .R1 > .pin1 to net.VBUS overlaps with pcb_via "unnamed via" (accidental contact)
PCB trace .C32 > .pin2 to net.GND is too close to .U11 > .pin10 to net.VOLTAGE_BIT_12 (gap: 0.194mm)
PCB trace .C32 > .pin2 to net.GND overlaps with pcb_via "unnamed via" (accidental contact)
Copper pour unnamed copper pour (GND) shorts to unnamed trace on bottom (accidental copper contact)
Pad C5.pin2 and trace .R22 > .pin1 to net.COMP are too close (clearance: 0.172mm, minimum: 0.2mm)
Pad Q1.pin3 and trace .R10 > .pin2 to net.INPUT_OV_TOP are too close (clearance: 0.149mm, minimum: 0.2mm)
Pad C11.pin2 and trace .U4 > .pin7 to net.INPUT_UV are too close (clearance: 0.161mm, minimum: 0.2mm)
Pad U1.EP and trace .U1 > .pin8 to net.SDA are too close (clearance: 0.041mm, minimum: 0.2mm)
Pad C8.pin2 and trace .L1 > .pin2 to net.VM are too close (clearance: 0.179mm, minimum: 0.2mm)
Pad RV1.pin1 and trace .R3 > .pin1 to net.VCC3V3 are too close (clearance: 0.182mm, minimum: 0.2mm)
Pad U2.EP and trace .U2 > .pin5 to net.VBUS are too close (clearance: 0.166mm, minimum: 0.2mm)
Pad U2.DELAY and trace .U2 > .pin5 to net.VBUS are too close (clearance: 0.179mm, minimum: 0.2mm)
Pad U2.NC and trace .U2 > .pin5 to net.VBUS are too close (clearance: 0.171mm, minimum: 0.2mm)
Pad U3.EP and trace .U3 > .pin5 to net.VBUS are too close (clearance: 0.166mm, minimum: 0.2mm)
Pad U3.DELAY and trace .U3 > .pin5 to net.VBUS are too close (clearance: 0.179mm, minimum: 0.2mm)
Pad U3.NC and trace .U3 > .pin5 to net.VBUS are too close (clearance: 0.171mm, minimum: 0.2mm)
Pad R66.pin1 and trace .R1 > .pin1 to net.VBUS are too close (clearance: 0.191mm, minimum: 0.2mm)
Via unnamed via and trace .R8 > .pin1 to net.EFUSE_IN are too close (clearance: 0.151mm, minimum: 0.2mm)
Via unnamed via and trace .U8 > .ANODE to net.GND are too close (clearance: 0mm, minimum: 0.2mm)
Via unnamed via and trace .U8 > .ANODE to net.GND are too close (clearance: 0.157mm, minimum: 0.2mm)
Via unnamed via and trace .U11 > .pin17 to net.MOTOR_FAULT_N are too close (clearance: 0.149mm, minimum: 0.2mm)
Via unnamed via and trace .Q4 > .B to net.OV_INHIBIT are too close (clearance: 0.174mm, minimum: 0.2mm)
Via unnamed via and trace .Q4 > .B to net.OV_INHIBIT are too close (clearance: 0.164mm, minimum: 0.2mm)
Via unnamed via and trace .R16 > .pin2 to net.INPUT_PG are too close (clearance: 0.186mm, minimum: 0.2mm)
Via unnamed via and trace .R18 > .pin1 to net.VM are too close (clearance: 0.165mm, minimum: 0.2mm)
Via unnamed via and trace .U4 > .pin6 to net.EFUSE_IN are too close (clearance: 0.115mm, minimum: 0.2mm)
Via unnamed via and trace .R23 > .pin1 to net.INPUT_PG are too close (clearance: 0.135mm, minimum: 0.2mm)
Via unnamed via and trace .Q6 > .E to net.GND are too close (clearance: 0.146mm, minimum: 0.2mm)
Via unnamed via and trace .U11 > .pin15 to net.PD_ENABLE_N are too close (clearance: 0.193mm, minimum: 0.2mm)
Via unnamed via and trace .U4 > .pin16 to net.INPUT_PG are too close (clearance: 0.188mm, minimum: 0.2mm)
Via unnamed via and trace .C32 > .pin2 to net.GND are too close (clearance: 0.089mm, minimum: 0.2mm)
Via unnamed via and trace .U11 > .pin12 to net.VOLTAGE_DRIVE_12 are too close (clearance: 0.13mm, minimum: 0.2mm)
Via unnamed via and trace .Q8 > .G to net.VOLTAGE_DRIVE_12 are too close (clearance: 0.059mm, minimum: 0.2mm)
Via unnamed via and trace .Q8 > .G to net.VOLTAGE_DRIVE_12 are too close (clearance: 0.161mm, minimum: 0.2mm)
Via unnamed via and trace .R1 > .pin1 to net.VBUS are too close (clearance: 0.179mm, minimum: 0.2mm)
Via unnamed via and trace .C32 > .pin2 to net.GND are too close (clearance: 0.182mm, minimum: 0.2mm)
Via unnamed via and trace .U1 > .pin5 to net.CC2 are too close (clearance: 0.051mm, minimum: 0.2mm)
Via unnamed via and trace .J1 > .pin13 to net.GND are too close (clearance: 0.144mm, minimum: 0.2mm)
Via unnamed via and trace .U1 > .pin24 to net.VDD5 are too close (clearance: 0.16mm, minimum: 0.2mm)
Via unnamed via and trace .U11 > .pin10 to net.VOLTAGE_BIT_12 are too close (clearance: 0.175mm, minimum: 0.2mm)
Via unnamed via and trace .R1 > .pin1 to net.VBUS are too close (clearance: 0.082mm, minimum: 0.2mm)
Via unnamed via and trace .C30 > .pin1 to net.VCC3V3 are too close (clearance: 0.104mm, minimum: 0.2mm)
Via unnamed via and trace .U1 > .pin21 to net.VREG_1V2 are too close (clearance: 0.137mm, minimum: 0.2mm)
Via unnamed via and trace .U1 > .pin21 to net.VREG_1V2 are too close (clearance: 0.119mm, minimum: 0.2mm)
Via unnamed via and trace .U1 > .pin18 to net.VBUS_SENSE are too close (clearance: 0.161mm, minimum: 0.2mm)
Via unnamed via and trace .U1 > .pin23 to net.VREG_2V7 are too close (clearance: 0.014mm, minimum: 0.2mm)
Via unnamed via and trace .U1 > .pin16 to net.PD_ENABLE_N are too close (clearance: 0.188mm, minimum: 0.2mm)
Via unnamed via and trace .U1 > .pin5 to net.CC2 are too close (clearance: 0.095mm, minimum: 0.2mm)
Via unnamed via and trace .U11 > .pin17 to net.MOTOR_FAULT_N are too close (clearance: 0.166mm, minimum: 0.2mm)
Via unnamed via and trace .U1 > .pin24 to net.VDD5 are too close (clearance: 0.18mm, minimum: 0.2mm)
Via unnamed via and trace unnamed trace are too close (clearance: 0.178mm, minimum: 0.2mm)
Via unnamed via and trace .U11 > .pin17 to net.MOTOR_FAULT_N are too close (clearance: 0.194mm, minimum: 0.2mm)
Via unnamed via and trace .U4 > .pin10 to net.SLEW are too close (clearance: 0.15mm, minimum: 0.2mm)
Via unnamed via and trace unnamed trace are too close (clearance: 0.125mm, minimum: 0.2mm)
Via unnamed via and trace .U1 > .pin5 to net.CC2 are too close (clearance: 0.188mm, minimum: 0.2mm)
Via unnamed via and trace .U11 > .pin9 to net.VOLTAGE_BIT_9 are too close (clearance: 0.117mm, minimum: 0.2mm)
Via unnamed via and trace .U1 > .pin16 to net.PD_ENABLE_N are too close (clearance: 0.172mm, minimum: 0.2mm)
Via unnamed via and trace .U1 > .pin23 to net.VREG_2V7 are too close (clearance: 0.131mm, minimum: 0.2mm)
Via unnamed via and trace .U4 > .pin16 to net.INPUT_PG are too close (clearance: 0.173mm, minimum: 0.2mm)
Via unnamed via and trace .R8 > .pin1 to net.EFUSE_IN are too close (clearance: 0.12mm, minimum: 0.2mm)
Via unnamed via and trace .C30 > .pin1 to net.VCC3V3 are too close (clearance: 0.003mm, minimum: 0.2mm)
Via unnamed via and pad J1.A4B9 are too close (clearance: 0.141mm, minimum: 0.2mm)
Vias unnamed via and unnamed via from different nets are too close together (gap: 0.195mm)
Vias unnamed via and unnamed via from different nets are too close together (gap: 0.163mm)
Vias unnamed via and unnamed via from different nets are too close together (gap: 0.194mm)
Vias unnamed via and unnamed via from different nets are too close together (gap: 0.188mm)
Vias unnamed via and unnamed via from different nets are too close together (gap: 0.042mm)
Vias unnamed via and unnamed via from different nets are too close together (gap: 0.132mm)
Vias unnamed via and unnamed via from different nets are too close together (gap: 0.195mm)
Trace [unnamed trace] has disconnected endpoint at (14.00, -17.30)
Trace [unnamed trace] has disconnected endpoint at (1.00, 22.70)
Trace [unnamed trace] has dangling endpoint at (14.00, -17.30)
Trace [unnamed trace] has dangling endpoint at (1.00, 22.70)
Generating preview images...
[index] Generating PCB SVG...
[index] Written pcb.svg
[index] Generating PCB PNG...
[index] Written pcb.png
[index] Generating schematic SVG...
[index] Written schematic.svg

Build complete
  Circuits  0 passed 1 failed
  Options   pcb-png, pcb-svgs, schematic-svgs, autorouter-debug
  Output    dist

⚠ Build completed with errors
Build exiting with code 1: circuit build errors occurred
