Building 1 file(s)...
Building index.circuit.tsx...
Generating circuit JSON...
Wrote debug artifact: dist/autorouter-debug/placement-unrouted.png
Autorouting <board#743 /> phase 1/1 start: connections=79, obstacles=437, previous_traces=0, router=tscircuit, version=beta_pipeline7, solver=AutoroutingPipelineSolver7_MultiGraph, effort=1x, cache=miss, cache_id=8a4be38a/2f9c8b9e
  connections: net.GND, net.VBUS, net.VDD5, net.VCC3V3, net.EFUSE_IN, net.VIN_BUCK, net.SWITCH_NODE, net.VM, net.MOTOR_P, net.MOTOR_N, net.CC1, net.CC2, net.PD_RESET, net.SCL, net.SDA, net.PD_ENABLE_N, net.VBUS_SENSE, net.PD_ALERT_N, net.VREG_1V2, net.VREG_2V7, net.MCU_NRST, net.ADC_VBUS, net.ADC_VM, net.VOLTAGE_BIT_9, net.VOLTAGE_BIT_12, net.VOLTAGE_DRIVE_9, net.VOLTAGE_DRIVE_12, net.HOST_ALLOW, net.HOST_INHIBIT_B, net.MOTOR_FAULT_N, net.SWDIO, net.SWCLK, net.MOTOR_READY, net.SELECT_9, net.SELECT_12, net.INPUT_UV, net.INPUT_OV, net.SLEW, net.INPUT_ILIM, net.POWER_ENABLE, net.INPUT_PG, net.PD_INHIBIT, net.INPUT_OV_TOP, net.BOOT, net.BUCK_EN, net.RT, net.MOTOR_FB, net.COMP, net.FB_TOP_MID, net.COMP_ZERO, net.TIMING, net.PWM, net.TIMER_CONT, net.WIPER, net.POT_CHARGE, net.POT_DISCHARGE, net.DISCHARGE_END, net.IN1, net.IN2, net.R29_LED, net.R30_LED, net.VREF2V5, net.UV_REF, net.OV_REF, net.OV_ACTIVE_N, net.IPROPI, net.VCP, net.CPH, net.CPL, net.POWER_LED, net.DUMP_BASE, net.DUMP_DRIVE, net.DUMP_GATE, net.DUMP_LOAD, net.DUMP_MID_A, net.DUMP_MID_B, net.DUMP_MID_C, net.DUMP_MID_D, net.OV_INHIBIT
  phase 1/1 progress: solver=AutoroutingPipelineSolver7_MultiGraph solver_phase=topologyPlanningSolver steps=1 progress=19% iterations_per_second=12484 elapsed=3.4s
  phase 1/1 progress: solver=AutoroutingPipelineSolver7_MultiGraph solver_phase=highDensityRouteSolver steps=27 progress=55% iterations_per_second=6328 elapsed=13.6s
  phase 1/1 progress: solver=AutoroutingPipelineSolver7_MultiGraph solver_phase=highDensityRouteSolver steps=60 progress=55% iterations_per_second=1192 elapsed=23.8s
  phase 1/1 progress: solver=AutoroutingPipelineSolver7_MultiGraph solver_phase=highDensityRouteSolver steps=93 progress=55% iterations_per_second=46772 elapsed=33.9s
  phase 1/1 progress: solver=AutoroutingPipelineSolver7_MultiGraph solver_phase=highDensityRouteSolver steps=120 progress=55% iterations_per_second=29480 elapsed=44.0s
  phase 1/1 progress: solver=AutoroutingPipelineSolver7_MultiGraph solver_phase=highDensityRepairSolver steps=133 progress=64% iterations_per_second=2 elapsed=54.6s
  phase 1/1 progress: solver=AutoroutingPipelineSolver7_MultiGraph solver_phase=exactGeometryDrcForceImproveSolver steps=162 progress=86% iterations_per_second=1 elapsed=67.0s
  phase 1/1 progress: solver=AutoroutingPipelineSolver7_MultiGraph solver_phase=exactGeometryDrcForceImproveSolver steps=190 progress=86% iterations_per_second=19 elapsed=77.1s
  phase 1/1 progress: solver=AutoroutingPipelineSolver7_MultiGraph solver_phase=powerTraceExpansionSolver steps=223 progress=96% iterations_per_second=36404 elapsed=87.3s
  phase 1/1 progress: solver=AutoroutingPipelineSolver7_MultiGraph solver_phase=powerTraceExpansionSolver steps=256 progress=98% iterations_per_second=36314 elapsed=97.6s
  phase 1/1 progress: solver=AutoroutingPipelineSolver7_MultiGraph solver_phase=powerTraceExpansionSolver steps=289 progress=99% iterations_per_second=28015 elapsed=107.8s
  phase 1/1 done: routed_traces=306, jumpers=0, errors=0, elapsed=110.0s
Wrote debug artifact: dist/autorouter-debug/phase-0-routed.png
Could not save autorouting paths for subcircuit_source_group_0: Routes contain a junction or endpoint that cannot select a unique PCB port
Wrote debug artifact: dist/autorouter-debug/board.meta.json
Circuit JSON written to dist/index/circuit.json
The "J" prefix is being used with a <chip />, try using it with a <connector /> or <jumper />
The "TP" prefix is being used with a <chip />, try using it with a <testpoint />
The "TP" prefix is being used with a <chip />, try using it with a <testpoint />
The "S" prefix is being used with a <chip />, try using it with a <switch /> or <pushbutton />
The "Q" prefix is being used with a <chip />, try using it with a <transistor />
The "Q" prefix is being used with a <chip />, try using it with a <transistor />
The "Q" prefix is being used with a <chip />, try using it with a <transistor />
The "TP" prefix is being used with a <chip />, try using it with a <testpoint />
The "TP" prefix is being used with a <chip />, try using it with a <testpoint />
The "TP" prefix is being used with a <chip />, try using it with a <testpoint />
The "TP" prefix is being used with a <chip />, try using it with a <testpoint />
The "Q" prefix is being used with a <chip />, try using it with a <transistor />
The "R" prefix is being used with a <chip />, try using it with a <resistor />
The "S" prefix is being used with a <chip />, try using it with a <switch /> or <pushbutton />
The "J" prefix is being used with a <chip />, try using it with a <connector /> or <jumper />
The "TP" prefix is being used with a <chip />, try using it with a <testpoint />
The "Q" prefix is being used with a <chip />, try using it with a <transistor />
The "Q" prefix is being used with a <chip />, try using it with a <transistor />
The "Q" prefix is being used with a <chip />, try using it with a <transistor />
The "Q" prefix is being used with a <chip />, try using it with a <transistor />
All pins on D1 are underspecified (no pinAttributes set)
All pins on D2 are underspecified (no pinAttributes set)
All pins on SW2 are underspecified (no pinAttributes set)
All pins on Q6 are underspecified (no pinAttributes set)
All pins on Q7 are underspecified (no pinAttributes set)
All pins on Q8 are underspecified (no pinAttributes set)
All pins on Q1 are underspecified (no pinAttributes set)
All pins on RV1 are underspecified (no pinAttributes set)
All pins on SW1 are underspecified (no pinAttributes set)
All pins on U8 are underspecified (no pinAttributes set)
All pins on D10 are underspecified (no pinAttributes set)
All pins on D11 are underspecified (no pinAttributes set)
All pins on J2 are underspecified (no pinAttributes set)
All pins on Q2 are underspecified (no pinAttributes set)
All pins on Q3 are underspecified (no pinAttributes set)
All pins on Q4 are underspecified (no pinAttributes set)
All pins on Q5 are underspecified (no pinAttributes set)
J1 has no pin with requires_power=true
U2 has no pin with requires_power=true
U3 has no pin with requires_power=true
D1 has no pin with requires_power=true
D2 has no pin with requires_power=true
SW2 has no pin with requires_power=true
Q6 has no pin with requires_power=true
Q7 has no pin with requires_power=true
Q8 has no pin with requires_power=true
U4 has no pin with requires_power=true
Q1 has no pin with requires_power=true
RV1 has no pin with requires_power=true
SW1 has no pin with requires_power=true
U8 has no pin with requires_power=true
U10 has no pin with requires_power=true
D10 has no pin with requires_power=true
D11 has no pin with requires_power=true
J2 has no pin with requires_power=true
Q2 has no pin with requires_power=true
Q3 has no pin with requires_power=true
Q4 has no pin with requires_power=true
Q5 has no pin with requires_power=true
J1 has no pin with requires_ground=true
D1 has no pin with requires_ground=true
D2 has no pin with requires_ground=true
SW2 has no pin with requires_ground=true
Q6 has no pin with requires_ground=true
Q7 has no pin with requires_ground=true
Q8 has no pin with requires_ground=true
Q1 has no pin with requires_ground=true
RV1 has no pin with requires_ground=true
SW1 has no pin with requires_ground=true
U8 has no pin with requires_ground=true
D10 has no pin with requires_ground=true
D11 has no pin with requires_ground=true
J2 has no pin with requires_ground=true
Q2 has no pin with requires_ground=true
Q3 has no pin with requires_ground=true
Q4 has no pin with requires_ground=true
Q5 has no pin with requires_ground=true
D1 is missing schematic reference designator text. For a custom symbol, add name="{REFDES}" inside the symbol.
D2 is missing schematic reference designator text. For a custom symbol, add name="{REFDES}" inside the symbol.
Q6 is missing schematic reference designator text. For a custom symbol, add name="{REFDES}" inside the symbol.
Q7 is missing schematic reference designator text. For a custom symbol, add name="{REFDES}" inside the symbol.
Q8 is missing schematic reference designator text. For a custom symbol, add name="{REFDES}" inside the symbol.
Q1 is missing schematic reference designator text. For a custom symbol, add name="{REFDES}" inside the symbol.
RV1 is missing schematic reference designator text. For a custom symbol, add name="{REFDES}" inside the symbol.
U8 is missing schematic reference designator text. For a custom symbol, add name="{REFDES}" inside the symbol.
D10 is missing schematic reference designator text. For a custom symbol, add name="{REFDES}" inside the symbol.
D11 is missing schematic reference designator text. For a custom symbol, add name="{REFDES}" inside the symbol.
Q2 is missing schematic reference designator text. For a custom symbol, add name="{REFDES}" inside the symbol.
Q3 is missing schematic reference designator text. For a custom symbol, add name="{REFDES}" inside the symbol.
Q4 is missing schematic reference designator text. For a custom symbol, add name="{REFDES}" inside the symbol.
Q5 is missing schematic reference designator text. For a custom symbol, add name="{REFDES}" inside the symbol.
PCB trace .R49 > .pin2 to net.OV_INHIBIT is too close to .R18 > .pin2 to net.FB_TOP_MID (gap: 0.115mm)
PCB trace .D9 > .cathode to net.DUMP_GATE is too close to .Q2 > .B to net.DUMP_BASE (gap: 0.121mm)
PCB trace .R65 > .pin1 to net.OV_REF is too close to .R29 > .pin1 to net.IN1 (gap: 0.174mm)
PCB trace .U9 > .1IN_NEG to net.UV_REF is too close to .R31 > .pin1 to net.VM (gap: 0.036mm)
PCB trace .U9 > .1IN_NEG to net.UV_REF is too close to .R34 > .pin1 to net.VCC3V3 (gap: 0.133mm)
PCB trace .U8 > .REF to net.VREF2V5 is too close to .U8 > .ANODE to net.GND (gap: 0.131mm)
PCB trace .U8 > .REF to net.VREF2V5 overlaps with .R8 > .pin1 to net.EFUSE_IN (accidental contact)
PCB trace .R32 > .pin1 to net.VREF2V5 is too close to .U10 > .pin5 to net.VCC3V3 (gap: 0.119mm)
PCB trace .R30 > .pin1 to net.IN2 is too close to .U9 > .VCC to net.VM (gap: 0.168mm)
PCB trace .R30 > .pin1 to net.IN2 is too close to .U10 > .pin4 to net.MOTOR_FAULT_N (gap: 0.121mm)
PCB trace .R29 > .pin1 to net.IN1 is too close to .R34 > .pin1 to net.VCC3V3 (gap: 0.124mm)
PCB trace .R18 > .pin2 to net.FB_TOP_MID is too close to .R19 > .pin2 to net.GND (gap: 0.189mm)
PCB trace .U5 > .COMP to net.COMP is too close to .R8 > .pin1 to net.EFUSE_IN (gap: 0.115mm)
PCB trace .R55 > .pin2 to net.MOTOR_FB is too close to .C4 > .pin1 to net.VDD5 (gap: 0.141mm)
PCB trace .R55 > .pin2 to net.MOTOR_FB is too close to unnamed trace (gap: 0.163mm)
PCB trace .R20 > .pin1 to net.MOTOR_FB is too close to .R16 > .pin2 to net.INPUT_PG (gap: 0.178mm)
PCB trace .U5 > .pin4 to net.RT is too close to .C17 > .pin1 to net.VM (gap: 0.162mm)
PCB trace .R24 > .pin1 to net.BUCK_EN overlaps with unnamed trace (accidental contact)
PCB trace .R24 > .pin1 to net.BUCK_EN overlaps with .C4 > .pin1 to net.VDD5 (accidental contact)
PCB trace .U5 > .EN to net.BUCK_EN is too close to .U5 > .VIN to net.VIN_BUCK (gap: 0.115mm)
PCB trace .R16 > .pin2 to net.INPUT_PG is too close to .Q6 > .E to net.GND (gap: 0.115mm)
PCB trace .U4 > .pin16 to net.INPUT_PG is too close to .U11 > .pin17 to net.MOTOR_FAULT_N (gap: 0.116mm)
PCB trace .U4 > .pin16 to net.INPUT_PG is too close to .C13 > .pin1 to net.VIN_BUCK (gap: 0.191mm)
PCB trace .U4 > .pin10 to net.SLEW is too close to unnamed trace (gap: 0.134mm)
PCB trace .U4 > .pin10 to net.SLEW overlaps with .C4 > .pin1 to net.VDD5 (accidental contact)
PCB trace .U4 > .pin10 to net.SLEW is too close to .R8 > .pin1 to net.EFUSE_IN (gap: 0.142mm)
PCB trace .U4 > .pin7 to net.INPUT_UV is too close to .U4 > .pin9 to net.GND (gap: 0.175mm)
PCB trace .Q7 > .D to net.SELECT_9 overlaps with unnamed trace (accidental contact)
PCB trace .Q7 > .D to net.SELECT_9 overlaps with .C4 > .pin1 to net.VDD5 (accidental contact)
PCB trace .U9 > .1OUT to net.MOTOR_READY is too close to .U11 > .pin17 to net.MOTOR_FAULT_N (gap: 0.124mm)
PCB trace .U11 > .pin17 to net.MOTOR_FAULT_N is too close to .C30 > .pin1 to net.VCC3V3 (gap: 0.115mm)
PCB trace .R57 > .pin2 to net.HOST_INHIBIT_B is too close to .R57 > .pin1 to net.VCC3V3 (gap: 0.185mm)
PCB trace .U11 > .pin13 to net.HOST_ALLOW is too close to .U11 > .pin15 to net.PD_ENABLE_N (gap: 0.160mm)
PCB trace .U11 > .pin13 to net.HOST_ALLOW is too close to .U11 > .pin3 to net.PD_ALERT_N (gap: 0.117mm)
PCB trace .U11 > .pin12 to net.VOLTAGE_DRIVE_12 is too close to .Q7 > .G to net.VOLTAGE_DRIVE_9 (gap: 0.115mm)
PCB trace .U11 > .pin12 to net.VOLTAGE_DRIVE_12 is too close to .Q7 > .S to net.GND (gap: 0.117mm)
PCB trace .Q8 > .G to net.VOLTAGE_DRIVE_12 is too close to .Q7 > .G to net.VOLTAGE_DRIVE_9 (gap: 0.112mm)
PCB trace .Q8 > .G to net.VOLTAGE_DRIVE_12 is too close to .U11 > .pin10 to net.VOLTAGE_BIT_12 (gap: 0.160mm)
PCB trace .U11 > .pin10 to net.VOLTAGE_BIT_12 is too close to .C32 > .pin2 to net.GND (gap: 0.160mm)
PCB trace .U11 > .pin9 to net.VOLTAGE_BIT_9 is too close to .U1 > .pin24 to net.VDD5 (gap: 0.097mm)
PCB trace .U11 > .pin9 to net.VOLTAGE_BIT_9 is too close to .J1 > .pin14 to net.GND (gap: 0.105mm)
PCB trace .R66 > .pin2 to net.ADC_VM is too close to .R1 > .pin1 to net.VBUS (gap: 0.150mm)
PCB trace .R67 > .pin1 to net.ADC_VM is too close to .R1 > .pin1 to net.VBUS (gap: 0.149mm)
PCB trace .U11 > .pin6 to net.MCU_NRST is too close to .U11 > .pin3 to net.PD_ALERT_N (gap: 0.115mm)
PCB trace .U1 > .pin23 to net.VREG_2V7 is too close to .J1 > .pin14 to net.GND (gap: 0.140mm)
PCB trace .U1 > .pin23 to net.VREG_2V7 is too close to .J1 > .pin13 to net.GND (gap: 0.142mm)
PCB trace .U1 > .pin23 to net.VREG_2V7 is too close to .U1 > .pin21 to net.VREG_1V2 (gap: 0.189mm)
PCB trace .U1 > .pin23 to net.VREG_2V7 is too close to .U1 > .pin18 to net.VBUS_SENSE (gap: 0.157mm)
PCB trace .U1 > .pin23 to net.VREG_2V7 is too close to .U1 > .pin5 to net.CC2 (gap: 0.174mm)
PCB trace .U1 > .pin23 to net.VREG_2V7 is too close to .U3 > .pin1 to net.VCC3V3 (gap: 0.119mm)
PCB trace .U1 > .pin21 to net.VREG_1V2 is too close to .J1 > .pin14 to net.GND (gap: 0.192mm)
PCB trace .U1 > .pin21 to net.VREG_1V2 is too close to .U1 > .pin19 to net.PD_ALERT_N (gap: 0.183mm)
PCB trace .U1 > .pin21 to net.VREG_1V2 is too close to .U1 > .pin18 to net.VBUS_SENSE (gap: 0.113mm)
PCB trace .U1 > .pin21 to net.VREG_1V2 is too close to .U1 > .pin16 to net.PD_ENABLE_N (gap: 0.184mm)
PCB trace .U1 > .pin19 to net.PD_ALERT_N is too close to .U1 > .pin5 to net.CC2 (gap: 0.174mm)
PCB trace .U1 > .pin19 to net.PD_ALERT_N is too close to .U1 > .pin8 to net.SDA (gap: 0.144mm)
PCB trace .U1 > .pin18 to net.VBUS_SENSE is too close to .U1 > .pin5 to net.CC2 (gap: 0.169mm)
PCB trace .U1 > .pin16 to net.PD_ENABLE_N is too close to .J1 > .pin13 to net.GND (gap: 0.180mm)
PCB trace .U1 > .pin16 to net.PD_ENABLE_N is too close to .J1 > .pin14 to net.GND (gap: 0.115mm)
PCB trace .R5 > .pin2 to net.PD_ENABLE_N is too close to .U4 > .pin6 to net.EFUSE_IN (gap: 0.150mm)
PCB trace .U1 > .pin8 to net.SDA is too close to .U1 > .pin7 to net.SCL (gap: 0.041mm)
PCB trace .U1 > .pin8 to net.SDA is too close to .U1 > .pin7 to net.SCL (gap: 0.039mm)
PCB trace .U1 > .pin8 to net.SDA overlaps with pcb_smtpad "U1.SCL" (accidental contact)
PCB trace .U1 > .pin8 to net.SDA is too close to .R4 > .pin2 to net.GND (gap: 0.171mm)
PCB trace .U1 > .pin7 to net.SCL is too close to .U1 > .pin6 to net.PD_RESET (gap: 0.183mm)
PCB trace .U1 > .pin7 to net.SCL is too close to .U1 > .pin6 to net.PD_RESET (gap: 0.183mm)
PCB trace .U1 > .pin5 to net.CC2 is too close to .J1 > .pin14 to net.GND (gap: 0.126mm)
PCB trace .U1 > .pin5 to net.CC2 is too close to .J1 > .pin13 to net.GND (gap: 0.135mm)
PCB trace .U1 > .pin5 to net.CC2 overlaps with pcb_via "unnamed via" (accidental contact)
PCB trace .J1 > .pin6 to net.CC1 is too close to .U1 > .pin24 to net.VDD5 (gap: 0.100mm)
PCB trace .U10 > .pin10 to net.MOTOR_N is too close to .U10 > .pin11 to net.VM (gap: 0.107mm)
PCB trace .U10 > .pin10 to net.MOTOR_N overlaps with .U10 > .pin9 to net.GND (accidental contact)
PCB trace .C17 > .pin1 to net.VM is too close to .C13 > .pin1 to net.VIN_BUCK (gap: 0.120mm)
PCB trace .R31 > .pin1 to net.VM overlaps with pcb_smtpad "U9.1IN_POS" (accidental contact)
PCB trace .R31 > .pin1 to net.VM overlaps with .U9 > .1IN_POS to net.MOTOR_FB (accidental contact)
PCB trace .D11 > .pin1 to net.VM is too close to .Q2 > .B to net.DUMP_BASE (gap: 0.152mm)
PCB trace .D11 > .pin1 to net.VM is too close to .D9 > .anode to net.GND (gap: 0.165mm)
PCB trace .R66 > .pin1 to net.VM overlaps with pcb_via "unnamed via" (accidental contact)
PCB trace .R66 > .pin1 to net.VM is too close to .R63 > .pin2 to net.GND (gap: 0.051mm)
PCB trace .R66 > .pin1 to net.VM is too close to .U4 > .pin16 to net.INPUT_PG (gap: 0.131mm)
PCB trace .U9 > .VCC to net.VM overlaps with pcb_via "unnamed via" (accidental contact)
PCB trace .U9 > .VCC to net.VM is too close to .R29 > .pin1 to net.IN1 (gap: 0.097mm)
PCB trace .C16 > .pin1 to net.VM overlaps with pcb_smtpad "R69.pin2" (accidental contact)
PCB trace .C25 > .pin1 to net.VM is too close to .R8 > .pin1 to net.EFUSE_IN (gap: 0.194mm)
PCB trace .U5 > .SW to net.SWITCH_NODE is too close to .U5 > .GND to net.GND (gap: 0.143mm)
PCB trace .U5 > .VIN to net.VIN_BUCK is too close to .U5 > .EN to net.BUCK_EN (gap: 0.152mm)
PCB trace .C13 > .pin1 to net.VIN_BUCK is too close to .C13 > .pin2 to net.GND (gap: 0.195mm)
PCB trace .U5 > .VIN to net.VIN_BUCK is too close to .U5 > .EP to net.GND (gap: 0.128mm)
PCB trace .U4 > .pin18 to net.VIN_BUCK overlaps with .D4 > .cathode to net.EFUSE_IN (accidental contact)
PCB trace .U4 > .pin18 to net.VIN_BUCK overlaps with .U4 > .pin6 to net.EFUSE_IN (accidental contact)
PCB trace .R8 > .pin1 to net.EFUSE_IN is too close to unnamed trace (gap: 0.066mm)
PCB trace .R8 > .pin1 to net.EFUSE_IN is too close to .C4 > .pin1 to net.VDD5 (gap: 0.122mm)
PCB trace .R8 > .pin1 to net.EFUSE_IN overlaps with pcb_via "unnamed via" (accidental contact)
PCB trace .R8 > .pin1 to net.EFUSE_IN overlaps with .R33 > .pin2 to net.GND (accidental contact)
PCB trace .C23 > .pin1 to net.VCC3V3 overlaps with unnamed trace (accidental contact)
PCB trace .C23 > .pin1 to net.VCC3V3 overlaps with .C4 > .pin1 to net.VDD5 (accidental contact)
PCB trace .U3 > .pin1 to net.VCC3V3 is too close to .U3 > .pin8 to net.VBUS (gap: 0.143mm)
PCB trace .R3 > .pin1 to net.VCC3V3 is too close to .U1 > .pin5 to net.CC2 (gap: 0.165mm)
PCB trace .R3 > .pin1 to net.VCC3V3 is too close to .R1 > .pin1 to net.VBUS (gap: 0.158mm)
PCB trace .U1 > .pin24 to net.VDD5 is too close to .J1 > .pin13 to net.GND (gap: 0.120mm)
PCB trace unnamed trace overlaps with .C4 > .pin1 to net.VDD5 (accidental contact)
PCB trace unnamed trace overlaps with pcb_via "unnamed via" (accidental contact)
PCB trace unnamed trace overlaps with .C4 > .pin1 to net.VDD5 (accidental contact)
PCB trace unnamed trace is too close to .R19 > .pin2 to net.GND (gap: 0.135mm)
PCB trace unnamed trace overlaps with pcb_via "unnamed via" (accidental contact)
PCB trace unnamed trace overlaps with pcb_via "unnamed via" (accidental contact)
PCB trace unnamed trace overlaps with pcb_via "unnamed via" (accidental contact)
PCB trace .C4 > .pin1 to net.VDD5 is too close to .R19 > .pin2 to net.GND (gap: 0.191mm)
PCB trace .U2 > .pin5 to net.VBUS overlaps with pcb_smtpad "U2.NC" (accidental contact)
PCB trace .U2 > .pin5 to net.VBUS overlaps with pcb_smtpad "U2.NC" (accidental contact)
PCB trace .J1 > .pin15 to net.VBUS overlaps with pcb_smtpad "J1.B5" (accidental contact)
PCB trace .D1 > .K to net.VBUS is too close to .C3 > .pin2 to net.GND (gap: 0.188mm)
PCB trace .D1 > .K to net.VBUS overlaps with pcb_smtpad "C3.pin2" (accidental contact)
PCB trace .R1 > .pin1 to net.VBUS is too close to .U1 > .pin23 to net.VREG_2V7 (gap: 0.183mm)
Copper pour unnamed copper pour (GND) shorts to unnamed trace on bottom (accidental copper contact)
Pad U10.EN and trace .R30 > .pin1 to net.IN2 are too close (clearance: 0.186mm, minimum: 0.2mm)
Pad C5.pin2 and trace .R22 > .pin1 to net.COMP are too close (clearance: 0.194mm, minimum: 0.2mm)
Pad C11.pin2 and trace .U4 > .pin7 to net.INPUT_UV are too close (clearance: 0.181mm, minimum: 0.2mm)
Pad C11.pin1 and trace .U4 > .pin7 to net.INPUT_UV are too close (clearance: 0.188mm, minimum: 0.2mm)
Pad U10.EP and trace .U10 > .pin4 to net.MOTOR_FAULT_N are too close (clearance: 0.127mm, minimum: 0.2mm)
Pad R2.pin2 and trace .U1 > .pin23 to net.VREG_2V7 are too close (clearance: 0.162mm, minimum: 0.2mm)
Pad U1.EP and trace .U1 > .pin8 to net.SDA are too close (clearance: 0.185mm, minimum: 0.2mm)
Pad U3.DELAY and trace .U3 > .pin5 to net.VBUS are too close (clearance: 0.135mm, minimum: 0.2mm)
Pad U3.NC and trace .U3 > .pin5 to net.VBUS are too close (clearance: 0.135mm, minimum: 0.2mm)
Pad R66.pin1 and trace .R1 > .pin1 to net.VBUS are too close (clearance: 0.092mm, minimum: 0.2mm)
Pad Q8.pin1 and trace .C32 > .pin2 to net.GND are too close (clearance: 0.183mm, minimum: 0.2mm)
Trace .J1 > .pin15 to net.VBUS is too close to non-plated hole unnamed hole (gap: 0.141868mm, required: 0.28mm)
Trace .J1 > .pin16 to net.VBUS is too close to non-plated hole unnamed hole (gap: 0.248906mm, required: 0.28mm)
Trace .J1 > .pin14 to net.GND is too close to non-plated hole unnamed hole (gap: 0.226313mm, required: 0.28mm)
Trace .J1 > .pin14 to net.GND is too close to non-plated hole unnamed hole (gap: 0.215232mm, required: 0.28mm)
Via unnamed via and trace .R20 > .pin1 to net.MOTOR_FB are too close (clearance: 0.152mm, minimum: 0.2mm)
Via unnamed via and trace .R16 > .pin2 to net.INPUT_PG are too close (clearance: 0.115mm, minimum: 0.2mm)
Via unnamed via and trace unnamed trace are too close (clearance: 0.137mm, minimum: 0.2mm)
Via unnamed via and trace .C4 > .pin1 to net.VDD5 are too close (clearance: 0.116mm, minimum: 0.2mm)
Via unnamed via and trace .U11 > .pin17 to net.MOTOR_FAULT_N are too close (clearance: 0.131mm, minimum: 0.2mm)
Via unnamed via and trace .R32 > .pin1 to net.VREF2V5 are too close (clearance: 0.11mm, minimum: 0.2mm)
Via unnamed via and trace .R40 > .pin1 to net.OV_ACTIVE_N are too close (clearance: 0.116mm, minimum: 0.2mm)
Via unnamed via and trace .R34 > .pin1 to net.VCC3V3 are too close (clearance: 0.115mm, minimum: 0.2mm)
Via unnamed via and trace .R33 > .pin2 to net.GND are too close (clearance: 0.115mm, minimum: 0.2mm)
Via unnamed via and trace .R33 > .pin2 to net.GND are too close (clearance: 0.187mm, minimum: 0.2mm)
Via unnamed via and trace .U4 > .pin10 to net.SLEW are too close (clearance: 0.115mm, minimum: 0.2mm)
Via unnamed via and trace .R65 > .pin1 to net.OV_REF are too close (clearance: 0.115mm, minimum: 0.2mm)
Via unnamed via and trace .R50 > .pin2 to net.GND are too close (clearance: 0.127mm, minimum: 0.2mm)
Via unnamed via and trace .R31 > .pin1 to net.VM are too close (clearance: 0.132mm, minimum: 0.2mm)
Via unnamed via and trace .U9 > .GND to net.GND are too close (clearance: 0.141mm, minimum: 0.2mm)
Via unnamed via and trace .U11 > .pin17 to net.MOTOR_FAULT_N are too close (clearance: 0.17mm, minimum: 0.2mm)
Via unnamed via and trace .U9 > .1OUT to net.MOTOR_READY are too close (clearance: 0.115mm, minimum: 0.2mm)
Via unnamed via and trace .R8 > .pin1 to net.EFUSE_IN are too close (clearance: 0.101mm, minimum: 0.2mm)
Via unnamed via and trace .U8 > .ANODE to net.GND are too close (clearance: 0.113mm, minimum: 0.2mm)
Via unnamed via and trace .U8 > .ANODE to net.GND are too close (clearance: 0.115mm, minimum: 0.2mm)
Via unnamed via and trace .U10 > .pin16 to net.VCC3V3 are too close (clearance: 0.145mm, minimum: 0.2mm)
Via unnamed via and trace .R29 > .pin2 to net.R29_LED are too close (clearance: 0.115mm, minimum: 0.2mm)
Via unnamed via and trace .R40 > .pin1 to net.OV_ACTIVE_N are too close (clearance: 0.18mm, minimum: 0.2mm)
Via unnamed via and trace .R32 > .pin1 to net.VREF2V5 are too close (clearance: 0.115mm, minimum: 0.2mm)
Via unnamed via and trace .U9 > .2OUT to net.OV_ACTIVE_N are too close (clearance: 0.115mm, minimum: 0.2mm)
Via unnamed via and trace .R65 > .pin1 to net.OV_REF are too close (clearance: 0.115mm, minimum: 0.2mm)
Via unnamed via and trace .R30 > .pin1 to net.IN2 are too close (clearance: 0.188mm, minimum: 0.2mm)
Via unnamed via and trace .R30 > .pin1 to net.IN2 are too close (clearance: 0.163mm, minimum: 0.2mm)
Via unnamed via and trace .D7 > .cathode to net.DISCHARGE_END are too close (clearance: 0.127mm, minimum: 0.2mm)
Via unnamed via and trace .U6 > .THRES to net.TIMING are too close (clearance: 0.115mm, minimum: 0.2mm)
Via unnamed via and trace .C23 > .pin1 to net.VCC3V3 are too close (clearance: 0.115mm, minimum: 0.2mm)
Via unnamed via and trace .U6 > .THRES to net.TIMING are too close (clearance: 0.144mm, minimum: 0.2mm)
Via unnamed via and trace unnamed trace are too close (clearance: 0.159mm, minimum: 0.2mm)
Via unnamed via and trace .C4 > .pin1 to net.VDD5 are too close (clearance: 0.146mm, minimum: 0.2mm)
Via unnamed via and trace .R49 > .pin2 to net.OV_INHIBIT are too close (clearance: 0.14mm, minimum: 0.2mm)
Via unnamed via and trace .R22 > .pin2 to net.COMP_ZERO are too close (clearance: 0.149mm, minimum: 0.2mm)
Via unnamed via and trace .Q4 > .B to net.OV_INHIBIT are too close (clearance: 0.114mm, minimum: 0.2mm)
Via unnamed via and trace unnamed trace are too close (clearance: 0.137mm, minimum: 0.2mm)
Via unnamed via and trace .C4 > .pin1 to net.VDD5 are too close (clearance: 0.115mm, minimum: 0.2mm)
Via unnamed via and trace .Q4 > .B to net.OV_INHIBIT are too close (clearance: 0.114mm, minimum: 0.2mm)
Via unnamed via and trace .R16 > .pin2 to net.INPUT_PG are too close (clearance: 0.115mm, minimum: 0.2mm)
Via unnamed via and trace .R16 > .pin2 to net.INPUT_PG are too close (clearance: 0.114mm, minimum: 0.2mm)
Via unnamed via and trace .R24 > .pin2 to net.GND are too close (clearance: 0.132mm, minimum: 0.2mm)
Via unnamed via and trace .C16 > .pin1 to net.VM are too close (clearance: 0.115mm, minimum: 0.2mm)
Via unnamed via and trace .R18 > .pin2 to net.FB_TOP_MID are too close (clearance: 0.115mm, minimum: 0.2mm)
Via unnamed via and trace .U5 > .VIN to net.VIN_BUCK are too close (clearance: 0.152mm, minimum: 0.2mm)
Via unnamed via and trace .R24 > .pin2 to net.GND are too close (clearance: 0.172mm, minimum: 0.2mm)
Via unnamed via and trace .R19 > .pin2 to net.GND are too close (clearance: 0.115mm, minimum: 0.2mm)
Via unnamed via and trace .U5 > .VIN to net.VIN_BUCK are too close (clearance: 0.115mm, minimum: 0.2mm)
Via unnamed via and trace .U4 > .pin6 to net.EFUSE_IN are too close (clearance: 0.119mm, minimum: 0.2mm)
Via unnamed via and trace .R56 > .pin1 to net.HOST_ALLOW are too close (clearance: 0.182mm, minimum: 0.2mm)
Via unnamed via and trace .U4 > .pin6 to net.EFUSE_IN are too close (clearance: 0.115mm, minimum: 0.2mm)
Via unnamed via and trace .U4 > .pin13 to net.POWER_ENABLE are too close (clearance: 0.185mm, minimum: 0.2mm)
Via unnamed via and trace .R56 > .pin1 to net.HOST_ALLOW are too close (clearance: 0.115mm, minimum: 0.2mm)
Via unnamed via and trace .U4 > .pin11 to net.INPUT_ILIM are too close (clearance: 0.157mm, minimum: 0.2mm)
Via unnamed via and trace .U4 > .pin16 to net.INPUT_PG are too close (clearance: 0.123mm, minimum: 0.2mm)
Via unnamed via and trace .U4 > .pin16 to net.INPUT_PG are too close (clearance: 0.191mm, minimum: 0.2mm)
Via unnamed via and trace .C25 > .pin1 to net.VM are too close (clearance: 0.133mm, minimum: 0.2mm)
Via unnamed via and trace .R8 > .pin1 to net.EFUSE_IN are too close (clearance: 0.115mm, minimum: 0.2mm)
Via unnamed via and trace .U4 > .pin11 to net.INPUT_ILIM are too close (clearance: 0.115mm, minimum: 0.2mm)
Via unnamed via and trace .R12 > .pin2 to net.GND are too close (clearance: 0.115mm, minimum: 0.2mm)
Via unnamed via and trace .D2 > .pin3 to net.GND are too close (clearance: 0.115mm, minimum: 0.2mm)
Via unnamed via and trace .Q4 > .B to net.OV_INHIBIT are too close (clearance: 0.115mm, minimum: 0.2mm)
Via unnamed via and trace unnamed trace are too close (clearance: 0.115mm, minimum: 0.2mm)
Via unnamed via and trace .C4 > .pin1 to net.VDD5 are too close (clearance: 0.136mm, minimum: 0.2mm)
Via unnamed via and trace .C4 > .pin1 to net.VDD5 are too close (clearance: 0.115mm, minimum: 0.2mm)
Via unnamed via and trace .R34 > .pin1 to net.VCC3V3 are too close (clearance: 0.158mm, minimum: 0.2mm)
Via unnamed via and trace .R23 > .pin1 to net.INPUT_PG are too close (clearance: 0.142mm, minimum: 0.2mm)
Via unnamed via and trace .Q6 > .E to net.GND are too close (clearance: 0.115mm, minimum: 0.2mm)
Via unnamed via and trace .U11 > .pin17 to net.MOTOR_FAULT_N are too close (clearance: 0.17mm, minimum: 0.2mm)
Via unnamed via and trace .C5 > .pin1 to net.VCC3V3 are too close (clearance: 0.115mm, minimum: 0.2mm)
Via unnamed via and trace .U11 > .pin18 to net.SWDIO are too close (clearance: 0.115mm, minimum: 0.2mm)
Via unnamed via and trace .U11 > .pin13 to net.HOST_ALLOW are too close (clearance: 0.115mm, minimum: 0.2mm)
Via unnamed via and trace .U11 > .pin15 to net.PD_ENABLE_N are too close (clearance: 0.123mm, minimum: 0.2mm)
Via unnamed via and trace .U11 > .pin15 to net.PD_ENABLE_N are too close (clearance: 0.115mm, minimum: 0.2mm)
Via unnamed via and trace .U11 > .pin3 to net.PD_ALERT_N are too close (clearance: 0.157mm, minimum: 0.2mm)
Via unnamed via and trace .C30 > .pin1 to net.VCC3V3 are too close (clearance: 0.115mm, minimum: 0.2mm)
Via unnamed via and trace .U4 > .pin16 to net.INPUT_PG are too close (clearance: 0.115mm, minimum: 0.2mm)
Via unnamed via and trace .R61 > .pin1 to net.ADC_VBUS are too close (clearance: 0.151mm, minimum: 0.2mm)
Via unnamed via and trace .U11 > .pin8 to net.ADC_VM are too close (clearance: 0.115mm, minimum: 0.2mm)
Via unnamed via and trace .Q1 > .C to net.POWER_ENABLE are too close (clearance: 0.118mm, minimum: 0.2mm)
Via unnamed via and trace .U4 > .pin7 to net.INPUT_UV are too close (clearance: 0.115mm, minimum: 0.2mm)
Via unnamed via and trace .U11 > .pin15 to net.PD_ENABLE_N are too close (clearance: 0.115mm, minimum: 0.2mm)
Via unnamed via and trace .U4 > .pin16 to net.INPUT_PG are too close (clearance: 0.133mm, minimum: 0.2mm)
Via unnamed via and trace .Q7 > .G to net.VOLTAGE_DRIVE_9 are too close (clearance: 0.115mm, minimum: 0.2mm)
Via unnamed via and trace .C32 > .pin2 to net.GND are too close (clearance: 0.115mm, minimum: 0.2mm)
Via unnamed via and trace .U11 > .pin12 to net.VOLTAGE_DRIVE_12 are too close (clearance: 0.115mm, minimum: 0.2mm)
Via unnamed via and trace .U1 > .pin7 to net.SCL are too close (clearance: 0.167mm, minimum: 0.2mm)
Via unnamed via and trace .Q8 > .G to net.VOLTAGE_DRIVE_12 are too close (clearance: 0.119mm, minimum: 0.2mm)
Via unnamed via and trace .Q7 > .S to net.GND are too close (clearance: 0.189mm, minimum: 0.2mm)
Via unnamed via and trace .C32 > .pin2 to net.GND are too close (clearance: 0.115mm, minimum: 0.2mm)
Via unnamed via and trace .Q8 > .G to net.VOLTAGE_DRIVE_12 are too close (clearance: 0.1mm, minimum: 0.2mm)
Via unnamed via and trace .R1 > .pin1 to net.VBUS are too close (clearance: 0.103mm, minimum: 0.2mm)
Via unnamed via and trace .C32 > .pin2 to net.GND are too close (clearance: 0.12mm, minimum: 0.2mm)
Via unnamed via and trace .Q8 > .G to net.VOLTAGE_DRIVE_12 are too close (clearance: 0.115mm, minimum: 0.2mm)
Via unnamed via and trace .U11 > .pin14 to net.HOST_INHIBIT_B are too close (clearance: 0.115mm, minimum: 0.2mm)
Via unnamed via and trace .U1 > .pin8 to net.SDA are too close (clearance: 0.115mm, minimum: 0.2mm)
Via unnamed via and trace .U1 > .pin5 to net.CC2 are too close (clearance: 0.098mm, minimum: 0.2mm)
Via unnamed via and trace .U1 > .pin24 to net.VDD5 are too close (clearance: 0.063mm, minimum: 0.2mm)
Via unnamed via and trace .J1 > .pin14 to net.GND are too close (clearance: 0.154mm, minimum: 0.2mm)
Via unnamed via and trace .J1 > .pin13 to net.GND are too close (clearance: 0.115mm, minimum: 0.2mm)
Via unnamed via and trace .U1 > .pin24 to net.VDD5 are too close (clearance: 0.113mm, minimum: 0.2mm)
Via unnamed via and trace .R1 > .pin1 to net.VBUS are too close (clearance: 0.117mm, minimum: 0.2mm)
Via unnamed via and trace .R1 > .pin1 to net.VBUS are too close (clearance: 0.099mm, minimum: 0.2mm)
Via unnamed via and trace .R67 > .pin2 to net.GND are too close (clearance: 0.159mm, minimum: 0.2mm)
Via unnamed via and trace .Q8 > .S to net.GND are too close (clearance: 0.192mm, minimum: 0.2mm)
Via unnamed via and trace .C30 > .pin1 to net.VCC3V3 are too close (clearance: 0.115mm, minimum: 0.2mm)
Via unnamed via and trace .U11 > .pin7 to net.ADC_VBUS are too close (clearance: 0.115mm, minimum: 0.2mm)
Via unnamed via and trace .U1 > .pin19 to net.PD_ALERT_N are too close (clearance: 0.117mm, minimum: 0.2mm)
Via unnamed via and trace .R4 > .pin1 to net.PD_RESET are too close (clearance: 0.137mm, minimum: 0.2mm)
Via unnamed via and trace .U1 > .pin24 to net.VDD5 are too close (clearance: 0.115mm, minimum: 0.2mm)
Via unnamed via and trace .J1 > .pin14 to net.GND are too close (clearance: 0.18mm, minimum: 0.2mm)
Via unnamed via and trace .J1 > .pin13 to net.GND are too close (clearance: 0.138mm, minimum: 0.2mm)
Via unnamed via and trace .U1 > .pin21 to net.VREG_1V2 are too close (clearance: 0.111mm, minimum: 0.2mm)
Via unnamed via and trace .U1 > .pin19 to net.PD_ALERT_N are too close (clearance: 0.116mm, minimum: 0.2mm)
Via unnamed via and trace .J1 > .pin14 to net.GND are too close (clearance: 0.114mm, minimum: 0.2mm)
Via unnamed via and trace .J1 > .pin13 to net.GND are too close (clearance: 0.115mm, minimum: 0.2mm)
Via unnamed via and trace .U1 > .pin8 to net.SDA are too close (clearance: 0.115mm, minimum: 0.2mm)
Via unnamed via and trace .U1 > .pin7 to net.SCL are too close (clearance: 0.119mm, minimum: 0.2mm)
Via unnamed via and trace .U1 > .pin8 to net.SDA are too close (clearance: 0.115mm, minimum: 0.2mm)
Via unnamed via and trace .U11 > .pin13 to net.HOST_ALLOW are too close (clearance: 0.115mm, minimum: 0.2mm)
Via unnamed via and trace .U11 > .pin13 to net.HOST_ALLOW are too close (clearance: 0.115mm, minimum: 0.2mm)
Via unnamed via and trace .R4 > .pin2 to net.GND are too close (clearance: 0.115mm, minimum: 0.2mm)
Via unnamed via and trace .U1 > .pin21 to net.VREG_1V2 are too close (clearance: 0.115mm, minimum: 0.2mm)
Via unnamed via and trace .U1 > .pin24 to net.VDD5 are too close (clearance: 0.115mm, minimum: 0.2mm)
Via unnamed via and trace .J1 > .pin12 to net.CC2 are too close (clearance: 0.115mm, minimum: 0.2mm)
Via unnamed via and trace .U1 > .pin5 to net.CC2 are too close (clearance: 0.115mm, minimum: 0.2mm)
Via unnamed via and trace .R1 > .pin1 to net.VBUS are too close (clearance: 0.115mm, minimum: 0.2mm)
Via unnamed via and trace .Q7 > .D to net.SELECT_9 are too close (clearance: 0.146mm, minimum: 0.2mm)
Via unnamed via and trace .D3 > .anode to net.GND are too close (clearance: 0.115mm, minimum: 0.2mm)
Via unnamed via and trace .Q7 > .D to net.SELECT_9 are too close (clearance: 0.115mm, minimum: 0.2mm)
Via unnamed via and trace .U1 > .pin21 to net.VREG_1V2 are too close (clearance: 0.115mm, minimum: 0.2mm)
Via unnamed via and trace .U1 > .pin23 to net.VREG_2V7 are too close (clearance: 0.074mm, minimum: 0.2mm)
Via unnamed via and trace .U1 > .pin16 to net.PD_ENABLE_N are too close (clearance: 0.102mm, minimum: 0.2mm)
Via unnamed via and trace .U1 > .pin5 to net.CC2 are too close (clearance: 0.11mm, minimum: 0.2mm)
Via unnamed via and trace .U1 > .pin2 to net.CC1 are too close (clearance: 0.115mm, minimum: 0.2mm)
Via unnamed via and trace .U1 > .pin21 to net.VREG_1V2 are too close (clearance: 0.114mm, minimum: 0.2mm)
Via unnamed via and trace .U1 > .pin18 to net.VBUS_SENSE are too close (clearance: 0.116mm, minimum: 0.2mm)
Via unnamed via and trace .U11 > .pin13 to net.HOST_ALLOW are too close (clearance: 0.115mm, minimum: 0.2mm)
Via unnamed via and trace .U1 > .pin6 to net.PD_RESET are too close (clearance: 0.121mm, minimum: 0.2mm)
Via unnamed via and trace .U1 > .pin7 to net.SCL are too close (clearance: 0.115mm, minimum: 0.2mm)
Via unnamed via and trace .U1 > .pin7 to net.SCL are too close (clearance: 0.132mm, minimum: 0.2mm)
Via unnamed via and trace .U1 > .pin2 to net.CC1 are too close (clearance: 0.115mm, minimum: 0.2mm)
Via unnamed via and trace .U11 > .pin3 to net.PD_ALERT_N are too close (clearance: 0.128mm, minimum: 0.2mm)
Via unnamed via and trace .U1 > .pin19 to net.PD_ALERT_N are too close (clearance: 0.128mm, minimum: 0.2mm)
Via unnamed via and trace .U1 > .pin2 to net.CC1 are too close (clearance: 0.118mm, minimum: 0.2mm)
Via unnamed via and trace .U1 > .pin18 to net.VBUS_SENSE are too close (clearance: 0.115mm, minimum: 0.2mm)
Via unnamed via and trace .U11 > .pin17 to net.MOTOR_FAULT_N are too close (clearance: 0.167mm, minimum: 0.2mm)
Via unnamed via and trace .U11 > .pin13 to net.HOST_ALLOW are too close (clearance: 0.115mm, minimum: 0.2mm)
Via unnamed via and trace .R4 > .pin2 to net.GND are too close (clearance: 0.123mm, minimum: 0.2mm)
Via unnamed via and trace .R4 > .pin2 to net.GND are too close (clearance: 0.115mm, minimum: 0.2mm)
Via unnamed via and trace .U11 > .pin6 to net.MCU_NRST are too close (clearance: 0.181mm, minimum: 0.2mm)
Via unnamed via and trace .U11 > .pin17 to net.MOTOR_FAULT_N are too close (clearance: 0.115mm, minimum: 0.2mm)
Via unnamed via and trace .U11 > .pin9 to net.VOLTAGE_BIT_9 are too close (clearance: 0.124mm, minimum: 0.2mm)
Via unnamed via and trace .U11 > .pin9 to net.VOLTAGE_BIT_9 are too close (clearance: 0.137mm, minimum: 0.2mm)
Via unnamed via and trace .U1 > .pin19 to net.PD_ALERT_N are too close (clearance: 0.145mm, minimum: 0.2mm)
Via unnamed via and trace .U11 > .pin13 to net.HOST_ALLOW are too close (clearance: 0.115mm, minimum: 0.2mm)
Via unnamed via and trace .U1 > .pin19 to net.PD_ALERT_N are too close (clearance: 0.128mm, minimum: 0.2mm)
Via unnamed via and trace .U1 > .pin24 to net.VDD5 are too close (clearance: 0.143mm, minimum: 0.2mm)
Via unnamed via and trace .U1 > .pin19 to net.PD_ALERT_N are too close (clearance: 0.122mm, minimum: 0.2mm)
Via unnamed via and trace .U1 > .pin24 to net.VDD5 are too close (clearance: 0.099mm, minimum: 0.2mm)
Via unnamed via and trace .J1 > .pin14 to net.GND are too close (clearance: 0.114mm, minimum: 0.2mm)
Via unnamed via and trace .J1 > .pin13 to net.GND are too close (clearance: 0.119mm, minimum: 0.2mm)
Via unnamed via and trace .U3 > .pin1 to net.VCC3V3 are too close (clearance: 0.179mm, minimum: 0.2mm)
Via unnamed via and trace .R3 > .pin1 to net.VCC3V3 are too close (clearance: 0.115mm, minimum: 0.2mm)
Via unnamed via and trace .U11 > .pin9 to net.VOLTAGE_BIT_9 are too close (clearance: 0.146mm, minimum: 0.2mm)
Via unnamed via and trace .U1 > .pin19 to net.PD_ALERT_N are too close (clearance: 0.15mm, minimum: 0.2mm)
Via unnamed via and trace .R1 > .pin1 to net.VBUS are too close (clearance: 0.115mm, minimum: 0.2mm)
Via unnamed via and trace .R40 > .pin1 to net.OV_ACTIVE_N are too close (clearance: 0.115mm, minimum: 0.2mm)
Via unnamed via and trace .R5 > .pin2 to net.PD_ENABLE_N are too close (clearance: 0.115mm, minimum: 0.2mm)
Via unnamed via and trace .C4 > .pin1 to net.VDD5 are too close (clearance: 0.127mm, minimum: 0.2mm)
Via unnamed via and trace .R32 > .pin1 to net.VREF2V5 are too close (clearance: 0.109mm, minimum: 0.2mm)
Via unnamed via and trace .R32 > .pin1 to net.VREF2V5 are too close (clearance: 0.144mm, minimum: 0.2mm)
Via unnamed via and trace .R57 > .pin2 to net.HOST_INHIBIT_B are too close (clearance: 0.183mm, minimum: 0.2mm)
Via unnamed via and trace .SW2 > .pin2 to net.VOLTAGE_BIT_9 are too close (clearance: 0.115mm, minimum: 0.2mm)
Via unnamed via and trace .R57 > .pin2 to net.HOST_INHIBIT_B are too close (clearance: 0.115mm, minimum: 0.2mm)
Via unnamed via and trace .Q8 > .D to net.SELECT_12 are too close (clearance: 0.115mm, minimum: 0.2mm)
Via unnamed via and trace .R57 > .pin2 to net.HOST_INHIBIT_B are too close (clearance: 0.183mm, minimum: 0.2mm)
Via unnamed via and trace .TP4 > .pin1 to net.GND are too close (clearance: 0.115mm, minimum: 0.2mm)
Via unnamed via and trace .R43 > .pin2 to net.DUMP_GATE are too close (clearance: 0.115mm, minimum: 0.2mm)
Via unnamed via and trace .SW2 > .pin2 to net.VOLTAGE_BIT_9 are too close (clearance: 0.166mm, minimum: 0.2mm)
Via unnamed via and trace .TP5 > .pin1 to net.VCC3V3 are too close (clearance: 0.115mm, minimum: 0.2mm)
Via unnamed via and trace .U4 > .pin10 to net.SLEW are too close (clearance: 0.16mm, minimum: 0.2mm)
Via unnamed via and trace .R55 > .pin2 to net.MOTOR_FB are too close (clearance: 0.115mm, minimum: 0.2mm)
Via unnamed via and trace .U4 > .pin10 to net.SLEW are too close (clearance: 0.115mm, minimum: 0.2mm)
Via unnamed via and trace .U5 > .EN to net.BUCK_EN are too close (clearance: 0.115mm, minimum: 0.2mm)
Via unnamed via and trace .U4 > .pin8 to net.INPUT_OV are too close (clearance: 0.138mm, minimum: 0.2mm)
Via unnamed via and trace .U4 > .pin6 to net.EFUSE_IN are too close (clearance: 0.103mm, minimum: 0.2mm)
Via unnamed via and trace .U4 > .pin8 to net.INPUT_OV are too close (clearance: 0.149mm, minimum: 0.2mm)
Via unnamed via and trace .R40 > .pin1 to net.OV_ACTIVE_N are too close (clearance: 0.138mm, minimum: 0.2mm)
Via unnamed via and trace .U10 > .pin11 to net.VM are too close (clearance: 0.115mm, minimum: 0.2mm)
Via unnamed via and trace .Q6 > .C to net.MOTOR_READY are too close (clearance: 0.183mm, minimum: 0.2mm)
Via unnamed via and trace .Q6 > .C to net.MOTOR_READY are too close (clearance: 0.115mm, minimum: 0.2mm)
Via unnamed via and trace .R1 > .pin1 to net.VBUS are too close (clearance: 0.115mm, minimum: 0.2mm)
Via unnamed via and trace .SW2 > .pin4 to net.VOLTAGE_BIT_12 are too close (clearance: 0.115mm, minimum: 0.2mm)
Via unnamed via and trace .R40 > .pin1 to net.OV_ACTIVE_N are too close (clearance: 0.115mm, minimum: 0.2mm)
Via unnamed via and trace .R32 > .pin1 to net.VREF2V5 are too close (clearance: 0.115mm, minimum: 0.2mm)
Via unnamed via and trace .U4 > .pin6 to net.EFUSE_IN are too close (clearance: 0.153mm, minimum: 0.2mm)
Via unnamed via and trace .Q8 > .D to net.SELECT_12 are too close (clearance: 0.129mm, minimum: 0.2mm)
Via unnamed via and trace .R1 > .pin1 to net.VBUS are too close (clearance: 0.115mm, minimum: 0.2mm)
Via unnamed via and trace .R57 > .pin1 to net.VCC3V3 are too close (clearance: 0.115mm, minimum: 0.2mm)
Via unnamed via and trace .R57 > .pin1 to net.VCC3V3 are too close (clearance: 0.115mm, minimum: 0.2mm)
Via unnamed via and trace .U11 > .pin4 to net.VCC3V3 are too close (clearance: 0.118mm, minimum: 0.2mm)
Via unnamed via and trace .C30 > .pin1 to net.VCC3V3 are too close (clearance: 0.156mm, minimum: 0.2mm)
Via unnamed via and trace .U11 > .pin4 to net.VCC3V3 are too close (clearance: 0.126mm, minimum: 0.2mm)
Via unnamed via and trace .C17 > .pin1 to net.VM are too close (clearance: 0.118mm, minimum: 0.2mm)
Via unnamed via and trace .R19 > .pin1 to net.MOTOR_FB are too close (clearance: 0.115mm, minimum: 0.2mm)
Via unnamed via and trace .U9 > .1OUT to net.MOTOR_READY are too close (clearance: 0.19mm, minimum: 0.2mm)
Via unnamed via and trace .U1 > .pin16 to net.PD_ENABLE_N are too close (clearance: 0.119mm, minimum: 0.2mm)
Via unnamed via and trace .U1 > .pin5 to net.CC2 are too close (clearance: 0.112mm, minimum: 0.2mm)
Via unnamed via and trace .U2 > .pin1 to net.VDD5 are too close (clearance: 0.122mm, minimum: 0.2mm)
Via unnamed via and trace .SW2 > .pin2 to net.VOLTAGE_BIT_9 are too close (clearance: 0.15mm, minimum: 0.2mm)
Via unnamed via and trace .U11 > .pin17 to net.MOTOR_FAULT_N are too close (clearance: 0.115mm, minimum: 0.2mm)
Via unnamed via and trace .U1 > .pin8 to net.SDA are too close (clearance: 0.115mm, minimum: 0.2mm)
Via unnamed via and trace .U1 > .pin8 to net.SDA are too close (clearance: 0.115mm, minimum: 0.2mm)
Via unnamed via and trace .U1 > .pin2 to net.CC1 are too close (clearance: 0.115mm, minimum: 0.2mm)
Via unnamed via and trace .Q7 > .D to net.SELECT_9 are too close (clearance: 0.127mm, minimum: 0.2mm)
Via unnamed via and trace .U1 > .pin2 to net.CC1 are too close (clearance: 0.115mm, minimum: 0.2mm)
Via unnamed via and trace .U1 > .pin16 to net.PD_ENABLE_N are too close (clearance: 0.113mm, minimum: 0.2mm)
Via unnamed via and trace .U1 > .pin24 to net.VDD5 are too close (clearance: 0.04mm, minimum: 0.2mm)
Via unnamed via and trace .U1 > .pin23 to net.VREG_2V7 are too close (clearance: 0.12mm, minimum: 0.2mm)
Via unnamed via and trace .U1 > .pin18 to net.VBUS_SENSE are too close (clearance: 0.168mm, minimum: 0.2mm)
Via unnamed via and trace .U1 > .pin16 to net.PD_ENABLE_N are too close (clearance: 0.093mm, minimum: 0.2mm)
Via unnamed via and trace .U4 > .pin16 to net.INPUT_PG are too close (clearance: 0.176mm, minimum: 0.2mm)
Via unnamed via and trace .R24 > .pin1 to net.BUCK_EN are too close (clearance: 0.167mm, minimum: 0.2mm)
Via unnamed via and trace unnamed trace are too close (clearance: 0.115mm, minimum: 0.2mm)
Via unnamed via and trace .C4 > .pin1 to net.VDD5 are too close (clearance: 0.182mm, minimum: 0.2mm)
Via unnamed via and trace .U5 > .EN to net.BUCK_EN are too close (clearance: 0.115mm, minimum: 0.2mm)
Via unnamed via and trace .C4 > .pin1 to net.VDD5 are too close (clearance: 0.115mm, minimum: 0.2mm)
Via unnamed via and trace .R23 > .pin1 to net.INPUT_PG are too close (clearance: 0.121mm, minimum: 0.2mm)
Via unnamed via and trace .R29 > .pin1 to net.IN1 are too close (clearance: 0.145mm, minimum: 0.2mm)
Via unnamed via and trace .R8 > .pin1 to net.EFUSE_IN are too close (clearance: 0.112mm, minimum: 0.2mm)
Via unnamed via and trace .U4 > .pin10 to net.SLEW are too close (clearance: 0.188mm, minimum: 0.2mm)
Via unnamed via and trace .C13 > .pin1 to net.VIN_BUCK are too close (clearance: 0.173mm, minimum: 0.2mm)
Via unnamed via and trace .U11 > .pin17 to net.MOTOR_FAULT_N are too close (clearance: 0.126mm, minimum: 0.2mm)
Via unnamed via and trace .U4 > .pin16 to net.INPUT_PG are too close (clearance: 0.115mm, minimum: 0.2mm)
Via unnamed via and trace .U4 > .pin16 to net.INPUT_PG are too close (clearance: 0.131mm, minimum: 0.2mm)
Via unnamed via and trace .U11 > .pin4 to net.VCC3V3 are too close (clearance: 0.115mm, minimum: 0.2mm)
Via unnamed via and trace .C30 > .pin1 to net.VCC3V3 are too close (clearance: 0.147mm, minimum: 0.2mm)
Via unnamed via and trace .R22 > .pin2 to net.COMP_ZERO are too close (clearance: 0.115mm, minimum: 0.2mm)
Via unnamed via and pad Q1.pin1 are too close (clearance: 0.173mm, minimum: 0.2mm)
Via unnamed via and pad Q8.pin2 are too close (clearance: 0.118mm, minimum: 0.2mm)
Via unnamed via and pad R67.pin2 are too close (clearance: 0.134mm, minimum: 0.2mm)
Via unnamed via and pad C4.pin2 are too close (clearance: 0mm, minimum: 0.2mm)
Via unnamed via and pad J1.A4B9 are too close (clearance: 0.018mm, minimum: 0.2mm)
Vias unnamed via and unnamed via from different nets are too close together (gap: 0.189mm)
Trace [unnamed trace] has disconnected endpoint at (14.00, -17.30)
Trace [unnamed trace] has disconnected endpoint at (1.00, 22.70)
Trace [unnamed trace] has dangling endpoint at (14.00, -17.30)
Trace [unnamed trace] has dangling endpoint at (1.00, 22.70)
Generating preview images...
[index] Generating PCB SVG...
[index] Written pcb.svg
[index] Generating PCB PNG...
[index] Written pcb.png
[index] Generating schematic SVG...
[index] Written schematic.svg

Build complete
  Circuits  0 passed 1 failed
  Options   pcb-png, pcb-svgs, schematic-svgs, autorouter-debug
  Output    dist

⚠ Build completed with errors
Build exiting with code 1: circuit build errors occurred
