{
  "componentCount": 140,
  "supplierPartCount": 58,
  "issues": [
    "Copper routing was generated while routing is disabled",
    "TP5: new or stale warning review for source_refdes_convention_warning",
    "TP6: new or stale warning review for source_refdes_convention_warning",
    "TP1: new or stale warning review for source_refdes_convention_warning",
    "TP2: new or stale warning review for source_refdes_convention_warning",
    "TP3: new or stale warning review for source_refdes_convention_warning",
    "TP4: new or stale warning review for source_refdes_convention_warning",
    "TP7: new or stale warning review for source_refdes_convention_warning",
    "Generated error pcb_trace_error",
    "Generated error pcb_trace_error",
    "Generated error pcb_trace_error",
    "Generated error pcb_trace_error",
    "Generated error pcb_trace_error",
    "Generated error pcb_trace_error",
    "Generated error pcb_trace_error",
    "Generated error pcb_trace_error",
    "Generated error pcb_trace_error",
    "Generated error pcb_trace_error",
    "Generated error pcb_trace_error",
    "Generated error pcb_trace_error",
    "Generated error pcb_trace_error",
    "Generated error pcb_trace_error",
    "Generated error pcb_trace_error",
    "Generated error pcb_trace_error",
    "Generated error pcb_trace_error",
    "Generated error pcb_trace_error",
    "Generated error pcb_trace_error",
    "Generated error pcb_trace_error",
    "Generated error pcb_trace_error",
    "Generated error pcb_trace_error",
    "Generated error pcb_trace_error",
    "Generated error pcb_trace_error",
    "Generated error pcb_trace_error",
    "Generated error pcb_trace_error",
    "Generated error pcb_trace_error",
    "Generated error pcb_trace_error",
    "Generated error pcb_trace_error",
    "Generated error pcb_trace_error",
    "Generated error pcb_trace_error",
    "Generated error pcb_trace_error",
    "Generated error pcb_trace_error",
    "Generated error pcb_trace_error",
    "Generated error pcb_trace_error",
    "Generated error pcb_trace_error",
    "Generated error pcb_trace_error",
    "Generated error pcb_trace_error",
    "Generated error pcb_trace_error",
    "Generated error pcb_trace_error",
    "Generated error pcb_trace_error",
    "Generated error pcb_trace_error",
    "Generated error pcb_trace_error",
    "Generated error pcb_trace_error",
    "Generated error pcb_trace_error",
    "Generated error pcb_trace_error",
    "Generated error pcb_trace_error",
    "Generated error pcb_trace_error",
    "Generated error pcb_trace_error",
    "Generated error pcb_trace_error",
    "Generated error pcb_trace_error",
    "Generated error pcb_trace_error",
    "Generated error pcb_trace_error",
    "Generated error pcb_trace_error",
    "Generated error pcb_trace_error",
    "Generated error pcb_trace_error",
    "Generated error pcb_trace_error",
    "Generated error pcb_trace_error",
    "Generated error pcb_trace_error",
    "Generated error pcb_trace_error",
    "Generated error pcb_trace_error",
    "Generated error pcb_trace_error",
    "Generated error pcb_trace_error",
    "Generated error pcb_trace_error",
    "Generated error pcb_trace_error",
    "Generated error pcb_trace_error",
    "Generated error pcb_trace_error",
    "Generated error pcb_trace_error",
    "Generated error pcb_trace_error",
    "Generated error pcb_trace_error",
    "Generated error pcb_trace_error",
    "Generated error pcb_trace_error",
    "Generated error pcb_trace_error",
    "Generated error pcb_trace_error",
    "Generated error pcb_trace_error",
    "Generated error pcb_trace_error",
    "Generated error pcb_trace_error",
    "Generated error pcb_trace_error",
    "Generated error pcb_trace_error",
    "Generated error pcb_trace_error",
    "Generated error pcb_trace_error",
    "Generated error pcb_trace_error",
    "Generated error pcb_trace_error",
    "Generated error pcb_trace_error",
    "Generated error pcb_trace_error",
    "Generated error pcb_trace_error",
    "Generated error pcb_trace_error",
    "Generated error pcb_trace_error",
    "Generated error pcb_trace_error",
    "Generated error pcb_trace_error",
    "Generated error pcb_trace_error",
    "Generated error pcb_trace_error",
    "Generated error pcb_trace_error",
    "Generated error pcb_trace_error",
    "Generated error pcb_trace_error",
    "Generated error pcb_trace_error",
    "Generated error pcb_trace_error",
    "Generated error pcb_trace_error",
    "Generated error pcb_trace_error",
    "Generated error pcb_trace_error",
    "Generated error pcb_trace_error",
    "Generated error pcb_trace_error",
    "Generated error pcb_trace_error",
    "Generated error pcb_trace_error",
    "Generated error pcb_trace_error",
    "Generated error pcb_trace_error",
    "Generated error pcb_trace_error",
    "Generated error pcb_trace_error",
    "Generated error pcb_trace_error",
    "Generated error pcb_trace_error",
    "Generated error pcb_trace_error",
    "Generated error pcb_trace_error",
    "Generated error pcb_trace_error",
    "Generated error pcb_trace_error",
    "Generated error pcb_placement_error",
    "Generated error pcb_pad_trace_clearance_error",
    "Generated error pcb_pad_trace_clearance_error",
    "Generated error pcb_pad_trace_clearance_error",
    "Generated error pcb_pad_trace_clearance_error",
    "Generated error pcb_pad_trace_clearance_error",
    "Generated error pcb_pad_trace_clearance_error",
    "Generated error pcb_pad_trace_clearance_error",
    "Generated error pcb_pad_trace_clearance_error",
    "Generated error pcb_pad_trace_clearance_error",
    "Generated error pcb_pad_trace_clearance_error",
    "Generated error pcb_pad_trace_clearance_error",
    "Generated error pcb_trace_error",
    "Generated error pcb_trace_error",
    "Generated error pcb_trace_error",
    "Generated error pcb_trace_error",
    "Generated error pcb_via_trace_clearance_error",
    "Generated error pcb_via_trace_clearance_error",
    "Generated error pcb_via_trace_clearance_error",
    "Generated error pcb_via_trace_clearance_error",
    "Generated error pcb_via_trace_clearance_error",
    "Generated error pcb_via_trace_clearance_error",
    "Generated error pcb_via_trace_clearance_error",
    "Generated error pcb_via_trace_clearance_error",
    "Generated error pcb_via_trace_clearance_error",
    "Generated error pcb_via_trace_clearance_error",
    "Generated error pcb_via_trace_clearance_error",
    "Generated error pcb_via_trace_clearance_error",
    "Generated error pcb_via_trace_clearance_error",
    "Generated error pcb_via_trace_clearance_error",
    "Generated error pcb_via_trace_clearance_error",
    "Generated error pcb_via_trace_clearance_error",
    "Generated error pcb_via_trace_clearance_error",
    "Generated error pcb_via_trace_clearance_error",
    "Generated error pcb_via_trace_clearance_error",
    "Generated error pcb_via_trace_clearance_error",
    "Generated error pcb_via_trace_clearance_error",
    "Generated error pcb_via_trace_clearance_error",
    "Generated error pcb_via_trace_clearance_error",
    "Generated error pcb_via_trace_clearance_error",
    "Generated error pcb_via_trace_clearance_error",
    "Generated error pcb_via_trace_clearance_error",
    "Generated error pcb_via_trace_clearance_error",
    "Generated error pcb_via_trace_clearance_error",
    "Generated error pcb_via_trace_clearance_error",
    "Generated error pcb_via_trace_clearance_error",
    "Generated error pcb_via_trace_clearance_error",
    "Generated error pcb_via_trace_clearance_error",
    "Generated error pcb_via_trace_clearance_error",
    "Generated error pcb_via_trace_clearance_error",
    "Generated error pcb_via_trace_clearance_error",
    "Generated error pcb_via_trace_clearance_error",
    "Generated error pcb_via_trace_clearance_error",
    "Generated error pcb_via_trace_clearance_error",
    "Generated error pcb_via_trace_clearance_error",
    "Generated error pcb_via_trace_clearance_error",
    "Generated error pcb_via_trace_clearance_error",
    "Generated error pcb_via_trace_clearance_error",
    "Generated error pcb_via_trace_clearance_error",
    "Generated error pcb_via_trace_clearance_error",
    "Generated error pcb_via_trace_clearance_error",
    "Generated error pcb_via_trace_clearance_error",
    "Generated error pcb_via_trace_clearance_error",
    "Generated error pcb_via_trace_clearance_error",
    "Generated error pcb_via_trace_clearance_error",
    "Generated error pcb_via_trace_clearance_error",
    "Generated error pcb_via_trace_clearance_error",
    "Generated error pcb_via_trace_clearance_error",
    "Generated error pcb_via_trace_clearance_error",
    "Generated error pcb_via_trace_clearance_error",
    "Generated error pcb_via_trace_clearance_error",
    "Generated error pcb_via_trace_clearance_error",
    "Generated error pcb_via_trace_clearance_error",
    "Generated error pcb_via_trace_clearance_error",
    "Generated error pcb_via_trace_clearance_error",
    "Generated error pcb_via_trace_clearance_error",
    "Generated error pcb_via_trace_clearance_error",
    "Generated error pcb_via_trace_clearance_error",
    "Generated error pcb_via_trace_clearance_error",
    "Generated error pcb_via_trace_clearance_error",
    "Generated error pcb_via_trace_clearance_error",
    "Generated error pcb_via_trace_clearance_error",
    "Generated error pcb_via_trace_clearance_error",
    "Generated error pcb_via_trace_clearance_error",
    "Generated error pcb_via_trace_clearance_error",
    "Generated error pcb_via_trace_clearance_error",
    "Generated error pcb_via_trace_clearance_error",
    "Generated error pcb_via_trace_clearance_error",
    "Generated error pcb_via_trace_clearance_error",
    "Generated error pcb_via_trace_clearance_error",
    "Generated error pcb_via_trace_clearance_error",
    "Generated error pcb_via_trace_clearance_error",
    "Generated error pcb_via_trace_clearance_error",
    "Generated error pcb_via_trace_clearance_error",
    "Generated error pcb_via_trace_clearance_error",
    "Generated error pcb_via_trace_clearance_error",
    "Generated error pcb_via_trace_clearance_error",
    "Generated error pcb_via_trace_clearance_error",
    "Generated error pcb_via_trace_clearance_error",
    "Generated error pcb_via_trace_clearance_error",
    "Generated error pcb_via_trace_clearance_error",
    "Generated error pcb_via_trace_clearance_error",
    "Generated error pcb_via_trace_clearance_error",
    "Generated error pcb_via_trace_clearance_error",
    "Generated error pcb_via_trace_clearance_error",
    "Generated error pcb_via_trace_clearance_error",
    "Generated error pcb_via_trace_clearance_error",
    "Generated error pcb_via_trace_clearance_error",
    "Generated error pcb_via_trace_clearance_error",
    "Generated error pcb_via_trace_clearance_error",
    "Generated error pcb_via_trace_clearance_error",
    "Generated error pcb_via_trace_clearance_error",
    "Generated error pcb_via_trace_clearance_error",
    "Generated error pcb_via_trace_clearance_error",
    "Generated error pcb_via_trace_clearance_error",
    "Generated error pcb_via_trace_clearance_error",
    "Generated error pcb_via_trace_clearance_error",
    "Generated error pcb_via_trace_clearance_error",
    "Generated error pcb_via_trace_clearance_error",
    "Generated error pcb_via_trace_clearance_error",
    "Generated error pcb_via_trace_clearance_error",
    "Generated error pcb_via_trace_clearance_error",
    "Generated error pcb_via_trace_clearance_error",
    "Generated error pcb_via_trace_clearance_error",
    "Generated error pcb_via_trace_clearance_error",
    "Generated error pcb_via_trace_clearance_error",
    "Generated error pcb_via_trace_clearance_error",
    "Generated error pcb_via_trace_clearance_error",
    "Generated error pcb_via_trace_clearance_error",
    "Generated error pcb_via_trace_clearance_error",
    "Generated error pcb_via_trace_clearance_error",
    "Generated error pcb_via_trace_clearance_error",
    "Generated error pcb_via_trace_clearance_error",
    "Generated error pcb_via_trace_clearance_error",
    "Generated error pcb_via_trace_clearance_error",
    "Generated error pcb_via_trace_clearance_error",
    "Generated error pcb_via_trace_clearance_error",
    "Generated error pcb_via_trace_clearance_error",
    "Generated error pcb_via_trace_clearance_error",
    "Generated error pcb_via_trace_clearance_error",
    "Generated error pcb_via_trace_clearance_error",
    "Generated error pcb_via_trace_clearance_error",
    "Generated error pcb_via_trace_clearance_error",
    "Generated error pcb_via_trace_clearance_error",
    "Generated error pcb_via_trace_clearance_error",
    "Generated error pcb_via_trace_clearance_error",
    "Generated error pcb_via_trace_clearance_error",
    "Generated error pcb_via_trace_clearance_error",
    "Generated error pcb_via_trace_clearance_error",
    "Generated error pcb_via_trace_clearance_error",
    "Generated error pcb_via_trace_clearance_error",
    "Generated error pcb_via_trace_clearance_error",
    "Generated error pcb_via_trace_clearance_error",
    "Generated error pcb_via_trace_clearance_error",
    "Generated error pcb_via_trace_clearance_error",
    "Generated error pcb_via_trace_clearance_error",
    "Generated error pcb_via_trace_clearance_error",
    "Generated error pcb_via_trace_clearance_error",
    "Generated error pcb_via_trace_clearance_error",
    "Generated error pcb_via_trace_clearance_error",
    "Generated error pcb_via_trace_clearance_error",
    "Generated error pcb_via_trace_clearance_error",
    "Generated error pcb_via_trace_clearance_error",
    "Generated error pcb_via_trace_clearance_error",
    "Generated error pcb_via_trace_clearance_error",
    "Generated error pcb_via_trace_clearance_error",
    "Generated error pcb_via_trace_clearance_error",
    "Generated error pcb_via_trace_clearance_error",
    "Generated error pcb_via_trace_clearance_error",
    "Generated error pcb_via_trace_clearance_error",
    "Generated error pcb_via_trace_clearance_error",
    "Generated error pcb_via_trace_clearance_error",
    "Generated error pcb_via_trace_clearance_error",
    "Generated error pcb_via_trace_clearance_error",
    "Generated error pcb_via_trace_clearance_error",
    "Generated error pcb_via_trace_clearance_error",
    "Generated error pcb_via_trace_clearance_error",
    "Generated error pcb_via_trace_clearance_error",
    "Generated error pcb_via_trace_clearance_error",
    "Generated error pcb_via_trace_clearance_error",
    "Generated error pcb_via_trace_clearance_error",
    "Generated error pcb_via_trace_clearance_error",
    "Generated error pcb_via_trace_clearance_error",
    "Generated error pcb_via_trace_clearance_error",
    "Generated error pcb_via_trace_clearance_error",
    "Generated error pcb_via_trace_clearance_error",
    "Generated error pcb_via_trace_clearance_error",
    "Generated error pcb_via_trace_clearance_error",
    "Generated error pcb_via_trace_clearance_error",
    "Generated error pcb_via_trace_clearance_error",
    "Generated error pcb_via_trace_clearance_error",
    "Generated error pcb_via_trace_clearance_error",
    "Generated error pcb_via_trace_clearance_error",
    "Generated error pcb_via_trace_clearance_error",
    "Generated error pcb_via_trace_clearance_error",
    "Generated error pcb_via_trace_clearance_error",
    "Generated error pcb_via_trace_clearance_error",
    "Generated error pcb_via_trace_clearance_error",
    "Generated error pcb_via_trace_clearance_error",
    "Generated error pcb_via_trace_clearance_error",
    "Generated error pcb_via_trace_clearance_error",
    "Generated error pcb_via_trace_clearance_error",
    "Generated error pcb_via_trace_clearance_error",
    "Generated error pcb_via_trace_clearance_error",
    "Generated error pcb_via_trace_clearance_error",
    "Generated error pcb_via_trace_clearance_error",
    "Generated error pcb_via_trace_clearance_error",
    "Generated error pcb_via_trace_clearance_error",
    "Generated error pcb_via_trace_clearance_error",
    "Generated error pcb_via_trace_clearance_error",
    "Generated error pcb_via_trace_clearance_error",
    "Generated error pcb_via_trace_clearance_error",
    "Generated error pcb_via_trace_clearance_error",
    "Generated error pcb_via_trace_clearance_error",
    "Generated error pcb_via_trace_clearance_error",
    "Generated error pcb_via_trace_clearance_error",
    "Generated error pcb_via_trace_clearance_error",
    "Generated error pcb_via_trace_clearance_error",
    "Generated error pcb_via_trace_clearance_error",
    "Generated error pcb_via_trace_clearance_error",
    "Generated error pcb_via_trace_clearance_error",
    "Generated error pcb_via_trace_clearance_error",
    "Generated error pcb_via_trace_clearance_error",
    "Generated error pcb_via_trace_clearance_error",
    "Generated error pcb_via_trace_clearance_error",
    "Generated error pcb_via_trace_clearance_error",
    "Generated error pcb_via_trace_clearance_error",
    "Generated error pcb_via_trace_clearance_error",
    "Generated error pcb_via_trace_clearance_error",
    "Generated error pcb_via_trace_clearance_error",
    "Generated error pcb_via_trace_clearance_error",
    "Generated error pcb_via_trace_clearance_error",
    "Generated error pcb_via_trace_clearance_error",
    "Generated error pcb_via_trace_clearance_error",
    "Generated error pcb_via_trace_clearance_error",
    "Generated error pcb_via_trace_clearance_error",
    "Generated error pcb_via_trace_clearance_error",
    "Generated error pcb_via_trace_clearance_error",
    "Generated error pcb_via_trace_clearance_error",
    "Generated error pcb_via_trace_clearance_error",
    "Generated error pcb_via_trace_clearance_error",
    "Generated error pcb_via_trace_clearance_error",
    "Generated error pcb_via_trace_clearance_error",
    "Generated error pcb_via_trace_clearance_error",
    "Generated error pcb_via_trace_clearance_error",
    "Generated error pcb_via_trace_clearance_error",
    "Generated error pcb_via_trace_clearance_error",
    "Generated error pcb_via_trace_clearance_error",
    "Generated error pcb_via_trace_clearance_error",
    "Generated error pcb_via_trace_clearance_error",
    "Generated error pcb_via_trace_clearance_error",
    "Generated error pcb_via_trace_clearance_error",
    "Generated error pcb_via_trace_clearance_error",
    "Generated error pcb_via_trace_clearance_error",
    "Generated error pcb_via_trace_clearance_error",
    "Generated error pcb_via_trace_clearance_error",
    "Generated error pcb_pad_pad_clearance_error",
    "Generated error pcb_pad_pad_clearance_error",
    "Generated error pcb_pad_pad_clearance_error",
    "Generated error pcb_pad_pad_clearance_error",
    "Generated error pcb_pad_pad_clearance_error",
    "Generated error pcb_via_clearance_error",
    "Generated error pcb_trace_error",
    "Generated error pcb_trace_error",
    "Generated error pcb_trace_error",
    "Generated error pcb_trace_error"
  ],
  "pcbTraceCount": 306,
  "diagnostics": 471
}
