{
  "componentCount": 140,
  "supplierPartCount": 58,
  "issues": [
    "C33: new or stale warning review for source_part_not_found_warning",
    "C34: new or stale warning review for source_part_not_found_warning",
    "C20: new or stale warning review for source_part_not_found_warning",
    "R61: new or stale warning review for source_part_not_found_warning",
    "R67: new or stale warning review for source_part_not_found_warning",
    "R60: new or stale warning review for source_part_not_found_warning",
    "R66: new or stale warning review for source_part_not_found_warning",
    "Q6: new or stale warning review for source_part_not_found_warning",
    "Q1: new or stale warning review for source_part_not_found_warning",
    "Q4: new or stale warning review for source_part_not_found_warning",
    "Q5: new or stale warning review for source_part_not_found_warning",
    "R57: new or stale warning review for source_part_not_found_warning",
    "R62: new or stale warning review for source_part_not_found_warning",
    "R7: new or stale warning review for source_part_not_found_warning",
    "R9: new or stale warning review for source_part_not_found_warning",
    "R12: new or stale warning review for source_part_not_found_warning",
    "R16: new or stale warning review for source_part_not_found_warning",
    "R23: new or stale warning review for source_part_not_found_warning",
    "R33: new or stale warning review for source_part_not_found_warning",
    "R51: new or stale warning review for source_part_not_found_warning",
    "R41: new or stale warning review for source_part_not_found_warning",
    "R42: new or stale warning review for source_part_not_found_warning",
    "R44: new or stale warning review for source_part_not_found_warning",
    "R49: new or stale warning review for source_part_not_found_warning",
    "SW2: new or stale warning review for source_part_not_found_warning",
    "U11: new or stale warning review for source_part_not_found_warning",
    "TP5: new or stale warning review for source_part_not_found_warning",
    "TP6: new or stale warning review for source_part_not_found_warning",
    "TP1: new or stale warning review for source_part_not_found_warning",
    "TP2: new or stale warning review for source_part_not_found_warning",
    "TP3: new or stale warning review for source_part_not_found_warning",
    "TP4: new or stale warning review for source_part_not_found_warning",
    "TP7: new or stale warning review for source_part_not_found_warning",
    "R4: new or stale warning review for source_part_not_found_warning",
    "R56: new or stale warning review for source_part_not_found_warning",
    "R58: new or stale warning review for source_part_not_found_warning",
    "R59: new or stale warning review for source_part_not_found_warning",
    "R63: new or stale warning review for source_part_not_found_warning",
    "R64: new or stale warning review for source_part_not_found_warning",
    "R8: new or stale warning review for source_part_not_found_warning",
    "R18: new or stale warning review for source_part_not_found_warning",
    "R24: new or stale warning review for source_part_not_found_warning",
    "R2: new or stale warning review for source_part_not_found_warning",
    "R3: new or stale warning review for source_part_not_found_warning",
    "R5: new or stale warning review for source_part_not_found_warning",
    "C4: new or stale warning review for source_part_not_found_warning",
    "C5: new or stale warning review for source_part_not_found_warning",
    "C2: new or stale warning review for source_part_not_found_warning",
    "C3: new or stale warning review for source_part_not_found_warning",
    "C8: new or stale warning review for source_part_not_found_warning",
    "C30: new or stale warning review for source_part_not_found_warning",
    "C32: new or stale warning review for source_part_not_found_warning",
    "C10: new or stale warning review for source_part_not_found_warning",
    "C12: new or stale warning review for source_part_not_found_warning",
    "C15: new or stale warning review for source_part_not_found_warning",
    "C23: new or stale warning review for source_part_not_found_warning",
    "C25: new or stale warning review for source_part_not_found_warning",
    "C27: new or stale warning review for source_part_not_found_warning",
    "C28: new or stale warning review for source_part_not_found_warning",
    "C1: new or stale warning review for source_part_not_found_warning",
    "C6: new or stale warning review for source_part_not_found_warning",
    "C7: new or stale warning review for source_part_not_found_warning",
    "C31: new or stale warning review for source_part_not_found_warning",
    "C11: new or stale warning review for source_part_not_found_warning",
    "D3: new or stale warning review for source_part_not_found_warning",
    "R1: new or stale warning review for source_part_not_found_warning",
    "R29: new or stale warning review for source_part_not_found_warning",
    "R30: new or stale warning review for source_part_not_found_warning",
    "R34: new or stale warning review for source_part_not_found_warning",
    "R43: new or stale warning review for source_part_not_found_warning",
    "D2: new or stale warning review for source_part_not_found_warning",
    "D1: new or stale warning review for source_part_not_found_warning",
    "U3: new or stale warning review for source_part_not_found_warning",
    "U2: new or stale warning review for source_part_not_found_warning",
    "U1: new or stale warning review for source_part_not_found_warning",
    "J1: new or stale warning review for source_part_not_found_warning",
    "R45: new or stale warning review for source_part_not_found_warning",
    "R46: new or stale warning review for source_part_not_found_warning",
    "R47: new or stale warning review for source_part_not_found_warning",
    "R48: new or stale warning review for source_part_not_found_warning",
    "R69: new or stale warning review for source_part_not_found_warning",
    "R70: new or stale warning review for source_part_not_found_warning",
    "R71: new or stale warning review for source_part_not_found_warning",
    "R72: new or stale warning review for source_part_not_found_warning",
    "D9: new or stale warning review for source_part_not_found_warning",
    "Q2: new or stale warning review for source_part_not_found_warning",
    "J2: new or stale warning review for source_part_not_found_warning",
    "D10: new or stale warning review for source_part_not_found_warning",
    "D11: new or stale warning review for source_part_not_found_warning",
    "R50: new or stale warning review for source_part_not_found_warning",
    "R54: new or stale warning review for source_part_not_found_warning",
    "U10: new or stale warning review for source_part_not_found_warning",
    "R40: new or stale warning review for source_part_not_found_warning",
    "R65: new or stale warning review for source_part_not_found_warning",
    "U9: new or stale warning review for source_part_not_found_warning",
    "R31: new or stale warning review for source_part_not_found_warning",
    "U8: new or stale warning review for source_part_not_found_warning",
    "LED2: new or stale warning review for source_part_not_found_warning",
    "LED3: new or stale warning review for source_part_not_found_warning",
    "LED1: new or stale warning review for source_part_not_found_warning",
    "SW1: new or stale warning review for source_part_not_found_warning",
    "C22: new or stale warning review for source_part_not_found_warning",
    "C21: new or stale warning review for source_part_not_found_warning",
    "D6: new or stale warning review for source_part_not_found_warning",
    "D7: new or stale warning review for source_part_not_found_warning",
    "D8: new or stale warning review for source_part_not_found_warning",
    "R25: new or stale warning review for source_part_not_found_warning",
    "R26: new or stale warning review for source_part_not_found_warning",
    "RV1: new or stale warning review for source_part_not_found_warning",
    "U6: new or stale warning review for source_part_not_found_warning",
    "R68: new or stale warning review for source_part_not_found_warning",
    "R22: new or stale warning review for source_part_not_found_warning",
    "R32: new or stale warning review for source_part_not_found_warning",
    "R21: new or stale warning review for source_part_not_found_warning",
    "R20: new or stale warning review for source_part_not_found_warning",
    "R55: new or stale warning review for source_part_not_found_warning",
    "C18: new or stale warning review for source_part_not_found_warning",
    "C16: new or stale warning review for source_part_not_found_warning",
    "C17: new or stale warning review for source_part_not_found_warning",
    "C29: new or stale warning review for source_part_not_found_warning",
    "C13: new or stale warning review for source_part_not_found_warning",
    "C14: new or stale warning review for source_part_not_found_warning",
    "L1: new or stale warning review for source_part_not_found_warning",
    "U5: new or stale warning review for source_part_not_found_warning",
    "C9: new or stale warning review for source_part_not_found_warning",
    "C19: new or stale warning review for source_part_not_found_warning",
    "C26: new or stale warning review for source_part_not_found_warning",
    "R13: new or stale warning review for source_part_not_found_warning",
    "R10: new or stale warning review for source_part_not_found_warning",
    "R17: new or stale warning review for source_part_not_found_warning",
    "R6: new or stale warning review for source_part_not_found_warning",
    "R11: new or stale warning review for source_part_not_found_warning",
    "R19: new or stale warning review for source_part_not_found_warning",
    "R39: new or stale warning review for source_part_not_found_warning",
    "U4: new or stale warning review for source_part_not_found_warning",
    "D4: new or stale warning review for source_part_not_found_warning",
    "D5: new or stale warning review for source_part_not_found_warning",
    "Q7: new or stale warning review for source_part_not_found_warning",
    "Q8: new or stale warning review for source_part_not_found_warning",
    "Q3: new or stale warning review for source_part_not_found_warning"
  ],
  "pcbTraceCount": 0,
  "diagnostics": 231
}
