⬆︎ PUBLISHED-SOURCE.json
⬆︎ README.md
⬆︎ VALIDATION.md
⬆︎ biome.json
⬆︎ bun.lock
⬆︎ circuit/EnergyDump.tsx
⬆︎ circuit/InputProtection.tsx
⬆︎ circuit/LogicPadEscapes.tsx
⬆︎ circuit/McuPadEscapes.ts
⬆︎ circuit/MechanicalFeatures.tsx
⬆︎ circuit/MotorBridge.tsx
⬆︎ circuit/MotorSupply.tsx
⬆︎ circuit/PdQualification.tsx
⬆︎ circuit/PinBreakouts.tsx
⬆︎ circuit/PowerRouting.tsx
⬆︎ circuit/PwmControls.tsx
⬆︎ circuit/RailProtection.tsx
⬆︎ circuit/RoutingNets.tsx
⬆︎ circuit/UsbInput.tsx
⬆︎ circuit/product-placement.ts
⬆︎ circuit/underside-label-offsets.ts
⬆︎ dist/index/circuit.json
⬆︎ dist/tests/supplier-audit/C5184243/circuit.json
⬆︎ docs/ADC-SENSING.md
⬆︎ docs/ARCHITECTURE.md
⬆︎ docs/ASSEMBLY-PROCESS-A22.md
⬆︎ docs/BOM-A1.csv
⬆︎ docs/BOM.csv
⬆︎ docs/BUCK-MODEL.md
⬆︎ docs/CONNECTOR-ORIENTATION-A42.md
⬆︎ docs/COPPER-PULSE-REVIEW-A38.md
⬆︎ docs/DIRECTION-CONTROL.md
⬆︎ docs/I2C-TIMING.md
⬆︎ docs/IMPLEMENTATION-CHECKLIST.md
⬆︎ docs/MCU-POWER-SEQUENCING.md
⬆︎ docs/OUTPUT-CAPACITOR-REVIEW.md
⬆︎ docs/PD-QUALIFICATION.md
⬆︎ docs/PD-RDO-CURRENT.md
⬆︎ docs/PD-VOLTAGE-INTERVALS.md
⬆︎ docs/PLACEMENT.md
⬆︎ docs/POWER-PROTOTYPE-A22.md
⬆︎ docs/PROTOTYPE-TEST-PLAN.md
⬆︎ docs/PUBLICATION-PACKAGING-A42.md
⬆︎ docs/RAIL-DISCHARGE.md
⬆︎ docs/REGULATOR-REVIEW.md
⬆︎ docs/REQUIREMENTS.md
⬆︎ docs/SELECTOR-MECHANICS.md
⬆︎ docs/SIMPLIFICATION.md
⬆︎ docs/STACKUP-A31.json
⬆︎ docs/STACKUP-A31.md
⬆︎ docs/STM32-ADC.md
⬆︎ docs/STM32-RUNTIME-A22.md
⬆︎ docs/STM32-SAFE-GPIO.md
⬆︎ docs/STUSB4500-NVM.md
⬆︎ docs/STUSB4500-REQUEST.md
⬆︎ docs/STUSB4500-RX.md
⬆︎ docs/STUSB4500-STARTUP.md
⬆︎ docs/TOOLING-ISSUES.md
⬆︎ docs/USB-C-PAD-CORRECTION-A44.md
⬆︎ docs/USB-C-QUALIFICATION-A42.md
⬆︎ docs/USB-C-REPLACEMENT-A45.md
⬆︎ docs/WARNING-REVIEW.md
⬆︎ docs/design-manifest.json
⬆︎ docs/pd-manufacturing-profile.json
⬆︎ docs/pd-profile.json
⬆︎ evidence/active-supplier-inspection-manifest-A22.json
⬆︎ evidence/import-audit-config-A45.json
⬆︎ evidence/main-warning-review-A45.json
⬆︎ evidence/manufacturing-python-requirements-A22.txt
⬆︎ evidence/routing44-source-binding-A22.json
⬆︎ evidence/schematic-audit-config-A45.json
⬆︎ evidence/usb-c-C165948-original-import-A44.tsx.txt
⬆︎ evidence/usb-c-C2830802-reimport-A45.log
⬆︎ evidence/usb-c-C3020560-jlcsearch-A45.json
⬆︎ evidence/usb-c-C5184243-import-A45.log
⬆︎ evidence/usb-c-C5184243-import-network-A45.log
⬆︎ evidence/usb-c-C5184243-independent-review-A45.json
⬆︎ evidence/usb-c-C5184243-independent-review-A45.log
⬆︎ evidence/usb-c-C5184243-jlcsearch-A45.json
⬆︎ evidence/usb-c-C5184243-manufacturer-drawing-A45.txt
⬆︎ evidence/usb-c-C5184243-original-import-A45.tsx.txt
⬆︎ evidence/usb-c-C5184243-pad-shifts-A45.json
⬆︎ evidence/usb-c-C5184243-paste-export-A45.log
⬆︎ evidence/usb-c-C5184243-paste-parser-A45.json
⬆︎ evidence/usb-c-C5184243-paste-review-A45.json
⬆︎ evidence/usb-c-C5184243-probe-build-A45.log
⬆︎ evidence/usb-c-C5184243-probe-build-network-A45.log
⬆︎ evidence/usb-c-C5184243-probe-schema-A45.json
⬆︎ evidence/usb-c-replacement-artwork-A45.log
⬆︎ evidence/usb-c-replacement-attempt-history-A45.json
⬆︎ evidence/usb-c-replacement-connectivity-A45.log
⬆︎ evidence/usb-c-replacement-connectivity-final-A45.log
⬆︎ evidence/usb-c-replacement-copper-A45.json
⬆︎ evidence/usb-c-replacement-copper-A45.log
⬆︎ evidence/usb-c-replacement-copper-final-A45.json
⬆︎ evidence/usb-c-replacement-copper-final-A45.log
⬆︎ evidence/usb-c-replacement-copper-ownership-A45.log
⬆︎ evidence/usb-c-replacement-copper-ownership-final-A45.log
⬆︎ evidence/usb-c-replacement-final-direct-gates-A45.json
⬆︎ evidence/usb-c-replacement-final-format-A45.log
⬆︎ evidence/usb-c-replacement-five-native-gates-A45.json
⬆︎ evidence/usb-c-replacement-format-A45.log
⬆︎ evidence/usb-c-replacement-full-placement-A45.log
⬆︎ evidence/usb-c-replacement-full-placement-checks-A45.json
⬆︎ evidence/usb-c-replacement-glb-export-A45.log
⬆︎ evidence/usb-c-replacement-import-transforms-A45.log
⬆︎ evidence/usb-c-replacement-main-build-A45.log
⬆︎ evidence/usb-c-replacement-main-final-build-A45.log
⬆︎ evidence/usb-c-replacement-model-bounds-A45.json
⬆︎ evidence/usb-c-replacement-native-breakout-target-audit-A45.json
⬆︎ evidence/usb-c-replacement-native-pin_specification-A45.log
⬆︎ evidence/usb-c-replacement-native-placement-A45.log
⬆︎ evidence/usb-c-replacement-native-placement-final-A45.log
⬆︎ evidence/usb-c-replacement-native-schematic-placement-A45.log
⬆︎ evidence/usb-c-replacement-native-source-A45.log
⬆︎ evidence/usb-c-replacement-pnp-A45.log
⬆︎ evidence/usb-c-replacement-power-A45.log
⬆︎ evidence/usb-c-replacement-schema-A45.json
⬆︎ evidence/usb-c-replacement-schema-A45.log
⬆︎ evidence/usb-c-replacement-sheets-A45.log
⬆︎ evidence/usb-c-replacement-source-binding-A45.json
⬆︎ evidence/usb-c-replacement-supplier-imports-A45.log
⬆︎ evidence/usb-c-replacement-supplier-review-A45.log
⬆︎ evidence/usb-c-replacement-targets-A45.log
⬆︎ evidence/usb-c-replacement-tests-A45.log
⬆︎ evidence/usb-c-replacement-typecheck-A45.log
⬆︎ evidence/usb-c-replacement-visual-review-A45.json
⬆︎ firmware/freestanding_memory.c
⬆︎ firmware/motor_main.c
⬆︎ firmware/motor_measurement.c
⬆︎ firmware/motor_measurement.h
⬆︎ firmware/motor_measurement_test.c
⬆︎ firmware/motor_owner.c
⬆︎ firmware/motor_owner.h
⬆︎ firmware/motor_owner_test.c
⬆︎ firmware/pd_interval_test.c
⬆︎ firmware/pd_policy.c
⬆︎ firmware/pd_policy.h
⬆︎ firmware/pd_policy_test.c
⬆︎ firmware/pd_sequence.c
⬆︎ firmware/pd_sequence.h
⬆︎ firmware/pd_sequence_test.c
⬆︎ firmware/startup_stm32g030f6.S
⬆︎ firmware/stm32_adc.c
⬆︎ firmware/stm32_adc.h
⬆︎ firmware/stm32_adc_test.c
⬆︎ firmware/stm32_clock.c
⬆︎ firmware/stm32_clock.h
⬆︎ firmware/stm32_gpio_outputs_test.c
⬆︎ firmware/stm32_i2c.c
⬆︎ firmware/stm32_i2c.h
⬆︎ firmware/stm32_i2c_test.c
⬆︎ firmware/stm32_safe_gpio.c
⬆︎ firmware/stm32_safe_gpio.h
⬆︎ firmware/stm32_safe_gpio_test.c
⬆︎ firmware/stm32g030f6.ld
⬆︎ firmware/stusb4500_nvm.c
⬆︎ firmware/stusb4500_nvm.h
⬆︎ firmware/stusb4500_nvm_test.c
⬆︎ firmware/stusb4500_request.c
⬆︎ firmware/stusb4500_request.h
⬆︎ firmware/stusb4500_request_test.c
⬆︎ firmware/stusb4500_rx.c
⬆︎ firmware/stusb4500_rx.h
⬆︎ firmware/stusb4500_rx_test.c
⬆︎ firmware/stusb4500_startup.c
⬆︎ firmware/stusb4500_startup.h
⬆︎ firmware/stusb4500_startup_test.c
⬆︎ firmware/vendor/cmsis/Core/Include/cmsis_compiler.h
⬆︎ firmware/vendor/cmsis/Core/Include/cmsis_gcc.h
⬆︎ firmware/vendor/cmsis/Core/Include/cmsis_version.h
⬆︎ firmware/vendor/cmsis/Core/Include/core_cm0plus.h
⬆︎ firmware/vendor/cmsis/Core/Include/mpu_armv7.h
⬆︎ firmware/vendor/cmsis/LICENSE.txt
⬆︎ firmware/vendor/manifest.json
⬆︎ firmware/vendor/stm32g0/Include/stm32g030xx.h
⬆︎ firmware/vendor/stm32g0/Include/system_stm32g0xx.h
⬆︎ firmware/vendor/stm32g0/LICENSE.md
⬆︎ imports/ADR421ARZ_REEL7.tsx
⬆︎ imports/AO3400A.tsx
⬆︎ imports/AP2204K_5_0TRG1.tsx
⬆︎ imports/APSG250ELL331MJB5S.tsx
⬆︎ imports/AT0603BRD07100KL.tsx
⬆︎ imports/A_0402WGF3301TCE.tsx
⬆︎ imports/A_0603B103K500NT.tsx
⬆︎ imports/A_0603WAF1000T5E.tsx
⬆︎ imports/A_0603WAF1001T5E.tsx
⬆︎ imports/A_0603WAF1002T5E.tsx
⬆︎ imports/A_0603WAF1003T5E.tsx
⬆︎ imports/A_0603WAF1004T5E.tsx
⬆︎ imports/A_0603WAF1053T5E.tsx
⬆︎ imports/A_0603WAF1102T5E.tsx
⬆︎ imports/A_0603WAF1103T5E.tsx
⬆︎ imports/A_0603WAF1202T5E.tsx
⬆︎ imports/A_0603WAF1302T5E.tsx
⬆︎ imports/A_0603WAF1623T5E.tsx
⬆︎ imports/A_0603WAF2001T5E.tsx
⬆︎ imports/A_0603WAF2002T5E.tsx
⬆︎ imports/A_0603WAF2102T5E.tsx
⬆︎ imports/A_0603WAF2431T5E.tsx
⬆︎ imports/A_0603WAF2432T5E.tsx
⬆︎ imports/A_0603WAF2612T5E.tsx
⬆︎ imports/A_0603WAF2702T5E.tsx
⬆︎ imports/A_0603WAF3242T5E.tsx
⬆︎ imports/A_0603WAF3300T5E.tsx
⬆︎ imports/A_0603WAF4701T5E.tsx
⬆︎ imports/A_0603WAF5101T5E.tsx
⬆︎ imports/A_0603WAF5601T5E.tsx
⬆︎ imports/A_0603WAF5622T5E.tsx
⬆︎ imports/A_0603WAF6801T5E.tsx
⬆︎ imports/A_0603WAF6981T5E.tsx
⬆︎ imports/A_0603WAF7151T5E.tsx
⬆︎ imports/A_0603WAF8062T5E.tsx
⬆︎ imports/A_0603WAF8201T5E.tsx
⬆︎ imports/A_0603WAF820JT5E.tsx
⬆︎ imports/A_08053D226MAT2A.tsx
⬆︎ imports/A_1054500101.tsx
⬆︎ imports/A_1103M2S3CQE2.tsx
⬆︎ imports/A_118EC333.tsx
⬆︎ imports/A_1210B473K501CT.tsx
⬆︎ imports/A_12402012E212A.tsx
⬆︎ imports/A_19_213_BHC_AP1Q2_3T.tsx
⬆︎ imports/A_19_217_G7C_AN1P2_6T.tsx
⬆︎ imports/A_1MS3T1B1M2QES_5.tsx
⬆︎ imports/A_1N4148W.tsx
⬆︎ imports/A_2171750001.tsx
⬆︎ imports/A_2171790001.tsx
⬆︎ imports/A_25SVPF100M.tsx
⬆︎ imports/A_25SVPF330M.tsx
⬆︎ imports/A_2MS3T1B1M1QES_5.tsx
⬆︎ imports/A_35SVPK330M.tsx
⬆︎ imports/A_5015.tsx
⬆︎ imports/A_632723300011.tsx
⬆︎ imports/B5819W_SL.tsx
⬆︎ imports/BZT52C10.tsx
⬆︎ imports/BZT52C24.tsx
⬆︎ imports/B_2100S04P_A110.tsx
⬆︎ imports/CC0603KRX7R9BB104.tsx
⬆︎ imports/CL10A105KB8NNNC.tsx
⬆︎ imports/CL10A475KO8NNNC.tsx
⬆︎ imports/CL10B223KB8NNNC.tsx
⬆︎ imports/CL10C220JB8NNNC.tsx
⬆︎ imports/CL10C331JB8NNNC.tsx
⬆︎ imports/CL21B105KBFNNNE.tsx
⬆︎ imports/CL31A106KBHNNNE.tsx
⬆︎ imports/CL32B106KBJNNNE.tsx
⬆︎ imports/CRCW060310K0FKEA.tsx
⬆︎ imports/D882_RANGE_160_320_.tsx
⬆︎ imports/DB126V_5_0_2P_GN_P.tsx
⬆︎ imports/DRV8874PWPR.tsx
⬆︎ imports/DSHP02TSGER.tsx
⬆︎ imports/ESR18EZPF1001.tsx
⬆︎ imports/FRC0603F8062TS.tsx
⬆︎ imports/GEO_3F_12MS3F.tsx
⬆︎ imports/GRM1885C1H562JA01D.tsx
⬆︎ imports/GRM21BR71H105KA12L.tsx
⬆︎ imports/GRM31CR61E476ME44L.tsx
⬆︎ imports/KH_SS23D03_G6.tsx
⬆︎ imports/KH_SS23E06_G8.tsx
⬆︎ imports/KH_SS23F06_G6.tsx
⬆︎ imports/KH_TYPE_C_16P.tsx
⬆︎ imports/LM358DR2G.tsx
⬆︎ imports/LM393DR.tsx
⬆︎ imports/LMR33630ADDAR.tsx
⬆︎ imports/MHCC10040_8R2M_R7.tsx
⬆︎ imports/MMBD4148CC.tsx
⬆︎ imports/MMBT3904.tsx
⬆︎ imports/MMBT3904_RANGE_100_300_.tsx
⬆︎ imports/MMBT3906LT1G.tsx
⬆︎ imports/OS103011MS8QP1.tsx
⬆︎ imports/PESD24VS2UT_215.tsx
⬆︎ imports/PTV09A_4015F_B103.tsx
⬆︎ imports/RC1206FR_7W1KL.tsx
⬆︎ imports/RPL_12K10R0FT.tsx
⬆︎ imports/RT0603BRD0710KL.tsx
⬆︎ imports/RVT1E221M0607.tsx
⬆︎ imports/SMBJ15CA.tsx
⬆︎ imports/SMBJ22A.tsx
⬆︎ imports/SN74LVC2G08DCUR.tsx
⬆︎ imports/SRV05_4_P_T7.tsx
⬆︎ imports/SS54.tsx
⬆︎ imports/SSSS211900.tsx
⬆︎ imports/SS_23D03_G080.tsx
⬆︎ imports/STM32G030F6P6TR.tsx
⬆︎ imports/STUSB4500QTR.tsx
⬆︎ imports/T491C107M010AT.tsx
⬆︎ imports/TC4538S.tsx
⬆︎ imports/TL431AIDBZR.tsx
⬆︎ imports/TLC555CDR.tsx
⬆︎ imports/TPS16630PWPR.tsx
⬆︎ imports/TPS26630RGER.tsx
⬆︎ imports/TPS54302DDCR.tsx
⬆︎ imports/TPS54360DDAR.tsx
⬆︎ imports/TPS7A1633DGNR.tsx
⬆︎ imports/TPS7A1650DGNR.tsx
⬆︎ imports/TS_103.tsx
⬆︎ imports/TYPE_C_24P_QCHT.tsx
⬆︎ imports/TYPE_C_24P_SMD.tsx
⬆︎ imports/TYPE_C_31_E_06.tsx
⬆︎ imports/TYPE_C_31_E_07.tsx
⬆︎ imports/TYPE_C_31_M_12.tsx
⬆︎ imports/TYPE_C_31_M_30.tsx
⬆︎ imports/TYPE_C_6PFS_4J_H7_5_IPX8.tsx
⬆︎ imports/TYPE_C_6P_073_.tsx
⬆︎ imports/Type_C_2_0_6Pin.tsx
⬆︎ imports/UJC_HP2_3_SMT_TR.tsx
⬆︎ imports/USB4085_GF_A.tsx
⬆︎ imports/USB4105_GF_A.tsx
⬆︎ imports/USB4105_GF_A_120.tsx
⬆︎ imports/USB4110_GF_A.tsx
⬆︎ imports/USB4120_03_C.tsx
⬆︎ imports/USB4125_GF_A.tsx
⬆︎ imports/USB4125_GF_A_0190.tsx
⬆︎ imports/USB4515_GF_A.tsx
⬆︎ index.circuit.tsx
⬆︎ package.json
⬆︎ scripts/adc-sensing-review.py
⬆︎ scripts/assembly_packet.py
⬆︎ scripts/audit-active-imports.ts
⬆︎ scripts/audit-breakout-targets.py
⬆︎ scripts/audit-circuit-schema.ts
⬆︎ scripts/audit-coordinate-serialization.ts
⬆︎ scripts/audit-dailywell-import.ts
⬆︎ scripts/audit-ground-copper.py
⬆︎ scripts/audit-native-fabrication.py
⬆︎ scripts/audit-native-placement.ts
⬆︎ scripts/audit-power-routing-intent.py
⬆︎ scripts/audit-product-artwork.ts
⬆︎ scripts/audit-product-placement.ts
⬆︎ scripts/audit-routed-copper-clearances.py
⬆︎ scripts/audit-routed-drills.py
⬆︎ scripts/audit-schematic.ts
⬆︎ scripts/audit-sp3t-imports.ts
⬆︎ scripts/audit-spdt-imports.ts
⬆︎ scripts/audit-supplier-pnp.ts
⬆︎ scripts/audit-thermal-via-policy.ts
⬆︎ scripts/buck-input-review.ts
⬆︎ scripts/buck-manufacturer-model-review.py
⬆︎ scripts/buck-output-review.py
⬆︎ scripts/buck-switching-review.py
⬆︎ scripts/build-firmware.ts
⬆︎ scripts/check-full-placement.ts
⬆︎ scripts/check-routed-board.ts
⬆︎ scripts/copper_clearance_geometry.py
⬆︎ scripts/copper_pulse_geometry.py
⬆︎ scripts/discharge-review.ts
⬆︎ scripts/electrical-calculations.ts
⬆︎ scripts/export-copper-net-map.ts
⬆︎ scripts/export-power-routing-intent.ts
⬆︎ scripts/fabrication_drill_geometry.py
⬆︎ scripts/ground_copper_geometry.py
⬆︎ scripts/i2c-timing-envelope.ts
⬆︎ scripts/motor-validation-calculations.ts
⬆︎ scripts/plan-local-decoupling.py
⬆︎ scripts/plan-product-placement.ts
⬆︎ scripts/plan-underside-labels.ts
⬆︎ scripts/power-prototype-envelope.ts
⬆︎ scripts/power-report.ts
⬆︎ scripts/power_copper_geometry.py
⬆︎ scripts/read-supplier-pages.py
⬆︎ scripts/rebuild-supplier-probes.ts
⬆︎ scripts/relevant-schema-issues.ts
⬆︎ scripts/render-board-layers.ts
⬆︎ scripts/render-native-fabrication.ts
⬆︎ scripts/render-schematic-sheets.ts
⬆︎ scripts/review-connector-model-bounds.py
⬆︎ scripts/review-firmware-stack.py
⬆︎ scripts/review-i2c-timing.ts
⬆︎ scripts/review-power-envelope.ts
⬆︎ scripts/review-routed-dump-pulse.py
⬆︎ scripts/review-routed-power-paths.py
⬆︎ scripts/review-usb-c-pad-shifts.py
⬆︎ scripts/review-usb-c-replacement.py
⬆︎ scripts/run-native-routing.py
⬆︎ scripts/silkscreen-geometry.ts
⬆︎ scripts/split-native-assembly.py
⬆︎ scripts/test_assembly_packet.py
⬆︎ tests/coordinate-serialization-probe.circuit.tsx
⬆︎ tests/copper-clearance-geometry.test.ts
⬆︎ tests/copper-pulse-geometry.test.ts
⬆︎ tests/dailywell-1m-import-probe.circuit.tsx
⬆︎ tests/dailywell-2m-import-probe.circuit.tsx
⬆︎ tests/electrical-calculations.test.ts
⬆︎ tests/fabrication-drill-geometry.test.ts
⬆︎ tests/ground-copper-geometry.test.ts
⬆︎ tests/motor-measurement.test.ts
⬆︎ tests/motor-owner.test.ts
⬆︎ tests/motor-validation-calculations.test.ts
⬆︎ tests/native-manual-placement-probe.circuit.tsx
⬆︎ tests/native-numeric-placement-probe.circuit.tsx
⬆︎ tests/pd-interval.test.ts
⬆︎ tests/pd-policy.test.ts
⬆︎ tests/pd-sequence.test.ts
⬆︎ tests/power-copper-geometry.test.ts
⬆︎ tests/power-prototype-envelope.test.ts
⬆︎ tests/schema-diagnostic.test.ts
⬆︎ tests/sp3t-import-probe.circuit.tsx
⬆︎ tests/spdt-import-probe.circuit.tsx
⬆︎ tests/stm32-adc.test.ts
⬆︎ tests/stm32-gpio-outputs.test.ts
⬆︎ tests/stm32-gpio.test.ts
⬆︎ tests/stm32-i2c.test.ts
⬆︎ tests/stusb4500-nvm.test.ts
⬆︎ tests/stusb4500-request.test.ts
⬆︎ tests/stusb4500-rx.test.ts
⬆︎ tests/stusb4500-startup.test.ts
⬆︎ tests/supplier-audit/C10214.circuit.tsx
⬆︎ tests/supplier-audit/C133439.circuit.tsx
⬆︎ tests/supplier-audit/C136279.circuit.tsx
⬆︎ tests/supplier-audit/C138687.circuit.tsx
⬆︎ tests/supplier-audit/C14663.circuit.tsx
⬆︎ tests/supplier-audit/C1653.circuit.tsx
⬆︎ tests/supplier-audit/C165948.circuit.tsx
⬆︎ tests/supplier-audit/C1664.circuit.tsx
⬆︎ tests/supplier-audit/C178373.circuit.tsx
⬆︎ tests/supplier-audit/C181239.circuit.tsx
⬆︎ tests/supplier-audit/C1849461.circuit.tsx
⬆︎ tests/supplier-audit/C1855818.circuit.tsx
⬆︎ tests/supplier-audit/C19191929.circuit.tsx
⬆︎ tests/supplier-audit/C19666.circuit.tsx
⬆︎ tests/supplier-audit/C2074262.circuit.tsx
⬆︎ tests/supplier-audit/C20917.circuit.tsx
⬆︎ tests/supplier-audit/C2103.circuit.tsx
⬆︎ tests/supplier-audit/C2109.circuit.tsx
⬆︎ tests/supplier-audit/C21122.circuit.tsx
⬆︎ tests/supplier-audit/C211759.circuit.tsx
⬆︎ tests/supplier-audit/C21190.circuit.tsx
⬆︎ tests/supplier-audit/C22452.circuit.tsx
⬆︎ tests/supplier-audit/C22790.circuit.tsx
⬆︎ tests/supplier-audit/C22815.circuit.tsx
⬆︎ tests/supplier-audit/C22935.circuit.tsx
⬆︎ tests/supplier-audit/C22956.circuit.tsx
⬆︎ tests/supplier-audit/C22967.circuit.tsx
⬆︎ tests/supplier-audit/C22975.circuit.tsx
⬆︎ tests/supplier-audit/C23138.circuit.tsx
⬆︎ tests/supplier-audit/C23162.circuit.tsx
⬆︎ tests/supplier-audit/C23186.circuit.tsx
⬆︎ tests/supplier-audit/C23215.circuit.tsx
⬆︎ tests/supplier-audit/C23348.circuit.tsx
⬆︎ tests/supplier-audit/C23892.circuit.tsx
⬆︎ tests/supplier-audit/C25803.circuit.tsx
⬆︎ tests/supplier-audit/C25890.circuit.tsx
⬆︎ tests/supplier-audit/C25950.circuit.tsx
⬆︎ tests/supplier-audit/C25980.circuit.tsx
⬆︎ tests/supplier-audit/C2678061.circuit.tsx
⬆︎ tests/supplier-audit/C285788.circuit.tsx
⬆︎ tests/supplier-audit/C2906768.circuit.tsx
⬆︎ tests/supplier-audit/C2918361.circuit.tsx
⬆︎ tests/supplier-audit/C2986030.circuit.tsx
⬆︎ tests/supplier-audit/C2991665.circuit.tsx
⬆︎ tests/supplier-audit/C3293142.circuit.tsx
⬆︎ tests/supplier-audit/C395849.circuit.tsx
⬆︎ tests/supplier-audit/C403725.circuit.tsx
⬆︎ tests/supplier-audit/C4184.circuit.tsx
⬆︎ tests/supplier-audit/C440183.circuit.tsx
⬆︎ tests/supplier-audit/C44377.circuit.tsx
⬆︎ tests/supplier-audit/C468238.circuit.tsx
⬆︎ tests/supplier-audit/C477999.circuit.tsx
⬆︎ tests/supplier-audit/C5184243.circuit.tsx
⬆︎ tests/supplier-audit/C529330.circuit.tsx
⬆︎ tests/supplier-audit/C53444.circuit.tsx
⬆︎ tests/supplier-audit/C5710902.circuit.tsx
⬆︎ tests/supplier-audit/C57112.circuit.tsx
⬆︎ tests/supplier-audit/C67470.circuit.tsx
⬆︎ tests/supplier-audit/C6986.circuit.tsx
⬆︎ tests/supplier-audit/C7420353.circuit.tsx
⬆︎ tests/supplier-audit/C77083.circuit.tsx
⬆︎ tests/supplier-audit/C844918.circuit.tsx
⬆︎ tests/supplier-audit/C855559.circuit.tsx
⬆︎ tests/supplier-audit/C859155.circuit.tsx
⬆︎ tests/supplier-audit/C8598.circuit.tsx
⬆︎ tests/supplier-audit/C908270.circuit.tsx
⬆︎ tests/supplier-audit/C95204.circuit.tsx
⬆︎ tests/switch-import-probe.circuit.tsx
⬆︎ tests/usb-c-pad-translations.test.ts
⬆︎ tests/usb-c-replacement.test.ts
📦 tooling/high-density-repair03-0.0.1-a41.tgz
📦 tooling/tscircuit-capacity-autorouter-0.0.960-a42.tgz
📦 tooling/tscircuit-core-0.0.2091-a41.tgz
📦 tooling/tscircuit-props-0.0.683-A22.tgz
⬆︎ tscircuit.config.json
⬆︎ tsconfig.json


Upload Summary
  Succeeded: 482 files


"@tsci/AnasSarkiz.usb-c-pd-brushed-motor@0.0.1-a45-48v-usb-unrouted-7a869ef-04bbbc95" published!
https://tscircuit.com/AnasSarkiz/usb-c-pd-brushed-motor
