bun install v1.4.2 (744846f84)

+ @babel/standalone@7.29.7
+ @biomejs/biome@1.9.4
+ @tscircuit/check-shorts@https://jscdn.tscircuit.com/@tscircuit/check-shorts/0.0.26.tgz
+ @tscircuit/circuit-json-placement-analysis@0.0.15
+ @tscircuit/circuit-json-routing-analysis@0.0.8
+ @tscircuit/circuit-json-schematic-placement-analysis@https://jscdn.tscircuit.com/@tscircuit/circuit-json-schematic-placement-analysis/0.0.33.tgz
+ @tscircuit/circuit-json-util@0.0.116
+ @tscircuit/eval@0.0.1538
+ @tscircuit/fake-snippets@0.0.182
+ @tscircuit/file-server@0.0.32
+ @tscircuit/footprinter@0.0.430
+ @tscircuit/image-utils@0.0.8
+ @tscircuit/krt-wasm@0.1.6
+ @tscircuit/math-utils@0.0.36
+ @tscircuit/props@0.0.666
+ @tscircuit/runframe@0.0.2898
+ @tscircuit/schematic-match-adapt@0.0.22
+ @tscircuit/schematic-trace-solver@0.0.204
+ @tscircuit/solver-utils@0.0.16
+ @types/bun@1.3.14
+ @types/configstore@6.0.2
+ @types/debug@4.1.13
+ @types/jsonwebtoken@9.0.10
+ @types/micromatch@4.0.10
+ @types/prompts@2.4.9
+ @types/proper-lockfile@4.1.4
+ @types/react@19.2.17
+ @types/semver@7.7.1
+ bun-match-svg@0.0.12
+ chokidar@4.0.1
+ circuit-json@0.0.489
+ circuit-json-to-3d-png@0.0.6
+ circuit-json-to-altium@github:tscircuit/circuit-json-to-altium#1a50d0d
+ circuit-json-to-bom-csv@0.0.19
+ circuit-json-to-connectivity-map@0.0.32
+ circuit-json-to-fdm-component-box@0.0.2
+ circuit-json-to-footprinter@0.0.59
+ circuit-json-to-gerber@0.0.110
+ circuit-json-to-kicad@0.0.230
+ circuit-json-to-pnp-csv@0.0.18
+ circuit-json-to-readable-netlist@0.0.15
+ circuit-json-to-spice@0.0.45
+ circuit-json-to-step@0.0.38
+ circuit-json-to-tscircuit@0.0.50
+ circuit-json-trace-length-analysis@github:tscircuit/circuit-json-trace-length-analysis#2b44792
+ circuit-to-canvas@0.0.123
+ circuit-to-svg@0.0.430
+ circuit-to-svg-xray@0.0.430
+ commander@14.0.3
+ conf@13.1.0
+ configstore@7.1.0
+ cosmiconfig@9.0.2
+ debug@4.4.3
+ delay@6.0.0
+ dsn-converter@0.0.90
+ easyeda@0.0.370
+ fuse.js@7.5.0
+ get-port@7.2.0
+ globby@14.1.0
+ jose@6.2.3
+ jsonwebtoken@9.0.3
+ jszip@3.10.1
+ jwt-decode@4.0.0
+ kicad-to-circuit-json@0.0.113
+ kicadts@0.0.47
+ kleur@4.1.5
+ ky@1.14.3
+ make-vfs@1.0.16
+ md5@2.3.0
+ pdf-lib@1.17.1
+ perfect-cli@1.0.21
+ playwright@1.61.1
+ polygon-clipping@0.15.7
+ poppygl@0.0.30
+ prompts@2.4.2
+ proper-lockfile@4.1.2
+ redaxios@0.5.1
+ schematic-symbols@0.0.246
+ semver@7.8.5
+ spicets@0.0.4
+ stepts@0.0.3
+ tempy@3.2.0
+ tscircuit@0.0.2647-libonly
+ tsx@4.23.1
+ typed-ky@0.0.4
+ zod@3.25.76

591 packages installed [5.93s]
