Uploading package archive...
Archive upload failed, falling back to file-by-file upload: TimeoutError: Request timed out: POST https://registry-api.tscircuit.com/package_files/upload_archive
⬆︎ README.md
⬆︎ VALIDATION.md
⬆︎ biome.json
⬆︎ bun.lock
📦 checks/check-shorts/bitmap.png
⬆︎ checks/check-shorts/pcb.svg
⬆︎ circuit/EnergyDump.tsx
⬆︎ circuit/InputProtection.tsx
⬆︎ circuit/MechanicalFeatures.tsx
⬆︎ circuit/MotorBridge.tsx
⬆︎ circuit/MotorSupply.tsx
⬆︎ circuit/PdQualification.tsx
⬆︎ circuit/PinBreakouts.tsx
⬆︎ circuit/PowerRouting.tsx
⬆︎ circuit/PwmControls.tsx
⬆︎ circuit/RailProtection.tsx
⬆︎ circuit/UsbInput.tsx
⬆︎ circuit/product-placement.ts
⬆︎ circuit/underside-label-offsets.ts
⬆︎ docs/ADC-SENSING.md
⬆︎ docs/ARCHITECTURE.md
⬆︎ docs/ASSEMBLY-PROCESS-A22.md
⬆︎ docs/BOM-A1.csv
⬆︎ docs/BOM.csv
⬆︎ docs/BUCK-MODEL.md
⬆︎ docs/DIRECTION-CONTROL.md
⬆︎ docs/I2C-TIMING.md
⬆︎ docs/IMPLEMENTATION-CHECKLIST.md
⬆︎ docs/MCU-POWER-SEQUENCING.md
⬆︎ docs/OUTPUT-CAPACITOR-REVIEW.md
⬆︎ docs/PD-QUALIFICATION.md
⬆︎ docs/PD-RDO-CURRENT.md
⬆︎ docs/PD-VOLTAGE-INTERVALS.md
⬆︎ docs/PLACEMENT.md
⬆︎ docs/POWER-PROTOTYPE-A22.md
⬆︎ docs/PROTOTYPE-TEST-PLAN.md
⬆︎ docs/RAIL-DISCHARGE.md
⬆︎ docs/REGULATOR-REVIEW.md
⬆︎ docs/REQUIREMENTS.md
⬆︎ docs/SELECTOR-MECHANICS.md
⬆︎ docs/SIMPLIFICATION.md
⬆︎ docs/STM32-ADC.md
⬆︎ docs/STM32-RUNTIME-A22.md
⬆︎ docs/STM32-SAFE-GPIO.md
⬆︎ docs/STUSB4500-NVM.md
⬆︎ docs/STUSB4500-REQUEST.md
⬆︎ docs/STUSB4500-RX.md
⬆︎ docs/STUSB4500-STARTUP.md
⬆︎ docs/TOOLING-ISSUES.md
⬆︎ docs/WARNING-REVIEW.md
⬆︎ docs/design-manifest.json
⬆︎ docs/pd-manufacturing-profile.json
⬆︎ docs/pd-profile.json
📦 evidence/ALPS-official-A2.pdf
📦 evidence/ALPS-official-drawing-A2.png
⬆︎ evidence/C133439-footprinter-import-A10.tsx.txt
⬆︎ evidence/C133439-footprinter-output-A10.json
⬆︎ evidence/C133439-manufacturer-A10.html
⬆︎ evidence/C133439-manufacturer-download-A10.log
⬆︎ evidence/C13585-characteristics-A9.json
⬆︎ evidence/C138687-characteristics-A9.json
📦 evidence/C160871-A2.pdf
⬆︎ evidence/C160871-A2.txt
📦 evidence/C160871-drawing-A2.png
📦 evidence/C221539-PC-terminal-drawing-A3.png
📦 evidence/C221539-function-drawing-A3.png
📦 evidence/C221539-manufacturer-mirror-A3.pdf
⬆︎ evidence/C221539-stock-page-A3.html
📦 evidence/C221539-terminal-drawing-A3.png
  evidence/C221831-A2.pdf - failed
⬆︎ evidence/C221831-A2.txt
📦 evidence/C221831-SP3T-drawing-A2.png
📦 evidence/C221831-drawing-A2.png
⬆︎ evidence/C22975-stock-A7.html
⬆︎ evidence/C23162-primary-metadata-A7.json
⬆︎ evidence/C23162-stock-A7.html
⬆︎ evidence/C25804-page.html
⬆︎ evidence/C25980-stock-A7.html
⬆︎ evidence/C2848921-page.html
📦 evidence/C2848921.pdf
📦 evidence/C2848921.png
⬆︎ evidence/C2848921.txt
📦 evidence/C285788.pdf
📦 evidence/C285788.png
⬆︎ evidence/C285788.txt
📦 evidence/C2918361.pdf
⬆︎ evidence/C2918361.txt
📦 evidence/C3293142-drawing-A7.png
📦 evidence/C3293142-drawing-detail-A7.png
📦 evidence/C3293142-manufacturer-A7.pdf
⬆︎ evidence/C3293142-manufacturer-A7.txt
⬆︎ evidence/C3293142-stock-A7.html
⬆︎ evidence/C5274491-datasheet-download.html
📦 evidence/C5274491-manufacturer.pdf
📦 evidence/C5274491-manufacturer.png
⬆︎ evidence/C5274491-manufacturer.txt
⬆︎ evidence/C5274495-page.html
📦 evidence/C5274495.pdf
⬆︎ evidence/C5274495.txt
⬆︎ evidence/C5274498-page.html
📦 evidence/C5274498.pdf
⬆︎ evidence/C5274498.txt
⬆︎ evidence/C529330-stock-A7.html
📦 evidence/C5710902.pdf
📦 evidence/C5710902.png
⬆︎ evidence/C5710902.txt
⬆︎ evidence/C77083-page.html
  evidence/C77083.pdf - failed
⬆︎ evidence/C77083.txt
⬆︎ evidence/C841384-stock-A7.html
📦 evidence/C908270-body-A4.png
⬆︎ evidence/C908270-build-A4.log
⬆︎ evidence/C908270-build-A5.log
⬆︎ evidence/C908270-build-A6.log
📦 evidence/C908270-case-dimensions-A4.png
📦 evidence/C908270-function-A4.png
📦 evidence/C908270-manufacturer-A4.pdf
⬆︎ evidence/C908270-manufacturer-A4.txt
⬆︎ evidence/C908270-netlist-A4.log
⬆︎ evidence/C908270-netlist-A5.log
⬆︎ evidence/C908270-netlist-A6.log
⬆︎ evidence/C908270-netlist-latest-A4.log
⬆︎ evidence/C908270-stock-A7.html
⬆︎ evidence/C908270-stock-page-A4.html
⬆︎ evidence/C908270-strict-audit-A4.json
⬆︎ evidence/C908270-strict-audit-A4.log
⬆︎ evidence/C908270-strict-audit-A5.json
⬆︎ evidence/C908270-strict-audit-A5.log
⬆︎ evidence/C908270-strict-audit-A6.json
⬆︎ evidence/C908270-strict-audit-A6.log
📦 evidence/C908270-terminal-A4.png
⬆︎ evidence/C908281-build-A4.log
⬆︎ evidence/C908281-build-A5.log
⬆︎ evidence/C908281-build-A6.log
📦 evidence/C908281-function-A4.png
📦 evidence/C908281-manufacturer-A4.pdf
⬆︎ evidence/C908281-manufacturer-A4.txt
⬆︎ evidence/C908281-netlist-A4.log
⬆︎ evidence/C908281-netlist-A5.log
⬆︎ evidence/C908281-netlist-A6.log
⬆︎ evidence/C908281-netlist-latest-A4.log
⬆︎ evidence/C908281-stock-page-A4.html
⬆︎ evidence/C908281-strict-audit-A4.json
⬆︎ evidence/C908281-strict-audit-A4.log
⬆︎ evidence/C908281-strict-audit-A5.json
⬆︎ evidence/C908281-strict-audit-A5.log
⬆︎ evidence/C908281-strict-audit-A6.json
⬆︎ evidence/C908281-strict-audit-A6.log
📦 evidence/C908281-terminal-A4.png
⬆︎ evidence/CL32B106KBJNNN-A9.html
⬆︎ evidence/CL32B106KBJNNW-A9.html
📦 evidence/Chemi-Con-PSG-A10.pdf
⬆︎ evidence/Chemi-Con-PSG-A10.txt
📦 evidence/Chemi-Con-PSG-dimensions-A10.png
⬆︎ evidence/Chemi-Con-download-A10.log
⬆︎ evidence/DRV8874-render-A10.log
📦 evidence/DRV8874-startup-A10.png
📦 evidence/Dailywell-2M-function-drawing-A3.png
📦 evidence/Dailywell-2M-manufacturer-mirror-A3.pdf
⬆︎ evidence/Dailywell-2M-manufacturer-mirror-A3.txt
⬆︎ evidence/Dailywell-2MS3-search-A3.html
⬆︎ evidence/FH-RPL-download-A22.log
  evidence/FH-RPL-dump-A22.pdf - failed
⬆︎ evidence/FH-RPL-dump-A22.txt
📦 evidence/FH-RPL-dump-p4-A22.png
📦 evidence/HUSB238-review-A2.pdf
⬆︎ evidence/HUSB238-review-A2.txt
📦 evidence/KNSCHA-118EC333-A10.pdf
⬆︎ evidence/KNSCHA-118EC333-A10.txt
📦 evidence/KNSCHA-LCSC-current-A10.pdf
⬆︎ evidence/KNSCHA-LCSC-current-A10.txt
⬆︎ evidence/KNSCHA-LCSC-download-A10.log
⬆︎ evidence/KNSCHA-download-A10.log
📦 evidence/KNSCHA-mechanical-A10.png
⬆︎ evidence/KNSCHA-render-A10.log
📦 evidence/Keystone-5015-catalog-A22.pdf
📦 evidence/Keystone-5015-catalog-A22.png
  evidence/LMR33630-manufacturer-A7.pdf - failed
⬆︎ evidence/LMR33630-manufacturer-A7.txt
⬆︎ evidence/Panasonic-35SVPK330M-characteristic-A14.html
⬆︎ evidence/Panasonic-35SVPK330M-curves-A14.json
📦 evidence/Panasonic-35SVPK330M-model-A14.zip
📦 evidence/Panasonic-SVPF-A10.pdf
⬆︎ evidence/Panasonic-SVPF-A10.txt
📦 evidence/Panasonic-SVPF-mechanical-A10.png
📦 evidence/Panasonic-SVPF-table-A10.png
📦 evidence/Panasonic-SVPK-A10.pdf
⬆︎ evidence/Panasonic-SVPK-A10.txt
⬆︎ evidence/Panasonic-SVPK-download-A10.log
📦 evidence/Panasonic-SVPK-mechanical-A10.png
⬆︎ evidence/Panasonic-SVPK-render-A10.log
📦 evidence/Panasonic-SVPK-table-A10.png
⬆︎ evidence/Panasonic-characteristic-download-A14.log
⬆︎ evidence/Panasonic-download-A10.log
⬆︎ evidence/Panasonic-land-download-A10.log
📦 evidence/Panasonic-land-pattern-A10.pdf
📦 evidence/Panasonic-land-pattern-A10.png
⬆︎ evidence/Panasonic-land-pattern-A10.txt
⬆︎ evidence/Panasonic-model-A14/35SVPK330M/35SVPK330M.lib
📦 evidence/Panasonic-model-A14/35SVPK330M/35SVPK330M.pdf
⬆︎ evidence/Panasonic-model-A14/35SVPK330M/35SVPK330M_series.s2p
📦 evidence/Panasonic-model-curve-A14.png
⬆︎ evidence/Panasonic-model-download-A14.log
⬆︎ evidence/Panasonic-model-notes-A14.txt
⬆︎ evidence/Panasonic-render-A10.log
📦 evidence/ROHM-ESR-A11.pdf
⬆︎ evidence/ROHM-ESR-A11.txt
📦 evidence/ROHM-ESR-derating-A11.png
📦 evidence/ROHM-ESR-dimensions-A11.png
⬆︎ evidence/ROHM-ESR-download-A11.log
⬆︎ evidence/STM32-datasheet-download-A22.log
⬆︎ evidence/STM32-datasheet-retry-A22.log
  evidence/STM32G030-registers-A7.h - failed
⬆︎ evidence/STSW-STUSB002-download-A22.log
  evidence/STSW-STUSB002-v1.0.8-A22.zip - failed
⬆︎ evidence/STUSB4500-NVM-defines-A16.h
⬆︎ evidence/STUSB4500-NVM-download-A16.log
⬆︎ evidence/STUSB4500-NVM-flasher-reference-A16.c
📦 evidence/STUSB4500-NVM-redirect-A16.html.gz
⬆︎ evidence/STUSB4500-NVM-reference-A16.c
⬆︎ evidence/STUSB4500-NVM-source-review-A16.json
📦 evidence/STUSB4500-PDO-count-A13.png
📦 evidence/STUSB4500-PRT-status-A12.png
📦 evidence/STUSB4500-RAM-request-A13.png
📦 evidence/STUSB4500-RX-guidance-A12.png
⬆︎ evidence/STUSB4500-core-header-A7.h
📦 evidence/STUSB4500-programming-guide-A12.pdf
⬆︎ evidence/STUSB4500-programming-guide-A12.txt
⬆︎ evidence/STUSB4500-reference-A7.c
📦 evidence/STUSB4500-register-map-A12.pdf
⬆︎ evidence/STUSB4500-register-map-A12.txt
⬆︎ evidence/STUSB4500-registers-A7.h
⬆︎ evidence/STUSB4500-rev3-download-A14.log
⬆︎ evidence/STUSB4500-rev3-mirror-download-A14.log
⬆︎ evidence/STUSB4500-rev3-review-A14.json
⬆︎ evidence/Samsung-C13585-A9.html
📦 evidence/TI-TPS54360-model-A22/TPS54360_PSPICE_TRANS/TPS54360_TRANS.LIB
📦 evidence/TI-TPS54360-unencrypted-A22.zip
⬆︎ evidence/TI-model-download-A22.log
⬆︎ evidence/TI-model-extract-A22.log
⬆︎ evidence/USB-IF-PD-library-A22.html
⬆︎ evidence/USB-IF-library-download-A22.log
  evidence/USB-PD-R2.0-V1.3-A22.pdf - failed
  evidence/USB-PD-R2.0-V1.3-A22.txt - failed
  evidence/USB-PD-R3.2-V1.2-A22.pdf - failed
  evidence/USB-PD-R3.2-V1.2-A22.txt - failed
  evidence/USB-PD-R3.2-V1.2-A22.zip - failed
⬆︎ evidence/USB-PD-download-A22.log
⬆︎ evidence/VALIDATION-A0.md
⬆︎ evidence/VALIDATION-A1.md
📦 evidence/YAGEO-AT-C855559-A19.pdf
⬆︎ evidence/YAGEO-AT-C855559-A19.txt
📦 evidence/YAGEO-RT-C95204-A19.pdf
⬆︎ evidence/YAGEO-RT-C95204-A19.txt
📦 evidence/Yageo-RC-L-A11.pdf
⬆︎ evidence/Yageo-RC-L-A11.txt
⬆︎ evidence/Yageo-RC-download-A11.log
⬆︎ evidence/accepted-prefix-board-format-A22.log
⬆︎ evidence/accepted-prefix-board-frozen-A22.log
⬆︎ evidence/accepted-prefix-board-install-A22.log
⬆︎ evidence/accepted-prefix-board-tests-A22.log
⬆︎ evidence/accepted-prefix-board-types-A22.log
⬆︎ evidence/accepted-prefix-fourteenth-connectivity-A22.log
⬆︎ evidence/accepted-prefix-fourteenth-connectivity-correct-config-A22.log
⬆︎ evidence/accepted-prefix-fourteenth-native-placement-A22.log
📦 evidence/accepted-prefix-fourteenth-preroute-A22.json.gz
⬆︎ evidence/accepted-prefix-fourteenth-preroute-A22.log
⬆︎ evidence/accepted-prefix-fourteenth-schema-A22.log
⬆︎ evidence/accepted-prefix-fourteenth-supplier-transforms-A22.log
⬆︎ evidence/accepted-prefix-fourteenth-targets-A22.log
⬆︎ evidence/accepted-prefix-outdated-default-audit-A19.json
⬆︎ evidence/accepted-prefix-preroute-equivalence-A22.json
⬆︎ evidence/active-audit-config-A19.json
⬆︎ evidence/active-import-audit-A10.json
⬆︎ evidence/active-import-audit-A10.log
⬆︎ evidence/active-import-audit-A11.json
⬆︎ evidence/active-import-audit-A11.log
⬆︎ evidence/active-import-audit-A19.json
⬆︎ evidence/active-import-audit-A19.log
⬆︎ evidence/active-import-audit-A22.json
⬆︎ evidence/active-import-audit-A7.json
⬆︎ evidence/active-import-audit-A7.log
⬆︎ evidence/active-import-audit-A8.json
⬆︎ evidence/active-import-audit-A8.log
⬆︎ evidence/active-import-audit-A9.json
⬆︎ evidence/active-import-audit-A9.log
⬆︎ evidence/active-import-audit-final-A7.log
⬆︎ evidence/active-import-audit-latest-A7.log
⬆︎ evidence/active-supplier-build-A7.log
⬆︎ evidence/active-supplier-build-final-A7.log
⬆︎ evidence/active-supplier-build-latest-A7.log
⬆︎ evidence/active-supplier-build-network-A7.log
⬆︎ evidence/active-supplier-fresh-import-build-A7.log
⬆︎ evidence/active-supplier-inspection-manifest-A10.json
⬆︎ evidence/active-supplier-inspection-manifest-A11.json
⬆︎ evidence/active-supplier-inspection-manifest-A19.json
⬆︎ evidence/active-supplier-inspection-manifest-A22.json
⬆︎ evidence/active-supplier-inspection-manifest-A7.json
⬆︎ evidence/active-supplier-inspection-manifest-A9.json
⬆︎ evidence/active-supplier-isolated-build-A7.log
⬆︎ evidence/adc-clock-revision-A22.log
⬆︎ evidence/adc-rearm-fault-tests-A22.log
⬆︎ evidence/adc-rearm-first-A22.log
⬆︎ evidence/adc-sensing-review-A19.json
⬆︎ evidence/adc-sensing-review-A19.log
⬆︎ evidence/all-front-labels-network-build-A22.log
⬆︎ evidence/all-front-labels-placement-A22.log
⬆︎ evidence/all-front-labels-planner-A22.log
⬆︎ evidence/all-front-labels-render-A22.log
⬆︎ evidence/all-import-audit-manufacturing-A22.log
⬆︎ evidence/all-import-builds-manufacturing-A22.log
⬆︎ evidence/all-supplier-build-latest-A7.log
⬆︎ evidence/all-supplier-build-status-A7.txt
⬆︎ evidence/all-supplier-builds-local-core-A22.log
⬆︎ evidence/alternatives-1uF.json
⬆︎ evidence/alternatives-80600.json
⬆︎ evidence/archive-dependency-reconcile-A22.log
⬆︎ evidence/archive-transitive-clean-lock-A22.log
⬆︎ evidence/archive-transitive-fresh-install-A22.log
⬆︎ evidence/archive-transitive-install-A22.log
⬆︎ evidence/artwork-clearance-audit-2-A22.log
⬆︎ evidence/artwork-clearance-audit-A22.log
⬆︎ evidence/artwork-clearance-build-2-A22.log
⬆︎ evidence/artwork-clearance-build-A22.log
⬆︎ evidence/artwork-clearance-render-2-A22.log
⬆︎ evidence/artwork-current-schema-A22.log
⬆︎ evidence/artwork-layer-render-A22.log
⬆︎ evidence/autorouter-958-install-A22.log
⬆︎ evidence/autorouter-958-transitive-install-A22.log
⬆︎ evidence/autorouter-published-version-A22.log
⬆︎ evidence/autorouter-source-clone-A22.log
⬆︎ evidence/autorouter-sparse-checkout-A22.log
⬆︎ evidence/board-format-corrections-A22.log
⬆︎ evidence/board-format-final-tooling-A22.log
⬆︎ evidence/board-format-source-fixes-A22.log
⬆︎ evidence/board-tests-source-fixes-A22.log
⬆︎ evidence/board-tooling-typecheck-A22.log
⬆︎ evidence/board-typecheck-final-tooling-A22.log
⬆︎ evidence/board-typecheck-source-fixes-A22.log
📦 evidence/bom-authoring/C18-A10.png
📦 evidence/bom-authoring/C18-A11.png
📦 evidence/bom-authoring/R68-A11.png
📦 evidence/bom-authoring/after-A10.png
📦 evidence/bom-authoring/after-A11.png
📦 evidence/bom-authoring/after-A19.png
📦 evidence/bom-authoring/after-A22.png
📦 evidence/bom-authoring/after-A7.png
📦 evidence/bom-authoring/after-A8.png
📦 evidence/bom-authoring/after-A9.png
📦 evidence/bom-authoring/before-A19.png
📦 evidence/bom-authoring/before-A22.png
📦 evidence/bom-authoring/before-A7.png
⬆︎ evidence/bom-authoring/csv-help-A19.log
⬆︎ evidence/bom-authoring/discovery-A19.log
⬆︎ evidence/bom-authoring/discovery-final-A19.log
⬆︎ evidence/bom-authoring/reconciliation-A10.json
⬆︎ evidence/bom-authoring/reconciliation-A11.json
⬆︎ evidence/bom-authoring/reconciliation-A19.json
⬆︎ evidence/bom-authoring/reconciliation-A22.json
⬆︎ evidence/bom-authoring/reconciliation-A7.json
⬆︎ evidence/bom-authoring/reconciliation-A8.json
⬆︎ evidence/bom-authoring/reconciliation-A9.json
⬆︎ evidence/bom-authoring/render-overview-A9.mjs
⬆︎ evidence/bom-authoring/render-overview.mjs
⬆︎ evidence/bom-authoring/render-sheets.mjs
⬆︎ evidence/bom-authoring/review-A8.mjs
⬆︎ evidence/bom-authoring/threshold-reconciliation-A22.json
⬆︎ evidence/bom-authoring/threshold-update-A22.log
⬆︎ evidence/bom-authoring/update-A10.log
⬆︎ evidence/bom-authoring/update-A11.log
⬆︎ evidence/bom-authoring/update-A19.log
⬆︎ evidence/bom-authoring/update-A22.log
⬆︎ evidence/bom-authoring/update-A9.log
⬆︎ evidence/bom-authoring/update-bom.mjs
⬆︎ evidence/bom-authoring/update-dump-A22.log
⬆︎ evidence/bom-fast-sensing-A22.log
⬆︎ evidence/bom-independent-audit-A7.json
⬆︎ evidence/bom-metadata-A9.json
⬆︎ evidence/breakout-layer-board-format-A22.log
⬆︎ evidence/breakout-layer-board-format-check-A22.log
⬆︎ evidence/breakout-layer-board-format-check-final-A22.log
⬆︎ evidence/breakout-layer-board-frozen-A22.log
⬆︎ evidence/breakout-layer-board-install-A22.log
⬆︎ evidence/breakout-layer-board-types-A22.log
⬆︎ evidence/breakout-layer-board-types-final-A22.log
⬆︎ evidence/breakout-layer-connectivity-A22.log
⬆︎ evidence/breakout-layer-geometry-A22.log
⬆︎ evidence/breakout-layer-native-A22.log
⬆︎ evidence/breakout-layer-prerequisites-A22.log
⬆︎ evidence/breakout-layer-preroute-A22.log
⬆︎ evidence/breakout-layer-preroute-diff-A22.json
⬆︎ evidence/breakout-layer-schema-A22.json
⬆︎ evidence/breakout-layer-schema-A22.log
⬆︎ evidence/breakout-layer-targets-A22.log
📦 evidence/breakout-layer-validated-preroute-A22.json.gz
⬆︎ evidence/buck-input-review-A9.json
⬆︎ evidence/buck-input-review-A9.log
⬆︎ evidence/buck-manufacturer-model-A14.json
⬆︎ evidence/buck-manufacturer-model-A14.log
📦 evidence/buck-manufacturer-model-A14.png
📦 evidence/buck-output-C178373-A10-ccm.png
⬆︎ evidence/buck-output-C178373-A10-review.json
📦 evidence/buck-output-C178373-A11-ccm.png
⬆︎ evidence/buck-output-C178373-A11-review.json
⬆︎ evidence/buck-output-C178373-calculation-A10.log
⬆︎ evidence/buck-output-C178373-calculation-A11.log
⬆︎ evidence/buck-output-calculation-A10.log
📦 evidence/buck-output-ccm-A10.png
⬆︎ evidence/buck-output-review-A10.json
⬆︎ evidence/buck-switching-A22/12V-20V-PWM-samples.csv
⬆︎ evidence/buck-switching-A22/12V-20V-PWM.cir
⬆︎ evidence/buck-switching-A22/12V-20V-PWM.json
⬆︎ evidence/buck-switching-A22/12V-20V-PWM.log
⬆︎ evidence/buck-switching-A22/12V-20V-step-samples.csv
⬆︎ evidence/buck-switching-A22/12V-20V-step.cir
⬆︎ evidence/buck-switching-A22/12V-20V-step.json
⬆︎ evidence/buck-switching-A22/12V-20V-step.log
⬆︎ evidence/buck-switching-A22/5V-15V-PWM-samples.csv
⬆︎ evidence/buck-switching-A22/5V-15V-PWM.cir
⬆︎ evidence/buck-switching-A22/5V-15V-PWM.json
⬆︎ evidence/buck-switching-A22/5V-15V-PWM.log
⬆︎ evidence/buck-switching-A22/5V-15V-step-samples.csv
⬆︎ evidence/buck-switching-A22/5V-15V-step.cir
⬆︎ evidence/buck-switching-A22/5V-15V-step.json
⬆︎ evidence/buck-switching-A22/5V-15V-step.log
⬆︎ evidence/buck-switching-A22/5V-20V-step-samples.csv
⬆︎ evidence/buck-switching-A22/5V-20V-step.cir
⬆︎ evidence/buck-switching-A22/5V-20V-step.json
⬆︎ evidence/buck-switching-A22/5V-20V-step.log
⬆︎ evidence/buck-switching-A22/9V-20V-step-samples.csv
⬆︎ evidence/buck-switching-A22/9V-20V-step.cir
⬆︎ evidence/buck-switching-A22/9V-20V-step.json
⬆︎ evidence/buck-switching-A22/9V-20V-step.log
⬆︎ evidence/buck-switching-A22/report.json
📦 evidence/buck-switching-A22/transients.png
⬆︎ evidence/buck-switching-baseline-A22.json
⬆︎ evidence/buck-switching-compact-A22.log
⬆︎ evidence/buck-switching-first-A22.log
⬆︎ evidence/buck-switching-review-A22.log
⬆︎ evidence/build-help-A22.txt
⬆︎ evidence/build-help-A7.txt
⬆︎ evidence/build.log
⬆︎ evidence/bun-runtime-candidate-A22.json
⬆︎ evidence/bun142-board-tests-A22.log
⬆︎ evidence/bun142-board-types-A22.log
⬆︎ evidence/bun142-final-board-format-A22.log
⬆︎ evidence/bun142-firmware-build-A22.log
⬆︎ evidence/candidate-C1849461.json
⬆︎ evidence/candidate-C1850278.json
⬆︎ evidence/candidate-C2109.json
⬆︎ evidence/candidate-C22967.json
⬆︎ evidence/candidate-C23186.json
⬆︎ evidence/candidate-C23255.json
⬆︎ evidence/candidate-C28322.json
⬆︎ evidence/candidate-C2867932.json
⬆︎ evidence/candidate-C2986030.json
⬆︎ evidence/candidate-C5137478.json
⬆︎ evidence/candidate-C5370002.json
⬆︎ evidence/candidate-C7420353.json
⬆︎ evidence/candidate-C77083.json
⬆︎ evidence/candidate-C844918.json
⬆︎ evidence/cap-220.json
⬆︎ evidence/cap-223.json
⬆︎ evidence/cap-226.json
⬆︎ evidence/cap-227.json
⬆︎ evidence/cap-390.json
⬆︎ evidence/cap-476.json
⬆︎ evidence/cap-562.json
⬆︎ evidence/cap-682.json
⬆︎ evidence/catalog-C160871-A2.html
⬆︎ evidence/catalog-C221831-A2.html
⬆︎ evidence/catalog-C2857677-A2.html
⬆︎ evidence/check-netlist.log
⬆︎ evidence/check-pin_specification.log
⬆︎ evidence/check-placement.log
⬆︎ evidence/check-results-A1.json
⬆︎ evidence/check-results-A2.json
⬆︎ evidence/check-schematic-placement.log
⬆︎ evidence/check-source.log
⬆︎ evidence/checks-packaged-core-A22.log
⬆︎ evidence/circuit-schema-A22.json
⬆︎ evidence/clean-install-final-A5.log
⬆︎ evidence/clean-reinstall-A5.log
⬆︎ evidence/clean-reinstall-retry-A5.log
⬆︎ evidence/cli-latest-2026-10-02.json
⬆︎ evidence/cmsis-host-complete-A18.log
⬆︎ evidence/cmsis-host-normal-A18.log
⬆︎ evidence/cmsis-host-probe-A18.log
⬆︎ evidence/commit-A11.log
⬆︎ evidence/commit-bookkeeping-A10.log
⬆︎ evidence/connectivity-final-preroute-A22.log
⬆︎ evidence/contact-placement-A22.log
⬆︎ evidence/contact-placement-planner-A22.log
⬆︎ evidence/contact-placement-planner-second-A22.log
⬆︎ evidence/coordinate-audit-A9.log
⬆︎ evidence/coordinate-audit-recheck-A9.log
⬆︎ evidence/coordinate-build-A9.log
⬆︎ evidence/coordinate-probe-build-A7.log
⬆︎ evidence/coordinate-serialization-A7.json
⬆︎ evidence/coordinate-serialization-A7.log
⬆︎ evidence/coordinate-serialization-A8.json
⬆︎ evidence/coordinate-serialization-A8.log
⬆︎ evidence/coordinate-serialization-A9.json
⬆︎ evidence/coordinate-serialization-probe-A12.circuit.json
⬆︎ evidence/copper-geometry-format-A22.log
⬆︎ evidence/copper-geometry-tests-A22.log
⬆︎ evidence/copper-net-map-A22.json
⬆︎ evidence/copper-net-map-A22.log
⬆︎ evidence/core-2075-board-tests-A22.log
⬆︎ evidence/core-2075-board-types-A22.log
⬆︎ evidence/core-2075-frozen-A22.log
⬆︎ evidence/core-2075-install-A22.log
⬆︎ evidence/core-2076-install-A22.log
⬆︎ evidence/core-2077-frozen-A22.log
⬆︎ evidence/core-2077-install-A22.log
⬆︎ evidence/core-2077-pack-A22.log
⬆︎ evidence/core-2078-frozen-A22.log
⬆︎ evidence/core-2078-install-A22.log
⬆︎ evidence/core-2078-pack-A22.log
⬆︎ evidence/core-2079-frozen-A22.log
⬆︎ evidence/core-2079-install-A22.log
⬆︎ evidence/core-2079-pack-A22.log
⬆︎ evidence/core-baseline-types-A9.log
⬆︎ evidence/core-coordinate-build-A9.log
⬆︎ evidence/core-coordinate-fix-A9.patch
⬆︎ evidence/core-coordinate-format-A9.log
⬆︎ evidence/core-coordinate-regression-after-A9.log
⬆︎ evidence/core-coordinate-regression-before-A9.log
⬆︎ evidence/core-coordinate-suite-A9.log
⬆︎ evidence/core-coordinate-types-A9.log
⬆︎ evidence/core-custom-port-build-A22.log
⬆︎ evidence/core-custom-port-format-A22.log
⬆︎ evidence/core-custom-port-pack-A22.log
⬆︎ evidence/core-custom-port-regressions-A22.log
⬆︎ evidence/core-custom-port-selector-baseline-A22.log
⬆︎ evidence/core-custom-port-selector-fix-A22.log
⬆︎ evidence/core-custom-port-types-A22.log
⬆︎ evidence/core-custom-port-types-final-A22.log
⬆︎ evidence/core-custom-symbol-board-build-A22.log
⬆︎ evidence/core-custom-symbol-board-install-A22.log
⬆︎ evidence/core-custom-symbol-build-A22.log
⬆︎ evidence/core-custom-symbol-compatibility-A22.log
⬆︎ evidence/core-custom-symbol-format-A22.log
⬆︎ evidence/core-custom-symbol-label-build-A22.log
⬆︎ evidence/core-custom-symbol-label-check-A22.log
⬆︎ evidence/core-custom-symbol-negative-regression-A22.log
⬆︎ evidence/core-custom-symbol-pack-A22.log
⬆︎ evidence/core-custom-symbol-pack-final-A22.log
⬆︎ evidence/core-custom-symbol-positive-final-A22.log
⬆︎ evidence/core-custom-symbol-positive-regression-A22.log
⬆︎ evidence/core-custom-symbol-product-check-A22.log
⬆︎ evidence/core-custom-symbol-regression-A22.log
⬆︎ evidence/core-custom-symbol-schematic-check-A22.log
⬆︎ evidence/core-custom-symbol-sheet-render-A22.log
📦 evidence/core-custom-symbol-snapshot-A22.png
⬆︎ evidence/core-custom-symbol-snapshot-final-A22.log
⬆︎ evidence/core-custom-symbol-typecheck-A22.log
⬆︎ evidence/core-custom-symbol-typecheck-final-A22.log
⬆︎ evidence/core-dependency-clone-A22.log
⬆︎ evidence/core-dependency-git-read-A22.log
⬆︎ evidence/core-diagnostic-declared-deps-A9.log
⬆︎ evidence/core-diagnostic-runtime-install-A9.log
⬆︎ evidence/core-diagnostic-tools-install-A9.log
⬆︎ evidence/core-diagnostic-types-install-A9.log
⬆︎ evidence/core-fanout-build-A22.log
⬆︎ evidence/core-fanout-compat-A22.log
⬆︎ evidence/core-fanout-compat-final-A22.log
⬆︎ evidence/core-fanout-format-A22.log
⬆︎ evidence/core-fanout-negative-A22.log
⬆︎ evidence/core-fanout-positive-A22.log
⬆︎ evidence/core-fanout-remote-compat-A22.log
⬆︎ evidence/core-fanout-schema-build-A22.log
⬆︎ evidence/core-fanout-schema-compat-A22.log
⬆︎ evidence/core-fanout-schema-diagnostic-A22.log
⬆︎ evidence/core-fanout-schema-format-A22.log
⬆︎ evidence/core-fanout-schema-negative-A22.log
⬆︎ evidence/core-fanout-schema-positive-A22.log
⬆︎ evidence/core-fanout-schema-types-A22.log
⬆︎ evidence/core-fanout-selector-compat-A22.log
⬆︎ evidence/core-fanout-selector-final-A22.log
⬆︎ evidence/core-fanout-types-A22.log
⬆︎ evidence/core-fanout-types-final-A22.log
⬆︎ evidence/core-hole-format-A22.log
📦 evidence/core-hole-regression-A22.png
⬆︎ evidence/core-hole-regression-baseline-A22.log
⬆︎ evidence/core-hole-regression-fixed-A22.log
⬆︎ evidence/core-hole-suite-A22.log
⬆︎ evidence/core-manufacturing-build-A22.log
⬆︎ evidence/core-manufacturing-build-final-A22.log
⬆︎ evidence/core-manufacturing-install-A22.log
⬆︎ evidence/core-manufacturing-install-direct-exact-A22.log
⬆︎ evidence/core-manufacturing-install-local-exact-A22.log
⬆︎ evidence/core-manufacturing-install-retry-A22.log
⬆︎ evidence/core-manufacturing-install-verbose-A22.log
⬆︎ evidence/core-manufacturing-npm-install-A22.log
⬆︎ evidence/core-manufacturing-npm-pinned-A22.log
⬆︎ evidence/core-manufacturing-npm-retry-A22.log
⬆︎ evidence/core-manufacturing-pack-final-A22.log
⬆︎ evidence/core-manufacturing-regressions-A22.log
⬆︎ evidence/core-manufacturing-typecheck-A22.log
⬆︎ evidence/core-manufacturing-typecheck-final-A22.log
⬆︎ evidence/core-manufacturing-typecheck-new-A22.log
⬆︎ evidence/core-manufacturing-yalc-add-A22.log
⬆︎ evidence/core-manufacturing-yalc-publish-A22.log
⬆︎ evidence/core-manufacturing-yalc-remove-A22.log
⬆︎ evidence/core-mounting-hole-test-first-A22.log
⬆︎ evidence/core-mounting-hole-test-second-A22.log
⬆︎ evidence/core-new-archive-install-A22.log
⬆︎ evidence/core-official-restore-A9.log
⬆︎ evidence/core-original-package-A9.json
⬆︎ evidence/core-package-archive-A22.log
⬆︎ evidence/core-package-source-archive-A22.log
⬆︎ evidence/core-package-source-archive-local-cache-A22.log
⬆︎ evidence/core-paste-format-A22.log
📦 evidence/core-paste-regression-A22.png
⬆︎ evidence/core-phase-isolation-frozen-A22.log
⬆︎ evidence/core-phase-isolation-install-A22.log
⬆︎ evidence/core-props-yalc-remove-A22.log
⬆︎ evidence/core-published-head-A22.json
⬆︎ evidence/core-release-archive-install-A22.log
⬆︎ evidence/core-release-archive-install-retry-A22.log
⬆︎ evidence/core-release-build-A22.log
⬆︎ evidence/core-release-fetch-A22.log
⬆︎ evidence/core-release-hole-suite-A22.log
⬆︎ evidence/core-release-hole-suite-complete-A22.log
⬆︎ evidence/core-release-install-A22.log
⬆︎ evidence/core-release-typecheck-A22.log
⬆︎ evidence/core-release-yalc-add-A22.log
⬆︎ evidence/core-release-yalc-publish-A22.log
⬆︎ evidence/core-release-yalc-remove-A22.log
⬆︎ evidence/core-rotation-dependency-install-A22.log
⬆︎ evidence/core-rotation-dependency-install-legacy-A22.log
⬆︎ evidence/core-rotation-local-props-2-A22.log
⬆︎ evidence/core-rotation-local-props-A22.log
⬆︎ evidence/core-route-net-build-A22.log
⬆︎ evidence/core-route-net-compat-A22.log
⬆︎ evidence/core-route-net-format-A22.log
⬆︎ evidence/core-route-net-negative-A22.log
⬆︎ evidence/core-route-net-positive-A22.log
⬆︎ evidence/core-route-net-types-A22.log
⬆︎ evidence/core-router-cache-build-A22.log
⬆︎ evidence/core-router-cache-compatibility2-A22.log
⬆︎ evidence/core-router-cache-final-types-A22.log
⬆︎ evidence/core-router-cache-pack-A22.log
⬆︎ evidence/core-router-cache-regressions-A22.log
⬆︎ evidence/core-router-format-A22.log
⬆︎ evidence/core-router-negative-baseline-A22.log
⬆︎ evidence/core-router-remote-compatible-A22.log
⬆︎ evidence/core-router-settings-first-A22.log
⬆︎ evidence/core-routing-cache-typecheck-A22.log
⬆︎ evidence/core-silk-baseline-A22.log
⬆︎ evidence/core-silk-fixed-A22.log
⬆︎ evidence/core-silk-format-A22.log
📦 evidence/core-silk-regression-A22.png
⬆︎ evidence/core-source-clone-A9.log
⬆︎ evidence/core-source-fix-A22/FanoutAutorouter-before-physical-pad-match.ts.txt
⬆︎ evidence/core-source-fix-A22/NormalComponent_rotateCustomSchematicSymbol.ts.txt
⬆︎ evidence/core-source-fix-A22/accepted-prefix-core-build.log
⬆︎ evidence/core-source-fix-A22/accepted-prefix-core-compatibility.log
⬆︎ evidence/core-source-fix-A22/accepted-prefix-core-install.log
⬆︎ evidence/core-source-fix-A22/accepted-prefix-core-pack.log
⬆︎ evidence/core-source-fix-A22/accepted-prefix-core-types.log
⬆︎ evidence/core-source-fix-A22/board-mounted-hole-schema-pcb.snap.svg
⬆︎ evidence/core-source-fix-A22/board-mounted-hole-schema.test.tsx.txt
⬆︎ evidence/core-source-fix-A22/board-plated-hole-solder-paste-pcb.snap.svg
⬆︎ evidence/core-source-fix-A22/board-plated-hole-solder-paste.test.tsx.txt
⬆︎ evidence/core-source-fix-A22/board-silkscreen-schema-pcb.snap.svg
⬆︎ evidence/core-source-fix-A22/board-silkscreen-schema.test.tsx.txt
⬆︎ evidence/core-source-fix-A22/breakout-layer-core-all-breakout-A22.log
⬆︎ evidence/core-source-fix-A22/breakout-layer-core-all-breakout-accepted-A22.log
⬆︎ evidence/core-source-fix-A22/breakout-layer-core-all-breakout-refined-A22.log
⬆︎ evidence/core-source-fix-A22/breakout-layer-core-build-A22.log
⬆︎ evidence/core-source-fix-A22/breakout-layer-core-build-final-A22.log
⬆︎ evidence/core-source-fix-A22/breakout-layer-core-compatibility-A22.log
⬆︎ evidence/core-source-fix-A22/breakout-layer-core-compatibility-accepted-A22.log
⬆︎ evidence/core-source-fix-A22/breakout-layer-core-format-A22.log
⬆︎ evidence/core-source-fix-A22/breakout-layer-core-local-ownership-A22.log
⬆︎ evidence/core-source-fix-A22/breakout-layer-core-local-ownership-accepted-A22.log
⬆︎ evidence/core-source-fix-A22/breakout-layer-core-negative-A22.log
⬆︎ evidence/core-source-fix-A22/breakout-layer-core-negative-resolved-A22.log
⬆︎ evidence/core-source-fix-A22/breakout-layer-core-pack-A22.log
⬆︎ evidence/core-source-fix-A22/breakout-layer-core-positive-A22.log
⬆︎ evidence/core-source-fix-A22/breakout-layer-core-props-install-A22.log
⬆︎ evidence/core-source-fix-A22/breakout-layer-core-props-install-exact-archive-A22.log
⬆︎ evidence/core-source-fix-A22/breakout-layer-core-props-install-verified-archives-A22.log
⬆︎ evidence/core-source-fix-A22/breakout-layer-core-snapshot-candidates-A22.log
⬆︎ evidence/core-source-fix-A22/breakout-layer-core-types-A22.log
⬆︎ evidence/core-source-fix-A22/breakout-layer-core-types-accepted-final-A22.log
⬆︎ evidence/core-source-fix-A22/breakout-layer-core-types-final-A22.log
⬆︎ evidence/core-source-fix-A22/breakout-layer-exact-dependency-commits-A22.json
⬆︎ evidence/core-source-fix-A22/breakout-layer-phase-ownership-format-A22.log
⬆︎ evidence/core-source-fix-A22/breakout-layer-phase-ownership-format-accepted-A22.log
⬆︎ evidence/core-source-fix-A22/breakout-layer-phase-ownership-format-final-A22.log
⬆︎ evidence/core-source-fix-A22/breakout-layer-phases-A22.log
⬆︎ evidence/core-source-fix-A22/breakout-layer-props-build-A22.log
⬆︎ evidence/core-source-fix-A22/breakout-layer-props-dependencies-A22.log
⬆︎ evidence/core-source-fix-A22/breakout-layer-props-format-A22.log
⬆︎ evidence/core-source-fix-A22/breakout-layer-props-format-canonical-A22.log
⬆︎ evidence/core-source-fix-A22/breakout-layer-props-generate-manual-A22.log
⬆︎ evidence/core-source-fix-A22/breakout-layer-props-generate-manual-accepted-A22.log
⬆︎ evidence/core-source-fix-A22/breakout-layer-props-generate-overview-A22.log
⬆︎ evidence/core-source-fix-A22/breakout-layer-props-generate-readme-A22.log
⬆︎ evidence/core-source-fix-A22/breakout-layer-props-generate-readme-accepted-A22.log
⬆︎ evidence/core-source-fix-A22/breakout-layer-props-generate-types-A22.log
⬆︎ evidence/core-source-fix-A22/breakout-layer-props-negative-A22.log
⬆︎ evidence/core-source-fix-A22/breakout-layer-props-pack-A22.log
⬆︎ evidence/core-source-fix-A22/breakout-layer-props-positive-A22.log
⬆︎ evidence/core-source-fix-A22/breakout-layer-props-tests-A22.log
⬆︎ evidence/core-source-fix-A22/breakout-layer-props-types-A22.log
⬆︎ evidence/core-source-fix-A22/breakout-layer-props-types-accepted-A22.log
⬆︎ evidence/core-source-fix-A22/breakout-layer-props.test.ts.txt
📦 evidence/core-source-fix-A22/breakout-layer-snapshot-A22.png
📦 evidence/core-source-fix-A22/breakout-layer-snapshot-review/autoplaced-breakoutpoints1-after.png
⬆︎ evidence/core-source-fix-A22/breakout-layer-snapshot-review/autoplaced-breakoutpoints1-after.svg
📦 evidence/core-source-fix-A22/breakout-layer-snapshot-review/autoplaced-breakoutpoints1-before.png
⬆︎ evidence/core-source-fix-A22/breakout-layer-snapshot-review/autoplaced-breakoutpoints1-before.svg
⬆︎ evidence/core-source-fix-A22/breakout-layer-snapshot-review/bindings.json
📦 evidence/core-source-fix-A22/breakout-layer-snapshot-review/breakout-qfp16-with-header-and-passives-after.png
⬆︎ evidence/core-source-fix-A22/breakout-layer-snapshot-review/breakout-qfp16-with-header-and-passives-after.svg
📦 evidence/core-source-fix-A22/breakout-layer-snapshot-review/breakout-qfp16-with-header-and-passives-before.png
⬆︎ evidence/core-source-fix-A22/breakout-layer-snapshot-review/breakout-qfp16-with-header-and-passives-before.svg
📦 evidence/core-source-fix-A22/breakout-layer-snapshot-review/breakout-sot23-regulator-power-rail-after.png
⬆︎ evidence/core-source-fix-A22/breakout-layer-snapshot-review/breakout-sot23-regulator-power-rail-after.svg
📦 evidence/core-source-fix-A22/breakout-layer-snapshot-review/breakout-sot23-regulator-power-rail-before.png
⬆︎ evidence/core-source-fix-A22/breakout-layer-snapshot-review/breakout-sot23-regulator-power-rail-before.svg
📦 evidence/core-source-fix-A22/breakout-layer-snapshot-review/breakoutpoint-route-after.png
⬆︎ evidence/core-source-fix-A22/breakout-layer-snapshot-review/breakoutpoint-route-after.svg
📦 evidence/core-source-fix-A22/breakout-layer-snapshot-review/breakoutpoint-route-before.png
⬆︎ evidence/core-source-fix-A22/breakout-layer-snapshot-review/breakoutpoint-route-before.svg
📦 evidence/core-source-fix-A22/breakout-layer-snapshot-review/fanout-soic8-sensor-to-i2c-header-after.png
⬆︎ evidence/core-source-fix-A22/breakout-layer-snapshot-review/fanout-soic8-sensor-to-i2c-header-after.svg
📦 evidence/core-source-fix-A22/breakout-layer-snapshot-review/fanout-soic8-sensor-to-i2c-header-before.png
⬆︎ evidence/core-source-fix-A22/breakout-layer-snapshot-review/fanout-soic8-sensor-to-i2c-header-before.svg
📦 evidence/core-source-fix-A22/breakout-layer-snapshot-review/fanoutpoint-chip-route-after.png
⬆︎ evidence/core-source-fix-A22/breakout-layer-snapshot-review/fanoutpoint-chip-route-after.svg
📦 evidence/core-source-fix-A22/breakout-layer-snapshot-review/fanoutpoint-chip-route-before.png
⬆︎ evidence/core-source-fix-A22/breakout-layer-snapshot-review/fanoutpoint-chip-route-before.svg
📦 evidence/core-source-fix-A22/breakout-layer-snapshot-review/manualplaced-breakoutpoint-after.png
⬆︎ evidence/core-source-fix-A22/breakout-layer-snapshot-review/manualplaced-breakoutpoint-after.svg
📦 evidence/core-source-fix-A22/breakout-layer-snapshot-review/manualplaced-breakoutpoint-before.png
⬆︎ evidence/core-source-fix-A22/breakout-layer-snapshot-review/manualplaced-breakoutpoint-before.svg
📦 evidence/core-source-fix-A22/breakout-layer-snapshot-review/soic8-srj-after.png
⬆︎ evidence/core-source-fix-A22/breakout-layer-snapshot-review/soic8-srj-after.svg
📦 evidence/core-source-fix-A22/breakout-layer-snapshot-review/soic8-srj-before.png
⬆︎ evidence/core-source-fix-A22/breakout-layer-snapshot-review/soic8-srj-before.svg
⬆︎ evidence/core-source-fix-A22/breakoutpoint-target-layer-pcb.snap.svg
⬆︎ evidence/core-source-fix-A22/breakoutpoint-target-layer.test.tsx.txt
⬆︎ evidence/core-source-fix-A22/bun142-core-compatibility.log
⬆︎ evidence/core-source-fix-A22/core-A22-final.patch
⬆︎ evidence/core-source-fix-A22/core.patch
⬆︎ evidence/core-source-fix-A22/custom-symbol-rotation-schematic.snap.svg
⬆︎ evidence/core-source-fix-A22/custom-symbol-rotation.test.tsx.txt
⬆︎ evidence/core-source-fix-A22/development-package-lock.json
⬆︎ evidence/core-source-fix-A22/dogbone-plane-build-A22.log
⬆︎ evidence/core-source-fix-A22/dogbone-plane-build-accepted-A22.log
⬆︎ evidence/core-source-fix-A22/dogbone-plane-build-final-A22.log
⬆︎ evidence/core-source-fix-A22/dogbone-plane-compatibility-A22.log
⬆︎ evidence/core-source-fix-A22/dogbone-plane-drop-phase-isolation-pcb.snap.svg
⬆︎ evidence/core-source-fix-A22/dogbone-plane-drop-phase-isolation.test.tsx.txt
⬆︎ evidence/core-source-fix-A22/dogbone-plane-edge-test-format-A22.log
⬆︎ evidence/core-source-fix-A22/dogbone-plane-final-compatibility-A22.log
⬆︎ evidence/core-source-fix-A22/dogbone-plane-final-negative-A22.log
⬆︎ evidence/core-source-fix-A22/dogbone-plane-final-tests-A22.log
⬆︎ evidence/core-source-fix-A22/dogbone-plane-format-A22.log
⬆︎ evidence/core-source-fix-A22/dogbone-plane-format-final-A22.log
⬆︎ evidence/core-source-fix-A22/dogbone-plane-negative-A22.log
⬆︎ evidence/core-source-fix-A22/dogbone-plane-offset-accepted-A22.log
⬆︎ evidence/core-source-fix-A22/dogbone-plane-offset-compatibility-A22.log
⬆︎ evidence/core-source-fix-A22/dogbone-plane-offset-final-A22.log
⬆︎ evidence/core-source-fix-A22/dogbone-plane-offset-format-A22.log
⬆︎ evidence/core-source-fix-A22/dogbone-plane-pack-A22.log
⬆︎ evidence/core-source-fix-A22/dogbone-plane-pack-final-A22.log
⬆︎ evidence/core-source-fix-A22/dogbone-plane-phases-A22.log
⬆︎ evidence/core-source-fix-A22/dogbone-plane-positive-A22.log
⬆︎ evidence/core-source-fix-A22/dogbone-plane-positive2-A22.log
📦 evidence/core-source-fix-A22/dogbone-plane-snapshot-A22.png
⬆︎ evidence/core-source-fix-A22/dogbone-plane-types-A22.log
⬆︎ evidence/core-source-fix-A22/dogbone-plane-types-accepted-A22.log
⬆︎ evidence/core-source-fix-A22/dogbone-plane-types-accepted-final-A22.log
⬆︎ evidence/core-source-fix-A22/dogbone-plane-types-final-A22.log
⬆︎ evidence/core-source-fix-A22/dogbone-plane-types-release-A22.log
⬆︎ evidence/core-source-fix-A22/drill-corner-core-build.log
⬆︎ evidence/core-source-fix-A22/drill-corner-core-compatibility.log
⬆︎ evidence/core-source-fix-A22/drill-corner-core-install.log
⬆︎ evidence/core-source-fix-A22/drill-corner-core-pack.log
⬆︎ evidence/core-source-fix-A22/drill-corner-core-types.log
⬆︎ evidence/core-source-fix-A22/fixed-taper-all-breakout-A22.log
📦 evidence/core-source-fix-A22/fixed-taper-envelope-A22.png
⬆︎ evidence/core-source-fix-A22/fixed-taper-source-build-A22.log
⬆︎ evidence/core-source-fix-A22/fixed-taper-source-compatibility-A22.log
⬆︎ evidence/core-source-fix-A22/fixed-taper-source-format-A22.log
⬆︎ evidence/core-source-fix-A22/fixed-taper-source-format-final-A22.log
⬆︎ evidence/core-source-fix-A22/fixed-taper-source-negative-A22.log
⬆︎ evidence/core-source-fix-A22/fixed-taper-source-pack-A22.log
⬆︎ evidence/core-source-fix-A22/fixed-taper-source-positive-A22.log
⬆︎ evidence/core-source-fix-A22/fixed-taper-source-positive-final-A22.log
⬆︎ evidence/core-source-fix-A22/fixed-taper-source-types-A22.log
⬆︎ evidence/core-source-fix-A22/fixed-taper-source-types-final-A22.log
⬆︎ evidence/core-source-fix-A22/fixed-taper-test-format-A22.log
⬆︎ evidence/core-source-fix-A22/fixed-taper-test-format-final-A22.log
⬆︎ evidence/core-source-fix-A22/pcb-edge-positioning-with-calc-and-notes.test.tsx.txt
📦 evidence/core-source-fix-A22/physical-pad-direction.png
⬆︎ evidence/core-source-fix-A22/physical-pad-match-compatibility-escalated.log
⬆︎ evidence/core-source-fix-A22/physical-pad-match-compatibility.log
⬆︎ evidence/core-source-fix-A22/physical-pad-match-format.log
⬆︎ evidence/core-source-fix-A22/physical-pad-match-negative.log
⬆︎ evidence/core-source-fix-A22/physical-pad-match-positive.log
⬆︎ evidence/core-source-fix-A22/physical-plane-build.log
⬆︎ evidence/core-source-fix-A22/physical-plane-compatibility.log
⬆︎ evidence/core-source-fix-A22/physical-plane-format.log
⬆︎ evidence/core-source-fix-A22/physical-plane-install.log
⬆︎ evidence/core-source-fix-A22/physical-plane-pack.log
⬆︎ evidence/core-source-fix-A22/physical-plane-types.log
⬆︎ evidence/core-source-fix-A22/props-A22-final.patch
⬆︎ evidence/core-source-fix-A22/provenance.json
⬆︎ evidence/core-source-fix-A22/reverse-pcb-trace-route.test.ts.txt
⬆︎ evidence/core-source-fix-A22/reverse-via-all-breakout-A22.log
⬆︎ evidence/core-source-fix-A22/reverse-via-all-breakout-accepted-A22.log
⬆︎ evidence/core-source-fix-A22/reverse-via-canonical-original-negative-A22.log
⬆︎ evidence/core-source-fix-A22/reverse-via-canonical-positive-compatibility-A22.log
⬆︎ evidence/core-source-fix-A22/reverse-via-layer-route.test.ts.txt
⬆︎ evidence/core-source-fix-A22/reverse-via-original-function.ts.txt
⬆︎ evidence/core-source-fix-A22/reverse-via-original-negative-A22.log
⬆︎ evidence/core-source-fix-A22/reverse-via-pack-A22.log
⬆︎ evidence/core-source-fix-A22/reverse-via-pack-task-cache-A22.log
⬆︎ evidence/core-source-fix-A22/reverse-via-positive-compatibility-A22.log
⬆︎ evidence/core-source-fix-A22/reverse-via-source-build-A22.log
⬆︎ evidence/core-source-fix-A22/reverse-via-source-build-final-A22.log
⬆︎ evidence/core-source-fix-A22/reverse-via-source-format-A22.log
⬆︎ evidence/core-source-fix-A22/reverse-via-source-format-final-A22.log
⬆︎ evidence/core-source-fix-A22/reverse-via-source-types-A22.log
⬆︎ evidence/core-source-fix-A22/reverse-via-source-types-final-A22.log
⬆︎ evidence/core-source-fix-A22/with-fixed-trace-taper-envelope-pcb.snap.svg
⬆︎ evidence/core-source-fix-A22/with-fixed-trace-taper-envelope.test.ts.txt
⬆︎ evidence/core-source-fix-A22/with-fixed-traces-original.ts.txt
⬆︎ evidence/core-source-install-A9.log
⬆︎ evidence/core-source-install-git-transport-A9.log
⬆︎ evidence/core-source-install-network-A9.log
⬆︎ evidence/core-source-install-production-A9.log
⬆︎ evidence/core-supplier-cache-compatibility-A22.log
⬆︎ evidence/core-symbol-scope-baseline-A22.log
⬆︎ evidence/core-typecheck-comparison-A9.json
⬆︎ evidence/core-yalc-add-A9.log
⬆︎ evidence/core-yalc-publish-A9.log
⬆︎ evidence/core-yalc-remove-A9.log
⬆︎ evidence/current-import-audit-A22.log
⬆︎ evidence/current-import-builds-A22.log
⬆︎ evidence/current-import-builds-A22/C10214.log
⬆︎ evidence/current-import-builds-A22/C138687.log
⬆︎ evidence/current-import-builds-A22/C14663.log
⬆︎ evidence/current-import-builds-A22/C1653.log
⬆︎ evidence/current-import-builds-A22/C165948.log
⬆︎ evidence/current-import-builds-A22/C178373.log
⬆︎ evidence/current-import-builds-A22/C181239.log
⬆︎ evidence/current-import-builds-A22/C1849461.log
⬆︎ evidence/current-import-builds-A22/C1855818.log
⬆︎ evidence/current-import-builds-A22/C19666.log
⬆︎ evidence/current-import-builds-A22/C2074262.log
⬆︎ evidence/current-import-builds-A22/C20917.log
⬆︎ evidence/current-import-builds-A22/C2103.log
⬆︎ evidence/current-import-builds-A22/C2109.log
⬆︎ evidence/current-import-builds-A22/C21122.log
⬆︎ evidence/current-import-builds-A22/C211759.log
⬆︎ evidence/current-import-builds-A22/C21190.log
⬆︎ evidence/current-import-builds-A22/C22452.log
⬆︎ evidence/current-import-builds-A22/C22790.log
⬆︎ evidence/current-import-builds-A22/C22815.log
⬆︎ evidence/current-import-builds-A22/C22935.log
⬆︎ evidence/current-import-builds-A22/C22956.log
⬆︎ evidence/current-import-builds-A22/C22967.log
⬆︎ evidence/current-import-builds-A22/C22975.log
⬆︎ evidence/current-import-builds-A22/C23138.log
⬆︎ evidence/current-import-builds-A22/C23162.log
⬆︎ evidence/current-import-builds-A22/C23186.log
⬆︎ evidence/current-import-builds-A22/C23215.log
⬆︎ evidence/current-import-builds-A22/C23348.log
⬆︎ evidence/current-import-builds-A22/C23892.log
⬆︎ evidence/current-import-builds-A22/C25803.log
⬆︎ evidence/current-import-builds-A22/C25890.log
⬆︎ evidence/current-import-builds-A22/C2678061.log
⬆︎ evidence/current-import-builds-A22/C285788.log
⬆︎ evidence/current-import-builds-A22/C2906768.log
⬆︎ evidence/current-import-builds-A22/C2986030.log
⬆︎ evidence/current-import-builds-A22/C2991665.log
⬆︎ evidence/current-import-builds-A22/C3293142.log
⬆︎ evidence/current-import-builds-A22/C395849.log
⬆︎ evidence/current-import-builds-A22/C403725.log
⬆︎ evidence/current-import-builds-A22/C4184.log
⬆︎ evidence/current-import-builds-A22/C440183.log
⬆︎ evidence/current-import-builds-A22/C44377.log
⬆︎ evidence/current-import-builds-A22/C468238.log
⬆︎ evidence/current-import-builds-A22/C477999.log
⬆︎ evidence/current-import-builds-A22/C529330.log
⬆︎ evidence/current-import-builds-A22/C53444.log
⬆︎ evidence/current-import-builds-A22/C5710902.log
⬆︎ evidence/current-import-builds-A22/C57112.log
⬆︎ evidence/current-import-builds-A22/C67470.log
⬆︎ evidence/current-import-builds-A22/C6986.log
⬆︎ evidence/current-import-builds-A22/C7420353.log
⬆︎ evidence/current-import-builds-A22/C77083.log
⬆︎ evidence/current-import-builds-A22/C844918.log
⬆︎ evidence/current-import-builds-A22/C855559.log
⬆︎ evidence/current-import-builds-A22/C8598.log
⬆︎ evidence/current-import-builds-A22/C908270.log
⬆︎ evidence/current-import-builds-A22/C95204.log
⬆︎ evidence/current-import-builds-A22/report.json
⬆︎ evidence/current-placement-connectivity-A22.log
⬆︎ evidence/current-plain-layer-render-A22.log
⬆︎ evidence/current-power-review-A4.json
⬆︎ evidence/current-power-review-A4.log
⬆︎ evidence/dailywell-1m-final-build-A6.log
⬆︎ evidence/dailywell-1m-final-netlist-A6.log
⬆︎ evidence/dailywell-1m-import-probe-latest-build-A4.log
⬆︎ evidence/dailywell-1m-pin_specification-A4.log
⬆︎ evidence/dailywell-1m-pin_specification-A5.log
⬆︎ evidence/dailywell-1m-pin_specification-A6.log
⬆︎ evidence/dailywell-1m-placement-A4.log
⬆︎ evidence/dailywell-1m-placement-A5.log
⬆︎ evidence/dailywell-1m-placement-A6.log
⬆︎ evidence/dailywell-1m-schematic-placement-A4.log
⬆︎ evidence/dailywell-1m-schematic-placement-A5.log
⬆︎ evidence/dailywell-1m-schematic-placement-A6.log
⬆︎ evidence/dailywell-1m-source-A4.log
⬆︎ evidence/dailywell-1m-source-A5.log
⬆︎ evidence/dailywell-1m-source-A6.log
⬆︎ evidence/dailywell-2m-final-build-A6.log
⬆︎ evidence/dailywell-2m-final-netlist-A6.log
⬆︎ evidence/dailywell-2m-import-probe-latest-build-A4.log
⬆︎ evidence/dailywell-2m-pin_specification-A4.log
⬆︎ evidence/dailywell-2m-pin_specification-A5.log
⬆︎ evidence/dailywell-2m-pin_specification-A6.log
⬆︎ evidence/dailywell-2m-placement-A4.log
⬆︎ evidence/dailywell-2m-placement-A5.log
⬆︎ evidence/dailywell-2m-placement-A6.log
⬆︎ evidence/dailywell-2m-schematic-placement-A4.log
⬆︎ evidence/dailywell-2m-schematic-placement-A5.log
⬆︎ evidence/dailywell-2m-schematic-placement-A6.log
⬆︎ evidence/dailywell-2m-source-A4.log
⬆︎ evidence/dailywell-2m-source-A5.log
⬆︎ evidence/dailywell-2m-source-A6.log
⬆︎ evidence/dailywell-warning-review-A6.json
⬆︎ evidence/dependency-update-A1.log
⬆︎ evidence/diff-check-A19.log
⬆︎ evidence/discharge-audit-config-A11.json
⬆︎ evidence/discharge-calculation-A11.log
⬆︎ evidence/discharge-import-audit-A11.json
⬆︎ evidence/discharge-import-audit-A11.log
⬆︎ evidence/discharge-inspection-manifest-A11.json
⬆︎ evidence/discharge-review-A11.json
⬆︎ evidence/disk-failure-full-build-A19.log
⬆︎ evidence/disk-failure-main-netlist-A19.log
⬆︎ evidence/disk-failure-main-pin_specification-A19.log
⬆︎ evidence/disk-failure-main-placement-A19.log
⬆︎ evidence/disk-failure-main-placement-explicit-A19.log
⬆︎ evidence/disk-failure-main-schematic-placement-A19.log
⬆︎ evidence/disk-failure-main-source-A19.log
⬆︎ evidence/disk-failure-main-source-checks-A19.json
⬆︎ evidence/disk-failure-main-source-checks-A19.log
⬆︎ evidence/drill-corner-board-format-A22.log
⬆︎ evidence/drill-corner-board-frozen-A22.log
⬆︎ evidence/drill-corner-board-install-A22.log
⬆︎ evidence/drill-corner-board-tests-A22.log
⬆︎ evidence/drill-corner-board-types-A22.log
⬆︎ evidence/drill-corner-fourteenth-connectivity-A22.log
⬆︎ evidence/drill-corner-fourteenth-native-placement-A22.log
📦 evidence/drill-corner-fourteenth-preroute-A22.json.gz
⬆︎ evidence/drill-corner-fourteenth-preroute-A22.log
⬆︎ evidence/drill-corner-fourteenth-schema-A22.json
⬆︎ evidence/drill-corner-fourteenth-schema-A22.log
⬆︎ evidence/drill-corner-fourteenth-supplier-transforms-A22.log
⬆︎ evidence/drill-corner-fourteenth-targets-A22.log
⬆︎ evidence/drill-corner-preroute-equivalence-A22.json
📦 evidence/drv8874.pdf
⬆︎ evidence/drv8874.txt
⬆︎ evidence/dump-envelope-first-A22.log
⬆︎ evidence/explicit-coordinate-build-A12.log
⬆︎ evidence/explicit-coordinate-build-network-A12.log
⬆︎ evidence/explicit-selector-artwork-build-A22.log
⬆︎ evidence/fanout-board-format-A22.log
⬆︎ evidence/fanout-board-format-final-A22.log
⬆︎ evidence/fanout-board-format-write-A22.log
⬆︎ evidence/fanout-board-tests-A22.log
⬆︎ evidence/fanout-board-tests-current-A22.log
⬆︎ evidence/fanout-board-types-A22.log
⬆︎ evidence/fanout-board-types-current-A22.log
⬆︎ evidence/fanout-preroute-artwork-A22.log
⬆︎ evidence/fanout-preroute-build-A22.log
⬆︎ evidence/fanout-preroute-checks-A22.log
⬆︎ evidence/fanout-preroute-checks-corrected-A22.log
⬆︎ evidence/fanout-preroute-checks-final-A22.log
📦 evidence/fanout-preroute-circuit-A22.json.gz
⬆︎ evidence/fanout-preroute-connectivity-A22.log
⬆︎ evidence/fanout-preroute-geometry-A22.log
