bun test v1.4.2 (744846f84)

tests/broad-repulsion-contact-ties.test.ts:
22 |       1,
23 |       undefined,
24 |       false,
25 |       false,
26 |     )
27 |     expect(output).toEqual(fixture.expected)
                        ^
error: expect(received).toEqual(expected)

  [
    {
      "connectionName": "first",
      "rootConnectionName": "first",
      "route": [
        {
          "x": -2,
          "y": 0,
          "z": 0,
        },
        {
          "x": -1.0003008444361705,
-         "y": -0.0929988098973326,
+         "y": -0.09299880989733263,
          "z": 0,
        },
        {
          "x": 1.0003008444361707,
          "y": -0.09299880989733257,
          "z": 0,
        },
        {
          "x": 2,
          "y": 0,
          "z": 0,
        },
      ],
      "traceThickness": 0.15,
      "viaDiameter": 0.3,
      "vias": [],
    },
    {
      "connectionName": "second",
      "rootConnectionName": "second",
      "route": [
        {
          "x": -2,
          "y": 0.08,
          "z": 0,
        },
        {
          "x": -0.9996632038107305,
-         "y": 0.1732078357076641,
+         "y": 0.17320783570766413,
          "z": 0,
        },
        {
          "x": 0.9996632038107305,
          "y": 0.17320783570766407,
          "z": 0,
        },
        {
          "x": 2,
          "y": 0.08,
          "z": 0,
        },
      ],
      "traceThickness": 0.15,
      "viaDiameter": 0.3,
      "vias": [],
    },
  ]

- Expected  - 2
+ Received  + 2

      at <anonymous> (/Users/anassarkiz/tsci/tscircuit-store/boards/usb-c-pd-brushed-motor--a7c39d12/tooling/repair03-baseline-A39/tests/broad-repulsion-contact-ties.test.ts:27:20)
(fail) broad repulsion keeps the established contact choice for equal distances [13.03ms]

 0 pass
 1 fail
 1 expect() calls
Ran 1 test across 1 file. [42.00ms]
