[main 73ab2a5] Validate four-layer placement and full-stack copper audits after two-layer routing rejection
 287 files changed, 1604604 insertions(+), 64 deletions(-)
 create mode 100644 docs/STACKUP-A31.json
 create mode 100644 docs/STACKUP-A31.md
 create mode 100644 evidence/capacity-latest-metadata-A22.json
 create mode 100644 evidence/global-twenty-ninth-diagnostic-A22.json
 create mode 100644 evidence/global-twenty-ninth-diagnostic-A22.log
 create mode 100644 evidence/global-twenty-sixth-diagnostic-A22.json
 create mode 100644 evidence/global-twenty-sixth-diagnostic-A22.log
 create mode 100644 evidence/publication-source-5a015d5-A22.log.gz
 create mode 100644 evidence/publication-source-5a015d5-first-log-archive-A22.json
 create mode 100644 evidence/publication-source-5a015d5-first-manifest-A22.json
 create mode 100644 evidence/publication-source-5a015d5-first-result-A22.json
 create mode 100644 evidence/publication-source-5a015d5-manifest-A22.json
 create mode 100644 evidence/publication-source-5a015d5-retry-A22.log
 create mode 100644 evidence/publication-source-5a015d5-retry-integrity-rejection-A22.json
 create mode 100644 evidence/publication-source-5a015d5-verified-A22.log
 create mode 100644 evidence/publication-source-5a015d5-verified-manifest-A22.json
 create mode 100644 evidence/publication-source-5a015d5-verified-result-A22.json
 create mode 100644 evidence/revision25-commit-A22.log
 create mode 100644 evidence/routing-thirtieth-build-A22.log
 create mode 100644 evidence/routing-thirtieth-debug-A22/board.meta.json
 create mode 100644 evidence/routing-thirtieth-debug-A22/phase-0-routed.png
 create mode 100644 evidence/routing-thirtieth-debug-A22/phase-0.input.simple-route.json
 create mode 100644 evidence/routing-thirtieth-debug-A22/phase-0.output.traces.json
 create mode 100644 evidence/routing-thirtieth-debug-A22/phase-1-routed.png
 create mode 100644 evidence/routing-thirtieth-debug-A22/phase-1.input.simple-route.json
 create mode 100644 evidence/routing-thirtieth-debug-A22/phase-1.output.traces.json
 create mode 100644 evidence/routing-thirtieth-debug-A22/phase-2-routed.png
 create mode 100644 evidence/routing-thirtieth-debug-A22/phase-2.input.simple-route.json
 create mode 100644 evidence/routing-thirtieth-debug-A22/phase-2.output.traces.json
 create mode 100644 evidence/routing-thirtieth-debug-A22/phase-3-routed.png
 create mode 100644 evidence/routing-thirtieth-debug-A22/phase-3.error.json
 create mode 100644 evidence/routing-thirtieth-debug-A22/phase-3.input.simple-route.json
 create mode 100644 evidence/routing-thirtieth-debug-A22/phase-3.output.traces.json
 create mode 100644 evidence/routing-thirtieth-debug-A22/phase-4-routed.png
 create mode 100644 evidence/routing-thirtieth-debug-A22/phase-4.input.simple-route.json
 create mode 100644 evidence/routing-thirtieth-debug-A22/phase-4.output.traces.json
 create mode 100644 evidence/routing-thirtieth-debug-A22/placement-unrouted.png
 create mode 100644 evidence/routing-thirtieth-result-A22.json.gz
 create mode 100644 evidence/routing-twenty-eighth-build-A22.log
 create mode 100644 evidence/routing-twenty-eighth-debug-A22/board.meta.json
 create mode 100644 evidence/routing-twenty-eighth-debug-A22/phase-0-routed.png
 create mode 100644 evidence/routing-twenty-eighth-debug-A22/phase-0.input.simple-route.json
 create mode 100644 evidence/routing-twenty-eighth-debug-A22/phase-0.output.traces.json
 create mode 100644 evidence/routing-twenty-eighth-debug-A22/phase-1-routed.png
 create mode 100644 evidence/routing-twenty-eighth-debug-A22/phase-1.input.simple-route.json
 create mode 100644 evidence/routing-twenty-eighth-debug-A22/phase-1.output.traces.json
 create mode 100644 evidence/routing-twenty-eighth-debug-A22/phase-2.error.json
 create mode 100644 evidence/routing-twenty-eighth-debug-A22/phase-2.input.simple-route.json
 create mode 100644 evidence/routing-twenty-eighth-debug-A22/phase-3-routed.png
 create mode 100644 evidence/routing-twenty-eighth-debug-A22/phase-3.input.simple-route.json
 create mode 100644 evidence/routing-twenty-eighth-debug-A22/phase-3.output.traces.json
 create mode 100644 evidence/routing-twenty-eighth-debug-A22/phase-4-routed.png
 create mode 100644 evidence/routing-twenty-eighth-debug-A22/phase-4.input.simple-route.json
 create mode 100644 evidence/routing-twenty-eighth-debug-A22/phase-4.output.traces.json
 create mode 100644 evidence/routing-twenty-eighth-debug-A22/placement-unrouted.png
 create mode 100644 evidence/routing-twenty-eighth-result-A22.json.gz
 create mode 100644 evidence/routing-twenty-ninth-build-A22.log
 create mode 100644 evidence/routing-twenty-ninth-debug-A22/board.meta.json
 create mode 100644 evidence/routing-twenty-ninth-debug-A22/phase-0-routed.png
 create mode 100644 evidence/routing-twenty-ninth-debug-A22/phase-0.input.simple-route.json
 create mode 100644 evidence/routing-twenty-ninth-debug-A22/phase-0.output.traces.json
 create mode 100644 evidence/routing-twenty-ninth-debug-A22/phase-1-routed.png
 create mode 100644 evidence/routing-twenty-ninth-debug-A22/phase-1.error.json
 create mode 100644 evidence/routing-twenty-ninth-debug-A22/phase-1.input.simple-route.json
 create mode 100644 evidence/routing-twenty-ninth-debug-A22/phase-1.output.traces.json
 create mode 100644 evidence/routing-twenty-ninth-debug-A22/phase-3-routed.png
 create mode 100644 evidence/routing-twenty-ninth-debug-A22/phase-3.input.simple-route.json
 create mode 100644 evidence/routing-twenty-ninth-debug-A22/phase-3.output.traces.json
 create mode 100644 evidence/routing-twenty-ninth-debug-A22/phase-4-routed.png
 create mode 100644 evidence/routing-twenty-ninth-debug-A22/phase-4.input.simple-route.json
 create mode 100644 evidence/routing-twenty-ninth-debug-A22/phase-4.output.traces.json
 create mode 100644 evidence/routing-twenty-ninth-debug-A22/placement-unrouted.png
 create mode 100644 evidence/routing-twenty-ninth-result-A22.json.gz
 create mode 100644 evidence/routing-twenty-seventh-build-A22.log
 create mode 100644 evidence/routing-twenty-seventh-debug-A22/board.meta.json
 create mode 100644 evidence/routing-twenty-seventh-debug-A22/phase-0-routed.png
 create mode 100644 evidence/routing-twenty-seventh-debug-A22/phase-0.input.simple-route.json
 create mode 100644 evidence/routing-twenty-seventh-debug-A22/phase-0.output.traces.json
 create mode 100644 evidence/routing-twenty-seventh-debug-A22/phase-1-routed.png
 create mode 100644 evidence/routing-twenty-seventh-debug-A22/phase-1.error.json
 create mode 100644 evidence/routing-twenty-seventh-debug-A22/phase-1.input.simple-route.json
 create mode 100644 evidence/routing-twenty-seventh-debug-A22/phase-1.output.traces.json
 create mode 100644 evidence/routing-twenty-seventh-debug-A22/phase-3-routed.png
 create mode 100644 evidence/routing-twenty-seventh-debug-A22/phase-3.input.simple-route.json
 create mode 100644 evidence/routing-twenty-seventh-debug-A22/phase-3.output.traces.json
 create mode 100644 evidence/routing-twenty-seventh-debug-A22/phase-4-routed.png
 create mode 100644 evidence/routing-twenty-seventh-debug-A22/phase-4.input.simple-route.json
 create mode 100644 evidence/routing-twenty-seventh-debug-A22/phase-4.output.traces.json
 create mode 100644 evidence/routing-twenty-seventh-debug-A22/placement-unrouted.png
 create mode 100644 evidence/routing-twenty-seventh-result-A22.json.gz
 create mode 100644 evidence/routing-twenty-sixth-build-A22.log
 create mode 100644 evidence/routing-twenty-sixth-debug-A22/board.meta.json
 create mode 100644 evidence/routing-twenty-sixth-debug-A22/phase-0-routed.png
 create mode 100644 evidence/routing-twenty-sixth-debug-A22/phase-0.input.simple-route.json
 create mode 100644 evidence/routing-twenty-sixth-debug-A22/phase-0.output.traces.json
 create mode 100644 evidence/routing-twenty-sixth-debug-A22/phase-1-routed.png
 create mode 100644 evidence/routing-twenty-sixth-debug-A22/phase-1.error.json
 create mode 100644 evidence/routing-twenty-sixth-debug-A22/phase-1.input.simple-route.json
 create mode 100644 evidence/routing-twenty-sixth-debug-A22/phase-1.output.traces.json
 create mode 100644 evidence/routing-twenty-sixth-debug-A22/phase-3-routed.png
 create mode 100644 evidence/routing-twenty-sixth-debug-A22/phase-3.input.simple-route.json
 create mode 100644 evidence/routing-twenty-sixth-debug-A22/phase-3.output.traces.json
 create mode 100644 evidence/routing-twenty-sixth-debug-A22/phase-4-routed.png
 create mode 100644 evidence/routing-twenty-sixth-debug-A22/phase-4.input.simple-route.json
 create mode 100644 evidence/routing-twenty-sixth-debug-A22/phase-4.output.traces.json
 create mode 100644 evidence/routing-twenty-sixth-debug-A22/placement-unrouted.png
 create mode 100644 evidence/routing-twenty-sixth-result-A22.json.gz
 create mode 100644 evidence/routing26-artwork-A22.log
 create mode 100644 evidence/routing26-circuit-schema-A22.json
 create mode 100644 evidence/routing26-connectivity-A22.log
 create mode 100644 evidence/routing26-five-native-gates-A22.json
 create mode 100644 evidence/routing26-format-A22.log
 create mode 100644 evidence/routing26-full-placement-A22.log
 create mode 100644 evidence/routing26-full-placement-checks-A22.json
 create mode 100644 evidence/routing26-import-transforms-A22.log
 create mode 100644 evidence/routing26-native-breakout-target-audit-A22.json
 create mode 100644 evidence/routing26-netlist-native-A22.log
 create mode 100644 evidence/routing26-pin_specification-native-A22.log
 create mode 100644 evidence/routing26-placement-native-A22.log
 create mode 100644 evidence/routing26-pnp-A22.log
 create mode 100644 evidence/routing26-preroute-A22.json.gz
 create mode 100644 evidence/routing26-preroute-A22.log
 create mode 100644 evidence/routing26-product-artwork-audit-A22.json
 create mode 100644 evidence/routing26-product-placement-audit-unrouted-A22.json
 create mode 100644 evidence/routing26-schema-A22.log
 create mode 100644 evidence/routing26-schematic-connectivity-audit-A22.json
 create mode 100644 evidence/routing26-schematic-placement-native-A22.log
 create mode 100644 evidence/routing26-source-native-A22.log
 create mode 100644 evidence/routing26-supplier-pnp-audit-A22.json
 create mode 100644 evidence/routing26-targets-A22.log
 create mode 100644 evidence/routing26-typecheck-A22.log
 create mode 100644 evidence/routing27-artwork-A22.log
 create mode 100644 evidence/routing27-circuit-schema-A22.json
 create mode 100644 evidence/routing27-connectivity-A22.log
 create mode 100644 evidence/routing27-five-native-gates-A22.json
 create mode 100644 evidence/routing27-format-A22.log
 create mode 100644 evidence/routing27-full-placement-A22.log
 create mode 100644 evidence/routing27-full-placement-checks-A22.json
 create mode 100644 evidence/routing27-import-transforms-A22.log
 create mode 100644 evidence/routing27-native-breakout-target-audit-A22.json
 create mode 100644 evidence/routing27-netlist-native-A22.log
 create mode 100644 evidence/routing27-pin_specification-native-A22.log
 create mode 100644 evidence/routing27-placement-native-A22.log
 create mode 100644 evidence/routing27-pnp-A22.log
 create mode 100644 evidence/routing27-preroute-A22.json.gz
 create mode 100644 evidence/routing27-preroute-A22.log
 create mode 100644 evidence/routing27-product-artwork-audit-A22.json
 create mode 100644 evidence/routing27-product-placement-audit-unrouted-A22.json
 create mode 100644 evidence/routing27-schema-A22.log
 create mode 100644 evidence/routing27-schematic-connectivity-audit-A22.json
 create mode 100644 evidence/routing27-schematic-placement-native-A22.log
 create mode 100644 evidence/routing27-source-native-A22.log
 create mode 100644 evidence/routing27-supplier-pnp-audit-A22.json
 create mode 100644 evidence/routing27-targets-A22.log
 create mode 100644 evidence/routing27-typecheck-A22.log
 create mode 100644 evidence/routing28-artwork-A22.log
 create mode 100644 evidence/routing28-circuit-schema-A22.json
 create mode 100644 evidence/routing28-connectivity-A22.log
 create mode 100644 evidence/routing28-five-native-gates-A22.json
 create mode 100644 evidence/routing28-format-A22.log
 create mode 100644 evidence/routing28-full-placement-A22.log
 create mode 100644 evidence/routing28-full-placement-checks-A22.json
 create mode 100644 evidence/routing28-import-transforms-A22.log
 create mode 100644 evidence/routing28-native-breakout-target-audit-A22.json
 create mode 100644 evidence/routing28-netlist-native-A22.log
 create mode 100644 evidence/routing28-pin_specification-native-A22.log
 create mode 100644 evidence/routing28-placement-native-A22.log
 create mode 100644 evidence/routing28-pnp-A22.log
 create mode 100644 evidence/routing28-preroute-A22.json.gz
 create mode 100644 evidence/routing28-preroute-A22.log
 create mode 100644 evidence/routing28-product-artwork-audit-A22.json
 create mode 100644 evidence/routing28-product-placement-audit-unrouted-A22.json
 create mode 100644 evidence/routing28-schema-A22.log
 create mode 100644 evidence/routing28-schematic-connectivity-audit-A22.json
 create mode 100644 evidence/routing28-schematic-placement-native-A22.log
 create mode 100644 evidence/routing28-source-format-A22.log
 create mode 100644 evidence/routing28-source-native-A22.log
 create mode 100644 evidence/routing28-supplier-pnp-audit-A22.json
 create mode 100644 evidence/routing28-targets-A22.log
 create mode 100644 evidence/routing28-typecheck-A22.log
 create mode 100644 evidence/routing29-artwork-A22.log
 create mode 100644 evidence/routing29-circuit-schema-A22.json
 create mode 100644 evidence/routing29-connectivity-A22.log
 create mode 100644 evidence/routing29-five-native-gates-A22.json
 create mode 100644 evidence/routing29-format-A22.log
 create mode 100644 evidence/routing29-full-placement-A22.log
 create mode 100644 evidence/routing29-full-placement-checks-A22.json
 create mode 100644 evidence/routing29-import-transforms-A22.log
 create mode 100644 evidence/routing29-native-breakout-target-audit-A22.json
 create mode 100644 evidence/routing29-netlist-native-A22.log
 create mode 100644 evidence/routing29-pin_specification-native-A22.log
 create mode 100644 evidence/routing29-placement-native-A22.log
 create mode 100644 evidence/routing29-pnp-A22.log
 create mode 100644 evidence/routing29-preroute-A22.json.gz
 create mode 100644 evidence/routing29-preroute-A22.log
 create mode 100644 evidence/routing29-product-artwork-audit-A22.json
 create mode 100644 evidence/routing29-product-placement-audit-unrouted-A22.json
 create mode 100644 evidence/routing29-reviewed-geometry-equivalence-A22.json
 create mode 100644 evidence/routing29-schema-A22.log
 create mode 100644 evidence/routing29-schematic-connectivity-audit-A22.json
 create mode 100644 evidence/routing29-schematic-placement-native-A22.log
 create mode 100644 evidence/routing29-source-format-A22.log
 create mode 100644 evidence/routing29-source-native-A22.log
 create mode 100644 evidence/routing29-supplier-pnp-audit-A22.json
 create mode 100644 evidence/routing29-targets-A22.log
 create mode 100644 evidence/routing29-typecheck-A22.log
 create mode 100644 evidence/routing30-artwork-A22.log
 create mode 100644 evidence/routing30-circuit-schema-A22.json
 create mode 100644 evidence/routing30-connectivity-A22.log
 create mode 100644 evidence/routing30-five-native-gates-A22.json
 create mode 100644 evidence/routing30-format-A22.log
 create mode 100644 evidence/routing30-full-placement-A22.log
 create mode 100644 evidence/routing30-full-placement-checks-A22.json
 create mode 100644 evidence/routing30-import-transforms-A22.log
 create mode 100644 evidence/routing30-native-breakout-target-audit-A22.json
 create mode 100644 evidence/routing30-netlist-native-A22.log
 create mode 100644 evidence/routing30-pin_specification-native-A22.log
 create mode 100644 evidence/routing30-placement-native-A22.log
 create mode 100644 evidence/routing30-pnp-A22.log
 create mode 100644 evidence/routing30-preroute-A22.json.gz
 create mode 100644 evidence/routing30-preroute-A22.log
 create mode 100644 evidence/routing30-product-artwork-audit-A22.json
 create mode 100644 evidence/routing30-product-placement-audit-unrouted-A22.json
 create mode 100644 evidence/routing30-reviewed-geometry-equivalence-A22.json
 create mode 100644 evidence/routing30-schema-A22.log
 create mode 100644 evidence/routing30-schematic-connectivity-audit-A22.json
 create mode 100644 evidence/routing30-schematic-placement-native-A22.log
 create mode 100644 evidence/routing30-source-format-A22.log
 create mode 100644 evidence/routing30-source-native-A22.log
 create mode 100644 evidence/routing30-supplier-pnp-audit-A22.json
 create mode 100644 evidence/routing30-targets-A22.log
 create mode 100644 evidence/routing30-typecheck-A22.log
 create mode 100644 evidence/routing31-artwork-A22.log
 create mode 100644 evidence/routing31-board-tests-A22.log
 create mode 100644 evidence/routing31-board-tests-final-A22.log
 create mode 100644 evidence/routing31-circuit-schema-A22.json
 create mode 100644 evidence/routing31-connectivity-A22.log
 create mode 100644 evidence/routing31-five-native-gates-A22.json
 create mode 100644 evidence/routing31-format-A22.log
 create mode 100644 evidence/routing31-format-final-A22.log
 create mode 100644 evidence/routing31-four-layer-core-regressions-A22.log
 create mode 100644 evidence/routing31-full-placement-A22.log
 create mode 100644 evidence/routing31-full-placement-checks-A22.json
 create mode 100644 evidence/routing31-import-transforms-A22.log
 create mode 100644 evidence/routing31-native-breakout-target-audit-A22.json
 create mode 100644 evidence/routing31-netlist-native-A22.log
 create mode 100644 evidence/routing31-pin_specification-native-A22.log
 create mode 100644 evidence/routing31-placement-native-A22.log
 create mode 100644 evidence/routing31-pnp-A22.log
 create mode 100644 evidence/routing31-preroute-A22.json.gz
 create mode 100644 evidence/routing31-preroute-A22.log
 create mode 100644 evidence/routing31-product-artwork-audit-A22.json
 create mode 100644 evidence/routing31-product-placement-audit-unrouted-A22.json
 create mode 100644 evidence/routing31-reviewed-geometry-equivalence-A22.json
 create mode 100644 evidence/routing31-schema-A22.log
 create mode 100644 evidence/routing31-schematic-connectivity-audit-A22.json
 create mode 100644 evidence/routing31-schematic-placement-native-A22.log
 create mode 100644 evidence/routing31-source-format-A22.log
 create mode 100644 evidence/routing31-source-format-final-A22.log
 create mode 100644 evidence/routing31-source-native-A22.log
 create mode 100644 evidence/routing31-supplier-pnp-audit-A22.json
 create mode 100644 evidence/routing31-targets-A22.log
 create mode 100644 evidence/routing31-typecheck-A22.log
 create mode 100644 evidence/routing31-typecheck-final-A22.log
