[main 5a015d5] Validate official diode reimport and bottom ADC escapes; retain routing rejection
 97 files changed, 565418 insertions(+), 50 deletions(-)
 create mode 100644 evidence/global-twenty-fifth-5x-diagnostic-A22.json
 create mode 100644 evidence/global-twenty-fifth-5x-diagnostic-A22.log
 create mode 100644 evidence/global-twenty-fifth-diagnostic-A22.json
 create mode 100644 evidence/global-twenty-fifth-diagnostic-A22.log
 create mode 100644 evidence/global-twenty-fourth-diagnostic-A22.json
 create mode 100644 evidence/global-twenty-fourth-diagnostic-A22.log
 create mode 100644 evidence/publication-source-d734c6f-A22.log
 create mode 100644 evidence/publication-source-d734c6f-manifest-A22.json
 create mode 100644 evidence/publication-source-d734c6f-result-A22.json
 create mode 100644 evidence/revision24-commit-A22.log
 create mode 100644 evidence/routing-twenty-fifth-build-A22.log
 create mode 100644 evidence/routing-twenty-fifth-debug-A22/board.meta.json
 create mode 100644 evidence/routing-twenty-fifth-debug-A22/phase-0-routed.png
 create mode 100644 evidence/routing-twenty-fifth-debug-A22/phase-0.input.simple-route.json
 create mode 100644 evidence/routing-twenty-fifth-debug-A22/phase-0.output.traces.json
 create mode 100644 evidence/routing-twenty-fifth-debug-A22/phase-1-routed.png
 create mode 100644 evidence/routing-twenty-fifth-debug-A22/phase-1.error.json
 create mode 100644 evidence/routing-twenty-fifth-debug-A22/phase-1.input.simple-route.json
 create mode 100644 evidence/routing-twenty-fifth-debug-A22/phase-1.output.traces.json
 create mode 100644 evidence/routing-twenty-fifth-debug-A22/phase-3-routed.png
 create mode 100644 evidence/routing-twenty-fifth-debug-A22/phase-3.input.simple-route.json
 create mode 100644 evidence/routing-twenty-fifth-debug-A22/phase-3.output.traces.json
 create mode 100644 evidence/routing-twenty-fifth-debug-A22/phase-4-routed.png
 create mode 100644 evidence/routing-twenty-fifth-debug-A22/phase-4.input.simple-route.json
 create mode 100644 evidence/routing-twenty-fifth-debug-A22/phase-4.output.traces.json
 create mode 100644 evidence/routing-twenty-fifth-debug-A22/placement-unrouted.png
 create mode 100644 evidence/routing-twenty-fifth-result-A22.json.gz
 create mode 100644 evidence/routing-twenty-fourth-build-A22.log
 create mode 100644 evidence/routing-twenty-fourth-debug-A22/board.meta.json
 create mode 100644 evidence/routing-twenty-fourth-debug-A22/phase-0-routed.png
 create mode 100644 evidence/routing-twenty-fourth-debug-A22/phase-0.input.simple-route.json
 create mode 100644 evidence/routing-twenty-fourth-debug-A22/phase-0.output.traces.json
 create mode 100644 evidence/routing-twenty-fourth-debug-A22/phase-1-routed.png
 create mode 100644 evidence/routing-twenty-fourth-debug-A22/phase-1.error.json
 create mode 100644 evidence/routing-twenty-fourth-debug-A22/phase-1.input.simple-route.json
 create mode 100644 evidence/routing-twenty-fourth-debug-A22/phase-1.output.traces.json
 create mode 100644 evidence/routing-twenty-fourth-debug-A22/phase-3-routed.png
 create mode 100644 evidence/routing-twenty-fourth-debug-A22/phase-3.input.simple-route.json
 create mode 100644 evidence/routing-twenty-fourth-debug-A22/phase-3.output.traces.json
 create mode 100644 evidence/routing-twenty-fourth-debug-A22/phase-4-routed.png
 create mode 100644 evidence/routing-twenty-fourth-debug-A22/phase-4.input.simple-route.json
 create mode 100644 evidence/routing-twenty-fourth-debug-A22/phase-4.output.traces.json
 create mode 100644 evidence/routing-twenty-fourth-debug-A22/placement-unrouted.png
 create mode 100644 evidence/routing-twenty-fourth-result-A22.json.gz
 create mode 100644 evidence/routing25-all-imports-A22.log
 create mode 100644 evidence/routing25-artwork-A22.log
 create mode 100644 evidence/routing25-assembly-regression-A22.log
 create mode 100644 evidence/routing25-circuit-schema-A22.json
 create mode 100644 evidence/routing25-connectivity-A22.log
 create mode 100644 evidence/routing25-diode-probe-native-A22.log
 create mode 100644 evidence/routing25-first-preroute-rejected-A22.json.gz
 create mode 100644 evidence/routing25-five-native-gates-A22.json
 create mode 100644 evidence/routing25-format-A22.log
 create mode 100644 evidence/routing25-format-final-A22.log
 create mode 100644 evidence/routing25-format-revised-A22.log
 create mode 100644 evidence/routing25-full-placement-A22.log
 create mode 100644 evidence/routing25-full-placement-checks-A22.json
 create mode 100644 evidence/routing25-import-transforms-A22.log
 create mode 100644 evidence/routing25-native-breakout-target-audit-A22.json
 create mode 100644 evidence/routing25-netlist-native-A22.log
 create mode 100644 evidence/routing25-pin_specification-native-A22.log
 create mode 100644 evidence/routing25-placement-native-A22.log
 create mode 100644 evidence/routing25-placement-render-A22.log
 create mode 100644 evidence/routing25-pnp-A22.log
 create mode 100644 evidence/routing25-preroute-A22.json.gz
 create mode 100644 evidence/routing25-preroute-A22.log
 create mode 100644 evidence/routing25-preroute-revised-A22.log
 create mode 100644 evidence/routing25-product-artwork-audit-A22.json
 create mode 100644 evidence/routing25-product-placement-audit-unrouted-A22.json
 create mode 100644 evidence/routing25-schema-A22.log
 create mode 100644 evidence/routing25-schematic-connectivity-audit-A22.json
 create mode 100644 evidence/routing25-schematic-placement-native-A22.log
 create mode 100644 evidence/routing25-schematic-render-A22.log
 create mode 100644 evidence/routing25-schematic-render-manifest-A22.json
 create mode 100644 evidence/routing25-source-native-A22.log
 create mode 100644 evidence/routing25-supplier-pnp-audit-A22.json
 create mode 100644 evidence/routing25-supplier-pnp-preview-A22.csv
 create mode 100644 evidence/routing25-targets-A22.log
 create mode 100644 evidence/routing25-tests-A22.log
 create mode 100644 evidence/routing25-typecheck-A22.log
 create mode 100644 evidence/routing25-typecheck-revised-A22.log
