[main d734c6f] Preserve CC terminal isolation in canonical tooling and validate routing prerequisites
 175 files changed, 755410 insertions(+), 86 deletions(-)
 create mode 100644 evidence/assembly-split-regression-A22.log
 create mode 100644 evidence/assembly-unrouted-guard-regression-A22.json
 create mode 100644 evidence/core-symbol-isolation-A22/core-2089-source.patch
 create mode 100644 evidence/core-symbol-isolation-A22/lib__components__base-components__NormalComponent__utils__inferInternallyConnectedPinNamesFromPorts.ts.txt
 create mode 100644 evidence/core-symbol-isolation-A22/lib__utils__autorouting__getSimpleRouteJsonFromCircuitJson.ts.txt
 create mode 100644 evidence/core-symbol-isolation-A22/provenance.json
 create mode 100644 evidence/core-symbol-isolation-A22/tests__fixtures__pesd24vs2ut-import.tsx.txt
 create mode 100644 evidence/core-symbol-isolation-A22/tests__repros____snapshots____repro-symbol-alias-is-not-internal-short-pcb.snap.svg.txt
 create mode 100644 evidence/core-symbol-isolation-A22/tests__repros____snapshots____repro-symbol-alias-is-not-internal-short-schematic.snap.svg.txt
 create mode 100644 evidence/core-symbol-isolation-A22/tests__repros__repro-symbol-alias-is-not-internal-short.test.tsx.txt
 create mode 100644 evidence/core-symbol-isolation-A22/tests__utils__autorouting__simple-route-json-missing-pcb-ports.test.tsx.txt
 create mode 100644 evidence/global-twenty-first-effort5-diagnostic-A22.json
 create mode 100644 evidence/global-twenty-first-effort5-diagnostic-A22.log
 create mode 100644 evidence/global-twenty-second-diagnostic-A22.json
 create mode 100644 evidence/global-twenty-second-diagnostic-A22.log
 create mode 100644 evidence/global-twenty-third-diagnostic-A22.json
 create mode 100644 evidence/global-twenty-third-diagnostic-A22.log
 create mode 100644 evidence/internal-net-isolation-old-artifact-rejected-A22.log
 create mode 100644 evidence/missing-pcb-port-fixed-A22.log
 create mode 100644 evidence/missing-pcb-port-format-A22.log
 create mode 100644 evidence/missing-pcb-port-reproduced-A22.log
 create mode 100644 evidence/publication-source-52f7feb-A22.log
 create mode 100644 evidence/publication-source-52f7feb-manifest-A22.json
 create mode 100644 evidence/publication-source-52f7feb-result-A22.json
 create mode 100644 evidence/reimport-C477999-comparison-A22.json
 create mode 100644 evidence/reimport-C477999-core2089-A22.log
 create mode 100644 evidence/reimport-C477999-exact-core2089-A22.log
 create mode 100644 evidence/reimport-C477999-independent-A22.circuit.json
 create mode 100644 evidence/reimport-C477999-independent-A22.json
 create mode 100644 evidence/reimport-C477999-independent-A22.log
 create mode 100644 evidence/routing-twenty-first-build-A22.log
 create mode 100644 evidence/routing-twenty-first-debug-A22/board.meta.json
 create mode 100644 evidence/routing-twenty-first-debug-A22/phase-0.error.json
 create mode 100644 evidence/routing-twenty-first-debug-A22/phase-0.input.simple-route.json
 create mode 100644 evidence/routing-twenty-first-debug-A22/placement-unrouted.png
 create mode 100644 evidence/routing-twenty-first-result-A22.json.gz
 create mode 100644 evidence/routing-twenty-second-build-A22.log
 create mode 100644 evidence/routing-twenty-second-debug-A22/board.meta.json
 create mode 100644 evidence/routing-twenty-second-debug-A22/phase-0.error.json
 create mode 100644 evidence/routing-twenty-second-debug-A22/phase-0.input.simple-route.json
 create mode 100644 evidence/routing-twenty-second-debug-A22/placement-unrouted.png
 create mode 100644 evidence/routing-twenty-second-result-A22.json.gz
 create mode 100644 evidence/routing-twenty-third-build-A22.log
 create mode 100644 evidence/routing-twenty-third-debug-A22/board.meta.json
 create mode 100644 evidence/routing-twenty-third-debug-A22/phase-0-routed.png
 create mode 100644 evidence/routing-twenty-third-debug-A22/phase-0.input.simple-route.json
 create mode 100644 evidence/routing-twenty-third-debug-A22/phase-0.output.traces.json
 create mode 100644 evidence/routing-twenty-third-debug-A22/phase-1-routed.png
 create mode 100644 evidence/routing-twenty-third-debug-A22/phase-1.error.json
 create mode 100644 evidence/routing-twenty-third-debug-A22/phase-1.input.simple-route.json
 create mode 100644 evidence/routing-twenty-third-debug-A22/phase-1.output.traces.json
 create mode 100644 evidence/routing-twenty-third-debug-A22/phase-3-routed.png
 create mode 100644 evidence/routing-twenty-third-debug-A22/phase-3.input.simple-route.json
 create mode 100644 evidence/routing-twenty-third-debug-A22/phase-3.output.traces.json
 create mode 100644 evidence/routing-twenty-third-debug-A22/phase-4-routed.png
 create mode 100644 evidence/routing-twenty-third-debug-A22/phase-4.input.simple-route.json
 create mode 100644 evidence/routing-twenty-third-debug-A22/phase-4.output.traces.json
 create mode 100644 evidence/routing-twenty-third-debug-A22/placement-unrouted.png
 create mode 100644 evidence/routing-twenty-third-result-A22.json.gz
 create mode 100644 evidence/routing22-artwork-A22.log
 create mode 100644 evidence/routing22-board-tests-A22.log
 create mode 100644 evidence/routing22-connectivity-A22.log
 create mode 100644 evidence/routing22-final-format-check-A22.log
 create mode 100644 evidence/routing22-five-native-gates-A22.json
 create mode 100644 evidence/routing22-format-A22.log
 create mode 100644 evidence/routing22-format-check-A22.log
 create mode 100644 evidence/routing22-imports-A22.log
 create mode 100644 evidence/routing22-netlist-native-A22.log
 create mode 100644 evidence/routing22-pin_specification-native-A22.log
 create mode 100644 evidence/routing22-placement-A22.log
 create mode 100644 evidence/routing22-placement-native-A22.log
 create mode 100644 evidence/routing22-preroute-A22.json.gz
 create mode 100644 evidence/routing22-preroute-A22.log
 create mode 100644 evidence/routing22-preroute-equivalence-A22.json
 create mode 100644 evidence/routing22-schema-A22.log
 create mode 100644 evidence/routing22-schematic-placement-native-A22.log
 create mode 100644 evidence/routing22-source-native-A22.log
 create mode 100644 evidence/routing22-targets-A22.log
 create mode 100644 evidence/routing22-typecheck-A22.log
 create mode 100644 evidence/routing23-artwork-A22.log
 create mode 100644 evidence/routing23-connectivity-A22.log
 create mode 100644 evidence/routing23-corridor-regression-A22.log
 create mode 100644 evidence/routing23-final-format-check-A22.log
 create mode 100644 evidence/routing23-final-typecheck-A22.log
 create mode 100644 evidence/routing23-five-native-gates-A22.json
 create mode 100644 evidence/routing23-format-A22.log
 create mode 100644 evidence/routing23-format-check-A22.log
 create mode 100644 evidence/routing23-imports-A22.log
 create mode 100644 evidence/routing23-netlist-native-A22.log
 create mode 100644 evidence/routing23-pin_specification-native-A22.log
 create mode 100644 evidence/routing23-placement-A22.log
 create mode 100644 evidence/routing23-placement-native-A22.log
 create mode 100644 evidence/routing23-preroute-A22.json.gz
 create mode 100644 evidence/routing23-preroute-A22.log
 create mode 100644 evidence/routing23-preroute-equivalence-A22.json
 create mode 100644 evidence/routing23-schema-A22.log
 create mode 100644 evidence/routing23-schematic-placement-native-A22.log
 create mode 100644 evidence/routing23-source-native-A22.log
 create mode 100644 evidence/routing23-supplier-pnp-A22.log
 create mode 100644 evidence/routing23-targets-A22.log
 create mode 100644 evidence/routing23-targets-with-corridor-A22.log
 create mode 100644 evidence/routing23-typecheck-A22.log
 create mode 100644 evidence/routing24-artwork-A22.log
 create mode 100644 evidence/routing24-assembly-split-tests-A22.log
 create mode 100644 evidence/routing24-board-tests-A22.log
 create mode 100644 evidence/routing24-connectivity-A22.log
 create mode 100644 evidence/routing24-five-native-gates-A22.json
 create mode 100644 evidence/routing24-format-A22.log
 create mode 100644 evidence/routing24-format-check-A22.log
 create mode 100644 evidence/routing24-imports-A22.log
 create mode 100644 evidence/routing24-linked-firmware-A22.log
 create mode 100644 evidence/routing24-netlist-native-A22.log
 create mode 100644 evidence/routing24-pin_specification-native-A22.log
 create mode 100644 evidence/routing24-placement-A22.log
 create mode 100644 evidence/routing24-placement-native-A22.log
 create mode 100644 evidence/routing24-power-report-A22.log
 create mode 100644 evidence/routing24-preroute-A22.json.gz
 create mode 100644 evidence/routing24-preroute-A22.log
 create mode 100644 evidence/routing24-render-board-A22.log
 create mode 100644 evidence/routing24-render-schematics-A22.log
 create mode 100644 evidence/routing24-schema-A22.log
 create mode 100644 evidence/routing24-schematic-placement-native-A22.log
 create mode 100644 evidence/routing24-schematic-render-manifest-A22.json
 create mode 100644 evidence/routing24-source-native-A22.log
 create mode 100644 evidence/routing24-strict-schema-A22.json
 create mode 100644 evidence/routing24-supplier-pnp-A22.log
 create mode 100644 evidence/routing24-targets-A22.log
 create mode 100644 evidence/routing24-typecheck-A22.log
 create mode 100644 evidence/routing24-typecheck-final-A22.log
 create mode 100644 evidence/supplier-pnp-audit-A22.json
 create mode 100644 evidence/supplier-pnp-audit-A22.log
 create mode 100644 evidence/supplier-pnp-format-A22.log
 create mode 100644 evidence/supplier-pnp-full-strict-rejected-A22.log
 create mode 100644 evidence/supplier-pnp-preview-A22.csv
 create mode 100644 evidence/supplier-pnp-typecheck-A22.log
 create mode 100644 evidence/symbol-alias-board-install-A22.log
 create mode 100644 evidence/symbol-alias-board2089-install-A22.log
 create mode 100644 evidence/symbol-alias-core-build-A22.log
 create mode 100644 evidence/symbol-alias-core-build-final-A22.log
 create mode 100644 evidence/symbol-alias-core-compatibility-A22.log
 create mode 100644 evidence/symbol-alias-core-compatibility-final-A22.log
 create mode 100644 evidence/symbol-alias-core-compatibility-test-files-A22.json
 create mode 100644 evidence/symbol-alias-core-pack-A22.log
 create mode 100644 evidence/symbol-alias-core-pack-final-A22.log
 create mode 100644 evidence/symbol-alias-core-typecheck-A22.log
 create mode 100644 evidence/symbol-alias-core-typecheck-final-A22.log
 create mode 100644 evidence/symbol-alias-core2089-build-A22.log
 create mode 100644 evidence/symbol-alias-core2089-pack-A22.log
 create mode 100644 evidence/symbol-alias-fixed-A22.log
 create mode 100644 evidence/symbol-alias-format-A22.log
 create mode 100644 evidence/symbol-alias-package-binding-A22.json
 create mode 100644 evidence/symbol-alias-package-binding-final-A22.json
 create mode 100644 evidence/symbol-alias-pcb-review-A22.png
 create mode 100644 evidence/symbol-alias-related-tests-A22.log
 create mode 100644 evidence/symbol-alias-schematic-review-A22.png
 create mode 100644 evidence/symbol-alias-short-reproduced-A22.log
 create mode 100644 scripts/assembly_packet.py
 create mode 100644 scripts/audit-supplier-pnp.ts
 create mode 100644 scripts/split-native-assembly.py
 create mode 100644 scripts/test_assembly_packet.py
 create mode 100644 tooling/tscircuit-core-0.0.2088-A22.tgz
 create mode 100644 tooling/tscircuit-core-0.0.2089-A22.tgz
