placement summary: no placement issues

board top-layer utilization:
- occupied: 46.612% (2423.806mm^2 of 5200mm^2)
- empty spaces over 5% of board area:
  - 6.365% (330.978mm^2); bounds=(minX=-40mm, maxX=24.267mm, minY=27.35mm, maxY=32.5mm)

board-edge status:
- J1: 2.326mm inside left edge
- U1: 13.25mm inside left edge
- U2: 5.038mm inside left edge
- U3: 12.038mm inside left edge
- D1: 5.904mm inside left edge
- D2: 15.25mm inside left edge
- R1: 25.343mm inside bottom edge
- D3: 22.425mm inside left edge
- C1: 8.295mm inside left edge
- C2: 3.3mm inside left edge
- C3: 13.3mm inside left edge
- C4: 10.3mm inside left edge
- C5: 15.65mm inside left edge
- C6: 10.125mm inside left edge
- C7: 10.125mm inside left edge
- C8: 13.7mm inside left edge
- R2: 24.843mm inside left edge
- R3: 22.843mm inside bottom edge
- R4: 17.843mm inside left edge
- TP5: 12.785mm inside bottom edge
- TP6: 18.285mm inside bottom edge
- U11: 16.258mm inside left edge
- SW2: 7.484mm inside bottom edge
- C30: 25.05mm inside top edge
- C31: 20.095mm inside top edge
- C32: 26.65mm inside left edge
- R56: 21.368mm inside top edge
- R57: 29.343mm inside top edge
- Q6: 29.225mm inside bottom edge
- R58: 13.068mm inside bottom edge
- R59: 25.343mm inside bottom edge
- R60: 27.343mm inside left edge
- R61: 27.268mm inside top edge
- C33: 24.85mm inside top edge
- R62: 10.843mm inside left edge
- Q7: 19.975mm inside top edge
- Q8: 22.5mm inside left edge
- R63: 28.343mm inside top edge
- R64: 30.343mm inside bottom edge
- R66: 26.843mm inside left edge
- R67: 26.843mm inside left edge
- C34: 30.05mm inside bottom edge
- TP1: 10.185mm inside left edge
- TP2: 10.185mm inside left edge
- TP3: 19.36mm inside left edge
- TP4: 15.285mm inside left edge
- D4: 7.23mm inside left edge
- U4: 10.403mm inside top edge
- Q1: 7.225mm inside top edge
- R5: 6.843mm inside left edge
- R6: 8.068mm inside top edge
- R7: 10.543mm inside left edge
- R8: 7.568mm inside left edge
- R9: 3.593mm inside top edge
- R10: 3.343mm inside top edge
- R11: 2.843mm inside left edge
- R12: 2.843mm inside left edge
- R13: 4.568mm inside left edge
- R16: 27.343mm inside top edge
- C9: 10.85mm inside left edge
- C10: 10.9mm inside left edge
- C11: 18.025mm inside top edge
- U5: 9.712mm inside top edge
- D5: 6.465mm inside top edge
- L1: 12mm inside top edge
- C12: 15.4mm inside top edge
- C13: 20.55mm inside top edge
- C14: 11.165mm inside top edge
- C15: 18.3mm inside top edge
- C16: 15.636mm inside top edge
- C17: 12.136mm inside top edge
- C18: 7.75mm inside right edge
- R17: 17.768mm inside top edge
- R18: 14.343mm inside top edge
- R55: 10.743mm inside top edge
- R19: 8.068mm inside top edge
- R20: 5.943mm inside top edge
- R21: 5.968mm inside top edge
- R22: 6.393mm inside top edge
- C19: 7mm inside top edge
- C20: 9.25mm inside top edge
- R23: 29.343mm inside top edge
- R68: 23.649mm inside top edge
- R24: 24.343mm inside top edge
- U6: 19.82mm inside bottom edge
- RV1: 10.05mm inside bottom edge
- R25: 21.343mm inside bottom edge
- D6: 21.2mm inside bottom edge
- D7: 21.2mm inside bottom edge
- R26: 27.068mm inside bottom edge
- C21: 16.75mm inside bottom edge
- C22: 18.8mm inside bottom edge
- C23: 17.9mm inside bottom edge
- SW1: 5.9mm inside bottom edge
- R29: 19.068mm inside bottom edge
- R30: 19.068mm inside bottom edge
- LED2: 8mm inside bottom edge
- LED3: 13mm inside bottom edge
- U8: 25.23mm inside right edge
- R31: 25.843mm inside right edge
- U9: 23.82mm inside bottom edge
- R32: 22.568mm inside right edge
- R33: 20.843mm inside right edge
- R34: 21.068mm inside bottom edge
- D8: 23.2mm inside bottom edge
- R39: 20.843mm inside right edge
- R65: 20.843mm inside right edge
- R40: 16.843mm inside right edge
- C25: 22.1mm inside bottom edge
- U10: 12.553mm inside right edge
- R50: 10.73mm inside right edge
- R51: 19.568mm inside right edge
- C26: 15.8mm inside right edge
- C27: 13.55mm inside right edge
- C28: 11.25mm inside right edge
- C29: 12.665mm inside right edge
- D10: 7.8mm inside right edge
- D11: 5.8mm inside right edge
- J2: 4.65mm inside right edge
- R54: 2.784mm inside bottom edge
- LED1: 8mm inside bottom edge
- TP7: 18.785mm inside bottom edge
- Q2: 3mm inside right edge
- R41: 10.843mm inside right edge
- R42: 14.843mm inside right edge
- R43: 18.843mm inside right edge
- R44: 22.843mm inside right edge
- D9: 4.425mm inside right edge
- Q3: 3mm inside right edge
- R45: 1.772mm inside top edge
- R46: 1.772mm inside top edge
- R47: 6.772mm inside top edge
- R48: 6.772mm inside top edge
- R69: 1.272mm inside top edge
- R70: 1.272mm inside top edge
- R71: 1.272mm inside top edge
- R72: 1.272mm inside top edge
- Q4: 29.225mm inside bottom edge
- R49: 21.343mm inside top edge
- Q5: 21.225mm inside top edge

placement drc:
Errors: 0
Warnings: 0
