Building 1 file(s)...
Building tests/supplier-audit/C3293142.circuit.tsx...
Generating circuit JSON...
Circuit JSON written to dist/tests/supplier-audit/C3293142/circuit.json
The "S" prefix is being used with a <chip />, try using it with a <switch /> or <pushbutton />
All pins on SW2 are underspecified (no pinAttributes set)
SW2 has no pin with requires_power=true
SW2 has no pin with requires_ground=true
Failed to fetch supplier footprint for <chip#0(.probe>.SW2) /> (jlcpcb:C3293142): Unable to connect. Is the computer able to access the url?
Generating preview images...
[tests/supplier-audit/C3293142] Generating PCB SVG...
[tests/supplier-audit/C3293142] Written pcb.svg
[tests/supplier-audit/C3293142] Generating schematic SVG...
[tests/supplier-audit/C3293142] Written schematic.svg

Build complete
  Circuits  1 passed
  Options   pcb-svgs, schematic-svgs
  Output    dist

✓ Done
Build exiting with code 0: build finished successfully
