Building 1 file(s)...
Building tests/supplier-audit/C7420353.circuit.tsx...
Generating circuit JSON...
Circuit JSON written to dist/tests/supplier-audit/C7420353/circuit.json
The "Q" prefix is being used with a <chip />, try using it with a <transistor />
All pins on Q1 are underspecified (no pinAttributes set)
Q1 has no pin with requires_power=true
Q1 has no pin with requires_ground=true
Q1 is missing schematic reference designator text. For a custom symbol, add name="{REFDES}" inside the symbol.
Failed to fetch supplier footprint for <chip#0(.probe>.Q1) /> (jlcpcb:C7420353): Unable to connect. Is the computer able to access the url?
Generating preview images...
[tests/supplier-audit/C7420353] Generating PCB SVG...
[tests/supplier-audit/C7420353] Written pcb.svg
[tests/supplier-audit/C7420353] Generating schematic SVG...
[tests/supplier-audit/C7420353] Written schematic.svg

Build complete
  Circuits  1 passed
  Options   pcb-svgs, schematic-svgs
  Output    dist

✓ Done
Build exiting with code 0: build finished successfully
