Building 1 file(s)...
Building tests/supplier-audit/C20917.circuit.tsx...
Generating circuit JSON...
Circuit JSON written to dist/tests/supplier-audit/C20917/circuit.json
The "Q" prefix is being used with a <chip />, try using it with a <transistor />
All pins on Q3 are underspecified (no pinAttributes set)
Q3 has no pin with requires_power=true
Q3 has no pin with requires_ground=true
Q3 is missing schematic reference designator text. For a custom symbol, add name="{REFDES}" inside the symbol.
Failed to fetch supplier footprint for <chip#0(.probe>.Q3) /> (jlcpcb:C20917): Unable to connect. Is the computer able to access the url?
Generating preview images...
[tests/supplier-audit/C20917] Generating PCB SVG...
[tests/supplier-audit/C20917] Written pcb.svg
[tests/supplier-audit/C20917] Generating schematic SVG...
[tests/supplier-audit/C20917] Written schematic.svg

Build complete
  Circuits  1 passed
  Options   pcb-svgs, schematic-svgs
  Output    dist

✓ Done
Build exiting with code 0: build finished successfully
