C10214 805 SMBJ22A | TVS Diodes | RUILON | LCSC
C124378 64150 B-2100S04P-A110 | Headers, Male Pins | Ckmtw | LCSC
C13187 84800 0603WAF3242T5E | Chip Resistor - Surface Mount | UNI-ROYAL | LCSC
C14663 6895000 CC0603KRX7R9BB104 | Ceramic Capacitors | YAGEO | LCSC
C1653 1428900 CL10C220JB8NNNC | Ceramic Capacitors | Samsung Electro-Mechanics | LCSC
C165948 434590 TYPE-C-31-M-12 | USB, DVI, HDMI Connector Assemblies | Korean Hroparts Elec | LCSC
C181239 819 TPS7A1633DGNR | Voltage Regulators - Linear, Low Drop Out (LDO) Regulators | TI | LCSC
C1849461 1141 TPS16630PWPR | Current Regulation/Management | TI | LCSC
C1855818 29337 DRV8874PWPR | Motor Drivers, Controllers | TI | LCSC
C19666 524400 CL10A475KO8NNNC | Ceramic Capacitors | Samsung Electro-Mechanics | LCSC
C20917 539990 AO3400A | Single FETs, MOSFETs | AOS | LCSC
C2103 82200 BZT52C10 | Single Zener Diodes | JSCJ | LCSC
C2109 10450 BZT52C24 | Single Zener Diodes | JSCJ | LCSC
C21122 376300 CL10B223KB8NNNC | Ceramic Capacitors | Samsung Electro-Mechanics | LCSC
C211759 18280 SMBJ15CA | TVS Diodes | YANGJIE | LCSC
C21190 3209800 0603WAF1001T5E | Chip Resistor - Surface Mount | UNI-ROYAL | LCSC
C22452 2141060 SS54 | Single Diodes | MDD(Microdiode Semiconductor) | LCSC
C22790 630900 0603WAF1202T5E | Chip Resistor - Surface Mount | UNI-ROYAL | LCSC
C22815 31800 0603WAF1623T5E | Chip Resistor - Surface Mount | UNI-ROYAL | LCSC
C22935 4443300 0603WAF1004T5E | Chip Resistor - Surface Mount | UNI-ROYAL | LCSC
C22956 31200 0603WAF2102T5E | Chip Resistor - Surface Mount | UNI-ROYAL | LCSC
C22967 387500 0603WAF2702T5E | Chip Resistor - Surface Mount | UNI-ROYAL | LCSC
C23080 27000 0603WAF5622T5E | Chip Resistor - Surface Mount | UNI-ROYAL | LCSC
C23138 1604700 0603WAF3300T5E | Chip Resistor - Surface Mount | UNI-ROYAL | LCSC
C23186 21677100 0603WAF5101T5E | Chip Resistor - Surface Mount | UNI-ROYAL | LCSC
C23212 1298200 0603WAF6801T5E | Chip Resistor - Surface Mount | UNI-ROYAL | LCSC
C23348 12600 0603WAF2432T5E | Chip Resistor - Surface Mount | UNI-ROYAL | LCSC
C23892 164900 TL431AIDBZR | Voltage Reference | TI | LCSC
C25803 15697100 0603WAF1003T5E | Chip Resistor - Surface Mount | UNI-ROYAL | LCSC
C25890 1227100 0402WGF3301TCE | Chip Resistor - Surface Mount | UNI-ROYAL | LCSC
C2678061 4882 STUSB4500QTR | Controllers | ST | LCSC
C2848921 535 SS-23D03-G080 | Slide Switches | G-Switch | LCSC
C285788 115 MHCC10040-8R2M-R7 | Fixed Inductors | Chilisin | LCSC
C2918361 254080 RVT1E221M0607 | Aluminum Electrolytic Capacitors | ROQANG | LCSC
C2933260 56400 FRC0603F8062TS | Chip Resistor - Surface Mount | FOJAN | LCSC
C2986030 199500 19-217/G7C-AN1P2/6T | LED Indication - Discrete | EVERLIGHT | LCSC
C2991665 89180 RPL-12K10R0FT | Chip Resistor - Surface Mount | FH | LCSC
C395849 6535 DB126V-5.0-2P-GN-P | Wire to Board | DORABO | LCSC
C403725 61438 GRM31CR61E476ME44L | Ceramic Capacitors | muRata | LCSC
C4184 5426700 0603WAF2002T5E | Chip Resistor - Surface Mount | UNI-ROYAL | LCSC
C440183 15950 GRM1885C1H562JA01D | Ceramic Capacitors | muRata | LCSC
C44377 76286 TPS54360DDAR | Voltage Regulators - DC DC Switching Regulators | TI | LCSC
C468238 83 TPS7A1650DGNR | Voltage Regulators - Linear, Low Drop Out (LDO) Regulators | TI | LCSC
C477999 9950 PESD24VS2UT,215 | TVS Diodes | Nexperia | LCSC
C53444 997950 MMBT3906LT1G | Single Bipolar Transistors | onsemi | LCSC
C5710902 123 PTV09A-4015F-B103 | Rotary Potentiometers, Rheostats | BOURNS | LCSC
C57112 2533550 0603B103K500NT | Ceramic Capacitors | FH | LCSC
C67470 198790 LM393DR | Comparators | TI | LCSC
C6986 89930 TLC555CDR | Programmable Timers and Oscillators | TI | LCSC
C7420353 5003350 MMBT3904 | Single Bipolar Transistors | R+O | LCSC
C77083 104250 GRM21BR71H105KA12L | Ceramic Capacitors | muRata | LCSC
C844918 577600 CRCW060310K0FKEA | Chip Resistor - Surface Mount | VISHAY | LCSC
C8598 222780 B5819W SL | Single Diodes | JSCJ | LCSC
C91875 2285 SN74LVC2G08DCUR | Gates and Inverters | TI | LCSC
