C165948 0
C2678061 0
C468238 0
C181239 0
C10214 0
C477999 0
C21190 0
C2109 0
C77083 0
C14663 0
C19666 0
C23162 0
C25803 0
C22452 0
C1849461 0
C7420353 0
C844918 0
C22815 0
C4184 0
C25980 0
C21122 0
C44377 0
C285788 0
C403725 0
C2918361 0
C23186 0
C22956 0
C22790 0
C22967 0
C1653 0
C6986 0
C5710902 0
C23138 0
C8598 0
C440183 0
C57112 0
C908270 0
C2986030 0
C23892 0
C67470 0
C23348 0
C22935 0
C53444 0
C2103 0
C20917 0
C2991665 0
C1855818 0
C25890 0
C211759 0
C395849 0
C529330 0
C3293142 0
C22975 0
C138687 0
