bun test v1.4.2 (744846f84)

tests/repros/repro155-internally-connected-pushbutton-traces.test.tsx:
(pass) repro155: redundant connections to internally connected pushbutton pins remain visible [1756.22ms]

tests/repros/repro108-footprint-composite-pin.test.tsx:
(pass) repro108: footprint composite pin mapping [51.24ms]

tests/repros/repro-boxed-subcircuit-internal-port-name-leak.test.tsx:
(pass) internal subcircuit connection does not become an external label [2882.78ms]

tests/repros/repro-symbol-alias-is-not-internal-short.test.tsx:
(pass) shared symbol alias preserves independent dual ESD cathodes [783.53ms]

tests/repros/repro-ics43434-ground-pad-ports.test.tsx:
(pass) ICS-43434 imported ground polygons have internally connected PCB ports [1521.27ms]

tests/repros/repro16-sch-box-no-pin-labels.test.tsx:
(pass) Schematic box with no pin labels [459.50ms]

tests/repros/repro-custom-symbol-internally-connected-pins.test.tsx:
(pass) imported DMT6007LFG_7 custom symbol ports support internallyConnectedPins [653.35ms]

tests/repros/repro99-two-chips-custom-symbols-no-schxy.test.tsx:
(pass) repro99: two chips with custom svgPath symbols and ports without schX/schY coordinates [853.18ms]

tests/repros/repro-pushbutton-terminal-alias-labels.test.tsx:
(pass) pushbutton terminal aliases preserve explicit labels and rotations [3581.84ms]

tests/repros/repro90-custom-symbol-port-scaling.test.tsx:
(pass) Port schStemLength in custom symbol with width/height scaling [2774.85ms]

tests/repros/repro20-internal-jumper.test.tsx:
(pass) Jumper internallyConnectedPins chooses missing schematic symbol [1106.04ms]

tests/repros/repro105-imported-footprint-alias-survives-inflation.test.tsx:
(pass) repro100: inflated footprint aliases remain valid routing targets after inflation [23.22ms]

tests/repros/repro127-custom-symbol-netlabel-schematic.test.tsx:
(pass) repro127: custom symbol port direction is used for fallback netlabels [659.45ms]

tests/repros/repro129-host-custom-symbol-passives-schematic.test.tsx:
(pass) repro129: host custom symbol connected to passives schematic [959.97ms]

tests/repros/repro-duplicate-obstacle-connectivity-aliases.test.tsx:
(pass) repro duplicate obstacle connectivity aliases on shared power nets [47.77ms]

tests/repros/repro109-non-overlapping-composite-pin-ambiguous.test.tsx:
(pass) repro109: repeated portHints on non-overlapping pads create internally connected ports [214.57ms]

tests/repros/repro112-implicit-internal-composite-pin.test.tsx:
(pass) repro111: separated contacts for one terminal become internally connected ports [317.42ms]

tests/repros/repro-custom-symbol-internally-connected-pins-without-traces.test.tsx:
(pass) imported DMT6007LFG_7 custom symbol supports internallyConnectedPins without traces or netlabels [408.13ms]

tests/repros/custom-symbol-reference-text-ownership.test.tsx:
(pass) labels outside custom symbol bodies belong to their actual component [4267.07ms]

tests/breakout/breakout-insufficient-fanout-space-error.test.tsx:
trace: `key` is not a prop. Trying to access it will result in `undefined` being returned. If you need to access the same value within the child component, you should pass it as a different prop. (https://react.dev/link/special-props)
(pass) a breakout with too little room reports how to give the fanout space [932.94ms]

tests/breakout/fanout-breakout-routes-before-global.test.tsx:
(pass) fanout breakout routes signals and plane drops before global routing [543.98ms]

tests/breakout/unrelated-winding-breakout-scopes.test.tsx:
(pass) unrelated automatic breakout cohorts solve independently [639.88ms]

tests/breakout/fanout-dogbone-global-handoff.test.tsx:
(pass) global routing continues from a local dogbone via [363.15ms]

tests/breakout/fanout-saved-trace-paths-via-endpoints.test.tsx:
(pass) saved fanout paths support leading and trailing vias [1048.37ms]

tests/breakout/fanoutpoint-chip-route.test.tsx:
(pass) fanout routes a chip pin through a fanoutpoint [226.91ms]

tests/breakout/manualplaced-breakoutpoint.test.tsx:
(pass) autoplaced breakout points skipped when manual breakoutpoint exists [404.25ms]

tests/breakout/dogbone-plane-drop-phase-isolation.test.tsx:
(pass) dogbone routing owns its pad escapes while plane drops remain in the following phase [363.04ms]

tests/breakout/fanout-dogbone-artifact-replay.test.tsx:
(pass) dogbone phase exports editable fanout-local paths including power nets [1500.12ms]

tests/breakout/breakout-padding.test.tsx:
(pass) breakout padding expands pcb_group bounds around child components [197.96ms]

tests/breakout/fanout-margin-placement-error.test.tsx:
(pass) fanout boundaries must maintain fanoutMargin [195.07ms]

tests/breakout/fanout-soic8-sensor-to-i2c-header.test.tsx:
(pass) fanout routes soic8 sensor support parts to an i2c header without fanoutpoints [583.39ms]

tests/breakout/manual-breakoutpoints-use-default-autorouter.test.tsx:
(pass) manual breakout points use the default autorouter before global routing [356.35ms]
(pass) an explicit fanout autorouter is preserved with a manual breakout point [7.74ms]
(pass) breakout owns nested nets and shares stable boundary point identities with its parent [39.09ms]

tests/breakout/default-breakout-one-point-net.test.tsx:
(pass) parent net routing uses the child breakout point [734.15ms]

tests/breakout/fanout-saved-trace-paths.test.tsx:
(pass) saved fanout paths preserve bends and hand off to global routing [346.77ms]

tests/breakout/dogbone-autorouting-phase.test.tsx:
(pass) dogbone autorouting phase uses SRJ and feeds the following router [203.33ms]

tests/breakout/fanout-dogbone-solver-events.test.tsx:
Each child in a list should have a unique "key" prop.

Check the render method of `footprint`. It was passed a child from AM3352. See https://react.dev/link/warning-keys for more information.
(pass) dogbone solver events can replay and step the AM3352 solve [2225.82ms]

tests/breakout/fanout-dogbone-no-site.test.tsx:
Async effect error in PcbTraceRender "autorouting":
Error: No complete local dogbone assignment within clearance/search limits
    at tick (/Users/anassarkiz/tsci/tscircuit-store/boards/usb-c-pd-brushed-motor--a7c39d12/tooling/core-manufacturing-A22/node_modules/@tscircuit/dogbone-solver/lib/dogbone-autorouter.ts:176:24)
(pass) dogbone failure does not publish partial handoffs [13.69ms]

tests/breakout/breakout-sot23-regulator-power-rail.test.tsx:
(pass) breakout routes sot23 regulator power rail parts without breakoutpoints [677.88ms]

tests/breakout/fanout-group-schema.test.tsx:
(pass) transparent fanout groups emit valid enclosing-subcircuit associations and optional anchors [223.93ms]

tests/breakout/fanout-overlap-placement-error.test.tsx:
(pass) overlapping fanout boundaries produce a placement error [193.09ms]

tests/breakout/breakout-point-source-trace-ids.test.tsx:
(pass) transparent breakout points use board source trace ids [24.78ms]

tests/breakout/breakout-bga36-decoupling-caps.test.tsx:
(pass) breakout defaults to fanout for a 6x6 BGA surrounded by four 0603 decoupling caps [327.39ms]

tests/breakout/breakout-arduino-uno.test.tsx:
(skip) breakout routes Arduino Uno ATmega pins to board headers

tests/breakout/manual-breakoutpoints-preserve-plane-fanout.test.tsx:
(pass) manual breakout points preserve fanout for automatic plane drops [461.82ms]

tests/breakout/custom-implicit-breakout-point-solver.test.tsx:
(pass) uses a custom implicit breakout point solver when provided [460.08ms]

tests/breakout/autoplaced-breakoutpoints1.test.tsx:
(pass) autoplaced breakout points created for cross-boundary traces [360.40ms]

tests/breakout/breakout-qfp16-with-header-and-passives.test.tsx:
(pass) breakout routes qfp16 controller pins to header and passives with auto breakout points [522.63ms]

tests/breakout/overlapping-fanout-regions-error.test.tsx:
Async effect error in PcbTraceRender "autorouting":
Error: Fanout regions "LEFT_FANOUT" and "RIGHT_FANOUT" overlap by 2.300mm, but at least 0.700mm of separation is required for a via-safe routing channel. Move the components farther apart or reduce their facing fanout padding.
    at _runLocalAutorouting (/Users/anassarkiz/tsci/tscircuit-store/boards/usb-c-pd-brushed-motor--a7c39d12/tooling/core-manufacturing-A22/lib/components/primitive-components/Group/Group.ts:1296:17)
    at <anonymous> (/Users/anassarkiz/tsci/tscircuit-store/boards/usb-c-pd-brushed-motor--a7c39d12/tooling/core-manufacturing-A22/lib/components/primitive-components/Group/Group.ts:2073:14)
    at _queueAsyncEffect (/Users/anassarkiz/tsci/tscircuit-store/boards/usb-c-pd-brushed-motor--a7c39d12/tooling/core-manufacturing-A22/lib/components/base-components/Renderable.ts:317:16)
    at _startAsyncAutorouting (/Users/anassarkiz/tsci/tscircuit-store/boards/usb-c-pd-brushed-motor--a7c39d12/tooling/core-manufacturing-A22/lib/components/primitive-components/Group/Group.ts:2072:12)
    at doInitialPcbTraceRender (/Users/anassarkiz/tsci/tscircuit-store/boards/usb-c-pd-brushed-motor--a7c39d12/tooling/core-manufacturing-A22/lib/components/primitive-components/Group/Group.ts:2121:10)
    at runRenderPhase (/Users/anassarkiz/tsci/tscircuit-store/boards/usb-c-pd-brushed-motor--a7c39d12/tooling/core-manufacturing-A22/lib/components/base-components/Renderable.ts:526:34)
    at runRenderCycle (/Users/anassarkiz/tsci/tscircuit-store/boards/usb-c-pd-brushed-motor--a7c39d12/tooling/core-manufacturing-A22/lib/components/base-components/Renderable.ts:463:12)
    at render (/Users/anassarkiz/tsci/tscircuit-store/boards/usb-c-pd-brushed-motor--a7c39d12/tooling/core-manufacturing-A22/lib/IsolatedCircuit.ts:211:16)
    at renderUntilSettled (/Users/anassarkiz/tsci/tscircuit-store/boards/usb-c-pd-brushed-motor--a7c39d12/tooling/core-manufacturing-A22/lib/IsolatedCircuit.ts:244:14)
    at async <anonymous> (/Users/anassarkiz/tsci/tscircuit-store/boards/usb-c-pd-brushed-motor--a7c39d12/tooling/core-manufacturing-A22/tests/breakout/overlapping-fanout-regions-error.test.tsx:49:17)
(pass) overlapping fanout regions fail before either solver starts [29.90ms]

tests/breakout/fanout-am3352-dogbones.test.tsx:
(pass) dogbone fanout escapes AM3352 power, ground and signal pads locally [1438.44ms]

tests/breakout/fanout-dogbone-transforms.test.tsx:
(pass) dogbone handoffs follow emitted pads on both sides at each right angle [1371.88ms]

tests/breakout/fanout-saved-trace-paths-validation.test.tsx:
Async effect error in PcbTraceRender "autorouting":
Error: Saved fanout path "U1.1" must start at its PCB port on an available layer
    at <anonymous> (/Users/anassarkiz/tsci/tscircuit-store/boards/usb-c-pd-brushed-motor--a7c39d12/tooling/core-manufacturing-A22/lib/components/primitive-components/Breakout/get-saved-fanout-traces.ts:80:19)
    at map (native:1:11)
    at getSavedFanoutTraces (/Users/anassarkiz/tsci/tscircuit-store/boards/usb-c-pd-brushed-motor--a7c39d12/tooling/core-manufacturing-A22/lib/components/primitive-components/Breakout/get-saved-fanout-traces.ts:31:62)
    at getPrecomputedRoutingResult (/Users/anassarkiz/tsci/tscircuit-store/boards/usb-c-pd-brushed-motor--a7c39d12/tooling/core-manufacturing-A22/lib/components/primitive-components/Group/Group_getRoutingPhasePlans.ts:510:19)
    at _runLocalAutorouting (/Users/anassarkiz/tsci/tscircuit-store/boards/usb-c-pd-brushed-motor--a7c39d12/tooling/core-manufacturing-A22/lib/components/primitive-components/Group/Group.ts:1754:26)
    at <anonymous> (/Users/anassarkiz/tsci/tscircuit-store/boards/usb-c-pd-brushed-motor--a7c39d12/tooling/core-manufacturing-A22/lib/components/primitive-components/Group/Group.ts:2073:14)
    at _queueAsyncEffect (/Users/anassarkiz/tsci/tscircuit-store/boards/usb-c-pd-brushed-motor--a7c39d12/tooling/core-manufacturing-A22/lib/components/base-components/Renderable.ts:317:16)
    at _startAsyncAutorouting (/Users/anassarkiz/tsci/tscircuit-store/boards/usb-c-pd-brushed-motor--a7c39d12/tooling/core-manufacturing-A22/lib/components/primitive-components/Group/Group.ts:2072:12)
    at doInitialPcbTraceRender (/Users/anassarkiz/tsci/tscircuit-store/boards/usb-c-pd-brushed-motor--a7c39d12/tooling/core-manufacturing-A22/lib/components/primitive-components/Group/Group.ts:2121:10)
    at runRenderPhase (/Users/anassarkiz/tsci/tscircuit-store/boards/usb-c-pd-brushed-motor--a7c39d12/tooling/core-manufacturing-A22/lib/components/base-components/Renderable.ts:526:34)
    at async <anonymous> (/Users/anassarkiz/tsci/tscircuit-store/boards/usb-c-pd-brushed-motor--a7c39d12/tooling/core-manufacturing-A22/tests/breakout/fanout-saved-trace-paths-validation.test.tsx:90:19)
Async effect error in PcbTraceRender "autorouting":
Error: Saved fanout path "U1.1" uses a layer unavailable on this board
    at <anonymous> (/Users/anassarkiz/tsci/tscircuit-store/boards/usb-c-pd-brushed-motor--a7c39d12/tooling/core-manufacturing-A22/lib/components/primitive-components/Breakout/get-saved-fanout-traces.ts:39:21)
    at map (native:1:11)
    at getSavedFanoutTraces (/Users/anassarkiz/tsci/tscircuit-store/boards/usb-c-pd-brushed-motor--a7c39d12/tooling/core-manufacturing-A22/lib/components/primitive-components/Breakout/get-saved-fanout-traces.ts:31:62)
    at getPrecomputedRoutingResult (/Users/anassarkiz/tsci/tscircuit-store/boards/usb-c-pd-brushed-motor--a7c39d12/tooling/core-manufacturing-A22/lib/components/primitive-components/Group/Group_getRoutingPhasePlans.ts:510:19)
    at _runLocalAutorouting (/Users/anassarkiz/tsci/tscircuit-store/boards/usb-c-pd-brushed-motor--a7c39d12/tooling/core-manufacturing-A22/lib/components/primitive-components/Group/Group.ts:1754:26)
    at <anonymous> (/Users/anassarkiz/tsci/tscircuit-store/boards/usb-c-pd-brushed-motor--a7c39d12/tooling/core-manufacturing-A22/lib/components/primitive-components/Group/Group.ts:2073:14)
    at _queueAsyncEffect (/Users/anassarkiz/tsci/tscircuit-store/boards/usb-c-pd-brushed-motor--a7c39d12/tooling/core-manufacturing-A22/lib/components/base-components/Renderable.ts:317:16)
    at _startAsyncAutorouting (/Users/anassarkiz/tsci/tscircuit-store/boards/usb-c-pd-brushed-motor--a7c39d12/tooling/core-manufacturing-A22/lib/components/primitive-components/Group/Group.ts:2072:12)
    at doInitialPcbTraceRender (/Users/anassarkiz/tsci/tscircuit-store/boards/usb-c-pd-brushed-motor--a7c39d12/tooling/core-manufacturing-A22/lib/components/primitive-components/Group/Group.ts:2121:10)
    at runRenderPhase (/Users/anassarkiz/tsci/tscircuit-store/boards/usb-c-pd-brushed-motor--a7c39d12/tooling/core-manufacturing-A22/lib/components/base-components/Renderable.ts:526:34)
    at async <anonymous> (/Users/anassarkiz/tsci/tscircuit-store/boards/usb-c-pd-brushed-motor--a7c39d12/tooling/core-manufacturing-A22/tests/breakout/fanout-saved-trace-paths-validation.test.tsx:90:19)
Async effect error in PcbTraceRender "autorouting":
Error: pcbTracePaths must cover every fanout connection; missing: breakout:pcb_breakout_point_0
    at getSavedFanoutTraces (/Users/anassarkiz/tsci/tscircuit-store/boards/usb-c-pd-brushed-motor--a7c39d12/tooling/core-manufacturing-A22/lib/components/primitive-components/Breakout/get-saved-fanout-traces.ts:181:15)
    at getPrecomputedRoutingResult (/Users/anassarkiz/tsci/tscircuit-store/boards/usb-c-pd-brushed-motor--a7c39d12/tooling/core-manufacturing-A22/lib/components/primitive-components/Group/Group_getRoutingPhasePlans.ts:510:19)
    at _runLocalAutorouting (/Users/anassarkiz/tsci/tscircuit-store/boards/usb-c-pd-brushed-motor--a7c39d12/tooling/core-manufacturing-A22/lib/components/primitive-components/Group/Group.ts:1754:26)
    at <anonymous> (/Users/anassarkiz/tsci/tscircuit-store/boards/usb-c-pd-brushed-motor--a7c39d12/tooling/core-manufacturing-A22/lib/components/primitive-components/Group/Group.ts:2073:14)
    at _queueAsyncEffect (/Users/anassarkiz/tsci/tscircuit-store/boards/usb-c-pd-brushed-motor--a7c39d12/tooling/core-manufacturing-A22/lib/components/base-components/Renderable.ts:317:16)
    at _startAsyncAutorouting (/Users/anassarkiz/tsci/tscircuit-store/boards/usb-c-pd-brushed-motor--a7c39d12/tooling/core-manufacturing-A22/lib/components/primitive-components/Group/Group.ts:2072:12)
    at doInitialPcbTraceRender (/Users/anassarkiz/tsci/tscircuit-store/boards/usb-c-pd-brushed-motor--a7c39d12/tooling/core-manufacturing-A22/lib/components/primitive-components/Group/Group.ts:2121:10)
    at runRenderPhase (/Users/anassarkiz/tsci/tscircuit-store/boards/usb-c-pd-brushed-motor--a7c39d12/tooling/core-manufacturing-A22/lib/components/base-components/Renderable.ts:526:34)
    at runRenderCycle (/Users/anassarkiz/tsci/tscircuit-store/boards/usb-c-pd-brushed-motor--a7c39d12/tooling/core-manufacturing-A22/lib/components/base-components/Renderable.ts:463:12)
    at render (/Users/anassarkiz/tsci/tscircuit-store/boards/usb-c-pd-brushed-motor--a7c39d12/tooling/core-manufacturing-A22/lib/IsolatedCircuit.ts:211:16)
    at async <anonymous> (/Users/anassarkiz/tsci/tscircuit-store/boards/usb-c-pd-brushed-motor--a7c39d12/tooling/core-manufacturing-A22/tests/breakout/fanout-saved-trace-paths-validation.test.tsx:90:19)
Async effect error in PcbTraceRender "autorouting":
Error: Saved fanout path "U1.1" starts with a via at a pad; enable allowViaInPad
    at <anonymous> (/Users/anassarkiz/tsci/tscircuit-store/boards/usb-c-pd-brushed-motor--a7c39d12/tooling/core-manufacturing-A22/lib/components/primitive-components/Breakout/get-saved-fanout-traces.ts:85:19)
    at map (native:1:11)
    at getSavedFanoutTraces (/Users/anassarkiz/tsci/tscircuit-store/boards/usb-c-pd-brushed-motor--a7c39d12/tooling/core-manufacturing-A22/lib/components/primitive-components/Breakout/get-saved-fanout-traces.ts:31:62)
    at getPrecomputedRoutingResult (/Users/anassarkiz/tsci/tscircuit-store/boards/usb-c-pd-brushed-motor--a7c39d12/tooling/core-manufacturing-A22/lib/components/primitive-components/Group/Group_getRoutingPhasePlans.ts:510:19)
    at _runLocalAutorouting (/Users/anassarkiz/tsci/tscircuit-store/boards/usb-c-pd-brushed-motor--a7c39d12/tooling/core-manufacturing-A22/lib/components/primitive-components/Group/Group.ts:1754:26)
    at <anonymous> (/Users/anassarkiz/tsci/tscircuit-store/boards/usb-c-pd-brushed-motor--a7c39d12/tooling/core-manufacturing-A22/lib/components/primitive-components/Group/Group.ts:2073:14)
    at _queueAsyncEffect (/Users/anassarkiz/tsci/tscircuit-store/boards/usb-c-pd-brushed-motor--a7c39d12/tooling/core-manufacturing-A22/lib/components/base-components/Renderable.ts:317:16)
    at _startAsyncAutorouting (/Users/anassarkiz/tsci/tscircuit-store/boards/usb-c-pd-brushed-motor--a7c39d12/tooling/core-manufacturing-A22/lib/components/primitive-components/Group/Group.ts:2072:12)
    at doInitialPcbTraceRender (/Users/anassarkiz/tsci/tscircuit-store/boards/usb-c-pd-brushed-motor--a7c39d12/tooling/core-manufacturing-A22/lib/components/primitive-components/Group/Group.ts:2121:10)
    at runRenderPhase (/Users/anassarkiz/tsci/tscircuit-store/boards/usb-c-pd-brushed-motor--a7c39d12/tooling/core-manufacturing-A22/lib/components/base-components/Renderable.ts:526:34)
    at async <anonymous> (/Users/anassarkiz/tsci/tscircuit-store/boards/usb-c-pd-brushed-motor--a7c39d12/tooling/core-manufacturing-A22/tests/breakout/fanout-saved-trace-paths-validation.test.tsx:90:19)
(pass) saved fanout paths reject invalid layers, anchors, and incomplete coverage [22.06ms]

tests/breakout/fanout-custom-symbol-port-alias.test.tsx:
(pass) fanout resolves imported-style symbol aliases after source ports and traces exist [190.31ms]

tests/breakout/breakout-rp2040-with-passives.test.tsx:
(skip) breakout routes rp2040 pins to nearby capacitors and resistors

tests/breakout/breakoutpoint-route.test.tsx:
(pass) autorouter uses breakout point [195.47ms]

tests/breakout/fanout-saved-trace-paths-transforms.test.tsx:
(pass) saved fanout routes follow placement and preserve physical via layers [2583.15ms]

tests/breakout/breakoutpoint-target-layer.test.tsx:
(pass) explicit breakout target layers survive both escape and global routing [435.37ms]

tests/utils/autorouting/findPossibleTraceLayerCombinations.test.ts:
(pass) find possible trace layer combinations 1 [0.15ms]
(pass) find possible trace layer combinations 2 [0.03ms]

tests/utils/autorouting/simple-route-json-ignores-routed-subcircuit-traces.test.ts:
(pass) board simple route json ignores source traces already routed by child subcircuits [0.46ms]

tests/utils/autorouting/findPossibleTraceLayerCombinations-ten-layers.test.ts:
(pass) optional via route hints can select inner8 on a ten-layer board [0.03ms]

tests/utils/autorouting/fanout-bounds-expand-breakout-points.test.ts:
(pass) breakout points expand resolved fanout bounds [0.02ms]

tests/utils/autorouting/ten-layer-drilled-obstacles.test.ts:
(pass) board cutouts obstruct every copper layer on a ten-layer board [0.03ms]

tests/utils/autorouting/fanout-source-keepout-metadata.test.ts:
(pass) fanout keepout handoff uses explicit source component metadata [0.06ms]

tests/utils/autorouting/simple-route-json-ignores-existing-top-level-pcb-traces.test.ts:
(pass) simple route json ignores existing top-level pcb traces as routing state [0.12ms]
(pass) simple route json keeps existing pcb traces as routing state inside subcircuits [0.20ms]

tests/utils/autorouting/getPresetAutoroutingConfig.test.ts:
(pass) getPresetAutoroutingConfig > treats auto_cloud preset string the same as auto-cloud [0.02ms]
(pass) getPresetAutoroutingConfig > treats auto_cloud preset object the same as auto-cloud [0.01ms]
(pass) getPresetAutoroutingConfig > normalizes fanout presets to local subcircuit routing [0.01ms]

tests/utils/autorouting/near-complete-open-arc-keepout-keeps-approximation.test.ts:
(pass) near-complete open keepout arcs retain their segment approximation [0.70ms]

tests/utils/autorouting/pmp22650-circular-outline-keepout.test.ts:
(pass) PMP22650 circular outline keepout becomes one SRJ rect [0.11ms]

tests/utils/autorouting/get-circuit-json-pcb-trace-route.test.ts:
(pass) strips SRJ-only metadata without mutating the routed geometry [0.03ms]

tests/utils/autorouting/get-fanout-shared-boundary.test.ts:
(pass) fanout padding wraps the shared source-pad union [0.12ms]

tests/utils/autorouting/simple-route-json-layer-count.test.tsx:
(pass) simple route json respects single-layer board layerCount [19.70ms]

tests/utils/autorouting/simple-route-json-assignable-via.test.tsx:
(pass) assignable vias produce assignable obstacles [15.48ms]

tests/utils/autorouting/fanout-phase-separation.test.ts:
(pass) fanout phase regions require a via-safe horizontal or vertical gap [0.04ms]

tests/utils/autorouting/simple-route-json-connection-nominal-trace-width.test.tsx:
(pass) simple route json connection nominalTraceWidth matches trace thickness [200.01ms]

tests/utils/autorouting/simple-route-json-multilayer-count.test.tsx:
(pass) simple route json preserves a ten-layer board layerCount [4.90ms]

tests/utils/autorouting/simple-route-json-missing-pcb-ports.test.tsx:
(pass) schematic-only terminals do not produce invalid routing connections [3.55ms]

tests/utils/autorouting/simple-route-json-interconnect-obstacles.test.tsx:
(pass) interconnect pads have offBoardConnectsTo and netIsAssignable set [3.05ms]

tests/utils/autorouting/unroute-circuit-json.test.tsx:
(pass) unroute circuit json [192.76ms]

tests/utils/autorouting/simple-route-json-preserves-child-net-routing-state.test.ts:
(pass) board simple route json preserves child trace physical connectivity [5.44ms]

tests/utils/autorouting/simple-route-json-preserves-routed-vias-as-traces.test.ts:
(pass) preserved routed vias stay in SRJ traces instead of obstacles [0.17ms]

tests/utils/autorouting/via-obstacles-are-circular.test.ts:
(pass) vias produce explicitly circular obstacles [0.04ms]

tests/utils/autorouting/fanout-boundary-point-spacing.test.ts:
(pass) fanout boundary spacing uses the same default via floor as FanoutSolver [0.01ms]

tests/utils/autorouting/obstacles-preserve-circuit-element-identities.test.ts:
(pass) pad obstacles preserve opaque Circuit JSON identities [0.07ms]

tests/utils/autorouting/simple-route-json-unbroken-copper-pour-obstacles.test.tsx:
(pass) simple route json only includes unbroken copper pours as copper-pour obstacles [27.44ms]

tests/utils/autorouting/get-fanout-solver-buses.test.ts:
(pass) fanout solver buses preserve canonical exits, legacy guidance, and layer preferences [0.16ms]

tests/utils/autorouting/simple-route-json-port-selectors.test.tsx:
(pass) simple route json points include semantic port selectors [7.92ms]

tests/utils/autorouting/simple-route-json-outline.test.tsx:
(pass) simple route json includes board outline when provided [201.36ms]

tests/utils/autorouting/expand-srj-bounds-to-include-connection-points.test.ts:
(pass) expands SRJ bounds around non-off-board connection points [0.16ms]

tests/utils/autorouting/plane-direction-physical-pad.test.ts:
(pass) plane direction uses the physical pad rather than a distant same-net package [1.60ms]

tests/utils/autorouting/differential-pair-phase-filter.test.ts:
(pass) phased autorouting keeps differential pairs together [0.21ms]

tests/utils/autorouting/partial-outline-keepout-keeps-approximation.test.ts:
(pass) partial outline keepout retains its segment approximation [0.11ms]

tests/utils/autorouting/simple-route-json-usb-c.test.tsx:
(pass) simple route json usb-c [184.84ms]

tests/utils/autorouting/simple-route-json-owning-board-policy.test.tsx:
(pass) nested routing uses its owning board via policy [5.86ms]

tests/utils/autorouting/simple-route-json-net-width-precedence.test.tsx:
(pass) connected nets and traces retain their largest specified width [35.40ms]

tests/utils/autorouting/simple-route-json-axis-aligned-rotated-rect-obstacles.test.tsx:
(pass) axis-aligned rotated_rect pads become single simple-route obstacles [3.38ms]

tests/utils/autorouting/single-layer-routing.test.ts:
(pass) single_layer_routing resolves to the bus_lanes strategy without mutating config [0.14ms]

tests/utils/autorouting/fanout-phase-separation-region-identity.test.ts:
(pass) fanout separation sums each region's keepaway and deduplicates one physical region [0.03ms]

tests/utils/autorouting/differential-pair-segment-cohorts.test.tsx:
(pass) pairs differential SRJ segments by routing PCB group [7.02ms]

tests/utils/autorouting/compare-srj-points.test.ts:
(pass) SRJ endpoint comparison prefers point identity and otherwise matches position and layer [0.04ms]

tests/utils/autorouting/local-autorouter-strategies.test.ts:
(pass) the default local autorouter strategy preserves existing behavior [0.07ms]

tests/utils/autorouting/get-fanout-shared-boundary-original-endpoints.test.ts:
(pass) fanout boundary includes original endpoint tracks on the perpendicular axis [0.05ms]

tests/utils/autorouting/phased-autorouting-bounds.test.ts:
(pass) phased autorouting expands substituted bounds around phase connection points [0.09ms]

tests/components/primitive-components/polygon-composite-pin-transforms.test.tsx:
(pass) polygon composite pins retain physical PCB ports through rotation and layer flips [545.08ms]

tests/components/primitive-components/net-name-alias-power-detection.test.tsx:
(pass) power and ground aliases are detected after underscores [1.21ms]

tests/components/primitive-components/custom-symbol-port-scaled-connected.test.tsx:
(pass) Port schStemLength in custom symbol with width/height scaling connecting to capacitor [3146.84ms]

tests/components/primitive-components/custom-symbol-rotation.test.tsx:
(pass) custom symbol rotation moves graphics, electrical pins and facing together [292.25ms]

tests/components/primitive-components/trace-width-alias.test.tsx:
(pass) trace width prop works as alias for thickness [188.04ms]

tests/components/primitive-components/port-pin-label-font-size.test.tsx:
(pass) port forwards schematic pin-label font sizes to circuit json [1.54ms]

tests/components/primitive-components/trace-ambiguous-imported-alias-pcb-target.test.tsx:
(pass) ambiguous imported alias pin connects through inferred internal ports [13.44ms]

tests/components/normal-components/internally-connected-pins-numbers.test.tsx:
(pass) internallyConnectedPins with numbers should convert to pin names [684.72ms]

tests/components/normal-components/pinheader-show-silkscreen-pin-labels.test.tsx:
(pass) pinheader showSilkscreenPinLabels prop behavior - all scenarios [655.56ms]

tests/components/normal-components/led-legacy-pin-labels.test.tsx:
(pass) led accepts legacy numeric pinLabels keys [3.07ms]

tests/components/normal-components/pcb-pin-labels.test.tsx:
(pass) chip with pcbPinLabels should use different labels for PCB vs schematic [867.16ms]
(pass) chip should fallback to pinLabels when pcbPinLabels not provided [791.02ms]
(pass) jumper with pcbPinLabels should use different labels for PCB vs schematic [799.68ms]
(pass) jumper should fallback to pinLabels when pcbPinLabels not provided [770.15ms]
(pass) pinheader with pcbPinLabels should use different labels for PCB vs schematic [885.20ms]
(pass) pinheader should fallback to pinLabels when pcbPinLabels not provided [812.21ms]

tests/components/normal-components/led-custom-footprint-pin-labels.test.tsx:
(pass) led uses custom footprint port hints as pin labels [1457.24ms]

tests/components/normal-components/led-reversed-pin-labels.test.tsx:
(pass) LED schematic polarity follows pin labels rather than footprint numbering [826.92ms]

tests/components/normal-components/chip-auto-width-long-pin-labels.test.tsx:
(pass) chip without explicit schematic dimensions fits long labels on both sides [2473.09ms]

tests/components/normal-components/chip-pin-aliases-label-direction.test.tsx:
(pass) Chip pin aliases labels are shown after the primary pin label [658.00ms]

tests/components/normal-components/chip-aliases.test.tsx:
(pass) should create a Chip component when using the <bug /> alias [3.38ms]

tests/components/normal-components/manufacturer-part-number-aliases.test.tsx:
(pass) all part types preserve each MPN alias in source JSON without missing-MPN warnings [545.62ms]

tests/components/normal-components/chip-auto-width-opposing-pin-labels.test.tsx:
(pass) chip auto width includes the longest label on each opposing side [722.41ms]

tests/components/normal-components/internally-connected-fabrication-notes.test.tsx:
(pass) internally connected pads receive fabrication notes when the footprint has none [279.32ms]

tests/components/normal-components/pushbutton-internally-connected-pins.test.tsx:
(pass) pushbutton internally connected pins are marked on the PCB [1205.63ms]

tests/components/normal-components/pcb-position-anchor-pin-label.test.tsx:
(pass) pcbPositionAnchor with pin label [3.94ms]

tests/components/normal-components/interconnect-internal-connection.test.tsx:
(pass) interconnect with standard footprint should create source_component_internal_connection [2.61ms]

tests/components/normal-components/chip-show-pin-aliases.test.tsx:
(pass) chip shows all pin aliases when showPinAliases is true [743.26ms]

tests/components/normal-components/internally-connected-fabrication-note-transforms.test.tsx:
(pass) internal connection fabrication notes follow component rotations and layers [444.01ms]

tests/components/normal-components/connector-no-connect-custom-symbol.test.tsx:
(pass) connector no-connect attributes propagate to custom symbol ports [380.62ms]

tests/components/normal-components/chip-pin-alias.test.tsx:
(pass) Chip with pin labels as strings and duplicates [890.18ms]
(skip) Chip with pin labels as numbers, decimals and duplicates
(skip) Chip with pin labels as duplicates

tests/components/normal-components/switch-no-connect-alias.test.tsx:
(pass) switch noConnect accepts a readonly pin alias without marking other ports [1354.24ms]

tests/components/normal-components/jumper-numbers-internally-connected.test.tsx:
(pass) jumper internallyConnectedPins with numbers should work correctly [1074.71ms]

tests/components/normal-components/capacitor-pin-aliases.test.tsx:
(pass) capacitor pin aliases [498.89ms]

tests/components/normal-components/internally-connected-fabrication-note-pin-limit.test.tsx:
Each child in a list should have a unique "key" prop.

Check the top-level render call using <footprint>. See https://react.dev/link/warning-keys for more information.
(pass) internal connection fabrication notes only appear below six pins [264.88ms]

tests/components/normal-components/parts-engine-fetch-circuit-json-aliases.test.tsx:
(pass) connector usb_c derives standard pin labels without remapping pin numbers [12.27ms]

tests/components/normal-components/transistor-pin-accessor-aliases.test.tsx:
(pass) should expose accessors consistent with pin aliases (pin1=collector, pin2=base, pin3=emitter) [1.13ms]

tests/components/normal-components/crystal-four-pin-port-aliases.test.tsx:
(pass) four-pin crystal aliases resolve to distinct numbered pins [1956.63ms]

tests/utils/autorouting/capacity-mesh-autorouter/capacity-mesh-autorouter-async-step.test.ts:
(pass) CapacityMeshAutorouter uses stepAsync when available [8.71ms]

tests/utils/autorouting/capacity-mesh-autorouter/capacity-mesh-autorouter-pipeline9-output.test.ts:
(pass) Pipeline 9 local autorouter does not duplicate preloaded traces [31.27ms]

tests/utils/autorouting/capacity-mesh-autorouter/capacity-mesh-autorouter1.test.ts:
(pass) CapacityMeshAutorouter should solve a simple routing problem [60.83ms]
(pass) CapacityMeshAutorouter invokes onSolverStarted callback [0.10ms]

4 tests skipped:
(skip) breakout routes Arduino Uno ATmega pins to board headers
(skip) breakout routes rp2040 pins to nearby capacitors and resistors
(skip) Chip with pin labels as numbers, decimals and duplicates
(skip) Chip with pin labels as duplicates

 146 pass
 4 skip
 0 fail
 2638 expect() calls
Ran 150 tests across 136 files. [71.66s]
