$ tsc --noEmit
scripts/audit-schematic.ts(22,41): error TS2339: Property 'name' does not exist on type '{ message: string; type: "source_runtime_error"; error_type: "source_runtime_error"; source_runtime_error_id: string; phase_name?: string | undefined; } | { type: "source_trace"; source_trace_id: string; ... 8 more ...; min_trace_thickness?: number | undefined; } | ... 245 more ... | { ...; }'.
  Property 'name' does not exist on type '{ message: string; type: "source_runtime_error"; error_type: "source_runtime_error"; source_runtime_error_id: string; phase_name?: string | undefined; }'.
scripts/audit-schematic.ts(22,61): error TS2339: Property 'port_hints' does not exist on type '{ message: string; type: "source_runtime_error"; error_type: "source_runtime_error"; source_runtime_error_id: string; phase_name?: string | undefined; } | { type: "source_trace"; source_trace_id: string; ... 8 more ...; min_trace_thickness?: number | undefined; } | ... 245 more ... | { ...; }'.
  Property 'port_hints' does not exist on type '{ message: string; type: "source_runtime_error"; error_type: "source_runtime_error"; source_runtime_error_id: string; phase_name?: string | undefined; }'.
scripts/audit-schematic.ts(26,115): error TS2339: Property 'source_port_id' does not exist on type '{ message: string; type: "source_runtime_error"; error_type: "source_runtime_error"; source_runtime_error_id: string; phase_name?: string | undefined; } | { type: "source_trace"; source_trace_id: string; ... 8 more ...; min_trace_thickness?: number | undefined; } | ... 245 more ... | { ...; }'.
  Property 'source_port_id' does not exist on type '{ message: string; type: "source_runtime_error"; error_type: "source_runtime_error"; source_runtime_error_id: string; phase_name?: string | undefined; }'.
scripts/audit-schematic.ts(27,72): error TS2339: Property 'connected_source_net_ids' does not exist on type '{ message: string; type: "source_runtime_error"; error_type: "source_runtime_error"; source_runtime_error_id: string; phase_name?: string | undefined; } | { type: "source_trace"; source_trace_id: string; ... 8 more ...; min_trace_thickness?: number | undefined; } | ... 245 more ... | { ...; }'.
  Property 'connected_source_net_ids' does not exist on type '{ message: string; type: "source_runtime_error"; error_type: "source_runtime_error"; source_runtime_error_id: string; phase_name?: string | undefined; }'.
scripts/audit-schematic.ts(27,123): error TS2339: Property 'connected_source_net_ids' does not exist on type '{ message: string; type: "source_runtime_error"; error_type: "source_runtime_error"; source_runtime_error_id: string; phase_name?: string | undefined; } | { type: "source_trace"; source_trace_id: string; ... 8 more ...; min_trace_thickness?: number | undefined; } | ... 245 more ... | { ...; }'.
  Property 'connected_source_net_ids' does not exist on type '{ message: string; type: "source_runtime_error"; error_type: "source_runtime_error"; source_runtime_error_id: string; phase_name?: string | undefined; }'.
scripts/audit-schematic.ts(27,186): error TS2339: Property 'connected_source_port_ids' does not exist on type '{ message: string; type: "source_runtime_error"; error_type: "source_runtime_error"; source_runtime_error_id: string; phase_name?: string | undefined; } | { type: "source_trace"; source_trace_id: string; ... 8 more ...; min_trace_thickness?: number | undefined; } | ... 245 more ... | { ...; }'.
  Property 'connected_source_port_ids' does not exist on type '{ message: string; type: "source_runtime_error"; error_type: "source_runtime_error"; source_runtime_error_id: string; phase_name?: string | undefined; }'.
scripts/audit-schematic.ts(28,106): error TS2339: Property 'source_port_id' does not exist on type '{ message: string; type: "source_runtime_error"; error_type: "source_runtime_error"; source_runtime_error_id: string; phase_name?: string | undefined; } | { type: "source_trace"; source_trace_id: string; ... 8 more ...; min_trace_thickness?: number | undefined; } | ... 245 more ... | { ...; }'.
  Property 'source_port_id' does not exist on type '{ message: string; type: "source_runtime_error"; error_type: "source_runtime_error"; source_runtime_error_id: string; phase_name?: string | undefined; }'.
scripts/audit-schematic.ts(32,36): error TS2339: Property 'name' does not exist on type '{ message: string; type: "source_runtime_error"; error_type: "source_runtime_error"; source_runtime_error_id: string; phase_name?: string | undefined; } | { type: "source_trace"; source_trace_id: string; ... 8 more ...; min_trace_thickness?: number | undefined; } | ... 245 more ... | { ...; }'.
  Property 'name' does not exist on type '{ message: string; type: "source_runtime_error"; error_type: "source_runtime_error"; source_runtime_error_id: string; phase_name?: string | undefined; }'.
scripts/audit-schematic.ts(32,56): error TS2339: Property 'port_hints' does not exist on type '{ message: string; type: "source_runtime_error"; error_type: "source_runtime_error"; source_runtime_error_id: string; phase_name?: string | undefined; } | { type: "source_trace"; source_trace_id: string; ... 8 more ...; min_trace_thickness?: number | undefined; } | ... 245 more ... | { ...; }'.
  Property 'port_hints' does not exist on type '{ message: string; type: "source_runtime_error"; error_type: "source_runtime_error"; source_runtime_error_id: string; phase_name?: string | undefined; }'.
scripts/audit-schematic.ts(34,107): error TS2339: Property 'source_port_id' does not exist on type '{ message: string; type: "source_runtime_error"; error_type: "source_runtime_error"; source_runtime_error_id: string; phase_name?: string | undefined; } | { type: "source_trace"; source_trace_id: string; ... 8 more ...; min_trace_thickness?: number | undefined; } | ... 245 more ... | { ...; }'.
  Property 'source_port_id' does not exist on type '{ message: string; type: "source_runtime_error"; error_type: "source_runtime_error"; source_runtime_error_id: string; phase_name?: string | undefined; }'.
