$ tsc --noEmit
evidence/prechange-A7/circuit/EnergyDump.tsx(1,25): error TS2307: Cannot find module '../imports/AO3400A' or its corresponding type declarations.
evidence/prechange-A7/circuit/EnergyDump.tsx(2,26): error TS2307: Cannot find module '../imports/BZT52C10' or its corresponding type declarations.
evidence/prechange-A7/circuit/EnergyDump.tsx(3,34): error TS2307: Cannot find module '../imports/A_0603WAF1001T5E' or its corresponding type declarations.
evidence/prechange-A7/circuit/EnergyDump.tsx(4,31): error TS2307: Cannot find module '../imports/RPL_12K10R0FT' or its corresponding type declarations.
evidence/prechange-A7/circuit/EnergyDump.tsx(5,30): error TS2307: Cannot find module '../imports/MMBT3906LT1G' or its corresponding type declarations.
evidence/prechange-A7/circuit/EnergyDump.tsx(6,26): error TS2307: Cannot find module '../imports/MMBT3904' or its corresponding type declarations.
evidence/prechange-A7/circuit/EnergyDump.tsx(7,34): error TS2307: Cannot find module '../imports/CRCW060310K0FKEA' or its corresponding type declarations.
evidence/prechange-A7/circuit/InputProtection.tsx(1,35): error TS2307: Cannot find module '../imports/CC0603KRX7R9BB104' or its corresponding type declarations.
evidence/prechange-A7/circuit/InputProtection.tsx(2,30): error TS2307: Cannot find module '../imports/TPS16630PWPR' or its corresponding type declarations.
evidence/prechange-A7/circuit/InputProtection.tsx(3,33): error TS2307: Cannot find module '../imports/CL10B223KB8NNNC' or its corresponding type declarations.
evidence/prechange-A7/circuit/InputProtection.tsx(4,22): error TS2307: Cannot find module '../imports/SS54' or its corresponding type declarations.
evidence/prechange-A7/circuit/InputProtection.tsx(5,34): error TS2307: Cannot find module '../imports/A_0603WAF1623T5E' or its corresponding type declarations.
evidence/prechange-A7/circuit/InputProtection.tsx(6,34): error TS2307: Cannot find module '../imports/A_0603WAF6801T5E' or its corresponding type declarations.
evidence/prechange-A7/circuit/InputProtection.tsx(7,34): error TS2307: Cannot find module '../imports/A_0603WAF1003T5E' or its corresponding type declarations.
evidence/prechange-A7/circuit/InputProtection.tsx(8,34): error TS2307: Cannot find module '../imports/A_0603WAF2002T5E' or its corresponding type declarations.
evidence/prechange-A7/circuit/InputProtection.tsx(9,26): error TS2307: Cannot find module '../imports/MMBT3904' or its corresponding type declarations.
evidence/prechange-A7/circuit/InputProtection.tsx(10,36): error TS2307: Cannot find module '../imports/GRM21BR71H105KA12L' or its corresponding type declarations.
evidence/prechange-A7/circuit/InputProtection.tsx(11,34): error TS2307: Cannot find module '../imports/CRCW060310K0FKEA' or its corresponding type declarations.
evidence/prechange-A7/circuit/MotorBridge.tsx(1,35): error TS2307: Cannot find module '../imports/CC0603KRX7R9BB104' or its corresponding type declarations.
evidence/prechange-A7/circuit/MotorBridge.tsx(2,29): error TS2307: Cannot find module '../imports/DRV8874PWPR' or its corresponding type declarations.
evidence/prechange-A7/circuit/MotorBridge.tsx(3,33): error TS2307: Cannot find module '../imports/CL10B223KB8NNNC' or its corresponding type declarations.
evidence/prechange-A7/circuit/MotorBridge.tsx(4,26): error TS2307: Cannot find module '../imports/SMBJ15CA' or its corresponding type declarations.
evidence/prechange-A7/circuit/MotorBridge.tsx(5,34): error TS2307: Cannot find module '../imports/A_0603WAF1003T5E' or its corresponding type declarations.
evidence/prechange-A7/circuit/MotorBridge.tsx(6,34): error TS2307: Cannot find module '../imports/A_0402WGF3301TCE' or its corresponding type declarations.
evidence/prechange-A7/circuit/MotorBridge.tsx(7,39): error TS2307: Cannot find module '../imports/A_19_217_G7C_AN1P2_6T' or its corresponding type declarations.
evidence/prechange-A7/circuit/MotorBridge.tsx(8,36): error TS2307: Cannot find module '../imports/DB126V_5_0_2P_GN_P' or its corresponding type declarations.
evidence/prechange-A7/circuit/MotorBridge.tsx(9,36): error TS2307: Cannot find module '../imports/GRM31CR61E476ME44L' or its corresponding type declarations.
evidence/prechange-A7/circuit/MotorBridge.tsx(10,34): error TS2307: Cannot find module '../imports/CRCW060310K0FKEA' or its corresponding type declarations.
evidence/prechange-A7/circuit/MotorSupply.tsx(1,35): error TS2307: Cannot find module '../imports/CC0603KRX7R9BB104' or its corresponding type declarations.
evidence/prechange-A7/circuit/MotorSupply.tsx(2,33): error TS2307: Cannot find module '../imports/CL10C220JB8NNNC' or its corresponding type declarations.
evidence/prechange-A7/circuit/MotorSupply.tsx(3,33): error TS2307: Cannot find module '../imports/CL10B223KB8NNNC' or its corresponding type declarations.
evidence/prechange-A7/circuit/MotorSupply.tsx(4,22): error TS2307: Cannot find module '../imports/SS54' or its corresponding type declarations.
evidence/prechange-A7/circuit/MotorSupply.tsx(5,34): error TS2307: Cannot find module '../imports/A_0603WAF1202T5E' or its corresponding type declarations.
evidence/prechange-A7/circuit/MotorSupply.tsx(6,34): error TS2307: Cannot find module '../imports/A_0603WAF1623T5E' or its corresponding type declarations.
evidence/prechange-A7/circuit/MotorSupply.tsx(7,34): error TS2307: Cannot find module '../imports/A_0603WAF2102T5E' or its corresponding type declarations.
evidence/prechange-A7/circuit/MotorSupply.tsx(8,34): error TS2307: Cannot find module '../imports/A_0603WAF2702T5E' or its corresponding type declarations.
evidence/prechange-A7/circuit/MotorSupply.tsx(9,34): error TS2307: Cannot find module '../imports/A_0603WAF5101T5E' or its corresponding type declarations.
evidence/prechange-A7/circuit/MotorSupply.tsx(10,34): error TS2307: Cannot find module '../imports/A_0603WAF1003T5E' or its corresponding type declarations.
evidence/prechange-A7/circuit/MotorSupply.tsx(11,31): error TS2307: Cannot find module '../imports/SS_23D03_G080' or its corresponding type declarations.
evidence/prechange-A7/circuit/MotorSupply.tsx(12,35): error TS2307: Cannot find module '../imports/MHCC10040_8R2M_R7' or its corresponding type declarations.
evidence/prechange-A7/circuit/MotorSupply.tsx(13,31): error TS2307: Cannot find module '../imports/RVT1E221M0607' or its corresponding type declarations.
evidence/prechange-A7/circuit/MotorSupply.tsx(14,36): error TS2307: Cannot find module '../imports/GRM31CR61E476ME44L' or its corresponding type declarations.
evidence/prechange-A7/circuit/MotorSupply.tsx(15,34): error TS2307: Cannot find module '../imports/A_0603WAF2002T5E' or its corresponding type declarations.
evidence/prechange-A7/circuit/MotorSupply.tsx(16,30): error TS2307: Cannot find module '../imports/TPS54360DDAR' or its corresponding type declarations.
evidence/prechange-A7/circuit/MotorSupply.tsx(17,36): error TS2307: Cannot find module '../imports/GRM21BR71H105KA12L' or its corresponding type declarations.
evidence/prechange-A7/circuit/MotorSupply.tsx(18,34): error TS2307: Cannot find module '../imports/CRCW060310K0FKEA' or its corresponding type declarations.
evidence/prechange-A7/circuit/PwmControls.tsx(1,35): error TS2307: Cannot find module '../imports/CC0603KRX7R9BB104' or its corresponding type declarations.
evidence/prechange-A7/circuit/PwmControls.tsx(2,34): error TS2307: Cannot find module '../imports/A_0603WAF1001T5E' or its corresponding type declarations.
evidence/prechange-A7/circuit/PwmControls.tsx(3,34): error TS2307: Cannot find module '../imports/A_0603WAF3300T5E' or its corresponding type declarations.
evidence/prechange-A7/circuit/PwmControls.tsx(4,31): error TS2307: Cannot find module '../imports/SS_23D03_G080' or its corresponding type declarations.
evidence/prechange-A7/circuit/PwmControls.tsx(5,39): error TS2307: Cannot find module '../imports/A_19_217_G7C_AN1P2_6T' or its corresponding type declarations.
evidence/prechange-A7/circuit/PwmControls.tsx(6,36): error TS2307: Cannot find module '../imports/GRM1885C1H562JA01D' or its corresponding type declarations.
evidence/prechange-A7/circuit/PwmControls.tsx(7,35): error TS2307: Cannot find module '../imports/PTV09A_4015F_B103' or its corresponding type declarations.
evidence/prechange-A7/circuit/PwmControls.tsx(8,34): error TS2307: Cannot find module '../imports/A_0603B103K500NT' or its corresponding type declarations.
evidence/prechange-A7/circuit/PwmControls.tsx(9,27): error TS2307: Cannot find module '../imports/TLC555CDR' or its corresponding type declarations.
evidence/prechange-A7/circuit/PwmControls.tsx(10,34): error TS2307: Cannot find module '../imports/CRCW060310K0FKEA' or its corresponding type declarations.
evidence/prechange-A7/circuit/PwmControls.tsx(11,27): error TS2307: Cannot find module '../imports/B5819W_SL' or its corresponding type declarations.
evidence/prechange-A7/circuit/PwmControls.tsx(12,33): error TS2307: Cannot find module '../imports/SN74LVC2G08DCUR' or its corresponding type declarations.
evidence/prechange-A7/circuit/RailProtection.tsx(1,34): error TS2307: Cannot find module '../imports/A_0603WAF3242T5E' or its corresponding type declarations.
evidence/prechange-A7/circuit/RailProtection.tsx(2,35): error TS2307: Cannot find module '../imports/CC0603KRX7R9BB104' or its corresponding type declarations.
evidence/prechange-A7/circuit/RailProtection.tsx(3,34): error TS2307: Cannot find module '../imports/A_0603WAF1001T5E' or its corresponding type declarations.
evidence/prechange-A7/circuit/RailProtection.tsx(4,34): error TS2307: Cannot find module '../imports/A_0603WAF1004T5E' or its corresponding type declarations.
evidence/prechange-A7/circuit/RailProtection.tsx(5,34): error TS2307: Cannot find module '../imports/A_0603WAF5622T5E' or its corresponding type declarations.
evidence/prechange-A7/circuit/RailProtection.tsx(6,34): error TS2307: Cannot find module '../imports/A_0603WAF2432T5E' or its corresponding type declarations.
evidence/prechange-A7/circuit/RailProtection.tsx(7,29): error TS2307: Cannot find module '../imports/TL431AIDBZR' or its corresponding type declarations.
evidence/prechange-A7/circuit/RailProtection.tsx(8,34): error TS2307: Cannot find module '../imports/A_0603WAF1003T5E' or its corresponding type declarations.
evidence/prechange-A7/circuit/RailProtection.tsx(9,32): error TS2307: Cannot find module '../imports/FRC0603F8062TS' or its corresponding type declarations.
evidence/prechange-A7/circuit/RailProtection.tsx(10,25): error TS2307: Cannot find module '../imports/LM393DR' or its corresponding type declarations.
evidence/prechange-A7/circuit/RailProtection.tsx(11,34): error TS2307: Cannot find module '../imports/CRCW060310K0FKEA' or its corresponding type declarations.
evidence/prechange-A7/circuit/RailProtection.tsx(12,27): error TS2307: Cannot find module '../imports/B5819W_SL' or its corresponding type declarations.
evidence/prechange-A7/circuit/UsbInput.tsx(1,25): error TS2307: Cannot find module '../imports/SMBJ22A' or its corresponding type declarations.
evidence/prechange-A7/circuit/UsbInput.tsx(2,33): error TS2307: Cannot find module '../imports/B_2100S04P_A110' or its corresponding type declarations.
evidence/prechange-A7/circuit/UsbInput.tsx(3,35): error TS2307: Cannot find module '../imports/CC0603KRX7R9BB104' or its corresponding type declarations.
evidence/prechange-A7/circuit/UsbInput.tsx(4,32): error TS2307: Cannot find module '../imports/TYPE_C_31_M_12' or its corresponding type declarations.
evidence/prechange-A7/circuit/UsbInput.tsx(5,31): error TS2307: Cannot find module '../imports/TPS7A1633DGNR' or its corresponding type declarations.
evidence/prechange-A7/circuit/UsbInput.tsx(6,33): error TS2307: Cannot find module '../imports/CL10A475KO8NNNC' or its corresponding type declarations.
evidence/prechange-A7/circuit/UsbInput.tsx(7,26): error TS2307: Cannot find module '../imports/BZT52C24' or its corresponding type declarations.
evidence/prechange-A7/circuit/UsbInput.tsx(8,34): error TS2307: Cannot find module '../imports/A_0603WAF1001T5E' or its corresponding type declarations.
evidence/prechange-A7/circuit/UsbInput.tsx(9,34): error TS2307: Cannot find module '../imports/A_0603WAF1003T5E' or its corresponding type declarations.
evidence/prechange-A7/circuit/UsbInput.tsx(10,30): error TS2307: Cannot find module '../imports/STUSB4500QTR' or its corresponding type declarations.
evidence/prechange-A7/circuit/UsbInput.tsx(11,31): error TS2307: Cannot find module '../imports/TPS7A1650DGNR' or its corresponding type declarations.
evidence/prechange-A7/circuit/UsbInput.tsx(12,33): error TS2307: Cannot find module '../imports/PESD24VS2UT_215' or its corresponding type declarations.
evidence/prechange-A7/circuit/UsbInput.tsx(13,36): error TS2307: Cannot find module '../imports/GRM21BR71H105KA12L' or its corresponding type declarations.
evidence/prechange-A7/circuit/UsbInput.tsx(14,34): error TS2307: Cannot find module '../imports/CRCW060310K0FKEA' or its corresponding type declarations.
