Building 1 file(s)...
Building .cache/usb-c-candidates-A42/C970566/index.circuit.tsx...
Generating circuit JSON...
Circuit JSON written to dist/.cache/usb-c-candidates-A42/C970566/index/circuit.json
The "J" prefix is being used with a <chip />, try using it with a <connector /> or <jumper />
All pins on J1 are underspecified (no pinAttributes set)
J1 has no pin with requires_power=true
J1 has no pin with requires_ground=true
Failed to fetch supplier footprint for <chip#0(.probe>.J1) /> (jlcpcb:C970566): getaddrinfo ENOTFOUND easyeda.com
Generating preview images...
[.cache/usb-c-candidates-A42/C970566/index] Generating PCB SVG...
[.cache/usb-c-candidates-A42/C970566/index] Written pcb.svg
[.cache/usb-c-candidates-A42/C970566/index] Generating PCB PNG...
[.cache/usb-c-candidates-A42/C970566/index] Written pcb.png
[.cache/usb-c-candidates-A42/C970566/index] Generating schematic SVG...
[.cache/usb-c-candidates-A42/C970566/index] Written schematic.svg

Build complete
  Circuits  1 passed
  Options   pcb-png, pcb-svgs, schematic-svgs
  Output    dist

✓ Done
Build exiting with code 0: build finished successfully
